Archive member included to satisfy reference by file (symbol)

/home/odougs/bin/ti/ccsv7/tools/compiler/gcc-arm-none-eabi-6-2017-q1-update/bin/../lib/gcc/arm-none-eabi/6.3.1/../../../../arm-none-eabi/lib/thumb/v7e-m/fpv4-sp/hard/libc.a(lib_a-calloc.o)
                              ./source/fir.o (calloc)
/home/odougs/bin/ti/ccsv7/tools/compiler/gcc-arm-none-eabi-6-2017-q1-update/bin/../lib/gcc/arm-none-eabi/6.3.1/../../../../arm-none-eabi/lib/thumb/v7e-m/fpv4-sp/hard/libc.a(lib_a-callocr.o)
                              /home/odougs/bin/ti/ccsv7/tools/compiler/gcc-arm-none-eabi-6-2017-q1-update/bin/../lib/gcc/arm-none-eabi/6.3.1/../../../../arm-none-eabi/lib/thumb/v7e-m/fpv4-sp/hard/libc.a(lib_a-calloc.o) (_calloc_r)
/home/odougs/bin/ti/ccsv7/tools/compiler/gcc-arm-none-eabi-6-2017-q1-update/bin/../lib/gcc/arm-none-eabi/6.3.1/../../../../arm-none-eabi/lib/thumb/v7e-m/fpv4-sp/hard/libc.a(lib_a-exit.o)
                              /home/odougs/bin/ti/ccsv7/tools/compiler/gcc-arm-none-eabi-6-2017-q1-update/bin/../lib/gcc/arm-none-eabi/6.3.1/../../../../arm-none-eabi/lib/thumb/v7e-m/fpv4-sp/hard/crt0.o (exit)
/home/odougs/bin/ti/ccsv7/tools/compiler/gcc-arm-none-eabi-6-2017-q1-update/bin/../lib/gcc/arm-none-eabi/6.3.1/../../../../arm-none-eabi/lib/thumb/v7e-m/fpv4-sp/hard/libc.a(lib_a-impure.o)
                              /home/odougs/bin/ti/ccsv7/tools/compiler/gcc-arm-none-eabi-6-2017-q1-update/bin/../lib/gcc/arm-none-eabi/6.3.1/../../../../arm-none-eabi/lib/thumb/v7e-m/fpv4-sp/hard/libc.a(lib_a-exit.o) (_global_impure_ptr)
/home/odougs/bin/ti/ccsv7/tools/compiler/gcc-arm-none-eabi-6-2017-q1-update/bin/../lib/gcc/arm-none-eabi/6.3.1/../../../../arm-none-eabi/lib/thumb/v7e-m/fpv4-sp/hard/libc.a(lib_a-init.o)
                              /home/odougs/bin/ti/ccsv7/tools/compiler/gcc-arm-none-eabi-6-2017-q1-update/bin/../lib/gcc/arm-none-eabi/6.3.1/../../../../arm-none-eabi/lib/thumb/v7e-m/fpv4-sp/hard/crt0.o (__libc_init_array)
/home/odougs/bin/ti/ccsv7/tools/compiler/gcc-arm-none-eabi-6-2017-q1-update/bin/../lib/gcc/arm-none-eabi/6.3.1/../../../../arm-none-eabi/lib/thumb/v7e-m/fpv4-sp/hard/libc.a(lib_a-malloc.o)
                              ./source/fir.o (malloc)
/home/odougs/bin/ti/ccsv7/tools/compiler/gcc-arm-none-eabi-6-2017-q1-update/bin/../lib/gcc/arm-none-eabi/6.3.1/../../../../arm-none-eabi/lib/thumb/v7e-m/fpv4-sp/hard/libc.a(lib_a-mallocr.o)
                              /home/odougs/bin/ti/ccsv7/tools/compiler/gcc-arm-none-eabi-6-2017-q1-update/bin/../lib/gcc/arm-none-eabi/6.3.1/../../../../arm-none-eabi/lib/thumb/v7e-m/fpv4-sp/hard/libc.a(lib_a-callocr.o) (_malloc_r)
/home/odougs/bin/ti/ccsv7/tools/compiler/gcc-arm-none-eabi-6-2017-q1-update/bin/../lib/gcc/arm-none-eabi/6.3.1/../../../../arm-none-eabi/lib/thumb/v7e-m/fpv4-sp/hard/libc.a(lib_a-memcpy.o)
                              ./FreeRTOS/queue.o (memcpy)
/home/odougs/bin/ti/ccsv7/tools/compiler/gcc-arm-none-eabi-6-2017-q1-update/bin/../lib/gcc/arm-none-eabi/6.3.1/../../../../arm-none-eabi/lib/thumb/v7e-m/fpv4-sp/hard/libc.a(lib_a-memset.o)
                              /home/odougs/bin/ti/ccsv7/tools/compiler/gcc-arm-none-eabi-6-2017-q1-update/bin/../lib/gcc/arm-none-eabi/6.3.1/../../../../arm-none-eabi/lib/thumb/v7e-m/fpv4-sp/hard/crt0.o (memset)
/home/odougs/bin/ti/ccsv7/tools/compiler/gcc-arm-none-eabi-6-2017-q1-update/bin/../lib/gcc/arm-none-eabi/6.3.1/../../../../arm-none-eabi/lib/thumb/v7e-m/fpv4-sp/hard/libc.a(lib_a-mlock.o)
                              /home/odougs/bin/ti/ccsv7/tools/compiler/gcc-arm-none-eabi-6-2017-q1-update/bin/../lib/gcc/arm-none-eabi/6.3.1/../../../../arm-none-eabi/lib/thumb/v7e-m/fpv4-sp/hard/libc.a(lib_a-mallocr.o) (__malloc_lock)
/home/odougs/bin/ti/ccsv7/tools/compiler/gcc-arm-none-eabi-6-2017-q1-update/bin/../lib/gcc/arm-none-eabi/6.3.1/../../../../arm-none-eabi/lib/thumb/v7e-m/fpv4-sp/hard/libc.a(lib_a-sbrkr.o)
                              /home/odougs/bin/ti/ccsv7/tools/compiler/gcc-arm-none-eabi-6-2017-q1-update/bin/../lib/gcc/arm-none-eabi/6.3.1/../../../../arm-none-eabi/lib/thumb/v7e-m/fpv4-sp/hard/libc.a(lib_a-mallocr.o) (_sbrk_r)
/home/odougs/bin/ti/ccsv7/tools/compiler/gcc-arm-none-eabi-6-2017-q1-update/bin/../lib/gcc/arm-none-eabi/6.3.1/../../../../arm-none-eabi/lib/thumb/v7e-m/fpv4-sp/hard/libc.a(lib_a-__call_atexit.o)
                              /home/odougs/bin/ti/ccsv7/tools/compiler/gcc-arm-none-eabi-6-2017-q1-update/bin/../lib/gcc/arm-none-eabi/6.3.1/../../../../arm-none-eabi/lib/thumb/v7e-m/fpv4-sp/hard/libc.a(lib_a-exit.o) (__call_exitprocs)
/home/odougs/bin/ti/ccsv7/tools/compiler/gcc-arm-none-eabi-6-2017-q1-update/bin/../lib/gcc/arm-none-eabi/6.3.1/../../../../arm-none-eabi/lib/thumb/v7e-m/fpv4-sp/hard/libc.a(lib_a-atexit.o)
                              /home/odougs/bin/ti/ccsv7/tools/compiler/gcc-arm-none-eabi-6-2017-q1-update/bin/../lib/gcc/arm-none-eabi/6.3.1/../../../../arm-none-eabi/lib/thumb/v7e-m/fpv4-sp/hard/libc.a(lib_a-__call_atexit.o) (atexit)
[...]
Memory Configuration

Name             Origin             Length             Attributes
FLASH            0x0000000000000000 0x0000000000080000 xr
SRAM             0x0000000020000000 0x0000000000040000 xw
*default*        0x0000000000000000 0xffffffffffffffff

Linker script and memory map

LOAD /home/odougs/bin/ti/ccsv7/tools/compiler/gcc-arm-none-eabi-6-2017-q1-update/bin/../lib/gcc/arm-none-eabi/6.3.1/thumb/v7e-m/fpv4-sp/hard/crti.o
LOAD /home/odougs/bin/ti/ccsv7/tools/compiler/gcc-arm-none-eabi-6-2017-q1-update/bin/../lib/gcc/arm-none-eabi/6.3.1/thumb/v7e-m/fpv4-sp/hard/crtbegin.o
LOAD /home/odougs/bin/ti/ccsv7/tools/compiler/gcc-arm-none-eabi-6-2017-q1-update/bin/../lib/gcc/arm-none-eabi/6.3.1/../../../../arm-none-eabi/lib/thumb/v7e-m/fpv4-sp/hard/crt0.o
LOAD ./startup.o
LOAD ./FreeRTOS/event_groups.o
LOAD ./FreeRTOS/heap_1.o
LOAD ./FreeRTOS/list.o
LOAD ./FreeRTOS/port.o
LOAD ./FreeRTOS/queue.o
LOAD ./FreeRTOS/tasks.o
LOAD ./FreeRTOS/timers.o
LOAD ./source/can.o
LOAD ./source/control.o
LOAD ./source/debug.o
LOAD ./source/encoder.o
LOAD ./source/fir.o
LOAD ./source/logger.o
LOAD ./source/main.o
LOAD ./source/pinconfig.o
LOAD ./source/sensors.o
LOAD ./source/system.o
LOAD ./source/thermistor_lut.o
LOAD ./source/xprintf.o
                0x0000000000000000                PROVIDE (_intvecs_base_address, 0x0)

.intvecs        0x0000000000000000      0x208
 *(.intvecs)
 .intvecs       0x0000000000000000      0x208 ./startup.o
                0x0000000000000000                g_pfnVectors
                0x0000000020000000                PROVIDE (_vtable_base_address, 0x20000000)

.vtable
 *(.vtable)

.text           0x0000000000000210     0x8588
 CREATE_OBJECT_SYMBOLS
 *(.text)
 .text          0x0000000000000210        0x0 /home/odougs/bin/ti/ccsv7/tools/compiler/gcc-arm-none-eabi-6-2017-q1-update/bin/../lib/gcc/arm-none-eabi/6.3.1/thumb/v7e-m/fpv4-sp/hard/crti.o
 .text          0x0000000000000210       0x6c /home/odougs/bin/ti/ccsv7/tools/compiler/gcc-arm-none-eabi-6-2017-q1-update/bin/../lib/gcc/arm-none-eabi/6.3.1/thumb/v7e-m/fpv4-sp/hard/crtbegin.o
 .text          0x000000000000027c       0x74 /home/odougs/bin/ti/ccsv7/tools/compiler/gcc-arm-none-eabi-6-2017-q1-update/bin/../lib/gcc/arm-none-eabi/6.3.1/../../../../arm-none-eabi/lib/thumb/v7e-m/fpv4-sp/hard/crt0.o
                0x000000000000027c                _mainCRTStartup
                0x000000000000027c                _start
 .text          0x00000000000002f0        0x0 ./startup.o
 .text          0x00000000000002f0        0x0 ./FreeRTOS/event_groups.o
 .text          0x00000000000002f0        0x0 ./FreeRTOS/heap_1.o
 .text          0x00000000000002f0        0x0 ./FreeRTOS/list.o
 .text          0x00000000000002f0        0x0 ./FreeRTOS/port.o
 .text          0x00000000000002f0        0x0 ./FreeRTOS/queue.o
 .text          0x00000000000002f0        0x0 ./FreeRTOS/tasks.o
 .text          0x00000000000002f0        0x0 ./FreeRTOS/timers.o
 .text          0x00000000000002f0        0x0 ./source/can.o
 .text          0x00000000000002f0        0x0 ./source/control.o
 .text          0x00000000000002f0        0x0 ./source/debug.o
 .text          0x00000000000002f0        0x0 ./source/encoder.o
 .text          0x00000000000002f0        0x0 ./source/fir.o
 .text          0x00000000000002f0        0x0 ./source/logger.o
 .text          0x00000000000002f0        0x0 ./source/main.o
 .text          0x00000000000002f0        0x0 ./source/pinconfig.o
 .text          0x00000000000002f0        0x0 ./source/sensors.o
 .text          0x00000000000002f0        0x0 ./source/system.o
 .text          0x00000000000002f0        0x0 ./source/thermistor_lut.o
 .text          0x00000000000002f0        0x0 ./source/xprintf.o
 .text          0x00000000000002f0        0x0 /home/odougs/bin/ti/ccsv7/tools/compiler/gcc-arm-none-eabi-6-2017-q1-update/bin/../lib/gcc/arm-none-eabi/6.3.1/../../../../arm-none-eabi/lib/thumb/v7e-m/fpv4-sp/hard/libc.a(lib_a-calloc.o)
 .text          0x00000000000002f0        0x0 /home/odougs/bin/ti/ccsv7/tools/compiler/gcc-arm-none-eabi-6-2017-q1-update/bin/../lib/gcc/arm-none-eabi/6.3.1/../../../../arm-none-eabi/lib/thumb/v7e-m/fpv4-sp/hard/libc.a(lib_a-callocr.o)
 .text          0x00000000000002f0        0x0 /home/odougs/bin/ti/ccsv7/tools/compiler/gcc-arm-none-eabi-6-2017-q1-update/bin/../lib/gcc/arm-none-eabi/6.3.1/../../../../arm-none-eabi/lib/thumb/v7e-m/fpv4-sp/hard/libc.a(lib_a-exit.o)
 .text          0x00000000000002f0        0x0 /home/odougs/bin/ti/ccsv7/tools/compiler/gcc-arm-none-eabi-6-2017-q1-update/bin/../lib/gcc/arm-none-eabi/6.3.1/../../../../arm-none-eabi/lib/thumb/v7e-m/fpv4-sp/hard/libc.a(lib_a-impure.o)
 .text          0x00000000000002f0        0x0 /home/odougs/bin/ti/ccsv7/tools/compiler/gcc-arm-none-eabi-6-2017-q1-update/bin/../lib/gcc/arm-none-eabi/6.3.1/../../../../arm-none-eabi/lib/thumb/v7e-m/fpv4-sp/hard/libc.a(lib_a-init.o)
 .text          0x00000000000002f0        0x0 /home/odougs/bin/ti/ccsv7/tools/compiler/gcc-arm-none-eabi-6-2017-q1-update/bin/../lib/gcc/arm-none-eabi/6.3.1/../../../../arm-none-eabi/lib/thumb/v7e-m/fpv4-sp/hard/libc.a(lib_a-malloc.o)
 .text          0x00000000000002f0        0x0 /home/odougs/bin/ti/ccsv7/tools/compiler/gcc-arm-none-eabi-6-2017-q1-update/bin/../lib/gcc/arm-none-eabi/6.3.1/../../../../arm-none-eabi/lib/thumb/v7e-m/fpv4-sp/hard/libc.a(lib_a-mallocr.o)
 .text          0x00000000000002f0      0x134 /home/odougs/bin/ti/ccsv7/tools/compiler/gcc-arm-none-eabi-6-2017-q1-update/bin/../lib/gcc/arm-none-eabi/6.3.1/../../../../arm-none-eabi/lib/thumb/v7e-m/fpv4-sp/hard/libc.a(lib_a-memcpy.o)
                0x00000000000002f0                memcpy
 .text          0x0000000000000424        0x0 /home/odougs/bin/ti/ccsv7/tools/compiler/gcc-arm-none-eabi-6-2017-q1-update/bin/../lib/gcc/arm-none-eabi/6.3.1/../../../../arm-none-eabi/lib/thumb/v7e-m/fpv4-sp/hard/libc.a(lib_a-memset.o)
 .text          0x0000000000000424        0x0 /home/odougs/bin/ti/ccsv7/tools/compiler/gcc-arm-none-eabi-6-2017-q1-update/bin/../lib/gcc/arm-none-eabi/6.3.1/../../../../arm-none-eabi/lib/thumb/v7e-m/fpv4-sp/hard/libc.a(lib_a-mlock.o)
 .text          0x0000000000000424        0x0 /home/odougs/bin/ti/ccsv7/tools/compiler/gcc-arm-none-eabi-6-2017-q1-update/bin/../lib/gcc/arm-none-eabi/6.3.1/../../../../arm-none-eabi/lib/thumb/v7e-m/fpv4-sp/hard/libc.a(lib_a-sbrkr.o)
 .text          0x0000000000000424        0x0 /home/odougs/bin/ti/ccsv7/tools/compiler/gcc-arm-none-eabi-6-2017-q1-update/bin/../lib/gcc/arm-none-eabi/6.3.1/../../../../arm-none-eabi/lib/thumb/v7e-m/fpv4-sp/hard/libc.a(lib_a-__call_atexit.o)
 .text          0x0000000000000424        0x0 /home/odougs/bin/ti/ccsv7/tools/compiler/gcc-arm-none-eabi-6-2017-q1-update/bin/../lib/gcc/arm-none-eabi/6.3.1/../../../../arm-none-eabi/lib/thumb/v7e-m/fpv4-sp/hard/libc.a(lib_a-atexit.o)
 .text          0x0000000000000424        0x0 /home/odougs/bin/ti/ccsv7/tools/compiler/gcc-arm-none-eabi-6-2017-q1-update/bin/../lib/gcc/arm-none-eabi/6.3.1/../../../../arm-none-eabi/lib/thumb/v7e-m/fpv4-sp/hard/libc.a(lib_a-fini.o)
 .text          0x0000000000000424        0x0 /home/odougs/bin/ti/ccsv7/tools/compiler/gcc-arm-none-eabi-6-2017-q1-update/bin/../lib/gcc/arm-none-eabi/6.3.1/../../../../arm-none-eabi/lib/thumb/v7e-m/fpv4-sp/hard/libc.a(lib_a-freer.o)
 .text          0x0000000000000424        0x0 /home/odougs/bin/ti/ccsv7/tools/compiler/gcc-arm-none-eabi-6-2017-q1-update/bin/../lib/gcc/arm-none-eabi/6.3.1/../../../../arm-none-eabi/lib/thumb/v7e-m/fpv4-sp/hard/libc.a(lib_a-lock.o)
 .text          0x0000000000000424        0x0 /home/odougs/bin/ti/ccsv7/tools/compiler/gcc-arm-none-eabi-6-2017-q1-update/bin/../lib/gcc/arm-none-eabi/6.3.1/../../../../arm-none-eabi/lib/thumb/v7e-m/fpv4-sp/hard/libc.a(lib_a-reent.o)
 .text          0x0000000000000424        0x0 /home/odougs/bin/ti/ccsv7/tools/compiler/gcc-arm-none-eabi-6-2017-q1-update/bin/../lib/gcc/arm-none-eabi/6.3.1/../../../../arm-none-eabi/lib/thumb/v7e-m/fpv4-sp/hard/libc.a(lib_a-__atexit.o)
 .text          0x0000000000000424        0x0 /mnt/storage/project/2kwMotorController/firmware/Tivaware/driverlib/gcc/libdriver.a(adc.o)
 .text          0x0000000000000424        0x0 /mnt/storage/project/2kwMotorController/firmware/Tivaware/driverlib/gcc/libdriver.a(can.o)
 .text          0x0000000000000424        0x0 /mnt/storage/project/2kwMotorController/firmware/Tivaware/driverlib/gcc/libdriver.a(gpio.o)
 .text          0x0000000000000424        0x0 /mnt/storage/project/2kwMotorController/firmware/Tivaware/driverlib/gcc/libdriver.a(interrupt.o)
 .text          0x0000000000000424        0x0 /mnt/storage/project/2kwMotorController/firmware/Tivaware/driverlib/gcc/libdriver.a(pwm.o)
 .text          0x0000000000000424        0x0 /mnt/storage/project/2kwMotorController/firmware/Tivaware/driverlib/gcc/libdriver.a(qei.o)
 .text          0x0000000000000424        0x0 /mnt/storage/project/2kwMotorController/firmware/Tivaware/driverlib/gcc/libdriver.a(sysctl.o)
 .text          0x0000000000000424        0x0 /mnt/storage/project/2kwMotorController/firmware/Tivaware/driverlib/gcc/libdriver.a(timer.o)
 .text          0x0000000000000424        0x0 /mnt/storage/project/2kwMotorController/firmware/Tivaware/driverlib/gcc/libdriver.a(uart.o)
 .text          0x0000000000000424        0x0 /mnt/storage/project/2kwMotorController/firmware/Tivaware/driverlib/gcc/libdriver.a(udma.o)
 .text          0x0000000000000424        0x0 /mnt/storage/project/2kwMotorController/firmware/Tivaware/driverlib/gcc/libdriver.a(cpu.o)
 .text          0x0000000000000424        0x0 /home/odougs/bin/ti/ccsv7/tools/compiler/gcc-arm-none-eabi-6-2017-q1-update/bin/../lib/gcc/arm-none-eabi/6.3.1/../../../../arm-none-eabi/lib/thumb/v7e-m/fpv4-sp/hard/libnosys.a(sbrk.o)
 .text          0x0000000000000424        0x0 /home/odougs/bin/ti/ccsv7/tools/compiler/gcc-arm-none-eabi-6-2017-q1-update/bin/../lib/gcc/arm-none-eabi/6.3.1/../../../../arm-none-eabi/lib/thumb/v7e-m/fpv4-sp/hard/libnosys.a(_exit.o)
 .text          0x0000000000000424        0x0 /home/odougs/bin/ti/ccsv7/tools/compiler/gcc-arm-none-eabi-6-2017-q1-update/bin/../lib/gcc/arm-none-eabi/6.3.1/thumb/v7e-m/fpv4-sp/hard/crtend.o
 .text          0x0000000000000424        0x0 /home/odougs/bin/ti/ccsv7/tools/compiler/gcc-arm-none-eabi-6-2017-q1-update/bin/../lib/gcc/arm-none-eabi/6.3.1/thumb/v7e-m/fpv4-sp/hard/crtn.o
 *(.text.*)
 .text.NmiSR    0x0000000000000424        0x4 ./startup.o
 .text.HardFault_Handler
                0x0000000000000428       0x18 ./startup.o
 .text.IntDefaultHandler
                0x0000000000000440       0x18 ./startup.o
 .text.ResetISR
                0x0000000000000458       0x5c ./startup.o
                0x0000000000000458                ResetISR
 .text._dummy0  0x00000000000004b4        0x4 ./startup.o
                0x00000000000004b4                _dummy0
 .text.prvGetRegistersFromStack
                0x00000000000004b8       0xcc ./startup.o
                0x00000000000004b8                prvGetRegistersFromStack
 .text.xEventGroupGenericCreate
                0x0000000000000584       0x24 ./FreeRTOS/event_groups.o
                0x0000000000000584                xEventGroupGenericCreate
 .text.xEventGroupWaitBits
                0x00000000000005a8       0xf0 ./FreeRTOS/event_groups.o
                0x00000000000005a8                xEventGroupWaitBits
 .text.xEventGroupClearBits
                0x0000000000000698       0x48 ./FreeRTOS/event_groups.o
                0x0000000000000698                xEventGroupClearBits
 .text.xEventGroupGetBitsFromISR
                0x00000000000006e0       0x1c ./FreeRTOS/event_groups.o
                0x00000000000006e0                xEventGroupGetBitsFromISR
 .text.xEventGroupSetBits
                0x00000000000006fc       0x94 ./FreeRTOS/event_groups.o
                0x00000000000006fc                xEventGroupSetBits
 .text.xEventGroupSync
                0x0000000000000790       0xb4 ./FreeRTOS/event_groups.o
                0x0000000000000790                xEventGroupSync
 .text.vEventGroupDelete
                0x0000000000000844       0x4c ./FreeRTOS/event_groups.o
                0x0000000000000844                vEventGroupDelete
 .text.vEventGroupSetBitsCallback
                0x0000000000000890        0x4 ./FreeRTOS/event_groups.o
                0x0000000000000890                vEventGroupSetBitsCallback
 .text.vEventGroupClearBitsCallback
                0x0000000000000894        0x4 ./FreeRTOS/event_groups.o
                0x0000000000000894                vEventGroupClearBitsCallback
 .text.uxEventGroupGetNumber
                0x0000000000000898        0x8 ./FreeRTOS/event_groups.o
                0x0000000000000898                uxEventGroupGetNumber
 .text.pvPortMalloc
                0x00000000000008a0       0x5c ./FreeRTOS/heap_1.o
                0x00000000000008a0                pvPortMalloc
 .text.vPortFree
                0x00000000000008fc       0x18 ./FreeRTOS/heap_1.o
                0x00000000000008fc                vPortFree
 .text.vPortInitialiseBlocks
                0x0000000000000914        0xc ./FreeRTOS/heap_1.o
                0x0000000000000914                vPortInitialiseBlocks
 .text.xPortGetFreeHeapSize
                0x0000000000000920       0x10 ./FreeRTOS/heap_1.o
                0x0000000000000920                xPortGetFreeHeapSize
 .text.vListInitialise
                0x0000000000000930       0x18 ./FreeRTOS/list.o
                0x0000000000000930                vListInitialise
 .text.vListInitialiseItem
                0x0000000000000948        0x8 ./FreeRTOS/list.o
                0x0000000000000948                vListInitialiseItem
 .text.vListInsertEnd
                0x0000000000000950       0x20 ./FreeRTOS/list.o
                0x0000000000000950                vListInsertEnd
 .text.vListInsert
                0x0000000000000970       0x34 ./FreeRTOS/list.o
                0x0000000000000970                vListInsert
 .text.uxListRemove
                0x00000000000009a4       0x28 ./FreeRTOS/list.o
                0x00000000000009a4                uxListRemove
 .text.prvTaskExitError
                0x00000000000009cc       0x30 ./FreeRTOS/port.o
 .text.prvPortStartFirstTask
                0x00000000000009fc       0x20 ./FreeRTOS/port.o
 .text.vPortEnableVFP
                0x0000000000000a1c       0x14 ./FreeRTOS/port.o
 .text.pxPortInitialiseStack
                0x0000000000000a30       0x2c ./FreeRTOS/port.o
                0x0000000000000a30                pxPortInitialiseStack
 *fill*         0x0000000000000a5c        0x4 
 .text.vPortSVCHandler
                0x0000000000000a60       0x24 ./FreeRTOS/port.o
                0x0000000000000a60                vPortSVCHandler
 .text.vPortEndScheduler
                0x0000000000000a84       0x24 ./FreeRTOS/port.o
                0x0000000000000a84                vPortEndScheduler
 .text.vPortEnterCritical
                0x0000000000000aa8       0x44 ./FreeRTOS/port.o
                0x0000000000000aa8                vPortEnterCritical
 .text.vPortExitCritical
                0x0000000000000aec       0x28 ./FreeRTOS/port.o
                0x0000000000000aec                vPortExitCritical
 *fill*         0x0000000000000b14        0xc 
 .text.xPortPendSVHandler
                0x0000000000000b20       0x64 ./FreeRTOS/port.o
                0x0000000000000b20                xPortPendSVHandler
 .text.xPortSysTickHandler
                0x0000000000000b84       0x2c ./FreeRTOS/port.o
                0x0000000000000b84                xPortSysTickHandler
 .text.vPortSetupTimerInterrupt
                0x0000000000000bb0       0x1c ./FreeRTOS/port.o
                0x0000000000000bb0                vPortSetupTimerInterrupt
 .text.xPortStartScheduler
                0x0000000000000bcc       0xec ./FreeRTOS/port.o
                0x0000000000000bcc                xPortStartScheduler
 .text.vPortValidateInterruptPriority
                0x0000000000000cb8       0x5c ./FreeRTOS/port.o
                0x0000000000000cb8                vPortValidateInterruptPriority
 .text.unlikely.prvCopyDataToQueue
                0x0000000000000d14       0x6a ./FreeRTOS/queue.o
 .text.unlikely.prvCopyDataFromQueue
                0x0000000000000d7e       0x26 ./FreeRTOS/queue.o
 .text.prvUnlockQueue
                0x0000000000000da4       0x84 ./FreeRTOS/queue.o
 .text.xQueueGenericCreate.part.2
                0x0000000000000e28       0x14 ./FreeRTOS/queue.o
 .text.xQueueGenericReset
                0x0000000000000e3c       0x80 ./FreeRTOS/queue.o
                0x0000000000000e3c                xQueueGenericReset
 .text.xQueueGenericCreate
                0x0000000000000ebc       0x50 ./FreeRTOS/queue.o
                0x0000000000000ebc                xQueueGenericCreate
 .text.xQueueGenericSend
                0x0000000000000f0c      0x15c ./FreeRTOS/queue.o
                0x0000000000000f0c                xQueueGenericSend
 .text.xQueueCreateMutex
                0x0000000000001068       0x2c ./FreeRTOS/queue.o
                0x0000000000001068                xQueueCreateMutex
 .text.xQueueGiveMutexRecursive
                0x0000000000001094       0x40 ./FreeRTOS/queue.o
                0x0000000000001094                xQueueGiveMutexRecursive
 .text.xQueueGenericSendFromISR
                0x00000000000010d4       0xbc ./FreeRTOS/queue.o
                0x00000000000010d4                xQueueGenericSendFromISR
 .text.xQueueGiveFromISR
                0x0000000000001190       0xa8 ./FreeRTOS/queue.o
                0x0000000000001190                xQueueGiveFromISR
 .text.xQueueGenericReceive
                0x0000000000001238      0x180 ./FreeRTOS/queue.o
                0x0000000000001238                xQueueGenericReceive
 .text.xQueueTakeMutexRecursive
                0x00000000000013b8       0x44 ./FreeRTOS/queue.o
                0x00000000000013b8                xQueueTakeMutexRecursive
 .text.xQueueReceiveFromISR
                0x00000000000013fc       0x94 ./FreeRTOS/queue.o
                0x00000000000013fc                xQueueReceiveFromISR
 .text.xQueuePeekFromISR
                0x0000000000001490       0x7c ./FreeRTOS/queue.o
                0x0000000000001490                xQueuePeekFromISR
 .text.uxQueueMessagesWaiting
                0x000000000000150c       0x28 ./FreeRTOS/queue.o
                0x000000000000150c                uxQueueMessagesWaiting
 .text.uxQueueSpacesAvailable
                0x0000000000001534       0x2c ./FreeRTOS/queue.o
                0x0000000000001534                uxQueueSpacesAvailable
 .text.uxQueueMessagesWaitingFromISR
                0x0000000000001560       0x18 ./FreeRTOS/queue.o
                0x0000000000001560                uxQueueMessagesWaitingFromISR
 .text.vQueueDelete
                0x0000000000001578       0x4c ./FreeRTOS/queue.o
                0x0000000000001578                vQueueDelete
 .text.uxQueueGetQueueNumber
                0x00000000000015c4        0x4 ./FreeRTOS/queue.o
                0x00000000000015c4                uxQueueGetQueueNumber
 .text.vQueueSetQueueNumber
                0x00000000000015c8        0x4 ./FreeRTOS/queue.o
                0x00000000000015c8                vQueueSetQueueNumber
 .text.ucQueueGetQueueType
                0x00000000000015cc        0x8 ./FreeRTOS/queue.o
                0x00000000000015cc                ucQueueGetQueueType
 .text.xQueueIsQueueEmptyFromISR
                0x00000000000015d4       0x20 ./FreeRTOS/queue.o
                0x00000000000015d4                xQueueIsQueueEmptyFromISR
 .text.xQueueIsQueueFullFromISR
                0x00000000000015f4       0x24 ./FreeRTOS/queue.o
                0x00000000000015f4                xQueueIsQueueFullFromISR
 .text.vQueueAddToRegistry
                0x0000000000001618       0x28 ./FreeRTOS/queue.o
                0x0000000000001618                vQueueAddToRegistry
 .text.pcQueueGetQueueName
                0x0000000000001640       0x30 ./FreeRTOS/queue.o
                0x0000000000001640                pcQueueGetQueueName
 .text.vQueueUnregisterQueue
                0x0000000000001670       0x34 ./FreeRTOS/queue.o
                0x0000000000001670                vQueueUnregisterQueue
 .text.prvAddCurrentTaskToDelayedList
                0x00000000000016a4       0x90 ./FreeRTOS/tasks.o
 .text.prvResetNextTaskUnblockTime.part.1
                0x0000000000001734       0x18 ./FreeRTOS/tasks.o
 .text.xTaskGenericCreate.part.3
                0x000000000000174c      0x204 ./FreeRTOS/tasks.o
 .text.vTaskSetTimeOutState.part.5
                0x0000000000001950       0x14 ./FreeRTOS/tasks.o
 .text.prvTaskIsTaskSuspended
                0x0000000000001964       0x2c ./FreeRTOS/tasks.o
 .text.xTaskGenericCreate
                0x0000000000001990       0x40 ./FreeRTOS/tasks.o
                0x0000000000001990                xTaskGenericCreate
 .text.vTaskDelete
                0x00000000000019d0      0x110 ./FreeRTOS/tasks.o
                0x00000000000019d0                vTaskDelete
 .text.eTaskGetState
                0x0000000000001ae0       0x70 ./FreeRTOS/tasks.o
                0x0000000000001ae0                eTaskGetState
 .text.uxTaskPriorityGet
                0x0000000000001b50       0x28 ./FreeRTOS/tasks.o
                0x0000000000001b50                uxTaskPriorityGet
 .text.uxTaskPriorityGetFromISR
                0x0000000000001b78       0x38 ./FreeRTOS/tasks.o
                0x0000000000001b78                uxTaskPriorityGetFromISR
 .text.vTaskPrioritySet
                0x0000000000001bb0       0xdc ./FreeRTOS/tasks.o
                0x0000000000001bb0                vTaskPrioritySet
 .text.vTaskResume
                0x0000000000001c8c       0x94 ./FreeRTOS/tasks.o
                0x0000000000001c8c                vTaskResume
 .text.xTaskResumeFromISR
                0x0000000000001d20       0xbc ./FreeRTOS/tasks.o
                0x0000000000001d20                xTaskResumeFromISR
 .text.vTaskStartScheduler
                0x0000000000001ddc       0x7c ./FreeRTOS/tasks.o
                0x0000000000001ddc                vTaskStartScheduler
 .text.vTaskEndScheduler
                0x0000000000001e58       0x20 ./FreeRTOS/tasks.o
                0x0000000000001e58                vTaskEndScheduler
 .text.vTaskSuspendAll
                0x0000000000001e78       0x10 ./FreeRTOS/tasks.o
                0x0000000000001e78                vTaskSuspendAll
 .text.xTaskGetTickCount
                0x0000000000001e88        0xc ./FreeRTOS/tasks.o
                0x0000000000001e88                xTaskGetTickCount
 .text.xTaskGetTickCountFromISR
                0x0000000000001e94       0x10 ./FreeRTOS/tasks.o
                0x0000000000001e94                xTaskGetTickCountFromISR
 .text.uxTaskGetNumberOfTasks
                0x0000000000001ea4        0xc ./FreeRTOS/tasks.o
                0x0000000000001ea4                uxTaskGetNumberOfTasks
 .text.xTaskIncrementTick
                0x0000000000001eb0      0x154 ./FreeRTOS/tasks.o
                0x0000000000001eb0                xTaskIncrementTick
 .text.xTaskResumeAll
                0x0000000000002004      0x11c ./FreeRTOS/tasks.o
                0x0000000000002004                xTaskResumeAll
 .text.vTaskDelayUntil
                0x0000000000002120       0x9c ./FreeRTOS/tasks.o
                0x0000000000002120                vTaskDelayUntil
 .text.vTaskDelay
                0x00000000000021bc       0x4c ./FreeRTOS/tasks.o
                0x00000000000021bc                vTaskDelay
 .text.prvIdleTask
                0x0000000000002208       0x64 ./FreeRTOS/tasks.o
 .text.vTaskSwitchContext
                0x000000000000226c       0xa4 ./FreeRTOS/tasks.o
                0x000000000000226c                vTaskSwitchContext
 .text.vTaskSuspend
                0x0000000000002310       0xf4 ./FreeRTOS/tasks.o
                0x0000000000002310                vTaskSuspend
 .text.vTaskPlaceOnEventList
                0x0000000000002404       0x34 ./FreeRTOS/tasks.o
                0x0000000000002404                vTaskPlaceOnEventList
 .text.vTaskPlaceOnUnorderedEventList
                0x0000000000002438       0x58 ./FreeRTOS/tasks.o
                0x0000000000002438                vTaskPlaceOnUnorderedEventList
 .text.xTaskRemoveFromEventList
                0x0000000000002490       0x88 ./FreeRTOS/tasks.o
                0x0000000000002490                xTaskRemoveFromEventList
 .text.xTaskRemoveFromUnorderedEventList
                0x0000000000002518       0x90 ./FreeRTOS/tasks.o
                0x0000000000002518                xTaskRemoveFromUnorderedEventList
 .text.vTaskSetTimeOutState
                0x00000000000025a8       0x20 ./FreeRTOS/tasks.o
                0x00000000000025a8                vTaskSetTimeOutState
 .text.xTaskCheckForTimeOut
                0x00000000000025c8       0x88 ./FreeRTOS/tasks.o
                0x00000000000025c8                xTaskCheckForTimeOut
 .text.vTaskMissedYield
                0x0000000000002650        0xc ./FreeRTOS/tasks.o
                0x0000000000002650                vTaskMissedYield
 .text.uxTaskGetTaskNumber
                0x000000000000265c        0x8 ./FreeRTOS/tasks.o
                0x000000000000265c                uxTaskGetTaskNumber
 .text.vTaskSetTaskNumber
                0x0000000000002664        0x8 ./FreeRTOS/tasks.o
                0x0000000000002664                vTaskSetTaskNumber
 .text.vTaskGetTaskInfo
                0x000000000000266c       0x9c ./FreeRTOS/tasks.o
                0x000000000000266c                vTaskGetTaskInfo
 .text.prvListTasksWithinSingleList.part.6
                0x0000000000002708       0x50 ./FreeRTOS/tasks.o
 .text.uxTaskGetSystemState
                0x0000000000002758      0x108 ./FreeRTOS/tasks.o
                0x0000000000002758                uxTaskGetSystemState
 .text.uxTaskGetStackHighWaterMark
                0x0000000000002860       0x2c ./FreeRTOS/tasks.o
                0x0000000000002860                uxTaskGetStackHighWaterMark
 .text.xTaskGetCurrentTaskHandle
                0x000000000000288c        0xc ./FreeRTOS/tasks.o
                0x000000000000288c                xTaskGetCurrentTaskHandle
 .text.vTaskPriorityInherit
                0x0000000000002898       0x98 ./FreeRTOS/tasks.o
                0x0000000000002898                vTaskPriorityInherit
 .text.xTaskPriorityDisinherit
                0x0000000000002930       0xb4 ./FreeRTOS/tasks.o
                0x0000000000002930                xTaskPriorityDisinherit
 .text.uxTaskResetEventItemValue
                0x00000000000029e4       0x18 ./FreeRTOS/tasks.o
                0x00000000000029e4                uxTaskResetEventItemValue
 .text.pvTaskIncrementMutexHeldCount
                0x00000000000029fc       0x18 ./FreeRTOS/tasks.o
                0x00000000000029fc                pvTaskIncrementMutexHeldCount
 .text.ulTaskNotifyTake
                0x0000000000002a14       0x6c ./FreeRTOS/tasks.o
                0x0000000000002a14                ulTaskNotifyTake
 .text.xTaskNotifyWait
                0x0000000000002a80       0x8c ./FreeRTOS/tasks.o
                0x0000000000002a80                xTaskNotifyWait
 .text.xTaskGenericNotify
                0x0000000000002b0c       0xe4 ./FreeRTOS/tasks.o
                0x0000000000002b0c                xTaskGenericNotify
 .text.xTaskGenericNotifyFromISR
                0x0000000000002bf0      0x128 ./FreeRTOS/tasks.o
                0x0000000000002bf0                xTaskGenericNotifyFromISR
 .text.vTaskNotifyGiveFromISR
                0x0000000000002d18       0xec ./FreeRTOS/tasks.o
                0x0000000000002d18                vTaskNotifyGiveFromISR
 .text.xTaskNotifyStateClear
                0x0000000000002e04       0x30 ./FreeRTOS/tasks.o
                0x0000000000002e04                xTaskNotifyStateClear
 .text._dummy7  0x0000000000002e34        0x4 ./source/can.o
                0x0000000000002e34                _dummy7
 .text.can_ISR  0x0000000000002e38       0x98 ./source/can.o
                0x0000000000002e38                can_ISR
 .text.can_init
                0x0000000000002ed0       0x7c ./source/can.o
                0x0000000000002ed0                can_init
 .text.can_task_code
                0x0000000000002f4c       0x64 ./source/can.o
                0x0000000000002f4c                can_task_code
 .text.can_send
                0x0000000000002fb0       0x28 ./source/can.o
                0x0000000000002fb0                can_send
 .text.can_recv
                0x0000000000002fd8       0x1c ./source/can.o
                0x0000000000002fd8                can_recv
 .text._dummy4  0x0000000000002ff4        0x4 ./source/control.o
                0x0000000000002ff4                _dummy4
 .text.pwm_duty_update
                0x0000000000002ff8      0x110 ./source/control.o
                0x0000000000002ff8                pwm_duty_update
 .text.pwm_setup
                0x0000000000003108       0xd0 ./source/control.o
                0x0000000000003108                pwm_setup
 .text.pid_loop
                0x00000000000031d8       0x3c ./source/control.o
                0x00000000000031d8                pid_loop
 .text.pid_state_reset
                0x0000000000003214        0x8 ./source/control.o
                0x0000000000003214                pid_state_reset
 .text.hbridge_soft_start
                0x000000000000321c       0x28 ./source/control.o
                0x000000000000321c                hbridge_soft_start
 .text.load_config_regs
                0x0000000000003244       0xc8 ./source/control.o
                0x0000000000003244                load_config_regs
 .text.control_task_code
                0x000000000000330c      0x3f0 ./source/control.o
                0x000000000000330c                control_task_code
 .text._dummy6  0x00000000000036fc        0x4 ./source/debug.o
                0x00000000000036fc                _dummy6
 .text.led_get  0x0000000000003700       0x2c ./source/debug.o
                0x0000000000003700                led_get
 .text.led_set  0x000000000000372c       0x34 ./source/debug.o
                0x000000000000372c                led_set
 .text.debug_pins_set
                0x0000000000003760       0x2c ./source/debug.o
                0x0000000000003760                debug_pins_set
 .text._dummy9  0x000000000000378c        0x4 ./source/encoder.o
                0x000000000000378c                _dummy9
 .text.qei_ISR  0x0000000000003790       0x54 ./source/encoder.o
                0x0000000000003790                qei_ISR
 .text.encoder_task_code
                0x00000000000037e4      0x164 ./source/encoder.o
                0x00000000000037e4                encoder_task_code
 .text.encoder_get_motor_position_rads
                0x0000000000003948        0xc ./source/encoder.o
                0x0000000000003948                encoder_get_motor_position_rads
 .text.encoder_get_motor_velocity_rads
                0x0000000000003954        0xc ./source/encoder.o
                0x0000000000003954                encoder_get_motor_velocity_rads
 .text.encoder_poll_motor_velocity_rads
                0x0000000000003960       0x20 ./source/encoder.o
                0x0000000000003960                encoder_poll_motor_velocity_rads
 .text.fir_create
                0x0000000000003980       0x44 ./source/fir.o
                0x0000000000003980                fir_create
 .text.fir_do_filter
                0x00000000000039c4       0x70 ./source/fir.o
                0x00000000000039c4                fir_do_filter
 .text.panic_putc
                0x0000000000003a34        0xc ./source/logger.o
 .text.debug_uart_putc
                0x0000000000003a40       0x5c ./source/logger.o
 .text.debug_uart_ISR
                0x0000000000003a9c       0x70 ./source/logger.o
 .text._dummy5  0x0000000000003b0c        0x4 ./source/logger.o
                0x0000000000003b0c                _dummy5
 .text.log_msg  0x0000000000003b10       0x28 ./source/logger.o
                0x0000000000003b10                log_msg
 .text.log_msg_ISR
                0x0000000000003b38       0x24 ./source/logger.o
                0x0000000000003b38                log_msg_ISR
 .text.log_msg_panic
                0x0000000000003b5c       0x18 ./source/logger.o
                0x0000000000003b5c                log_msg_panic
 .text.logger_task_code
                0x0000000000003b74       0x80 ./source/logger.o
                0x0000000000003b74                logger_task_code
 .text.real_int_from_float
                0x0000000000003bf4       0x4c ./source/logger.o
                0x0000000000003bf4                real_int_from_float
 .text.poll_task_code
                0x0000000000003c40       0xcc ./source/main.o
                0x0000000000003c40                poll_task_code
 .text._dummy1  0x0000000000003d0c        0x4 ./source/main.o
                0x0000000000003d0c                _dummy1
 .text.vApplicationStackOverflowHook
                0x0000000000003d10        0x4 ./source/main.o
                0x0000000000003d10                vApplicationStackOverflowHook
 .text.assertion_failed
                0x0000000000003d14       0x1c ./source/main.o
                0x0000000000003d14                assertion_failed
 .text.startup.main
                0x0000000000003d30      0x178 ./source/main.o
                0x0000000000003d30                main
 .text._dummy8  0x0000000000003ea8        0x4 ./source/pinconfig.o
                0x0000000000003ea8                _dummy8
 .text.pinconfig
                0x0000000000003eac      0x284 ./source/pinconfig.o
                0x0000000000003eac                pinconfig
 .text._dummy3  0x0000000000004130        0x4 ./source/sensors.o
                0x0000000000004130                _dummy3
 .text.adc0_seq0_ISR
                0x0000000000004134       0x68 ./source/sensors.o
                0x0000000000004134                adc0_seq0_ISR
 .text.adc1_seq0_ISR
                0x000000000000419c       0x9c ./source/sensors.o
                0x000000000000419c                adc1_seq0_ISR
 .text.ls_timer_ISR
                0x0000000000004238       0x20 ./source/sensors.o
                0x0000000000004238                ls_timer_ISR
 .text.sensors_rt_current_update
                0x0000000000004258       0xd4 ./source/sensors.o
                0x0000000000004258                sensors_rt_current_update
 .text.sensor_get_motor_current
                0x000000000000432c        0xc ./source/sensors.o
                0x000000000000432c                sensor_get_motor_current
 .text.sensor_get_bus_voltage
                0x0000000000004338        0xc ./source/sensors.o
                0x0000000000004338                sensor_get_bus_voltage
 .text.sensor_get_battery_voltage
                0x0000000000004344        0xc ./source/sensors.o
                0x0000000000004344                sensor_get_battery_voltage
 .text.sensor_get_motor_temperature
                0x0000000000004350        0xc ./source/sensors.o
                0x0000000000004350                sensor_get_motor_temperature
 .text.sensor_get_hbridge_temperature
                0x000000000000435c        0xc ./source/sensors.o
                0x000000000000435c                sensor_get_hbridge_temperature
 .text.sensors_setup
                0x0000000000004368      0x1b8 ./source/sensors.o
                0x0000000000004368                sensors_setup
 .text.cmd_set_ref
                0x0000000000004520        0xc ./source/system.o
 .text.cmd_stop
                0x000000000000452c       0x10 ./source/system.o
 .text.cmd_freewheel
                0x000000000000453c        0xc ./source/system.o
 .text.cmd_set_state
                0x0000000000004548       0x18 ./source/system.o
 .text.cmd_get_config
                0x0000000000004560        0x4 ./source/system.o
 .text.cmd_node_online
                0x0000000000004564       0x1c ./source/system.o
 .text.cmd_read_sensor
                0x0000000000004580       0x2c ./source/system.o
 .text.cmd_get_state
                0x00000000000045ac       0x34 ./source/system.o
 .text.cmd_reset
                0x00000000000045e0        0x4 ./source/system.o
 .text.cmd_set_config
                0x00000000000045e4       0x20 ./source/system.o
 .text.invalid_cmd
                0x0000000000004604        0x4 ./source/system.o
 .text._dummy2  0x0000000000004608        0x4 ./source/system.o
                0x0000000000004608                _dummy2
 .text.system_raise_fault
                0x000000000000460c       0x44 ./source/system.o
                0x000000000000460c                system_raise_fault
 .text.system_lower_fault
                0x0000000000004650       0x24 ./source/system.o
                0x0000000000004650                system_lower_fault
 .text.atoi     0x0000000000004674       0x30 ./source/system.o
                0x0000000000004674                atoi
 .text.process_cmd
                0x00000000000046a4       0xcc ./source/system.o
                0x00000000000046a4                process_cmd
 .text.text_interface
                0x0000000000004770       0x4c ./source/system.o
                0x0000000000004770                text_interface
 .text.system_task_code
                0x00000000000047bc       0x34 ./source/system.o
                0x00000000000047bc                system_task_code
 .text.system_init_clocks
                0x00000000000047f0       0x1c ./source/system.o
                0x00000000000047f0                system_init_clocks
 .text.system_get_sysclk_freq
                0x000000000000480c        0xc ./source/system.o
                0x000000000000480c                system_get_sysclk_freq
 .text.system_get_node_id
                0x0000000000004818        0x4 ./source/system.o
                0x0000000000004818                system_get_node_id
 .text.system_get_control_mode
                0x000000000000481c        0xc ./source/system.o
                0x000000000000481c                system_get_control_mode
 .text.system_get_drive_mode
                0x0000000000004828        0xc ./source/system.o
                0x0000000000004828                system_get_drive_mode
 .text.system_read_config_reg
                0x0000000000004834       0x20 ./source/system.o
                0x0000000000004834                system_read_config_reg
 .text.system_get_control_target
                0x0000000000004854        0xc ./source/system.o
                0x0000000000004854                system_get_control_target
 .text.system_get_update_mode
                0x0000000000004860        0xc ./source/system.o
                0x0000000000004860                system_get_update_mode
 .text.system_get_state
                0x000000000000486c        0xc ./source/system.o
                0x000000000000486c                system_get_state
 .text.system_get_drive_enabled
                0x0000000000004878        0xc ./source/system.o
                0x0000000000004878                system_get_drive_enabled
 .text.system_get_bus_voltage
                0x0000000000004884        0xc ./source/system.o
                0x0000000000004884                system_get_bus_voltage
 .text.celsius_from_adc_raw
                0x0000000000004890       0xb0 ./source/thermistor_lut.o
                0x0000000000004890                celsius_from_adc_raw
 .text.xputc    0x0000000000004940       0x38 ./source/xprintf.o
                0x0000000000004940                xputc
 .text.xvprintf
                0x0000000000004978      0x280 ./source/xprintf.o
 .text.xputs    0x0000000000004bf8       0x18 ./source/xprintf.o
                0x0000000000004bf8                xputs
 .text.xfputs   0x0000000000004c10       0x24 ./source/xprintf.o
                0x0000000000004c10                xfputs
 .text.xprintf  0x0000000000004c34       0x1c ./source/xprintf.o
                0x0000000000004c34                xprintf
 .text.xsprintf
                0x0000000000004c50       0x30 ./source/xprintf.o
                0x0000000000004c50                xsprintf
 .text.xfprintf
                0x0000000000004c80       0x2c ./source/xprintf.o
                0x0000000000004c80                xfprintf
 .text.put_dump
                0x0000000000004cac       0xb0 ./source/xprintf.o
                0x0000000000004cac                put_dump
 .text.xgets    0x0000000000004d5c       0x54 ./source/xprintf.o
                0x0000000000004d5c                xgets
 .text.xfgets   0x0000000000004db0       0x1c ./source/xprintf.o
                0x0000000000004db0                xfgets
 .text.xatoi    0x0000000000004dcc       0xb8 ./source/xprintf.o
                0x0000000000004dcc                xatoi
 .text.calloc   0x0000000000004e84       0x10 /home/odougs/bin/ti/ccsv7/tools/compiler/gcc-arm-none-eabi-6-2017-q1-update/bin/../lib/gcc/arm-none-eabi/6.3.1/../../../../arm-none-eabi/lib/thumb/v7e-m/fpv4-sp/hard/libc.a(lib_a-calloc.o)
                0x0000000000004e84                calloc
 .text._calloc_r
                0x0000000000004e94       0x60 /home/odougs/bin/ti/ccsv7/tools/compiler/gcc-arm-none-eabi-6-2017-q1-update/bin/../lib/gcc/arm-none-eabi/6.3.1/../../../../arm-none-eabi/lib/thumb/v7e-m/fpv4-sp/hard/libc.a(lib_a-callocr.o)
                0x0000000000004e94                _calloc_r
 .text.exit     0x0000000000004ef4       0x20 /home/odougs/bin/ti/ccsv7/tools/compiler/gcc-arm-none-eabi-6-2017-q1-update/bin/../lib/gcc/arm-none-eabi/6.3.1/../../../../arm-none-eabi/lib/thumb/v7e-m/fpv4-sp/hard/libc.a(lib_a-exit.o)
                0x0000000000004ef4                exit
 .text.__libc_init_array
                0x0000000000004f14       0x50 /home/odougs/bin/ti/ccsv7/tools/compiler/gcc-arm-none-eabi-6-2017-q1-update/bin/../lib/gcc/arm-none-eabi/6.3.1/../../../../arm-none-eabi/lib/thumb/v7e-m/fpv4-sp/hard/libc.a(lib_a-init.o)
                0x0000000000004f14                __libc_init_array
 .text.malloc   0x0000000000004f64       0x10 /home/odougs/bin/ti/ccsv7/tools/compiler/gcc-arm-none-eabi-6-2017-q1-update/bin/../lib/gcc/arm-none-eabi/6.3.1/../../../../arm-none-eabi/lib/thumb/v7e-m/fpv4-sp/hard/libc.a(lib_a-malloc.o)
                0x0000000000004f64                malloc
 .text.free     0x0000000000004f74       0x10 /home/odougs/bin/ti/ccsv7/tools/compiler/gcc-arm-none-eabi-6-2017-q1-update/bin/../lib/gcc/arm-none-eabi/6.3.1/../../../../arm-none-eabi/lib/thumb/v7e-m/fpv4-sp/hard/libc.a(lib_a-malloc.o)
                0x0000000000004f74                free
 .text._malloc_r
                0x0000000000004f84      0x560 /home/odougs/bin/ti/ccsv7/tools/compiler/gcc-arm-none-eabi-6-2017-q1-update/bin/../lib/gcc/arm-none-eabi/6.3.1/../../../../arm-none-eabi/lib/thumb/v7e-m/fpv4-sp/hard/libc.a(lib_a-mallocr.o)
                0x0000000000004f84                _malloc_r
 .text.memset   0x00000000000054e4       0x9c /home/odougs/bin/ti/ccsv7/tools/compiler/gcc-arm-none-eabi-6-2017-q1-update/bin/../lib/gcc/arm-none-eabi/6.3.1/../../../../arm-none-eabi/lib/thumb/v7e-m/fpv4-sp/hard/libc.a(lib_a-memset.o)
                0x00000000000054e4                memset
 .text.__malloc_lock
                0x0000000000005580        0xc /home/odougs/bin/ti/ccsv7/tools/compiler/gcc-arm-none-eabi-6-2017-q1-update/bin/../lib/gcc/arm-none-eabi/6.3.1/../../../../arm-none-eabi/lib/thumb/v7e-m/fpv4-sp/hard/libc.a(lib_a-mlock.o)
                0x0000000000005580                __malloc_lock
 .text.__malloc_unlock
                0x000000000000558c        0xc /home/odougs/bin/ti/ccsv7/tools/compiler/gcc-arm-none-eabi-6-2017-q1-update/bin/../lib/gcc/arm-none-eabi/6.3.1/../../../../arm-none-eabi/lib/thumb/v7e-m/fpv4-sp/hard/libc.a(lib_a-mlock.o)
                0x000000000000558c                __malloc_unlock
 .text._sbrk_r  0x0000000000005598       0x24 /home/odougs/bin/ti/ccsv7/tools/compiler/gcc-arm-none-eabi-6-2017-q1-update/bin/../lib/gcc/arm-none-eabi/6.3.1/../../../../arm-none-eabi/lib/thumb/v7e-m/fpv4-sp/hard/libc.a(lib_a-sbrkr.o)
                0x0000000000005598                _sbrk_r
 .text.startup.register_fini
                0x00000000000055bc       0x14 /home/odougs/bin/ti/ccsv7/tools/compiler/gcc-arm-none-eabi-6-2017-q1-update/bin/../lib/gcc/arm-none-eabi/6.3.1/../../../../arm-none-eabi/lib/thumb/v7e-m/fpv4-sp/hard/libc.a(lib_a-__call_atexit.o)
 .text.__call_exitprocs
                0x00000000000055d0       0xe8 /home/odougs/bin/ti/ccsv7/tools/compiler/gcc-arm-none-eabi-6-2017-q1-update/bin/../lib/gcc/arm-none-eabi/6.3.1/../../../../arm-none-eabi/lib/thumb/v7e-m/fpv4-sp/hard/libc.a(lib_a-__call_atexit.o)
                0x00000000000055d0                __call_exitprocs
 .text.atexit   0x00000000000056b8        0xc /home/odougs/bin/ti/ccsv7/tools/compiler/gcc-arm-none-eabi-6-2017-q1-update/bin/../lib/gcc/arm-none-eabi/6.3.1/../../../../arm-none-eabi/lib/thumb/v7e-m/fpv4-sp/hard/libc.a(lib_a-atexit.o)
                0x00000000000056b8                atexit
 .text.__libc_fini_array
                0x00000000000056c4       0x34 /home/odougs/bin/ti/ccsv7/tools/compiler/gcc-arm-none-eabi-6-2017-q1-update/bin/../lib/gcc/arm-none-eabi/6.3.1/../../../../arm-none-eabi/lib/thumb/v7e-m/fpv4-sp/hard/libc.a(lib_a-fini.o)
                0x00000000000056c4                __libc_fini_array
 .text._malloc_trim_r
                0x00000000000056f8       0xa0 /home/odougs/bin/ti/ccsv7/tools/compiler/gcc-arm-none-eabi-6-2017-q1-update/bin/../lib/gcc/arm-none-eabi/6.3.1/../../../../arm-none-eabi/lib/thumb/v7e-m/fpv4-sp/hard/libc.a(lib_a-freer.o)
                0x00000000000056f8                _malloc_trim_r
 .text._free_r  0x0000000000005798      0x1cc /home/odougs/bin/ti/ccsv7/tools/compiler/gcc-arm-none-eabi-6-2017-q1-update/bin/../lib/gcc/arm-none-eabi/6.3.1/../../../../arm-none-eabi/lib/thumb/v7e-m/fpv4-sp/hard/libc.a(lib_a-freer.o)
                0x0000000000005798                _free_r
 .text.__retarget_lock_init
                0x0000000000005964        0x4 /home/odougs/bin/ti/ccsv7/tools/compiler/gcc-arm-none-eabi-6-2017-q1-update/bin/../lib/gcc/arm-none-eabi/6.3.1/../../../../arm-none-eabi/lib/thumb/v7e-m/fpv4-sp/hard/libc.a(lib_a-lock.o)
                0x0000000000005964                __retarget_lock_init
 .text.__retarget_lock_init_recursive
                0x0000000000005968        0x4 /home/odougs/bin/ti/ccsv7/tools/compiler/gcc-arm-none-eabi-6-2017-q1-update/bin/../lib/gcc/arm-none-eabi/6.3.1/../../../../arm-none-eabi/lib/thumb/v7e-m/fpv4-sp/hard/libc.a(lib_a-lock.o)
                0x0000000000005968                __retarget_lock_init_recursive
 .text.__retarget_lock_close
                0x000000000000596c        0x4 /home/odougs/bin/ti/ccsv7/tools/compiler/gcc-arm-none-eabi-6-2017-q1-update/bin/../lib/gcc/arm-none-eabi/6.3.1/../../../../arm-none-eabi/lib/thumb/v7e-m/fpv4-sp/hard/libc.a(lib_a-lock.o)
                0x000000000000596c                __retarget_lock_close
 .text.__retarget_lock_close_recursive
                0x0000000000005970        0x4 /home/odougs/bin/ti/ccsv7/tools/compiler/gcc-arm-none-eabi-6-2017-q1-update/bin/../lib/gcc/arm-none-eabi/6.3.1/../../../../arm-none-eabi/lib/thumb/v7e-m/fpv4-sp/hard/libc.a(lib_a-lock.o)
                0x0000000000005970                __retarget_lock_close_recursive
 .text.__retarget_lock_acquire
                0x0000000000005974        0x4 /home/odougs/bin/ti/ccsv7/tools/compiler/gcc-arm-none-eabi-6-2017-q1-update/bin/../lib/gcc/arm-none-eabi/6.3.1/../../../../arm-none-eabi/lib/thumb/v7e-m/fpv4-sp/hard/libc.a(lib_a-lock.o)
                0x0000000000005974                __retarget_lock_acquire
 .text.__retarget_lock_acquire_recursive
                0x0000000000005978        0x4 /home/odougs/bin/ti/ccsv7/tools/compiler/gcc-arm-none-eabi-6-2017-q1-update/bin/../lib/gcc/arm-none-eabi/6.3.1/../../../../arm-none-eabi/lib/thumb/v7e-m/fpv4-sp/hard/libc.a(lib_a-lock.o)
                0x0000000000005978                __retarget_lock_acquire_recursive
 .text.__retarget_lock_try_acquire
                0x000000000000597c        0x4 /home/odougs/bin/ti/ccsv7/tools/compiler/gcc-arm-none-eabi-6-2017-q1-update/bin/../lib/gcc/arm-none-eabi/6.3.1/../../../../arm-none-eabi/lib/thumb/v7e-m/fpv4-sp/hard/libc.a(lib_a-lock.o)
                0x000000000000597c                __retarget_lock_try_acquire
 .text.__retarget_lock_try_acquire_recursive
                0x0000000000005980        0x4 /home/odougs/bin/ti/ccsv7/tools/compiler/gcc-arm-none-eabi-6-2017-q1-update/bin/../lib/gcc/arm-none-eabi/6.3.1/../../../../arm-none-eabi/lib/thumb/v7e-m/fpv4-sp/hard/libc.a(lib_a-lock.o)
                0x0000000000005980                __retarget_lock_try_acquire_recursive
 .text.__retarget_lock_release
                0x0000000000005984        0x4 /home/odougs/bin/ti/ccsv7/tools/compiler/gcc-arm-none-eabi-6-2017-q1-update/bin/../lib/gcc/arm-none-eabi/6.3.1/../../../../arm-none-eabi/lib/thumb/v7e-m/fpv4-sp/hard/libc.a(lib_a-lock.o)
                0x0000000000005984                __retarget_lock_release
 .text.__retarget_lock_release_recursive
                0x0000000000005988        0x4 /home/odougs/bin/ti/ccsv7/tools/compiler/gcc-arm-none-eabi-6-2017-q1-update/bin/../lib/gcc/arm-none-eabi/6.3.1/../../../../arm-none-eabi/lib/thumb/v7e-m/fpv4-sp/hard/libc.a(lib_a-lock.o)
                0x0000000000005988                __retarget_lock_release_recursive
 .text.cleanup_glue
                0x000000000000598c       0x1c /home/odougs/bin/ti/ccsv7/tools/compiler/gcc-arm-none-eabi-6-2017-q1-update/bin/../lib/gcc/arm-none-eabi/6.3.1/../../../../arm-none-eabi/lib/thumb/v7e-m/fpv4-sp/hard/libc.a(lib_a-reent.o)
                0x000000000000598c                cleanup_glue
 .text._reclaim_reent
                0x00000000000059a8       0x88 /home/odougs/bin/ti/ccsv7/tools/compiler/gcc-arm-none-eabi-6-2017-q1-update/bin/../lib/gcc/arm-none-eabi/6.3.1/../../../../arm-none-eabi/lib/thumb/v7e-m/fpv4-sp/hard/libc.a(lib_a-reent.o)
                0x00000000000059a8                _reclaim_reent
 .text.__register_exitproc
                0x0000000000005a30       0xc4 /home/odougs/bin/ti/ccsv7/tools/compiler/gcc-arm-none-eabi-6-2017-q1-update/bin/../lib/gcc/arm-none-eabi/6.3.1/../../../../arm-none-eabi/lib/thumb/v7e-m/fpv4-sp/hard/libc.a(lib_a-__atexit.o)
                0x0000000000005a30                __register_exitproc
 .text._ADCIntNumberGet
                0x0000000000005af4       0x54 /mnt/storage/project/2kwMotorController/firmware/Tivaware/driverlib/gcc/libdriver.a(adc.o)
 .text.ADCIntRegister
                0x0000000000005b48       0x1a /mnt/storage/project/2kwMotorController/firmware/Tivaware/driverlib/gcc/libdriver.a(adc.o)
                0x0000000000005b48                ADCIntRegister
 .text.ADCIntUnregister
                0x0000000000005b62       0x16 /mnt/storage/project/2kwMotorController/firmware/Tivaware/driverlib/gcc/libdriver.a(adc.o)
                0x0000000000005b62                ADCIntUnregister
 .text.ADCIntDisable
                0x0000000000005b78       0x10 /mnt/storage/project/2kwMotorController/firmware/Tivaware/driverlib/gcc/libdriver.a(adc.o)
                0x0000000000005b78                ADCIntDisable
 .text.ADCIntEnable
                0x0000000000005b88       0x10 /mnt/storage/project/2kwMotorController/firmware/Tivaware/driverlib/gcc/libdriver.a(adc.o)
                0x0000000000005b88                ADCIntEnable
 .text.ADCIntStatus
                0x0000000000005b98       0x34 /mnt/storage/project/2kwMotorController/firmware/Tivaware/driverlib/gcc/libdriver.a(adc.o)
                0x0000000000005b98                ADCIntStatus
 .text.ADCIntClear
                0x0000000000005bcc        0xa /mnt/storage/project/2kwMotorController/firmware/Tivaware/driverlib/gcc/libdriver.a(adc.o)
                0x0000000000005bcc                ADCIntClear
 .text.ADCSequenceEnable
                0x0000000000005bd6        0xe /mnt/storage/project/2kwMotorController/firmware/Tivaware/driverlib/gcc/libdriver.a(adc.o)
                0x0000000000005bd6                ADCSequenceEnable
 .text.ADCSequenceDisable
                0x0000000000005be4       0x10 /mnt/storage/project/2kwMotorController/firmware/Tivaware/driverlib/gcc/libdriver.a(adc.o)
                0x0000000000005be4                ADCSequenceDisable
 .text.ADCSequenceConfigure
                0x0000000000005bf4       0x54 /mnt/storage/project/2kwMotorController/firmware/Tivaware/driverlib/gcc/libdriver.a(adc.o)
                0x0000000000005bf4                ADCSequenceConfigure
 .text.ADCSequenceStepConfigure
                0x0000000000005c48       0x84 /mnt/storage/project/2kwMotorController/firmware/Tivaware/driverlib/gcc/libdriver.a(adc.o)
                0x0000000000005c48                ADCSequenceStepConfigure
 .text.ADCSequenceOverflow
                0x0000000000005ccc        0xc /mnt/storage/project/2kwMotorController/firmware/Tivaware/driverlib/gcc/libdriver.a(adc.o)
                0x0000000000005ccc                ADCSequenceOverflow
 .text.ADCSequenceOverflowClear
                0x0000000000005cd8        0xa /mnt/storage/project/2kwMotorController/firmware/Tivaware/driverlib/gcc/libdriver.a(adc.o)
                0x0000000000005cd8                ADCSequenceOverflowClear
 .text.ADCSequenceUnderflow
                0x0000000000005ce2        0xc /mnt/storage/project/2kwMotorController/firmware/Tivaware/driverlib/gcc/libdriver.a(adc.o)
                0x0000000000005ce2                ADCSequenceUnderflow
 .text.ADCSequenceUnderflowClear
                0x0000000000005cee        0xa /mnt/storage/project/2kwMotorController/firmware/Tivaware/driverlib/gcc/libdriver.a(adc.o)
                0x0000000000005cee                ADCSequenceUnderflowClear
 .text.ADCSequenceDataGet
                0x0000000000005cf8       0x1e /mnt/storage/project/2kwMotorController/firmware/Tivaware/driverlib/gcc/libdriver.a(adc.o)
                0x0000000000005cf8                ADCSequenceDataGet
 .text.ADCProcessorTrigger
                0x0000000000005d16       0x18 /mnt/storage/project/2kwMotorController/firmware/Tivaware/driverlib/gcc/libdriver.a(adc.o)
                0x0000000000005d16                ADCProcessorTrigger
 *fill*         0x0000000000005d2e        0x2 
 .text.ADCSoftwareOversampleConfigure
                0x0000000000005d30       0x28 /mnt/storage/project/2kwMotorController/firmware/Tivaware/driverlib/gcc/libdriver.a(adc.o)
                0x0000000000005d30                ADCSoftwareOversampleConfigure
 .text.ADCSoftwareOversampleStepConfigure
                0x0000000000005d58       0x8c /mnt/storage/project/2kwMotorController/firmware/Tivaware/driverlib/gcc/libdriver.a(adc.o)
                0x0000000000005d58                ADCSoftwareOversampleStepConfigure
 .text.ADCSoftwareOversampleDataGet
                0x0000000000005de4       0x48 /mnt/storage/project/2kwMotorController/firmware/Tivaware/driverlib/gcc/libdriver.a(adc.o)
                0x0000000000005de4                ADCSoftwareOversampleDataGet
 .text.ADCHardwareOversampleConfigure
                0x0000000000005e2c       0x10 /mnt/storage/project/2kwMotorController/firmware/Tivaware/driverlib/gcc/libdriver.a(adc.o)
                0x0000000000005e2c                ADCHardwareOversampleConfigure
 .text.ADCComparatorConfigure
                0x0000000000005e3c        0xa /mnt/storage/project/2kwMotorController/firmware/Tivaware/driverlib/gcc/libdriver.a(adc.o)
                0x0000000000005e3c                ADCComparatorConfigure
 .text.ADCComparatorRegionSet
                0x0000000000005e46        0xe /mnt/storage/project/2kwMotorController/firmware/Tivaware/driverlib/gcc/libdriver.a(adc.o)
                0x0000000000005e46                ADCComparatorRegionSet
 .text.ADCComparatorReset
                0x0000000000005e54       0x1e /mnt/storage/project/2kwMotorController/firmware/Tivaware/driverlib/gcc/libdriver.a(adc.o)
                0x0000000000005e54                ADCComparatorReset
 .text.ADCComparatorIntDisable
                0x0000000000005e72       0x12 /mnt/storage/project/2kwMotorController/firmware/Tivaware/driverlib/gcc/libdriver.a(adc.o)
                0x0000000000005e72                ADCComparatorIntDisable
 .text.ADCComparatorIntEnable
                0x0000000000005e84       0x10 /mnt/storage/project/2kwMotorController/firmware/Tivaware/driverlib/gcc/libdriver.a(adc.o)
                0x0000000000005e84                ADCComparatorIntEnable
 .text.ADCComparatorIntStatus
                0x0000000000005e94        0x4 /mnt/storage/project/2kwMotorController/firmware/Tivaware/driverlib/gcc/libdriver.a(adc.o)
                0x0000000000005e94                ADCComparatorIntStatus
 .text.ADCComparatorIntClear
                0x0000000000005e98        0x4 /mnt/storage/project/2kwMotorController/firmware/Tivaware/driverlib/gcc/libdriver.a(adc.o)
                0x0000000000005e98                ADCComparatorIntClear
 .text.ADCIntDisableEx
                0x0000000000005e9c        0xa /mnt/storage/project/2kwMotorController/firmware/Tivaware/driverlib/gcc/libdriver.a(adc.o)
                0x0000000000005e9c                ADCIntDisableEx
 .text.ADCIntEnableEx
                0x0000000000005ea6        0x8 /mnt/storage/project/2kwMotorController/firmware/Tivaware/driverlib/gcc/libdriver.a(adc.o)
                0x0000000000005ea6                ADCIntEnableEx
 .text.ADCIntStatusEx
                0x0000000000005eae       0x12 /mnt/storage/project/2kwMotorController/firmware/Tivaware/driverlib/gcc/libdriver.a(adc.o)
                0x0000000000005eae                ADCIntStatusEx
 .text.ADCIntClearEx
                0x0000000000005ec0        0x4 /mnt/storage/project/2kwMotorController/firmware/Tivaware/driverlib/gcc/libdriver.a(adc.o)
                0x0000000000005ec0                ADCIntClearEx
 .text.ADCReferenceSet
                0x0000000000005ec4        0xc /mnt/storage/project/2kwMotorController/firmware/Tivaware/driverlib/gcc/libdriver.a(adc.o)
                0x0000000000005ec4                ADCReferenceSet
 .text.ADCReferenceGet
                0x0000000000005ed0        0x8 /mnt/storage/project/2kwMotorController/firmware/Tivaware/driverlib/gcc/libdriver.a(adc.o)
                0x0000000000005ed0                ADCReferenceGet
 .text.ADCPhaseDelaySet
                0x0000000000005ed8        0x4 /mnt/storage/project/2kwMotorController/firmware/Tivaware/driverlib/gcc/libdriver.a(adc.o)
                0x0000000000005ed8                ADCPhaseDelaySet
 .text.ADCPhaseDelayGet
                0x0000000000005edc        0x4 /mnt/storage/project/2kwMotorController/firmware/Tivaware/driverlib/gcc/libdriver.a(adc.o)
                0x0000000000005edc                ADCPhaseDelayGet
 .text.ADCSequenceDMAEnable
                0x0000000000005ee0       0x10 /mnt/storage/project/2kwMotorController/firmware/Tivaware/driverlib/gcc/libdriver.a(adc.o)
                0x0000000000005ee0                ADCSequenceDMAEnable
 .text.ADCSequenceDMADisable
                0x0000000000005ef0       0x12 /mnt/storage/project/2kwMotorController/firmware/Tivaware/driverlib/gcc/libdriver.a(adc.o)
                0x0000000000005ef0                ADCSequenceDMADisable
 .text.ADCBusy  0x0000000000005f02        0x8 /mnt/storage/project/2kwMotorController/firmware/Tivaware/driverlib/gcc/libdriver.a(adc.o)
                0x0000000000005f02                ADCBusy
 .text.ADCClockConfigSet
                0x0000000000005f0a       0x18 /mnt/storage/project/2kwMotorController/firmware/Tivaware/driverlib/gcc/libdriver.a(adc.o)
                0x0000000000005f0a                ADCClockConfigSet
 .text.ADCClockConfigGet
                0x0000000000005f22       0x1e /mnt/storage/project/2kwMotorController/firmware/Tivaware/driverlib/gcc/libdriver.a(adc.o)
                0x0000000000005f22                ADCClockConfigGet
 .text._CANIntNumberGet
                0x0000000000005f40       0x60 /mnt/storage/project/2kwMotorController/firmware/Tivaware/driverlib/gcc/libdriver.a(can.o)
 .text.CANInit  0x0000000000005fa0       0x40 /mnt/storage/project/2kwMotorController/firmware/Tivaware/driverlib/gcc/libdriver.a(can.o)
                0x0000000000005fa0                CANInit
 .text.CANEnable
                0x0000000000005fe0        0xa /mnt/storage/project/2kwMotorController/firmware/Tivaware/driverlib/gcc/libdriver.a(can.o)
                0x0000000000005fe0                CANEnable
 .text.CANDisable
                0x0000000000005fea        0xa /mnt/storage/project/2kwMotorController/firmware/Tivaware/driverlib/gcc/libdriver.a(can.o)
                0x0000000000005fea                CANDisable
 .text.CANBitTimingGet
                0x0000000000005ff4       0x2e /mnt/storage/project/2kwMotorController/firmware/Tivaware/driverlib/gcc/libdriver.a(can.o)
                0x0000000000005ff4                CANBitTimingGet
 *fill*         0x0000000000006022        0x2 
 .text.CANBitRateSet
                0x0000000000006024       0x60 /mnt/storage/project/2kwMotorController/firmware/Tivaware/driverlib/gcc/libdriver.a(can.o)
                0x0000000000006024                CANBitRateSet
 .text.CANBitTimingSet
                0x0000000000006084       0x52 /mnt/storage/project/2kwMotorController/firmware/Tivaware/driverlib/gcc/libdriver.a(can.o)
                0x0000000000006084                CANBitTimingSet
 .text.CANIntRegister
                0x00000000000060d6       0x1a /mnt/storage/project/2kwMotorController/firmware/Tivaware/driverlib/gcc/libdriver.a(can.o)
                0x00000000000060d6                CANIntRegister
 .text.CANIntUnregister
                0x00000000000060f0       0x16 /mnt/storage/project/2kwMotorController/firmware/Tivaware/driverlib/gcc/libdriver.a(can.o)
                0x00000000000060f0                CANIntUnregister
 .text.CANIntEnable
                0x0000000000006106        0x8 /mnt/storage/project/2kwMotorController/firmware/Tivaware/driverlib/gcc/libdriver.a(can.o)
                0x0000000000006106                CANIntEnable
 .text.CANIntDisable
                0x000000000000610e        0xa /mnt/storage/project/2kwMotorController/firmware/Tivaware/driverlib/gcc/libdriver.a(can.o)
                0x000000000000610e                CANIntDisable
 .text.CANIntStatus
                0x0000000000006118       0x1e /mnt/storage/project/2kwMotorController/firmware/Tivaware/driverlib/gcc/libdriver.a(can.o)
                0x0000000000006118                CANIntStatus
 .text.CANIntClear
                0x0000000000006136       0x26 /mnt/storage/project/2kwMotorController/firmware/Tivaware/driverlib/gcc/libdriver.a(can.o)
                0x0000000000006136                CANIntClear
 .text.CANRetrySet
                0x000000000000615c       0x12 /mnt/storage/project/2kwMotorController/firmware/Tivaware/driverlib/gcc/libdriver.a(can.o)
                0x000000000000615c                CANRetrySet
 .text.CANRetryGet
                0x000000000000616e        0xc /mnt/storage/project/2kwMotorController/firmware/Tivaware/driverlib/gcc/libdriver.a(can.o)
                0x000000000000616e                CANRetryGet
 .text.CANStatusGet
                0x000000000000617a       0x3e /mnt/storage/project/2kwMotorController/firmware/Tivaware/driverlib/gcc/libdriver.a(can.o)
                0x000000000000617a                CANStatusGet
 .text.CANErrCntrGet
                0x00000000000061b8       0x12 /mnt/storage/project/2kwMotorController/firmware/Tivaware/driverlib/gcc/libdriver.a(can.o)
                0x00000000000061b8                CANErrCntrGet
 .text.CANMessageSet
                0x00000000000061ca      0x164 /mnt/storage/project/2kwMotorController/firmware/Tivaware/driverlib/gcc/libdriver.a(can.o)
                0x00000000000061ca                CANMessageSet
 .text.CANMessageGet
                0x000000000000632e      0x152 /mnt/storage/project/2kwMotorController/firmware/Tivaware/driverlib/gcc/libdriver.a(can.o)
                0x000000000000632e                CANMessageGet
 .text.CANMessageClear
                0x0000000000006480       0x1a /mnt/storage/project/2kwMotorController/firmware/Tivaware/driverlib/gcc/libdriver.a(can.o)
                0x0000000000006480                CANMessageClear
 *fill*         0x000000000000649a        0x2 
 .text._GPIOIntNumberGet
                0x000000000000649c       0x48 /mnt/storage/project/2kwMotorController/firmware/Tivaware/driverlib/gcc/libdriver.a(gpio.o)
 .text.GPIODirModeSet
                0x00000000000064e4       0x2e /mnt/storage/project/2kwMotorController/firmware/Tivaware/driverlib/gcc/libdriver.a(gpio.o)
                0x00000000000064e4                GPIODirModeSet
 .text.GPIODirModeGet
                0x0000000000006512       0x24 /mnt/storage/project/2kwMotorController/firmware/Tivaware/driverlib/gcc/libdriver.a(gpio.o)
                0x0000000000006512                GPIODirModeGet
 .text.GPIOIntTypeSet
                0x0000000000006536       0x5a /mnt/storage/project/2kwMotorController/firmware/Tivaware/driverlib/gcc/libdriver.a(gpio.o)
                0x0000000000006536                GPIOIntTypeSet
 .text.GPIOIntTypeGet
                0x0000000000006590       0x4a /mnt/storage/project/2kwMotorController/firmware/Tivaware/driverlib/gcc/libdriver.a(gpio.o)
                0x0000000000006590                GPIOIntTypeGet
 .text.GPIOPadConfigSet
                0x00000000000065da      0x130 /mnt/storage/project/2kwMotorController/firmware/Tivaware/driverlib/gcc/libdriver.a(gpio.o)
                0x00000000000065da                GPIOPadConfigSet
 .text.GPIOPadConfigGet
                0x000000000000670a       0xc4 /mnt/storage/project/2kwMotorController/firmware/Tivaware/driverlib/gcc/libdriver.a(gpio.o)
                0x000000000000670a                GPIOPadConfigGet
 .text.GPIOIntEnable
                0x00000000000067ce        0xc /mnt/storage/project/2kwMotorController/firmware/Tivaware/driverlib/gcc/libdriver.a(gpio.o)
                0x00000000000067ce                GPIOIntEnable
 .text.GPIOIntDisable
                0x00000000000067da        0xe /mnt/storage/project/2kwMotorController/firmware/Tivaware/driverlib/gcc/libdriver.a(gpio.o)
                0x00000000000067da                GPIOIntDisable
 .text.GPIOIntStatus
                0x00000000000067e8        0xe /mnt/storage/project/2kwMotorController/firmware/Tivaware/driverlib/gcc/libdriver.a(gpio.o)
                0x00000000000067e8                GPIOIntStatus
 .text.GPIOIntClear
                0x00000000000067f6        0x6 /mnt/storage/project/2kwMotorController/firmware/Tivaware/driverlib/gcc/libdriver.a(gpio.o)
                0x00000000000067f6                GPIOIntClear
 .text.GPIOIntRegister
                0x00000000000067fc       0x1a /mnt/storage/project/2kwMotorController/firmware/Tivaware/driverlib/gcc/libdriver.a(gpio.o)
                0x00000000000067fc                GPIOIntRegister
 .text.GPIOIntUnregister
                0x0000000000006816       0x16 /mnt/storage/project/2kwMotorController/firmware/Tivaware/driverlib/gcc/libdriver.a(gpio.o)
                0x0000000000006816                GPIOIntUnregister
 .text.GPIOIntRegisterPin
                0x000000000000682c       0x1e /mnt/storage/project/2kwMotorController/firmware/Tivaware/driverlib/gcc/libdriver.a(gpio.o)
                0x000000000000682c                GPIOIntRegisterPin
 .text.GPIOIntUnregisterPin
                0x000000000000684a       0x1a /mnt/storage/project/2kwMotorController/firmware/Tivaware/driverlib/gcc/libdriver.a(gpio.o)
                0x000000000000684a                GPIOIntUnregisterPin
 .text.GPIOPinRead
                0x0000000000006864        0x6 /mnt/storage/project/2kwMotorController/firmware/Tivaware/driverlib/gcc/libdriver.a(gpio.o)
                0x0000000000006864                GPIOPinRead
 .text.GPIOPinWrite
                0x000000000000686a        0x6 /mnt/storage/project/2kwMotorController/firmware/Tivaware/driverlib/gcc/libdriver.a(gpio.o)
                0x000000000000686a                GPIOPinWrite
 .text.GPIOPinTypeADC
                0x0000000000006870       0x1c /mnt/storage/project/2kwMotorController/firmware/Tivaware/driverlib/gcc/libdriver.a(gpio.o)
                0x0000000000006870                GPIOPinTypeADC
 .text.GPIOPinTypeCAN
                0x000000000000688c       0x1c /mnt/storage/project/2kwMotorController/firmware/Tivaware/driverlib/gcc/libdriver.a(gpio.o)
                0x000000000000688c                GPIOPinTypeCAN
 .text.GPIOPinTypeComparator
                0x00000000000068a8       0x1c /mnt/storage/project/2kwMotorController/firmware/Tivaware/driverlib/gcc/libdriver.a(gpio.o)
                0x00000000000068a8                GPIOPinTypeComparator
 .text.GPIOPinTypeComparatorOutput
                0x00000000000068c4       0x1c /mnt/storage/project/2kwMotorController/firmware/Tivaware/driverlib/gcc/libdriver.a(gpio.o)
                0x00000000000068c4                GPIOPinTypeComparatorOutput
 .text.GPIOPinTypeDIVSCLK
                0x00000000000068e0       0x1c /mnt/storage/project/2kwMotorController/firmware/Tivaware/driverlib/gcc/libdriver.a(gpio.o)
                0x00000000000068e0                GPIOPinTypeDIVSCLK
 .text.GPIOPinTypeEPI
                0x00000000000068fc       0x1c /mnt/storage/project/2kwMotorController/firmware/Tivaware/driverlib/gcc/libdriver.a(gpio.o)
                0x00000000000068fc                GPIOPinTypeEPI
 .text.GPIOPinTypeEthernetLED
                0x0000000000006918       0x1c /mnt/storage/project/2kwMotorController/firmware/Tivaware/driverlib/gcc/libdriver.a(gpio.o)
                0x0000000000006918                GPIOPinTypeEthernetLED
 .text.GPIOPinTypeEthernetMII
                0x0000000000006934       0x1c /mnt/storage/project/2kwMotorController/firmware/Tivaware/driverlib/gcc/libdriver.a(gpio.o)
                0x0000000000006934                GPIOPinTypeEthernetMII
 .text.GPIOPinTypeGPIOInput
                0x0000000000006950       0x1c /mnt/storage/project/2kwMotorController/firmware/Tivaware/driverlib/gcc/libdriver.a(gpio.o)
                0x0000000000006950                GPIOPinTypeGPIOInput
 .text.GPIOPinTypeGPIOOutput
                0x000000000000696c       0x1c /mnt/storage/project/2kwMotorController/firmware/Tivaware/driverlib/gcc/libdriver.a(gpio.o)
                0x000000000000696c                GPIOPinTypeGPIOOutput
 .text.GPIOPinTypeGPIOOutputOD
                0x0000000000006988       0x1c /mnt/storage/project/2kwMotorController/firmware/Tivaware/driverlib/gcc/libdriver.a(gpio.o)
                0x0000000000006988                GPIOPinTypeGPIOOutputOD
 .text.GPIOPinTypeHibernateRTCCLK
                0x00000000000069a4       0x1c /mnt/storage/project/2kwMotorController/firmware/Tivaware/driverlib/gcc/libdriver.a(gpio.o)
                0x00000000000069a4                GPIOPinTypeHibernateRTCCLK
 .text.GPIOPinTypeI2C
                0x00000000000069c0       0x1c /mnt/storage/project/2kwMotorController/firmware/Tivaware/driverlib/gcc/libdriver.a(gpio.o)
                0x00000000000069c0                GPIOPinTypeI2C
 .text.GPIOPinTypeI2CSCL
                0x00000000000069dc       0x1c /mnt/storage/project/2kwMotorController/firmware/Tivaware/driverlib/gcc/libdriver.a(gpio.o)
                0x00000000000069dc                GPIOPinTypeI2CSCL
 .text.GPIOPinTypeLCD
                0x00000000000069f8       0x1c /mnt/storage/project/2kwMotorController/firmware/Tivaware/driverlib/gcc/libdriver.a(gpio.o)
                0x00000000000069f8                GPIOPinTypeLCD
 .text.GPIOPinTypeOneWire
                0x0000000000006a14       0x1c /mnt/storage/project/2kwMotorController/firmware/Tivaware/driverlib/gcc/libdriver.a(gpio.o)
                0x0000000000006a14                GPIOPinTypeOneWire
 .text.GPIOPinTypePWM
                0x0000000000006a30       0x1c /mnt/storage/project/2kwMotorController/firmware/Tivaware/driverlib/gcc/libdriver.a(gpio.o)
                0x0000000000006a30                GPIOPinTypePWM
 .text.GPIOPinTypeQEI
                0x0000000000006a4c       0x1c /mnt/storage/project/2kwMotorController/firmware/Tivaware/driverlib/gcc/libdriver.a(gpio.o)
                0x0000000000006a4c                GPIOPinTypeQEI
 .text.GPIOPinTypeSSI
                0x0000000000006a68       0x1c /mnt/storage/project/2kwMotorController/firmware/Tivaware/driverlib/gcc/libdriver.a(gpio.o)
                0x0000000000006a68                GPIOPinTypeSSI
 .text.GPIOPinTypeTimer
                0x0000000000006a84       0x1c /mnt/storage/project/2kwMotorController/firmware/Tivaware/driverlib/gcc/libdriver.a(gpio.o)
                0x0000000000006a84                GPIOPinTypeTimer
 .text.GPIOPinTypeTrace
                0x0000000000006aa0       0x1c /mnt/storage/project/2kwMotorController/firmware/Tivaware/driverlib/gcc/libdriver.a(gpio.o)
                0x0000000000006aa0                GPIOPinTypeTrace
 .text.GPIOPinTypeUART
                0x0000000000006abc       0x1c /mnt/storage/project/2kwMotorController/firmware/Tivaware/driverlib/gcc/libdriver.a(gpio.o)
                0x0000000000006abc                GPIOPinTypeUART
 .text.GPIOPinTypeUSBAnalog
                0x0000000000006ad8       0x1c /mnt/storage/project/2kwMotorController/firmware/Tivaware/driverlib/gcc/libdriver.a(gpio.o)
                0x0000000000006ad8                GPIOPinTypeUSBAnalog
 .text.GPIOPinTypeUSBDigital
                0x0000000000006af4       0x1c /mnt/storage/project/2kwMotorController/firmware/Tivaware/driverlib/gcc/libdriver.a(gpio.o)
                0x0000000000006af4                GPIOPinTypeUSBDigital
 .text.GPIOPinTypeWakeHigh
                0x0000000000006b10       0x1e /mnt/storage/project/2kwMotorController/firmware/Tivaware/driverlib/gcc/libdriver.a(gpio.o)
                0x0000000000006b10                GPIOPinTypeWakeHigh
 .text.GPIOPinTypeWakeLow
                0x0000000000006b2e       0x1e /mnt/storage/project/2kwMotorController/firmware/Tivaware/driverlib/gcc/libdriver.a(gpio.o)
                0x0000000000006b2e                GPIOPinTypeWakeLow
 .text.GPIOPinWakeStatus
                0x0000000000006b4c        0x6 /mnt/storage/project/2kwMotorController/firmware/Tivaware/driverlib/gcc/libdriver.a(gpio.o)
                0x0000000000006b4c                GPIOPinWakeStatus
 *fill*         0x0000000000006b52        0x2 
 .text.GPIOPinConfigure
                0x0000000000006b54       0x4c /mnt/storage/project/2kwMotorController/firmware/Tivaware/driverlib/gcc/libdriver.a(gpio.o)
                0x0000000000006b54                GPIOPinConfigure
 .text.GPIODMATriggerEnable
                0x0000000000006ba0        0xc /mnt/storage/project/2kwMotorController/firmware/Tivaware/driverlib/gcc/libdriver.a(gpio.o)
                0x0000000000006ba0                GPIODMATriggerEnable
 .text.GPIODMATriggerDisable
                0x0000000000006bac        0xe /mnt/storage/project/2kwMotorController/firmware/Tivaware/driverlib/gcc/libdriver.a(gpio.o)
                0x0000000000006bac                GPIODMATriggerDisable
 .text.GPIOADCTriggerEnable
                0x0000000000006bba        0xc /mnt/storage/project/2kwMotorController/firmware/Tivaware/driverlib/gcc/libdriver.a(gpio.o)
                0x0000000000006bba                GPIOADCTriggerEnable
 .text.GPIOADCTriggerDisable
                0x0000000000006bc6        0xe /mnt/storage/project/2kwMotorController/firmware/Tivaware/driverlib/gcc/libdriver.a(gpio.o)
                0x0000000000006bc6                GPIOADCTriggerDisable
 .text._IntDefaultHandler
                0x0000000000006bd4        0x2 /mnt/storage/project/2kwMotorController/firmware/Tivaware/driverlib/gcc/libdriver.a(interrupt.o)
 .text.IntMasterEnable
                0x0000000000006bd6        0xe /mnt/storage/project/2kwMotorController/firmware/Tivaware/driverlib/gcc/libdriver.a(interrupt.o)
                0x0000000000006bd6                IntMasterEnable
 .text.IntMasterDisable
                0x0000000000006be4        0xe /mnt/storage/project/2kwMotorController/firmware/Tivaware/driverlib/gcc/libdriver.a(interrupt.o)
                0x0000000000006be4                IntMasterDisable
 *fill*         0x0000000000006bf2        0x2 
 .text.IntRegister
                0x0000000000006bf4       0x34 /mnt/storage/project/2kwMotorController/firmware/Tivaware/driverlib/gcc/libdriver.a(interrupt.o)
                0x0000000000006bf4                IntRegister
 .text.IntUnregister
                0x0000000000006c28       0x14 /mnt/storage/project/2kwMotorController/firmware/Tivaware/driverlib/gcc/libdriver.a(interrupt.o)
                0x0000000000006c28                IntUnregister
 .text.IntPriorityGroupingSet
                0x0000000000006c3c       0x1c /mnt/storage/project/2kwMotorController/firmware/Tivaware/driverlib/gcc/libdriver.a(interrupt.o)
                0x0000000000006c3c                IntPriorityGroupingSet
 .text.IntPriorityGroupingGet
                0x0000000000006c58       0x24 /mnt/storage/project/2kwMotorController/firmware/Tivaware/driverlib/gcc/libdriver.a(interrupt.o)
                0x0000000000006c58                IntPriorityGroupingGet
 .text.IntPrioritySet
                0x0000000000006c7c       0x2c /mnt/storage/project/2kwMotorController/firmware/Tivaware/driverlib/gcc/libdriver.a(interrupt.o)
                0x0000000000006c7c                IntPrioritySet
 .text.IntPriorityGet
                0x0000000000006ca8       0x1c /mnt/storage/project/2kwMotorController/firmware/Tivaware/driverlib/gcc/libdriver.a(interrupt.o)
                0x0000000000006ca8                IntPriorityGet
 .text.IntEnable
                0x0000000000006cc4       0x60 /mnt/storage/project/2kwMotorController/firmware/Tivaware/driverlib/gcc/libdriver.a(interrupt.o)
                0x0000000000006cc4                IntEnable
 .text.IntDisable
                0x0000000000006d24       0x60 /mnt/storage/project/2kwMotorController/firmware/Tivaware/driverlib/gcc/libdriver.a(interrupt.o)
                0x0000000000006d24                IntDisable
 .text.IntIsEnabled
                0x0000000000006d84       0x64 /mnt/storage/project/2kwMotorController/firmware/Tivaware/driverlib/gcc/libdriver.a(interrupt.o)
                0x0000000000006d84                IntIsEnabled
 .text.IntPendSet
                0x0000000000006de8       0x50 /mnt/storage/project/2kwMotorController/firmware/Tivaware/driverlib/gcc/libdriver.a(interrupt.o)
                0x0000000000006de8                IntPendSet
 .text.IntPendClear
                0x0000000000006e38       0x40 /mnt/storage/project/2kwMotorController/firmware/Tivaware/driverlib/gcc/libdriver.a(interrupt.o)
                0x0000000000006e38                IntPendClear
 .text.IntPriorityMaskSet
                0x0000000000006e78        0x4 /mnt/storage/project/2kwMotorController/firmware/Tivaware/driverlib/gcc/libdriver.a(interrupt.o)
                0x0000000000006e78                IntPriorityMaskSet
 .text.IntPriorityMaskGet
                0x0000000000006e7c        0x4 /mnt/storage/project/2kwMotorController/firmware/Tivaware/driverlib/gcc/libdriver.a(interrupt.o)
                0x0000000000006e7c                IntPriorityMaskGet
 .text.IntTrigger
                0x0000000000006e80        0xc /mnt/storage/project/2kwMotorController/firmware/Tivaware/driverlib/gcc/libdriver.a(interrupt.o)
                0x0000000000006e80                IntTrigger
 .text._PWMGenIntNumberGet
                0x0000000000006e8c      0x104 /mnt/storage/project/2kwMotorController/firmware/Tivaware/driverlib/gcc/libdriver.a(pwm.o)
 .text._PWMFaultIntNumberGet
                0x0000000000006f90       0x48 /mnt/storage/project/2kwMotorController/firmware/Tivaware/driverlib/gcc/libdriver.a(pwm.o)
 .text.PWMGenConfigure
                0x0000000000006fd8       0x30 /mnt/storage/project/2kwMotorController/firmware/Tivaware/driverlib/gcc/libdriver.a(pwm.o)
                0x0000000000006fd8                PWMGenConfigure
 .text.PWMGenPeriodSet
                0x0000000000007008       0x12 /mnt/storage/project/2kwMotorController/firmware/Tivaware/driverlib/gcc/libdriver.a(pwm.o)
                0x0000000000007008                PWMGenPeriodSet
 .text.PWMGenPeriodGet
                0x000000000000701a       0x12 /mnt/storage/project/2kwMotorController/firmware/Tivaware/driverlib/gcc/libdriver.a(pwm.o)
                0x000000000000701a                PWMGenPeriodGet
 .text.PWMGenEnable
                0x000000000000702c        0xa /mnt/storage/project/2kwMotorController/firmware/Tivaware/driverlib/gcc/libdriver.a(pwm.o)
                0x000000000000702c                PWMGenEnable
 .text.PWMGenDisable
                0x0000000000007036        0xa /mnt/storage/project/2kwMotorController/firmware/Tivaware/driverlib/gcc/libdriver.a(pwm.o)
                0x0000000000007036                PWMGenDisable
 .text.PWMPulseWidthSet
                0x0000000000007040       0x1e /mnt/storage/project/2kwMotorController/firmware/Tivaware/driverlib/gcc/libdriver.a(pwm.o)
                0x0000000000007040                PWMPulseWidthSet
 .text.PWMPulseWidthGet
                0x000000000000705e       0x20 /mnt/storage/project/2kwMotorController/firmware/Tivaware/driverlib/gcc/libdriver.a(pwm.o)
                0x000000000000705e                PWMPulseWidthGet
 .text.PWMDeadBandEnable
                0x000000000000707e       0x10 /mnt/storage/project/2kwMotorController/firmware/Tivaware/driverlib/gcc/libdriver.a(pwm.o)
                0x000000000000707e                PWMDeadBandEnable
 .text.PWMDeadBandDisable
                0x000000000000708e        0xc /mnt/storage/project/2kwMotorController/firmware/Tivaware/driverlib/gcc/libdriver.a(pwm.o)
                0x000000000000708e                PWMDeadBandDisable
 .text.PWMSyncUpdate
                0x000000000000709a        0x4 /mnt/storage/project/2kwMotorController/firmware/Tivaware/driverlib/gcc/libdriver.a(pwm.o)
                0x000000000000709a                PWMSyncUpdate
 .text.PWMSyncTimeBase
                0x000000000000709e        0x4 /mnt/storage/project/2kwMotorController/firmware/Tivaware/driverlib/gcc/libdriver.a(pwm.o)
                0x000000000000709e                PWMSyncTimeBase
 .text.PWMOutputState
                0x00000000000070a2       0x10 /mnt/storage/project/2kwMotorController/firmware/Tivaware/driverlib/gcc/libdriver.a(pwm.o)
                0x00000000000070a2                PWMOutputState
 .text.PWMOutputInvert
                0x00000000000070b2       0x10 /mnt/storage/project/2kwMotorController/firmware/Tivaware/driverlib/gcc/libdriver.a(pwm.o)
                0x00000000000070b2                PWMOutputInvert
 .text.PWMOutputFaultLevel
                0x00000000000070c2       0x10 /mnt/storage/project/2kwMotorController/firmware/Tivaware/driverlib/gcc/libdriver.a(pwm.o)
                0x00000000000070c2                PWMOutputFaultLevel
 .text.PWMOutputFault
                0x00000000000070d2       0x10 /mnt/storage/project/2kwMotorController/firmware/Tivaware/driverlib/gcc/libdriver.a(pwm.o)
                0x00000000000070d2                PWMOutputFault
 .text.PWMGenIntRegister
                0x00000000000070e2       0x1a /mnt/storage/project/2kwMotorController/firmware/Tivaware/driverlib/gcc/libdriver.a(pwm.o)
                0x00000000000070e2                PWMGenIntRegister
 .text.PWMGenIntUnregister
                0x00000000000070fc       0x16 /mnt/storage/project/2kwMotorController/firmware/Tivaware/driverlib/gcc/libdriver.a(pwm.o)
                0x00000000000070fc                PWMGenIntUnregister
 .text.PWMFaultIntRegister
                0x0000000000007112       0x1a /mnt/storage/project/2kwMotorController/firmware/Tivaware/driverlib/gcc/libdriver.a(pwm.o)
                0x0000000000007112                PWMFaultIntRegister
 .text.PWMFaultIntUnregister
                0x000000000000712c       0x16 /mnt/storage/project/2kwMotorController/firmware/Tivaware/driverlib/gcc/libdriver.a(pwm.o)
                0x000000000000712c                PWMFaultIntUnregister
 .text.PWMGenIntTrigEnable
                0x0000000000007142        0xa /mnt/storage/project/2kwMotorController/firmware/Tivaware/driverlib/gcc/libdriver.a(pwm.o)
                0x0000000000007142                PWMGenIntTrigEnable
 .text.PWMGenIntTrigDisable
                0x000000000000714c        0xc /mnt/storage/project/2kwMotorController/firmware/Tivaware/driverlib/gcc/libdriver.a(pwm.o)
                0x000000000000714c                PWMGenIntTrigDisable
 .text.PWMGenIntStatus
                0x0000000000007158        0xc /mnt/storage/project/2kwMotorController/firmware/Tivaware/driverlib/gcc/libdriver.a(pwm.o)
                0x0000000000007158                PWMGenIntStatus
 .text.PWMGenIntClear
                0x0000000000007164        0x6 /mnt/storage/project/2kwMotorController/firmware/Tivaware/driverlib/gcc/libdriver.a(pwm.o)
                0x0000000000007164                PWMGenIntClear
 .text.PWMIntEnable
                0x000000000000716a        0x8 /mnt/storage/project/2kwMotorController/firmware/Tivaware/driverlib/gcc/libdriver.a(pwm.o)
                0x000000000000716a                PWMIntEnable
 .text.PWMIntDisable
                0x0000000000007172        0xa /mnt/storage/project/2kwMotorController/firmware/Tivaware/driverlib/gcc/libdriver.a(pwm.o)
                0x0000000000007172                PWMIntDisable
 .text.PWMFaultIntClear
                0x000000000000717c        0x8 /mnt/storage/project/2kwMotorController/firmware/Tivaware/driverlib/gcc/libdriver.a(pwm.o)
                0x000000000000717c                PWMFaultIntClear
 .text.PWMIntStatus
                0x0000000000007184        0xa /mnt/storage/project/2kwMotorController/firmware/Tivaware/driverlib/gcc/libdriver.a(pwm.o)
                0x0000000000007184                PWMIntStatus
 .text.PWMFaultIntClearExt
                0x000000000000718e        0x4 /mnt/storage/project/2kwMotorController/firmware/Tivaware/driverlib/gcc/libdriver.a(pwm.o)
                0x000000000000718e                PWMFaultIntClearExt
 .text.PWMGenFaultConfigure
                0x0000000000007192       0x18 /mnt/storage/project/2kwMotorController/firmware/Tivaware/driverlib/gcc/libdriver.a(pwm.o)
                0x0000000000007192                PWMGenFaultConfigure
 .text.PWMGenFaultTriggerSet
                0x00000000000071aa        0xc /mnt/storage/project/2kwMotorController/firmware/Tivaware/driverlib/gcc/libdriver.a(pwm.o)
                0x00000000000071aa                PWMGenFaultTriggerSet
 .text.PWMGenFaultTriggerGet
                0x00000000000071b6        0xc /mnt/storage/project/2kwMotorController/firmware/Tivaware/driverlib/gcc/libdriver.a(pwm.o)
                0x00000000000071b6                PWMGenFaultTriggerGet
 .text.PWMGenFaultStatus
                0x00000000000071c2       0x18 /mnt/storage/project/2kwMotorController/firmware/Tivaware/driverlib/gcc/libdriver.a(pwm.o)
                0x00000000000071c2                PWMGenFaultStatus
 .text.PWMGenFaultClear
                0x00000000000071da       0x18 /mnt/storage/project/2kwMotorController/firmware/Tivaware/driverlib/gcc/libdriver.a(pwm.o)
                0x00000000000071da                PWMGenFaultClear
 .text.PWMClockSet
                0x00000000000071f2       0x14 /mnt/storage/project/2kwMotorController/firmware/Tivaware/driverlib/gcc/libdriver.a(pwm.o)
                0x00000000000071f2                PWMClockSet
 .text.PWMClockGet
                0x0000000000007206       0x1a /mnt/storage/project/2kwMotorController/firmware/Tivaware/driverlib/gcc/libdriver.a(pwm.o)
                0x0000000000007206                PWMClockGet
 .text.PWMOutputUpdateMode
                0x0000000000007220       0x30 /mnt/storage/project/2kwMotorController/firmware/Tivaware/driverlib/gcc/libdriver.a(pwm.o)
                0x0000000000007220                PWMOutputUpdateMode
 .text._QEIIntNumberGet
                0x0000000000007250       0x48 /mnt/storage/project/2kwMotorController/firmware/Tivaware/driverlib/gcc/libdriver.a(qei.o)
 .text.QEIEnable
                0x0000000000007298        0xa /mnt/storage/project/2kwMotorController/firmware/Tivaware/driverlib/gcc/libdriver.a(qei.o)
                0x0000000000007298                QEIEnable
 .text.QEIDisable
                0x00000000000072a2        0xa /mnt/storage/project/2kwMotorController/firmware/Tivaware/driverlib/gcc/libdriver.a(qei.o)
                0x00000000000072a2                QEIDisable
 .text.QEIConfigure
                0x00000000000072ac        0xe /mnt/storage/project/2kwMotorController/firmware/Tivaware/driverlib/gcc/libdriver.a(qei.o)
                0x00000000000072ac                QEIConfigure
 .text.QEIPositionGet
                0x00000000000072ba        0x4 /mnt/storage/project/2kwMotorController/firmware/Tivaware/driverlib/gcc/libdriver.a(qei.o)
                0x00000000000072ba                QEIPositionGet
 .text.QEIPositionSet
                0x00000000000072be        0x4 /mnt/storage/project/2kwMotorController/firmware/Tivaware/driverlib/gcc/libdriver.a(qei.o)
                0x00000000000072be                QEIPositionSet
 .text.QEIDirectionGet
                0x00000000000072c2       0x10 /mnt/storage/project/2kwMotorController/firmware/Tivaware/driverlib/gcc/libdriver.a(qei.o)
                0x00000000000072c2                QEIDirectionGet
 .text.QEIErrorGet
                0x00000000000072d2        0x8 /mnt/storage/project/2kwMotorController/firmware/Tivaware/driverlib/gcc/libdriver.a(qei.o)
                0x00000000000072d2                QEIErrorGet
 .text.QEIFilterEnable
                0x00000000000072da        0xa /mnt/storage/project/2kwMotorController/firmware/Tivaware/driverlib/gcc/libdriver.a(qei.o)
                0x00000000000072da                QEIFilterEnable
 .text.QEIFilterDisable
                0x00000000000072e4        0xa /mnt/storage/project/2kwMotorController/firmware/Tivaware/driverlib/gcc/libdriver.a(qei.o)
                0x00000000000072e4                QEIFilterDisable
 .text.QEIFilterConfigure
                0x00000000000072ee        0xc /mnt/storage/project/2kwMotorController/firmware/Tivaware/driverlib/gcc/libdriver.a(qei.o)
                0x00000000000072ee                QEIFilterConfigure
 .text.QEIVelocityEnable
                0x00000000000072fa        0xa /mnt/storage/project/2kwMotorController/firmware/Tivaware/driverlib/gcc/libdriver.a(qei.o)
                0x00000000000072fa                QEIVelocityEnable
 .text.QEIVelocityDisable
                0x0000000000007304        0xa /mnt/storage/project/2kwMotorController/firmware/Tivaware/driverlib/gcc/libdriver.a(qei.o)
                0x0000000000007304                QEIVelocityDisable
 .text.QEIVelocityConfigure
                0x000000000000730e       0x10 /mnt/storage/project/2kwMotorController/firmware/Tivaware/driverlib/gcc/libdriver.a(qei.o)
                0x000000000000730e                QEIVelocityConfigure
 .text.QEIVelocityGet
                0x000000000000731e        0x4 /mnt/storage/project/2kwMotorController/firmware/Tivaware/driverlib/gcc/libdriver.a(qei.o)
                0x000000000000731e                QEIVelocityGet
 .text.QEIIntRegister
                0x0000000000007322       0x1a /mnt/storage/project/2kwMotorController/firmware/Tivaware/driverlib/gcc/libdriver.a(qei.o)
                0x0000000000007322                QEIIntRegister
 .text.QEIIntUnregister
                0x000000000000733c       0x16 /mnt/storage/project/2kwMotorController/firmware/Tivaware/driverlib/gcc/libdriver.a(qei.o)
                0x000000000000733c                QEIIntUnregister
 .text.QEIIntEnable
                0x0000000000007352        0x8 /mnt/storage/project/2kwMotorController/firmware/Tivaware/driverlib/gcc/libdriver.a(qei.o)
                0x0000000000007352                QEIIntEnable
 .text.QEIIntDisable
                0x000000000000735a        0xa /mnt/storage/project/2kwMotorController/firmware/Tivaware/driverlib/gcc/libdriver.a(qei.o)
                0x000000000000735a                QEIIntDisable
 .text.QEIIntStatus
                0x0000000000007364        0xa /mnt/storage/project/2kwMotorController/firmware/Tivaware/driverlib/gcc/libdriver.a(qei.o)
                0x0000000000007364                QEIIntStatus
 .text.QEIIntClear
                0x000000000000736e        0x4 /mnt/storage/project/2kwMotorController/firmware/Tivaware/driverlib/gcc/libdriver.a(qei.o)
                0x000000000000736e                QEIIntClear
 *fill*         0x0000000000007372        0x2 
 .text._SysCtlMemTimingGet
                0x0000000000007374       0x24 /mnt/storage/project/2kwMotorController/firmware/Tivaware/driverlib/gcc/libdriver.a(sysctl.o)
 .text.SysCtlSRAMSizeGet
                0x0000000000007398       0x10 /mnt/storage/project/2kwMotorController/firmware/Tivaware/driverlib/gcc/libdriver.a(sysctl.o)
                0x0000000000007398                SysCtlSRAMSizeGet
 .text.SysCtlFlashSizeGet
                0x00000000000073a8       0x3c /mnt/storage/project/2kwMotorController/firmware/Tivaware/driverlib/gcc/libdriver.a(sysctl.o)
                0x00000000000073a8                SysCtlFlashSizeGet
 .text.SysCtlFlashSectorSizeGet
                0x00000000000073e4       0x38 /mnt/storage/project/2kwMotorController/firmware/Tivaware/driverlib/gcc/libdriver.a(sysctl.o)
                0x00000000000073e4                SysCtlFlashSectorSizeGet
 .text.SysCtlPeripheralPresent
                0x000000000000741c       0x26 /mnt/storage/project/2kwMotorController/firmware/Tivaware/driverlib/gcc/libdriver.a(sysctl.o)
                0x000000000000741c                SysCtlPeripheralPresent
 .text.SysCtlPeripheralReady
                0x0000000000007442       0x26 /mnt/storage/project/2kwMotorController/firmware/Tivaware/driverlib/gcc/libdriver.a(sysctl.o)
                0x0000000000007442                SysCtlPeripheralReady
 .text.SysCtlPeripheralPowerOn
                0x0000000000007468       0x22 /mnt/storage/project/2kwMotorController/firmware/Tivaware/driverlib/gcc/libdriver.a(sysctl.o)
                0x0000000000007468                SysCtlPeripheralPowerOn
 .text.SysCtlPeripheralPowerOff
                0x000000000000748a       0x22 /mnt/storage/project/2kwMotorController/firmware/Tivaware/driverlib/gcc/libdriver.a(sysctl.o)
                0x000000000000748a                SysCtlPeripheralPowerOff
 .text.SysCtlPeripheralReset
                0x00000000000074ac       0x3a /mnt/storage/project/2kwMotorController/firmware/Tivaware/driverlib/gcc/libdriver.a(sysctl.o)