Archive member included to satisfy reference by file (symbol)

/home/odougs/bin/ti/ccsv7/tools/compiler/gcc-arm-none-eabi-6-2017-q1-update/bin/../lib/gcc/arm-none-eabi/6.3.1/../../../../arm-none-eabi/lib/thumb/v7e-m/fpv4-sp/hard/libc.a(lib_a-calloc.o)
                              ./source/fir.o (calloc)
/home/odougs/bin/ti/ccsv7/tools/compiler/gcc-arm-none-eabi-6-2017-q1-update/bin/../lib/gcc/arm-none-eabi/6.3.1/../../../../arm-none-eabi/lib/thumb/v7e-m/fpv4-sp/hard/libc.a(lib_a-callocr.o)
                              /home/odougs/bin/ti/ccsv7/tools/compiler/gcc-arm-none-eabi-6-2017-q1-update/bin/../lib/gcc/arm-none-eabi/6.3.1/../../../../arm-none-eabi/lib/thumb/v7e-m/fpv4-sp/hard/libc.a(lib_a-calloc.o) (_calloc_r)
/home/odougs/bin/ti/ccsv7/tools/compiler/gcc-arm-none-eabi-6-2017-q1-update/bin/../lib/gcc/arm-none-eabi/6.3.1/../../../../arm-none-eabi/lib/thumb/v7e-m/fpv4-sp/hard/libc.a(lib_a-exit.o)
                              /home/odougs/bin/ti/ccsv7/tools/compiler/gcc-arm-none-eabi-6-2017-q1-update/bin/../lib/gcc/arm-none-eabi/6.3.1/../../../../arm-none-eabi/lib/thumb/v7e-m/fpv4-sp/hard/crt0.o (exit)
/home/odougs/bin/ti/ccsv7/tools/compiler/gcc-arm-none-eabi-6-2017-q1-update/bin/../lib/gcc/arm-none-eabi/6.3.1/../../../../arm-none-eabi/lib/thumb/v7e-m/fpv4-sp/hard/libc.a(lib_a-impure.o)
                              /home/odougs/bin/ti/ccsv7/tools/compiler/gcc-arm-none-eabi-6-2017-q1-update/bin/../lib/gcc/arm-none-eabi/6.3.1/../../../../arm-none-eabi/lib/thumb/v7e-m/fpv4-sp/hard/libc.a(lib_a-exit.o) (_global_impure_ptr)
/home/odougs/bin/ti/ccsv7/tools/compiler/gcc-arm-none-eabi-6-2017-q1-update/bin/../lib/gcc/arm-none-eabi/6.3.1/../../../../arm-none-eabi/lib/thumb/v7e-m/fpv4-sp/hard/libc.a(lib_a-init.o)
                              /home/odougs/bin/ti/ccsv7/tools/compiler/gcc-arm-none-eabi-6-2017-q1-update/bin/../lib/gcc/arm-none-eabi/6.3.1/../../../../arm-none-eabi/lib/thumb/v7e-m/fpv4-sp/hard/crt0.o (__libc_init_array)
/home/odougs/bin/ti/ccsv7/tools/compiler/gcc-arm-none-eabi-6-2017-q1-update/bin/../lib/gcc/arm-none-eabi/6.3.1/../../../../arm-none-eabi/lib/thumb/v7e-m/fpv4-sp/hard/libc.a(lib_a-malloc.o)
                              ./source/fir.o (malloc)
/home/odougs/bin/ti/ccsv7/tools/compiler/gcc-arm-none-eabi-6-2017-q1-update/bin/../lib/gcc/arm-none-eabi/6.3.1/../../../../arm-none-eabi/lib/thumb/v7e-m/fpv4-sp/hard/libc.a(lib_a-mallocr.o)
                              /home/odougs/bin/ti/ccsv7/tools/compiler/gcc-arm-none-eabi-6-2017-q1-update/bin/../lib/gcc/arm-none-eabi/6.3.1/../../../../arm-none-eabi/lib/thumb/v7e-m/fpv4-sp/hard/libc.a(lib_a-callocr.o) (_malloc_r)
/home/odougs/bin/ti/ccsv7/tools/compiler/gcc-arm-none-eabi-6-2017-q1-update/bin/../lib/gcc/arm-none-eabi/6.3.1/../../../../arm-none-eabi/lib/thumb/v7e-m/fpv4-sp/hard/libc.a(lib_a-memcpy.o)
                              ./FreeRTOS/queue.o (memcpy)
/home/odougs/bin/ti/ccsv7/tools/compiler/gcc-arm-none-eabi-6-2017-q1-update/bin/../lib/gcc/arm-none-eabi/6.3.1/../../../../arm-none-eabi/lib/thumb/v7e-m/fpv4-sp/hard/libc.a(lib_a-memset.o)
                              /home/odougs/bin/ti/ccsv7/tools/compiler/gcc-arm-none-eabi-6-2017-q1-update/bin/../lib/gcc/arm-none-eabi/6.3.1/../../../../arm-none-eabi/lib/thumb/v7e-m/fpv4-sp/hard/crt0.o (memset)
/home/odougs/bin/ti/ccsv7/tools/compiler/gcc-arm-none-eabi-6-2017-q1-update/bin/../lib/gcc/arm-none-eabi/6.3.1/../../../../arm-none-eabi/lib/thumb/v7e-m/fpv4-sp/hard/libc.a(lib_a-mlock.o)
                              /home/odougs/bin/ti/ccsv7/tools/compiler/gcc-arm-none-eabi-6-2017-q1-update/bin/../lib/gcc/arm-none-eabi/6.3.1/../../../../arm-none-eabi/lib/thumb/v7e-m/fpv4-sp/hard/libc.a(lib_a-mallocr.o) (__malloc_lock)
/home/odougs/bin/ti/ccsv7/tools/compiler/gcc-arm-none-eabi-6-2017-q1-update/bin/../lib/gcc/arm-none-eabi/6.3.1/../../../../arm-none-eabi/lib/thumb/v7e-m/fpv4-sp/hard/libc.a(lib_a-sbrkr.o)
                              /home/odougs/bin/ti/ccsv7/tools/compiler/gcc-arm-none-eabi-6-2017-q1-update/bin/../lib/gcc/arm-none-eabi/6.3.1/../../../../arm-none-eabi/lib/thumb/v7e-m/fpv4-sp/hard/libc.a(lib_a-mallocr.o) (_sbrk_r)
/home/odougs/bin/ti/ccsv7/tools/compiler/gcc-arm-none-eabi-6-2017-q1-update/bin/../lib/gcc/arm-none-eabi/6.3.1/../../../../arm-none-eabi/lib/thumb/v7e-m/fpv4-sp/hard/libc.a(lib_a-__call_atexit.o)
                              /home/odougs/bin/ti/ccsv7/tools/compiler/gcc-arm-none-eabi-6-2017-q1-update/bin/../lib/gcc/arm-none-eabi/6.3.1/../../../../arm-none-eabi/lib/thumb/v7e-m/fpv4-sp/hard/libc.a(lib_a-exit.o) (__call_exitprocs)
/home/odougs/bin/ti/ccsv7/tools/compiler/gcc-arm-none-eabi-6-2017-q1-update/bin/../lib/gcc/arm-none-eabi/6.3.1/../../../../arm-none-eabi/lib/thumb/v7e-m/fpv4-sp/hard/libc.a(lib_a-atexit.o)
                              /home/odougs/bin/ti/ccsv7/tools/compiler/gcc-arm-none-eabi-6-2017-q1-update/bin/../lib/gcc/arm-none-eabi/6.3.1/../../../../arm-none-eabi/lib/thumb/v7e-m/fpv4-sp/hard/libc.a(lib_a-__call_atexit.o) (atexit)
[...]
Memory Configuration

Name             Origin             Length             Attributes
FLASH            0x0000000000000000 0x0000000000080000 xr
SRAM             0x0000000020000000 0x0000000000040000 xw
*default*        0x0000000000000000 0xffffffffffffffff

Linker script and memory map

LOAD /home/odougs/bin/ti/ccsv7/tools/compiler/gcc-arm-none-eabi-6-2017-q1-update/bin/../lib/gcc/arm-none-eabi/6.3.1/thumb/v7e-m/fpv4-sp/hard/crti.o
LOAD /home/odougs/bin/ti/ccsv7/tools/compiler/gcc-arm-none-eabi-6-2017-q1-update/bin/../lib/gcc/arm-none-eabi/6.3.1/thumb/v7e-m/fpv4-sp/hard/crtbegin.o
LOAD /home/odougs/bin/ti/ccsv7/tools/compiler/gcc-arm-none-eabi-6-2017-q1-update/bin/../lib/gcc/arm-none-eabi/6.3.1/../../../../arm-none-eabi/lib/thumb/v7e-m/fpv4-sp/hard/crt0.o
LOAD ./startup.o
LOAD ./FreeRTOS/event_groups.o
LOAD ./FreeRTOS/heap_1.o
LOAD ./FreeRTOS/list.o
LOAD ./FreeRTOS/port.o
LOAD ./FreeRTOS/queue.o
LOAD ./FreeRTOS/tasks.o
LOAD ./FreeRTOS/timers.o
LOAD ./source/can.o
LOAD ./source/control.o
LOAD ./source/debug.o
LOAD ./source/encoder.o
LOAD ./source/fir.o
LOAD ./source/logger.o
LOAD ./source/main.o
LOAD ./source/pinconfig.o
LOAD ./source/sensors.o
LOAD ./source/system.o
LOAD ./source/thermistor_lut.o
LOAD ./source/xprintf.o
                0x0000000000000000                PROVIDE (_intvecs_base_address, 0x0)

.intvecs        0x0000000000000000      0x208
 *(.intvecs)
 .intvecs       0x0000000000000000      0x208 ./startup.o
                0x0000000000000000                g_pfnVectors
                0x0000000020000000                PROVIDE (_vtable_base_address, 0x20000000)

.vtable
 *(.vtable)

.text           0x0000000000000210     0x85bc
 CREATE_OBJECT_SYMBOLS
 *(.text)
 .text          0x0000000000000210        0x0 /home/odougs/bin/ti/ccsv7/tools/compiler/gcc-arm-none-eabi-6-2017-q1-update/bin/../lib/gcc/arm-none-eabi/6.3.1/thumb/v7e-m/fpv4-sp/hard/crti.o
 .text          0x0000000000000210       0x6c /home/odougs/bin/ti/ccsv7/tools/compiler/gcc-arm-none-eabi-6-2017-q1-update/bin/../lib/gcc/arm-none-eabi/6.3.1/thumb/v7e-m/fpv4-sp/hard/crtbegin.o
 .text          0x000000000000027c       0x74 /home/odougs/bin/ti/ccsv7/tools/compiler/gcc-arm-none-eabi-6-2017-q1-update/bin/../lib/gcc/arm-none-eabi/6.3.1/../../../../arm-none-eabi/lib/thumb/v7e-m/fpv4-sp/hard/crt0.o
                0x000000000000027c                _mainCRTStartup
                0x000000000000027c                _start
 .text          0x00000000000002f0        0x0 ./startup.o
 .text          0x00000000000002f0        0x0 ./FreeRTOS/event_groups.o
 .text          0x00000000000002f0        0x0 ./FreeRTOS/heap_1.o
 .text          0x00000000000002f0        0x0 ./FreeRTOS/list.o
 .text          0x00000000000002f0        0x0 ./FreeRTOS/port.o
 .text          0x00000000000002f0        0x0 ./FreeRTOS/queue.o
 .text          0x00000000000002f0        0x0 ./FreeRTOS/tasks.o
 .text          0x00000000000002f0        0x0 ./FreeRTOS/timers.o
 .text          0x00000000000002f0        0x0 ./source/can.o
 .text          0x00000000000002f0        0x0 ./source/control.o
 .text          0x00000000000002f0        0x0 ./source/debug.o
 .text          0x00000000000002f0        0x0 ./source/encoder.o
 .text          0x00000000000002f0        0x0 ./source/fir.o
 .text          0x00000000000002f0        0x0 ./source/logger.o
 .text          0x00000000000002f0        0x0 ./source/main.o
 .text          0x00000000000002f0        0x0 ./source/pinconfig.o
 .text          0x00000000000002f0        0x0 ./source/sensors.o
 .text          0x00000000000002f0        0x0 ./source/system.o
 .text          0x00000000000002f0        0x0 ./source/thermistor_lut.o
 .text          0x00000000000002f0        0x0 ./source/xprintf.o
 .text          0x00000000000002f0        0x0 /home/odougs/bin/ti/ccsv7/tools/compiler/gcc-arm-none-eabi-6-2017-q1-update/bin/../lib/gcc/arm-none-eabi/6.3.1/../../../../arm-none-eabi/lib/thumb/v7e-m/fpv4-sp/hard/libc.a(lib_a-calloc.o)
 .text          0x00000000000002f0        0x0 /home/odougs/bin/ti/ccsv7/tools/compiler/gcc-arm-none-eabi-6-2017-q1-update/bin/../lib/gcc/arm-none-eabi/6.3.1/../../../../arm-none-eabi/lib/thumb/v7e-m/fpv4-sp/hard/libc.a(lib_a-callocr.o)
 .text          0x00000000000002f0        0x0 /home/odougs/bin/ti/ccsv7/tools/compiler/gcc-arm-none-eabi-6-2017-q1-update/bin/../lib/gcc/arm-none-eabi/6.3.1/../../../../arm-none-eabi/lib/thumb/v7e-m/fpv4-sp/hard/libc.a(lib_a-exit.o)
 .text          0x00000000000002f0        0x0 /home/odougs/bin/ti/ccsv7/tools/compiler/gcc-arm-none-eabi-6-2017-q1-update/bin/../lib/gcc/arm-none-eabi/6.3.1/../../../../arm-none-eabi/lib/thumb/v7e-m/fpv4-sp/hard/libc.a(lib_a-impure.o)
 .text          0x00000000000002f0        0x0 /home/odougs/bin/ti/ccsv7/tools/compiler/gcc-arm-none-eabi-6-2017-q1-update/bin/../lib/gcc/arm-none-eabi/6.3.1/../../../../arm-none-eabi/lib/thumb/v7e-m/fpv4-sp/hard/libc.a(lib_a-init.o)
 .text          0x00000000000002f0        0x0 /home/odougs/bin/ti/ccsv7/tools/compiler/gcc-arm-none-eabi-6-2017-q1-update/bin/../lib/gcc/arm-none-eabi/6.3.1/../../../../arm-none-eabi/lib/thumb/v7e-m/fpv4-sp/hard/libc.a(lib_a-malloc.o)
 .text          0x00000000000002f0        0x0 /home/odougs/bin/ti/ccsv7/tools/compiler/gcc-arm-none-eabi-6-2017-q1-update/bin/../lib/gcc/arm-none-eabi/6.3.1/../../../../arm-none-eabi/lib/thumb/v7e-m/fpv4-sp/hard/libc.a(lib_a-mallocr.o)
 .text          0x00000000000002f0      0x134 /home/odougs/bin/ti/ccsv7/tools/compiler/gcc-arm-none-eabi-6-2017-q1-update/bin/../lib/gcc/arm-none-eabi/6.3.1/../../../../arm-none-eabi/lib/thumb/v7e-m/fpv4-sp/hard/libc.a(lib_a-memcpy.o)
                0x00000000000002f0                memcpy
 .text          0x0000000000000424        0x0 /home/odougs/bin/ti/ccsv7/tools/compiler/gcc-arm-none-eabi-6-2017-q1-update/bin/../lib/gcc/arm-none-eabi/6.3.1/../../../../arm-none-eabi/lib/thumb/v7e-m/fpv4-sp/hard/libc.a(lib_a-memset.o)
 .text          0x0000000000000424        0x0 /home/odougs/bin/ti/ccsv7/tools/compiler/gcc-arm-none-eabi-6-2017-q1-update/bin/../lib/gcc/arm-none-eabi/6.3.1/../../../../arm-none-eabi/lib/thumb/v7e-m/fpv4-sp/hard/libc.a(lib_a-mlock.o)
 .text          0x0000000000000424        0x0 /home/odougs/bin/ti/ccsv7/tools/compiler/gcc-arm-none-eabi-6-2017-q1-update/bin/../lib/gcc/arm-none-eabi/6.3.1/../../../../arm-none-eabi/lib/thumb/v7e-m/fpv4-sp/hard/libc.a(lib_a-sbrkr.o)
 .text          0x0000000000000424        0x0 /home/odougs/bin/ti/ccsv7/tools/compiler/gcc-arm-none-eabi-6-2017-q1-update/bin/../lib/gcc/arm-none-eabi/6.3.1/../../../../arm-none-eabi/lib/thumb/v7e-m/fpv4-sp/hard/libc.a(lib_a-__call_atexit.o)
 .text          0x0000000000000424        0x0 /home/odougs/bin/ti/ccsv7/tools/compiler/gcc-arm-none-eabi-6-2017-q1-update/bin/../lib/gcc/arm-none-eabi/6.3.1/../../../../arm-none-eabi/lib/thumb/v7e-m/fpv4-sp/hard/libc.a(lib_a-atexit.o)
 .text          0x0000000000000424        0x0 /home/odougs/bin/ti/ccsv7/tools/compiler/gcc-arm-none-eabi-6-2017-q1-update/bin/../lib/gcc/arm-none-eabi/6.3.1/../../../../arm-none-eabi/lib/thumb/v7e-m/fpv4-sp/hard/libc.a(lib_a-fini.o)
 .text          0x0000000000000424        0x0 /home/odougs/bin/ti/ccsv7/tools/compiler/gcc-arm-none-eabi-6-2017-q1-update/bin/../lib/gcc/arm-none-eabi/6.3.1/../../../../arm-none-eabi/lib/thumb/v7e-m/fpv4-sp/hard/libc.a(lib_a-freer.o)
 .text          0x0000000000000424        0x0 /home/odougs/bin/ti/ccsv7/tools/compiler/gcc-arm-none-eabi-6-2017-q1-update/bin/../lib/gcc/arm-none-eabi/6.3.1/../../../../arm-none-eabi/lib/thumb/v7e-m/fpv4-sp/hard/libc.a(lib_a-lock.o)
 .text          0x0000000000000424        0x0 /home/odougs/bin/ti/ccsv7/tools/compiler/gcc-arm-none-eabi-6-2017-q1-update/bin/../lib/gcc/arm-none-eabi/6.3.1/../../../../arm-none-eabi/lib/thumb/v7e-m/fpv4-sp/hard/libc.a(lib_a-reent.o)
 .text          0x0000000000000424        0x0 /home/odougs/bin/ti/ccsv7/tools/compiler/gcc-arm-none-eabi-6-2017-q1-update/bin/../lib/gcc/arm-none-eabi/6.3.1/../../../../arm-none-eabi/lib/thumb/v7e-m/fpv4-sp/hard/libc.a(lib_a-__atexit.o)
 .text          0x0000000000000424        0x0 /mnt/storage/project/2kwMotorController/firmware/Tivaware/driverlib/gcc/libdriver.a(adc.o)
 .text          0x0000000000000424        0x0 /mnt/storage/project/2kwMotorController/firmware/Tivaware/driverlib/gcc/libdriver.a(can.o)
 .text          0x0000000000000424        0x0 /mnt/storage/project/2kwMotorController/firmware/Tivaware/driverlib/gcc/libdriver.a(gpio.o)
 .text          0x0000000000000424        0x0 /mnt/storage/project/2kwMotorController/firmware/Tivaware/driverlib/gcc/libdriver.a(interrupt.o)
 .text          0x0000000000000424        0x0 /mnt/storage/project/2kwMotorController/firmware/Tivaware/driverlib/gcc/libdriver.a(pwm.o)
 .text          0x0000000000000424        0x0 /mnt/storage/project/2kwMotorController/firmware/Tivaware/driverlib/gcc/libdriver.a(qei.o)
 .text          0x0000000000000424        0x0 /mnt/storage/project/2kwMotorController/firmware/Tivaware/driverlib/gcc/libdriver.a(sysctl.o)
 .text          0x0000000000000424        0x0 /mnt/storage/project/2kwMotorController/firmware/Tivaware/driverlib/gcc/libdriver.a(timer.o)
 .text          0x0000000000000424        0x0 /mnt/storage/project/2kwMotorController/firmware/Tivaware/driverlib/gcc/libdriver.a(uart.o)
 .text          0x0000000000000424        0x0 /mnt/storage/project/2kwMotorController/firmware/Tivaware/driverlib/gcc/libdriver.a(udma.o)
 .text          0x0000000000000424        0x0 /mnt/storage/project/2kwMotorController/firmware/Tivaware/driverlib/gcc/libdriver.a(cpu.o)
 .text          0x0000000000000424        0x0 /home/odougs/bin/ti/ccsv7/tools/compiler/gcc-arm-none-eabi-6-2017-q1-update/bin/../lib/gcc/arm-none-eabi/6.3.1/../../../../arm-none-eabi/lib/thumb/v7e-m/fpv4-sp/hard/libnosys.a(sbrk.o)
 .text          0x0000000000000424        0x0 /home/odougs/bin/ti/ccsv7/tools/compiler/gcc-arm-none-eabi-6-2017-q1-update/bin/../lib/gcc/arm-none-eabi/6.3.1/../../../../arm-none-eabi/lib/thumb/v7e-m/fpv4-sp/hard/libnosys.a(_exit.o)
 .text          0x0000000000000424        0x0 /home/odougs/bin/ti/ccsv7/tools/compiler/gcc-arm-none-eabi-6-2017-q1-update/bin/../lib/gcc/arm-none-eabi/6.3.1/thumb/v7e-m/fpv4-sp/hard/crtend.o
 .text          0x0000000000000424        0x0 /home/odougs/bin/ti/ccsv7/tools/compiler/gcc-arm-none-eabi-6-2017-q1-update/bin/../lib/gcc/arm-none-eabi/6.3.1/thumb/v7e-m/fpv4-sp/hard/crtn.o
 *(.text.*)
 .text.NmiSR    0x0000000000000424        0x4 ./startup.o
 .text.HardFault_Handler
                0x0000000000000428       0x18 ./startup.o
 .text.IntDefaultHandler
                0x0000000000000440       0x18 ./startup.o
 .text.ResetISR
                0x0000000000000458       0x5c ./startup.o
                0x0000000000000458                ResetISR
 .text._dummy0  0x00000000000004b4        0x4 ./startup.o
                0x00000000000004b4                _dummy0
 .text.prvGetRegistersFromStack
                0x00000000000004b8       0xcc ./startup.o
                0x00000000000004b8                prvGetRegistersFromStack
 .text.xEventGroupGenericCreate
                0x0000000000000584       0x24 ./FreeRTOS/event_groups.o
                0x0000000000000584                xEventGroupGenericCreate
 .text.xEventGroupWaitBits
                0x00000000000005a8       0xf0 ./FreeRTOS/event_groups.o
                0x00000000000005a8                xEventGroupWaitBits
 .text.xEventGroupClearBits
                0x0000000000000698       0x48 ./FreeRTOS/event_groups.o
                0x0000000000000698                xEventGroupClearBits
 .text.xEventGroupGetBitsFromISR
                0x00000000000006e0       0x1c ./FreeRTOS/event_groups.o
                0x00000000000006e0                xEventGroupGetBitsFromISR
 .text.xEventGroupSetBits
                0x00000000000006fc       0x94 ./FreeRTOS/event_groups.o
                0x00000000000006fc                xEventGroupSetBits
 .text.xEventGroupSync
                0x0000000000000790       0xb4 ./FreeRTOS/event_groups.o
                0x0000000000000790                xEventGroupSync
 .text.vEventGroupDelete
                0x0000000000000844       0x4c ./FreeRTOS/event_groups.o
                0x0000000000000844                vEventGroupDelete
 .text.vEventGroupSetBitsCallback
                0x0000000000000890        0x4 ./FreeRTOS/event_groups.o
                0x0000000000000890                vEventGroupSetBitsCallback
 .text.vEventGroupClearBitsCallback
                0x0000000000000894        0x4 ./FreeRTOS/event_groups.o
                0x0000000000000894                vEventGroupClearBitsCallback
 .text.uxEventGroupGetNumber
                0x0000000000000898        0x8 ./FreeRTOS/event_groups.o
                0x0000000000000898                uxEventGroupGetNumber
 .text.pvPortMalloc
                0x00000000000008a0       0x5c ./FreeRTOS/heap_1.o
                0x00000000000008a0                pvPortMalloc
 .text.vPortFree
                0x00000000000008fc       0x18 ./FreeRTOS/heap_1.o
                0x00000000000008fc                vPortFree
 .text.vPortInitialiseBlocks
                0x0000000000000914        0xc ./FreeRTOS/heap_1.o
                0x0000000000000914                vPortInitialiseBlocks
 .text.xPortGetFreeHeapSize
                0x0000000000000920       0x10 ./FreeRTOS/heap_1.o
                0x0000000000000920                xPortGetFreeHeapSize
 .text.vListInitialise
                0x0000000000000930       0x18 ./FreeRTOS/list.o
                0x0000000000000930                vListInitialise
 .text.vListInitialiseItem
                0x0000000000000948        0x8 ./FreeRTOS/list.o
                0x0000000000000948                vListInitialiseItem
 .text.vListInsertEnd
                0x0000000000000950       0x20 ./FreeRTOS/list.o
                0x0000000000000950                vListInsertEnd
 .text.vListInsert
                0x0000000000000970       0x34 ./FreeRTOS/list.o
                0x0000000000000970                vListInsert
 .text.uxListRemove
                0x00000000000009a4       0x28 ./FreeRTOS/list.o
                0x00000000000009a4                uxListRemove
 .text.prvTaskExitError
                0x00000000000009cc       0x30 ./FreeRTOS/port.o
 .text.prvPortStartFirstTask
                0x00000000000009fc       0x20 ./FreeRTOS/port.o
 .text.vPortEnableVFP
                0x0000000000000a1c       0x14 ./FreeRTOS/port.o
 .text.pxPortInitialiseStack
                0x0000000000000a30       0x2c ./FreeRTOS/port.o
                0x0000000000000a30                pxPortInitialiseStack
 *fill*         0x0000000000000a5c        0x4 
 .text.vPortSVCHandler
                0x0000000000000a60       0x24 ./FreeRTOS/port.o
                0x0000000000000a60                vPortSVCHandler
 .text.vPortEndScheduler
                0x0000000000000a84       0x24 ./FreeRTOS/port.o
                0x0000000000000a84                vPortEndScheduler
 .text.vPortEnterCritical
                0x0000000000000aa8       0x44 ./FreeRTOS/port.o
                0x0000000000000aa8                vPortEnterCritical
 .text.vPortExitCritical
                0x0000000000000aec       0x28 ./FreeRTOS/port.o
                0x0000000000000aec                vPortExitCritical
 *fill*         0x0000000000000b14        0xc 
 .text.xPortPendSVHandler
                0x0000000000000b20       0x64 ./FreeRTOS/port.o
                0x0000000000000b20                xPortPendSVHandler
 .text.xPortSysTickHandler
                0x0000000000000b84       0x2c ./FreeRTOS/port.o
                0x0000000000000b84                xPortSysTickHandler
 .text.vPortSetupTimerInterrupt
                0x0000000000000bb0       0x1c ./FreeRTOS/port.o
                0x0000000000000bb0                vPortSetupTimerInterrupt
 .text.xPortStartScheduler
                0x0000000000000bcc       0xec ./FreeRTOS/port.o
                0x0000000000000bcc                xPortStartScheduler
 .text.vPortValidateInterruptPriority
                0x0000000000000cb8       0x5c ./FreeRTOS/port.o
                0x0000000000000cb8                vPortValidateInterruptPriority
 .text.unlikely.prvCopyDataToQueue
                0x0000000000000d14       0x6a ./FreeRTOS/queue.o
 .text.unlikely.prvCopyDataFromQueue
                0x0000000000000d7e       0x26 ./FreeRTOS/queue.o
 .text.prvUnlockQueue
                0x0000000000000da4       0x84 ./FreeRTOS/queue.o
 .text.xQueueGenericCreate.part.2
                0x0000000000000e28       0x14 ./FreeRTOS/queue.o
 .text.xQueueGenericReset
                0x0000000000000e3c       0x80 ./FreeRTOS/queue.o
                0x0000000000000e3c                xQueueGenericReset
 .text.xQueueGenericCreate
                0x0000000000000ebc       0x50 ./FreeRTOS/queue.o
                0x0000000000000ebc                xQueueGenericCreate
 .text.xQueueGenericSend
                0x0000000000000f0c      0x15c ./FreeRTOS/queue.o
                0x0000000000000f0c                xQueueGenericSend
 .text.xQueueCreateMutex
                0x0000000000001068       0x2c ./FreeRTOS/queue.o
                0x0000000000001068                xQueueCreateMutex
 .text.xQueueGiveMutexRecursive
                0x0000000000001094       0x40 ./FreeRTOS/queue.o
                0x0000000000001094                xQueueGiveMutexRecursive
 .text.xQueueGenericSendFromISR
                0x00000000000010d4       0xbc ./FreeRTOS/queue.o
                0x00000000000010d4                xQueueGenericSendFromISR
 .text.xQueueGiveFromISR
                0x0000000000001190       0xa8 ./FreeRTOS/queue.o
                0x0000000000001190                xQueueGiveFromISR
 .text.xQueueGenericReceive
                0x0000000000001238      0x180 ./FreeRTOS/queue.o
                0x0000000000001238                xQueueGenericReceive
 .text.xQueueTakeMutexRecursive
                0x00000000000013b8       0x44 ./FreeRTOS/queue.o
                0x00000000000013b8                xQueueTakeMutexRecursive
 .text.xQueueReceiveFromISR
                0x00000000000013fc       0x94 ./FreeRTOS/queue.o
                0x00000000000013fc                xQueueReceiveFromISR
 .text.xQueuePeekFromISR
                0x0000000000001490       0x7c ./FreeRTOS/queue.o
                0x0000000000001490                xQueuePeekFromISR
 .text.uxQueueMessagesWaiting
                0x000000000000150c       0x28 ./FreeRTOS/queue.o
                0x000000000000150c                uxQueueMessagesWaiting
 .text.uxQueueSpacesAvailable
                0x0000000000001534       0x2c ./FreeRTOS/queue.o
                0x0000000000001534                uxQueueSpacesAvailable
 .text.uxQueueMessagesWaitingFromISR
                0x0000000000001560       0x18 ./FreeRTOS/queue.o
                0x0000000000001560                uxQueueMessagesWaitingFromISR
 .text.vQueueDelete
                0x0000000000001578       0x4c ./FreeRTOS/queue.o
                0x0000000000001578                vQueueDelete
 .text.uxQueueGetQueueNumber
                0x00000000000015c4        0x4 ./FreeRTOS/queue.o
                0x00000000000015c4                uxQueueGetQueueNumber
 .text.vQueueSetQueueNumber
                0x00000000000015c8        0x4 ./FreeRTOS/queue.o
                0x00000000000015c8                vQueueSetQueueNumber
 .text.ucQueueGetQueueType
                0x00000000000015cc        0x8 ./FreeRTOS/queue.o
                0x00000000000015cc                ucQueueGetQueueType
 .text.xQueueIsQueueEmptyFromISR
                0x00000000000015d4       0x20 ./FreeRTOS/queue.o
                0x00000000000015d4                xQueueIsQueueEmptyFromISR
 .text.xQueueIsQueueFullFromISR
                0x00000000000015f4       0x24 ./FreeRTOS/queue.o
                0x00000000000015f4                xQueueIsQueueFullFromISR
 .text.vQueueAddToRegistry
                0x0000000000001618       0x28 ./FreeRTOS/queue.o
                0x0000000000001618                vQueueAddToRegistry
 .text.pcQueueGetQueueName
                0x0000000000001640       0x30 ./FreeRTOS/queue.o
                0x0000000000001640                pcQueueGetQueueName
 .text.vQueueUnregisterQueue
                0x0000000000001670       0x34 ./FreeRTOS/queue.o
                0x0000000000001670                vQueueUnregisterQueue
 .text.prvAddCurrentTaskToDelayedList
                0x00000000000016a4       0x90 ./FreeRTOS/tasks.o
 .text.prvResetNextTaskUnblockTime.part.1
                0x0000000000001734       0x18 ./FreeRTOS/tasks.o
 .text.xTaskGenericCreate.part.3
                0x000000000000174c      0x204 ./FreeRTOS/tasks.o
 .text.vTaskSetTimeOutState.part.5
                0x0000000000001950       0x14 ./FreeRTOS/tasks.o
 .text.prvTaskIsTaskSuspended
                0x0000000000001964       0x2c ./FreeRTOS/tasks.o
 .text.xTaskGenericCreate
                0x0000000000001990       0x40 ./FreeRTOS/tasks.o
                0x0000000000001990                xTaskGenericCreate
 .text.vTaskDelete
                0x00000000000019d0      0x110 ./FreeRTOS/tasks.o
                0x00000000000019d0                vTaskDelete
 .text.eTaskGetState
                0x0000000000001ae0       0x70 ./FreeRTOS/tasks.o
                0x0000000000001ae0                eTaskGetState
 .text.uxTaskPriorityGet
                0x0000000000001b50       0x28 ./FreeRTOS/tasks.o
                0x0000000000001b50                uxTaskPriorityGet
 .text.uxTaskPriorityGetFromISR
                0x0000000000001b78       0x38 ./FreeRTOS/tasks.o
                0x0000000000001b78                uxTaskPriorityGetFromISR
 .text.vTaskPrioritySet
                0x0000000000001bb0       0xdc ./FreeRTOS/tasks.o
                0x0000000000001bb0                vTaskPrioritySet
 .text.vTaskResume
                0x0000000000001c8c       0x94 ./FreeRTOS/tasks.o
                0x0000000000001c8c                vTaskResume
 .text.xTaskResumeFromISR
                0x0000000000001d20       0xbc ./FreeRTOS/tasks.o
                0x0000000000001d20                xTaskResumeFromISR
 .text.vTaskStartScheduler
                0x0000000000001ddc       0x7c ./FreeRTOS/tasks.o
                0x0000000000001ddc                vTaskStartScheduler
 .text.vTaskEndScheduler
                0x0000000000001e58       0x20 ./FreeRTOS/tasks.o
                0x0000000000001e58                vTaskEndScheduler
 .text.vTaskSuspendAll
                0x0000000000001e78       0x10 ./FreeRTOS/tasks.o
                0x0000000000001e78                vTaskSuspendAll
 .text.xTaskGetTickCount
                0x0000000000001e88        0xc ./FreeRTOS/tasks.o
                0x0000000000001e88                xTaskGetTickCount
 .text.xTaskGetTickCountFromISR
                0x0000000000001e94       0x10 ./FreeRTOS/tasks.o
                0x0000000000001e94                xTaskGetTickCountFromISR
 .text.uxTaskGetNumberOfTasks
                0x0000000000001ea4        0xc ./FreeRTOS/tasks.o
                0x0000000000001ea4                uxTaskGetNumberOfTasks
 .text.xTaskIncrementTick
                0x0000000000001eb0      0x154 ./FreeRTOS/tasks.o
                0x0000000000001eb0                xTaskIncrementTick
 .text.xTaskResumeAll
                0x0000000000002004      0x11c ./FreeRTOS/tasks.o
                0x0000000000002004                xTaskResumeAll
 .text.vTaskDelayUntil
                0x0000000000002120       0x9c ./FreeRTOS/tasks.o
                0x0000000000002120                vTaskDelayUntil
 .text.vTaskDelay
                0x00000000000021bc       0x4c ./FreeRTOS/tasks.o
                0x00000000000021bc                vTaskDelay
 .text.prvIdleTask
                0x0000000000002208       0x64 ./FreeRTOS/tasks.o
 .text.vTaskSwitchContext
                0x000000000000226c       0xa4 ./FreeRTOS/tasks.o
                0x000000000000226c                vTaskSwitchContext
 .text.vTaskSuspend
                0x0000000000002310       0xf4 ./FreeRTOS/tasks.o
                0x0000000000002310                vTaskSuspend
 .text.vTaskPlaceOnEventList
                0x0000000000002404       0x34 ./FreeRTOS/tasks.o
                0x0000000000002404                vTaskPlaceOnEventList
 .text.vTaskPlaceOnUnorderedEventList
                0x0000000000002438       0x58 ./FreeRTOS/tasks.o
                0x0000000000002438                vTaskPlaceOnUnorderedEventList
 .text.xTaskRemoveFromEventList
                0x0000000000002490       0x88 ./FreeRTOS/tasks.o
                0x0000000000002490                xTaskRemoveFromEventList
 .text.xTaskRemoveFromUnorderedEventList
                0x0000000000002518       0x90 ./FreeRTOS/tasks.o
                0x0000000000002518                xTaskRemoveFromUnorderedEventList
 .text.vTaskSetTimeOutState
                0x00000000000025a8       0x20 ./FreeRTOS/tasks.o
                0x00000000000025a8                vTaskSetTimeOutState
 .text.xTaskCheckForTimeOut
                0x00000000000025c8       0x88 ./FreeRTOS/tasks.o
                0x00000000000025c8                xTaskCheckForTimeOut
 .text.vTaskMissedYield
                0x0000000000002650        0xc ./FreeRTOS/tasks.o
                0x0000000000002650                vTaskMissedYield
 .text.uxTaskGetTaskNumber
                0x000000000000265c        0x8 ./FreeRTOS/tasks.o
                0x000000000000265c                uxTaskGetTaskNumber
 .text.vTaskSetTaskNumber
                0x0000000000002664        0x8 ./FreeRTOS/tasks.o
                0x0000000000002664                vTaskSetTaskNumber
 .text.vTaskGetTaskInfo
                0x000000000000266c       0x9c ./FreeRTOS/tasks.o
                0x000000000000266c                vTaskGetTaskInfo
 .text.prvListTasksWithinSingleList.part.6
                0x0000000000002708       0x50 ./FreeRTOS/tasks.o
 .text.uxTaskGetSystemState
                0x0000000000002758      0x108 ./FreeRTOS/tasks.o
                0x0000000000002758                uxTaskGetSystemState
 .text.uxTaskGetStackHighWaterMark
                0x0000000000002860       0x2c ./FreeRTOS/tasks.o
                0x0000000000002860                uxTaskGetStackHighWaterMark
 .text.xTaskGetCurrentTaskHandle
                0x000000000000288c        0xc ./FreeRTOS/tasks.o
                0x000000000000288c                xTaskGetCurrentTaskHandle
 .text.vTaskPriorityInherit
                0x0000000000002898       0x98 ./FreeRTOS/tasks.o
                0x0000000000002898                vTaskPriorityInherit
 .text.xTaskPriorityDisinherit
                0x0000000000002930       0xb4 ./FreeRTOS/tasks.o
                0x0000000000002930                xTaskPriorityDisinherit
 .text.uxTaskResetEventItemValue
                0x00000000000029e4       0x18 ./FreeRTOS/tasks.o
                0x00000000000029e4                uxTaskResetEventItemValue
 .text.pvTaskIncrementMutexHeldCount
                0x00000000000029fc       0x18 ./FreeRTOS/tasks.o
                0x00000000000029fc                pvTaskIncrementMutexHeldCount
 .text.ulTaskNotifyTake
                0x0000000000002a14       0x6c ./FreeRTOS/tasks.o
                0x0000000000002a14                ulTaskNotifyTake
 .text.xTaskNotifyWait
                0x0000000000002a80       0x8c ./FreeRTOS/tasks.o
                0x0000000000002a80                xTaskNotifyWait
 .text.xTaskGenericNotify
                0x0000000000002b0c       0xe4 ./FreeRTOS/tasks.o
                0x0000000000002b0c                xTaskGenericNotify
 .text.xTaskGenericNotifyFromISR
                0x0000000000002bf0      0x128 ./FreeRTOS/tasks.o
                0x0000000000002bf0                xTaskGenericNotifyFromISR
 .text.vTaskNotifyGiveFromISR
                0x0000000000002d18       0xec ./FreeRTOS/tasks.o
                0x0000000000002d18                vTaskNotifyGiveFromISR
 .text.xTaskNotifyStateClear
                0x0000000000002e04       0x30 ./FreeRTOS/tasks.o
                0x0000000000002e04                xTaskNotifyStateClear
 .text._dummy7  0x0000000000002e34        0x4 ./source/can.o
                0x0000000000002e34                _dummy7
 .text.can_ISR  0x0000000000002e38       0x98 ./source/can.o
                0x0000000000002e38                can_ISR
 .text.can_init
                0x0000000000002ed0       0x74 ./source/can.o
                0x0000000000002ed0                can_init
 .text.can_task_code
                0x0000000000002f44       0x60 ./source/can.o
                0x0000000000002f44                can_task_code
 .text.can_send
                0x0000000000002fa4       0x28 ./source/can.o
                0x0000000000002fa4                can_send
 .text.can_recv
                0x0000000000002fcc       0x1c ./source/can.o
                0x0000000000002fcc                can_recv
 .text._dummy4  0x0000000000002fe8        0x4 ./source/control.o
                0x0000000000002fe8                _dummy4
 .text.pwm_duty_update
                0x0000000000002fec      0x110 ./source/control.o
                0x0000000000002fec                pwm_duty_update
 .text.pwm_setup
                0x00000000000030fc       0xd0 ./source/control.o
                0x00000000000030fc                pwm_setup
 .text.pid_loop
                0x00000000000031cc       0x3c ./source/control.o
                0x00000000000031cc                pid_loop
 .text.pid_state_reset
                0x0000000000003208        0x8 ./source/control.o
                0x0000000000003208                pid_state_reset
 .text.hbridge_soft_start
                0x0000000000003210       0x28 ./source/control.o
                0x0000000000003210                hbridge_soft_start
 .text.load_config_regs
                0x0000000000003238       0xc8 ./source/control.o
                0x0000000000003238                load_config_regs
 .text.control_task_code
                0x0000000000003300      0x3f0 ./source/control.o
                0x0000000000003300                control_task_code
 .text._dummy6  0x00000000000036f0        0x4 ./source/debug.o
                0x00000000000036f0                _dummy6
 .text.led_get  0x00000000000036f4       0x2c ./source/debug.o
                0x00000000000036f4                led_get
 .text.led_set  0x0000000000003720       0x34 ./source/debug.o
                0x0000000000003720                led_set
 .text.debug_pins_set
                0x0000000000003754       0x2c ./source/debug.o
                0x0000000000003754                debug_pins_set
 .text._dummy9  0x0000000000003780        0x4 ./source/encoder.o
                0x0000000000003780                _dummy9
 .text.qei_ISR  0x0000000000003784       0x54 ./source/encoder.o
                0x0000000000003784                qei_ISR
 .text.encoder_task_code
                0x00000000000037d8      0x164 ./source/encoder.o
                0x00000000000037d8                encoder_task_code
 .text.encoder_get_motor_position_rads
                0x000000000000393c        0xc ./source/encoder.o
                0x000000000000393c                encoder_get_motor_position_rads
 .text.encoder_get_motor_velocity_rads
                0x0000000000003948        0xc ./source/encoder.o
                0x0000000000003948                encoder_get_motor_velocity_rads
 .text.encoder_poll_motor_velocity_rads
                0x0000000000003954       0x20 ./source/encoder.o
                0x0000000000003954                encoder_poll_motor_velocity_rads
 .text.fir_create
                0x0000000000003974       0x44 ./source/fir.o
                0x0000000000003974                fir_create
 .text.fir_do_filter
                0x00000000000039b8       0x70 ./source/fir.o
                0x00000000000039b8                fir_do_filter
 .text.panic_putc
                0x0000000000003a28        0xc ./source/logger.o
 .text.debug_uart_putc
                0x0000000000003a34       0x5c ./source/logger.o
 .text.debug_uart_ISR
                0x0000000000003a90       0x70 ./source/logger.o
 .text._dummy5  0x0000000000003b00        0x4 ./source/logger.o
                0x0000000000003b00                _dummy5
 .text.log_msg  0x0000000000003b04       0x28 ./source/logger.o
                0x0000000000003b04                log_msg
 .text.log_msg_ISR
                0x0000000000003b2c       0x24 ./source/logger.o
                0x0000000000003b2c                log_msg_ISR
 .text.log_msg_panic
                0x0000000000003b50       0x18 ./source/logger.o
                0x0000000000003b50                log_msg_panic
 .text.logger_task_code
                0x0000000000003b68       0x80 ./source/logger.o
                0x0000000000003b68                logger_task_code
 .text.real_int_from_float
                0x0000000000003be8       0x4c ./source/logger.o
                0x0000000000003be8                real_int_from_float
 .text.led_task_code
                0x0000000000003c34       0x64 ./source/main.o
                0x0000000000003c34                led_task_code
 .text.poll_task_code
                0x0000000000003c98       0x80 ./source/main.o
                0x0000000000003c98                poll_task_code
 .text._dummy1  0x0000000000003d18        0x4 ./source/main.o
                0x0000000000003d18                _dummy1
 .text.vApplicationStackOverflowHook
                0x0000000000003d1c        0x4 ./source/main.o
                0x0000000000003d1c                vApplicationStackOverflowHook
 .text.assertion_failed
                0x0000000000003d20       0x1c ./source/main.o
                0x0000000000003d20                assertion_failed
 .text.startup.main
                0x0000000000003d3c      0x19c ./source/main.o
                0x0000000000003d3c                main
 .text._dummy8  0x0000000000003ed8        0x4 ./source/pinconfig.o
                0x0000000000003ed8                _dummy8
 .text.pinconfig
                0x0000000000003edc      0x284 ./source/pinconfig.o
                0x0000000000003edc                pinconfig
 .text._dummy3  0x0000000000004160        0x4 ./source/sensors.o
                0x0000000000004160                _dummy3
 .text.adc0_seq0_ISR
                0x0000000000004164       0x68 ./source/sensors.o
                0x0000000000004164                adc0_seq0_ISR
 .text.adc1_seq0_ISR
                0x00000000000041cc       0x9c ./source/sensors.o
                0x00000000000041cc                adc1_seq0_ISR
 .text.ls_timer_ISR
                0x0000000000004268       0x20 ./source/sensors.o
                0x0000000000004268                ls_timer_ISR
 .text.sensors_rt_current_update
                0x0000000000004288       0xd4 ./source/sensors.o
                0x0000000000004288                sensors_rt_current_update
 .text.sensor_get_motor_current
                0x000000000000435c        0xc ./source/sensors.o
                0x000000000000435c                sensor_get_motor_current
 .text.sensor_get_bus_voltage
                0x0000000000004368        0xc ./source/sensors.o
                0x0000000000004368                sensor_get_bus_voltage
 .text.sensor_get_battery_voltage
                0x0000000000004374        0xc ./source/sensors.o
                0x0000000000004374                sensor_get_battery_voltage
 .text.sensor_get_motor_temperature
                0x0000000000004380        0xc ./source/sensors.o
                0x0000000000004380                sensor_get_motor_temperature
 .text.sensor_get_hbridge_temperature
                0x000000000000438c        0xc ./source/sensors.o
                0x000000000000438c                sensor_get_hbridge_temperature
 .text.sensors_setup
                0x0000000000004398      0x1b8 ./source/sensors.o
                0x0000000000004398                sensors_setup
 .text.cmd_set_ref
                0x0000000000004550        0xc ./source/system.o
 .text.cmd_stop
                0x000000000000455c       0x10 ./source/system.o
 .text.cmd_freewheel
                0x000000000000456c        0xc ./source/system.o
 .text.cmd_set_state
                0x0000000000004578       0x18 ./source/system.o
 .text.cmd_get_config
                0x0000000000004590        0x4 ./source/system.o
 .text.cmd_node_online
                0x0000000000004594       0x1c ./source/system.o
 .text.cmd_read_sensor
                0x00000000000045b0       0x2c ./source/system.o
 .text.cmd_get_state
                0x00000000000045dc       0x34 ./source/system.o
 .text.cmd_reset
                0x0000000000004610        0x4 ./source/system.o
 .text.cmd_set_config
                0x0000000000004614       0x20 ./source/system.o
 .text.invalid_cmd
                0x0000000000004634        0x4 ./source/system.o
 .text._dummy2  0x0000000000004638        0x4 ./source/system.o
                0x0000000000004638                _dummy2
 .text.system_raise_fault
                0x000000000000463c       0x44 ./source/system.o
                0x000000000000463c                system_raise_fault
 .text.system_lower_fault
                0x0000000000004680       0x24 ./source/system.o
                0x0000000000004680                system_lower_fault
 .text.atoi     0x00000000000046a4       0x30 ./source/system.o
                0x00000000000046a4                atoi
 .text.process_cmd
                0x00000000000046d4       0xcc ./source/system.o
                0x00000000000046d4                process_cmd
 .text.text_interface
                0x00000000000047a0       0x4c ./source/system.o
                0x00000000000047a0                text_interface
 .text.system_task_code
                0x00000000000047ec       0x40 ./source/system.o
                0x00000000000047ec                system_task_code
 .text.system_init_clocks
                0x000000000000482c       0x1c ./source/system.o
                0x000000000000482c                system_init_clocks
 .text.system_get_sysclk_freq
                0x0000000000004848        0xc ./source/system.o
                0x0000000000004848                system_get_sysclk_freq
 .text.system_get_node_id
                0x0000000000004854        0x4 ./source/system.o
                0x0000000000004854                system_get_node_id
 .text.system_get_control_mode
                0x0000000000004858        0xc ./source/system.o
                0x0000000000004858                system_get_control_mode
 .text.system_get_drive_mode
                0x0000000000004864        0xc ./source/system.o
                0x0000000000004864                system_get_drive_mode
 .text.system_read_config_reg
                0x0000000000004870       0x20 ./source/system.o
                0x0000000000004870                system_read_config_reg
 .text.system_get_control_target
                0x0000000000004890        0xc ./source/system.o
                0x0000000000004890                system_get_control_target
 .text.system_get_update_mode
                0x000000000000489c        0xc ./source/system.o
                0x000000000000489c                system_get_update_mode
 .text.system_get_state
                0x00000000000048a8        0xc ./source/system.o
                0x00000000000048a8                system_get_state
 .text.system_get_drive_enabled
                0x00000000000048b4        0xc ./source/system.o
                0x00000000000048b4                system_get_drive_enabled
 .text.system_get_bus_voltage
                0x00000000000048c0        0xc ./source/system.o
                0x00000000000048c0                system_get_bus_voltage
 .text.celsius_from_adc_raw
                0x00000000000048cc       0xa8 ./source/thermistor_lut.o
                0x00000000000048cc                celsius_from_adc_raw
 .text.xputc    0x0000000000004974       0x38 ./source/xprintf.o
                0x0000000000004974                xputc
 .text.xvprintf
                0x00000000000049ac      0x280 ./source/xprintf.o
 .text.xputs    0x0000000000004c2c       0x18 ./source/xprintf.o
                0x0000000000004c2c                xputs
 .text.xfputs   0x0000000000004c44       0x24 ./source/xprintf.o
                0x0000000000004c44                xfputs
 .text.xprintf  0x0000000000004c68       0x1c ./source/xprintf.o
                0x0000000000004c68                xprintf
 .text.xsprintf
                0x0000000000004c84       0x30 ./source/xprintf.o
                0x0000000000004c84                xsprintf
 .text.xfprintf
                0x0000000000004cb4       0x2c ./source/xprintf.o
                0x0000000000004cb4                xfprintf
 .text.put_dump
                0x0000000000004ce0       0xb0 ./source/xprintf.o
                0x0000000000004ce0                put_dump
 .text.xgets    0x0000000000004d90       0x54 ./source/xprintf.o
                0x0000000000004d90                xgets
 .text.xfgets   0x0000000000004de4       0x1c ./source/xprintf.o
                0x0000000000004de4                xfgets
 .text.xatoi    0x0000000000004e00       0xb8 ./source/xprintf.o
                0x0000000000004e00                xatoi
 .text.calloc   0x0000000000004eb8       0x10 /home/odougs/bin/ti/ccsv7/tools/compiler/gcc-arm-none-eabi-6-2017-q1-update/bin/../lib/gcc/arm-none-eabi/6.3.1/../../../../arm-none-eabi/lib/thumb/v7e-m/fpv4-sp/hard/libc.a(lib_a-calloc.o)
                0x0000000000004eb8                calloc
 .text._calloc_r
                0x0000000000004ec8       0x60 /home/odougs/bin/ti/ccsv7/tools/compiler/gcc-arm-none-eabi-6-2017-q1-update/bin/../lib/gcc/arm-none-eabi/6.3.1/../../../../arm-none-eabi/lib/thumb/v7e-m/fpv4-sp/hard/libc.a(lib_a-callocr.o)
                0x0000000000004ec8                _calloc_r
 .text.exit     0x0000000000004f28       0x20 /home/odougs/bin/ti/ccsv7/tools/compiler/gcc-arm-none-eabi-6-2017-q1-update/bin/../lib/gcc/arm-none-eabi/6.3.1/../../../../arm-none-eabi/lib/thumb/v7e-m/fpv4-sp/hard/libc.a(lib_a-exit.o)
                0x0000000000004f28                exit
 .text.__libc_init_array
                0x0000000000004f48       0x50 /home/odougs/bin/ti/ccsv7/tools/compiler/gcc-arm-none-eabi-6-2017-q1-update/bin/../lib/gcc/arm-none-eabi/6.3.1/../../../../arm-none-eabi/lib/thumb/v7e-m/fpv4-sp/hard/libc.a(lib_a-init.o)
                0x0000000000004f48                __libc_init_array
 .text.malloc   0x0000000000004f98       0x10 /home/odougs/bin/ti/ccsv7/tools/compiler/gcc-arm-none-eabi-6-2017-q1-update/bin/../lib/gcc/arm-none-eabi/6.3.1/../../../../arm-none-eabi/lib/thumb/v7e-m/fpv4-sp/hard/libc.a(lib_a-malloc.o)
                0x0000000000004f98                malloc
 .text.free     0x0000000000004fa8       0x10 /home/odougs/bin/ti/ccsv7/tools/compiler/gcc-arm-none-eabi-6-2017-q1-update/bin/../lib/gcc/arm-none-eabi/6.3.1/../../../../arm-none-eabi/lib/thumb/v7e-m/fpv4-sp/hard/libc.a(lib_a-malloc.o)
                0x0000000000004fa8                free
 .text._malloc_r
                0x0000000000004fb8      0x560 /home/odougs/bin/ti/ccsv7/tools/compiler/gcc-arm-none-eabi-6-2017-q1-update/bin/../lib/gcc/arm-none-eabi/6.3.1/../../../../arm-none-eabi/lib/thumb/v7e-m/fpv4-sp/hard/libc.a(lib_a-mallocr.o)
                0x0000000000004fb8                _malloc_r
 .text.memset   0x0000000000005518       0x9c /home/odougs/bin/ti/ccsv7/tools/compiler/gcc-arm-none-eabi-6-2017-q1-update/bin/../lib/gcc/arm-none-eabi/6.3.1/../../../../arm-none-eabi/lib/thumb/v7e-m/fpv4-sp/hard/libc.a(lib_a-memset.o)
                0x0000000000005518                memset
 .text.__malloc_lock
                0x00000000000055b4        0xc /home/odougs/bin/ti/ccsv7/tools/compiler/gcc-arm-none-eabi-6-2017-q1-update/bin/../lib/gcc/arm-none-eabi/6.3.1/../../../../arm-none-eabi/lib/thumb/v7e-m/fpv4-sp/hard/libc.a(lib_a-mlock.o)
                0x00000000000055b4                __malloc_lock
 .text.__malloc_unlock
                0x00000000000055c0        0xc /home/odougs/bin/ti/ccsv7/tools/compiler/gcc-arm-none-eabi-6-2017-q1-update/bin/../lib/gcc/arm-none-eabi/6.3.1/../../../../arm-none-eabi/lib/thumb/v7e-m/fpv4-sp/hard/libc.a(lib_a-mlock.o)
                0x00000000000055c0                __malloc_unlock
 .text._sbrk_r  0x00000000000055cc       0x24 /home/odougs/bin/ti/ccsv7/tools/compiler/gcc-arm-none-eabi-6-2017-q1-update/bin/../lib/gcc/arm-none-eabi/6.3.1/../../../../arm-none-eabi/lib/thumb/v7e-m/fpv4-sp/hard/libc.a(lib_a-sbrkr.o)
                0x00000000000055cc                _sbrk_r
 .text.startup.register_fini
                0x00000000000055f0       0x14 /home/odougs/bin/ti/ccsv7/tools/compiler/gcc-arm-none-eabi-6-2017-q1-update/bin/../lib/gcc/arm-none-eabi/6.3.1/../../../../arm-none-eabi/lib/thumb/v7e-m/fpv4-sp/hard/libc.a(lib_a-__call_atexit.o)
 .text.__call_exitprocs
                0x0000000000005604       0xe8 /home/odougs/bin/ti/ccsv7/tools/compiler/gcc-arm-none-eabi-6-2017-q1-update/bin/../lib/gcc/arm-none-eabi/6.3.1/../../../../arm-none-eabi/lib/thumb/v7e-m/fpv4-sp/hard/libc.a(lib_a-__call_atexit.o)
                0x0000000000005604                __call_exitprocs
 .text.atexit   0x00000000000056ec        0xc /home/odougs/bin/ti/ccsv7/tools/compiler/gcc-arm-none-eabi-6-2017-q1-update/bin/../lib/gcc/arm-none-eabi/6.3.1/../../../../arm-none-eabi/lib/thumb/v7e-m/fpv4-sp/hard/libc.a(lib_a-atexit.o)
                0x00000000000056ec                atexit
 .text.__libc_fini_array
                0x00000000000056f8       0x34 /home/odougs/bin/ti/ccsv7/tools/compiler/gcc-arm-none-eabi-6-2017-q1-update/bin/../lib/gcc/arm-none-eabi/6.3.1/../../../../arm-none-eabi/lib/thumb/v7e-m/fpv4-sp/hard/libc.a(lib_a-fini.o)
                0x00000000000056f8                __libc_fini_array
 .text._malloc_trim_r
                0x000000000000572c       0xa0 /home/odougs/bin/ti/ccsv7/tools/compiler/gcc-arm-none-eabi-6-2017-q1-update/bin/../lib/gcc/arm-none-eabi/6.3.1/../../../../arm-none-eabi/lib/thumb/v7e-m/fpv4-sp/hard/libc.a(lib_a-freer.o)
                0x000000000000572c                _malloc_trim_r
 .text._free_r  0x00000000000057cc      0x1cc /home/odougs/bin/ti/ccsv7/tools/compiler/gcc-arm-none-eabi-6-2017-q1-update/bin/../lib/gcc/arm-none-eabi/6.3.1/../../../../arm-none-eabi/lib/thumb/v7e-m/fpv4-sp/hard/libc.a(lib_a-freer.o)
                0x00000000000057cc                _free_r
 .text.__retarget_lock_init
                0x0000000000005998        0x4 /home/odougs/bin/ti/ccsv7/tools/compiler/gcc-arm-none-eabi-6-2017-q1-update/bin/../lib/gcc/arm-none-eabi/6.3.1/../../../../arm-none-eabi/lib/thumb/v7e-m/fpv4-sp/hard/libc.a(lib_a-lock.o)
                0x0000000000005998                __retarget_lock_init
 .text.__retarget_lock_init_recursive
                0x000000000000599c        0x4 /home/odougs/bin/ti/ccsv7/tools/compiler/gcc-arm-none-eabi-6-2017-q1-update/bin/../lib/gcc/arm-none-eabi/6.3.1/../../../../arm-none-eabi/lib/thumb/v7e-m/fpv4-sp/hard/libc.a(lib_a-lock.o)
                0x000000000000599c                __retarget_lock_init_recursive
 .text.__retarget_lock_close
                0x00000000000059a0        0x4 /home/odougs/bin/ti/ccsv7/tools/compiler/gcc-arm-none-eabi-6-2017-q1-update/bin/../lib/gcc/arm-none-eabi/6.3.1/../../../../arm-none-eabi/lib/thumb/v7e-m/fpv4-sp/hard/libc.a(lib_a-lock.o)
                0x00000000000059a0                __retarget_lock_close
 .text.__retarget_lock_close_recursive
                0x00000000000059a4        0x4 /home/odougs/bin/ti/ccsv7/tools/compiler/gcc-arm-none-eabi-6-2017-q1-update/bin/../lib/gcc/arm-none-eabi/6.3.1/../../../../arm-none-eabi/lib/thumb/v7e-m/fpv4-sp/hard/libc.a(lib_a-lock.o)
                0x00000000000059a4                __retarget_lock_close_recursive
 .text.__retarget_lock_acquire
                0x00000000000059a8        0x4 /home/odougs/bin/ti/ccsv7/tools/compiler/gcc-arm-none-eabi-6-2017-q1-update/bin/../lib/gcc/arm-none-eabi/6.3.1/../../../../arm-none-eabi/lib/thumb/v7e-m/fpv4-sp/hard/libc.a(lib_a-lock.o)
                0x00000000000059a8                __retarget_lock_acquire
 .text.__retarget_lock_acquire_recursive
                0x00000000000059ac        0x4 /home/odougs/bin/ti/ccsv7/tools/compiler/gcc-arm-none-eabi-6-2017-q1-update/bin/../lib/gcc/arm-none-eabi/6.3.1/../../../../arm-none-eabi/lib/thumb/v7e-m/fpv4-sp/hard/libc.a(lib_a-lock.o)
                0x00000000000059ac                __retarget_lock_acquire_recursive
 .text.__retarget_lock_try_acquire
                0x00000000000059b0        0x4 /home/odougs/bin/ti/ccsv7/tools/compiler/gcc-arm-none-eabi-6-2017-q1-update/bin/../lib/gcc/arm-none-eabi/6.3.1/../../../../arm-none-eabi/lib/thumb/v7e-m/fpv4-sp/hard/libc.a(lib_a-lock.o)
                0x00000000000059b0                __retarget_lock_try_acquire
 .text.__retarget_lock_try_acquire_recursive
                0x00000000000059b4        0x4 /home/odougs/bin/ti/ccsv7/tools/compiler/gcc-arm-none-eabi-6-2017-q1-update/bin/../lib/gcc/arm-none-eabi/6.3.1/../../../../arm-none-eabi/lib/thumb/v7e-m/fpv4-sp/hard/libc.a(lib_a-lock.o)
                0x00000000000059b4                __retarget_lock_try_acquire_recursive
 .text.__retarget_lock_release
                0x00000000000059b8        0x4 /home/odougs/bin/ti/ccsv7/tools/compiler/gcc-arm-none-eabi-6-2017-q1-update/bin/../lib/gcc/arm-none-eabi/6.3.1/../../../../arm-none-eabi/lib/thumb/v7e-m/fpv4-sp/hard/libc.a(lib_a-lock.o)
                0x00000000000059b8                __retarget_lock_release
 .text.__retarget_lock_release_recursive
                0x00000000000059bc        0x4 /home/odougs/bin/ti/ccsv7/tools/compiler/gcc-arm-none-eabi-6-2017-q1-update/bin/../lib/gcc/arm-none-eabi/6.3.1/../../../../arm-none-eabi/lib/thumb/v7e-m/fpv4-sp/hard/libc.a(lib_a-lock.o)
                0x00000000000059bc                __retarget_lock_release_recursive
 .text.cleanup_glue
                0x00000000000059c0       0x1c /home/odougs/bin/ti/ccsv7/tools/compiler/gcc-arm-none-eabi-6-2017-q1-update/bin/../lib/gcc/arm-none-eabi/6.3.1/../../../../arm-none-eabi/lib/thumb/v7e-m/fpv4-sp/hard/libc.a(lib_a-reent.o)
                0x00000000000059c0                cleanup_glue
 .text._reclaim_reent
                0x00000000000059dc       0x88 /home/odougs/bin/ti/ccsv7/tools/compiler/gcc-arm-none-eabi-6-2017-q1-update/bin/../lib/gcc/arm-none-eabi/6.3.1/../../../../arm-none-eabi/lib/thumb/v7e-m/fpv4-sp/hard/libc.a(lib_a-reent.o)
                0x00000000000059dc                _reclaim_reent
 .text.__register_exitproc
                0x0000000000005a64       0xc4 /home/odougs/bin/ti/ccsv7/tools/compiler/gcc-arm-none-eabi-6-2017-q1-update/bin/../lib/gcc/arm-none-eabi/6.3.1/../../../../arm-none-eabi/lib/thumb/v7e-m/fpv4-sp/hard/libc.a(lib_a-__atexit.o)
                0x0000000000005a64                __register_exitproc
 .text._ADCIntNumberGet
                0x0000000000005b28       0x54 /mnt/storage/project/2kwMotorController/firmware/Tivaware/driverlib/gcc/libdriver.a(adc.o)
 .text.ADCIntRegister
                0x0000000000005b7c       0x1a /mnt/storage/project/2kwMotorController/firmware/Tivaware/driverlib/gcc/libdriver.a(adc.o)
                0x0000000000005b7c                ADCIntRegister
 .text.ADCIntUnregister
                0x0000000000005b96       0x16 /mnt/storage/project/2kwMotorController/firmware/Tivaware/driverlib/gcc/libdriver.a(adc.o)
                0x0000000000005b96                ADCIntUnregister
 .text.ADCIntDisable
                0x0000000000005bac       0x10 /mnt/storage/project/2kwMotorController/firmware/Tivaware/driverlib/gcc/libdriver.a(adc.o)
                0x0000000000005bac                ADCIntDisable
 .text.ADCIntEnable
                0x0000000000005bbc       0x10 /mnt/storage/project/2kwMotorController/firmware/Tivaware/driverlib/gcc/libdriver.a(adc.o)
                0x0000000000005bbc                ADCIntEnable
 .text.ADCIntStatus
                0x0000000000005bcc       0x34 /mnt/storage/project/2kwMotorController/firmware/Tivaware/driverlib/gcc/libdriver.a(adc.o)
                0x0000000000005bcc                ADCIntStatus
 .text.ADCIntClear
                0x0000000000005c00        0xa /mnt/storage/project/2kwMotorController/firmware/Tivaware/driverlib/gcc/libdriver.a(adc.o)
                0x0000000000005c00                ADCIntClear
 .text.ADCSequenceEnable
                0x0000000000005c0a        0xe /mnt/storage/project/2kwMotorController/firmware/Tivaware/driverlib/gcc/libdriver.a(adc.o)
                0x0000000000005c0a                ADCSequenceEnable
 .text.ADCSequenceDisable
                0x0000000000005c18       0x10 /mnt/storage/project/2kwMotorController/firmware/Tivaware/driverlib/gcc/libdriver.a(adc.o)
                0x0000000000005c18                ADCSequenceDisable
 .text.ADCSequenceConfigure
                0x0000000000005c28       0x54 /mnt/storage/project/2kwMotorController/firmware/Tivaware/driverlib/gcc/libdriver.a(adc.o)
                0x0000000000005c28                ADCSequenceConfigure
 .text.ADCSequenceStepConfigure
                0x0000000000005c7c       0x84 /mnt/storage/project/2kwMotorController/firmware/Tivaware/driverlib/gcc/libdriver.a(adc.o)
                0x0000000000005c7c                ADCSequenceStepConfigure
 .text.ADCSequenceOverflow
                0x0000000000005d00        0xc /mnt/storage/project/2kwMotorController/firmware/Tivaware/driverlib/gcc/libdriver.a(adc.o)
                0x0000000000005d00                ADCSequenceOverflow
 .text.ADCSequenceOverflowClear
                0x0000000000005d0c        0xa /mnt/storage/project/2kwMotorController/firmware/Tivaware/driverlib/gcc/libdriver.a(adc.o)
                0x0000000000005d0c                ADCSequenceOverflowClear
 .text.ADCSequenceUnderflow
                0x0000000000005d16        0xc /mnt/storage/project/2kwMotorController/firmware/Tivaware/driverlib/gcc/libdriver.a(adc.o)
                0x0000000000005d16                ADCSequenceUnderflow
 .text.ADCSequenceUnderflowClear
                0x0000000000005d22        0xa /mnt/storage/project/2kwMotorController/firmware/Tivaware/driverlib/gcc/libdriver.a(adc.o)
                0x0000000000005d22                ADCSequenceUnderflowClear
 .text.ADCSequenceDataGet
                0x0000000000005d2c       0x1e /mnt/storage/project/2kwMotorController/firmware/Tivaware/driverlib/gcc/libdriver.a(adc.o)
                0x0000000000005d2c                ADCSequenceDataGet
 .text.ADCProcessorTrigger
                0x0000000000005d4a       0x18 /mnt/storage/project/2kwMotorController/firmware/Tivaware/driverlib/gcc/libdriver.a(adc.o)
                0x0000000000005d4a                ADCProcessorTrigger
 *fill*         0x0000000000005d62        0x2 
 .text.ADCSoftwareOversampleConfigure
                0x0000000000005d64       0x28 /mnt/storage/project/2kwMotorController/firmware/Tivaware/driverlib/gcc/libdriver.a(adc.o)
                0x0000000000005d64                ADCSoftwareOversampleConfigure
 .text.ADCSoftwareOversampleStepConfigure
                0x0000000000005d8c       0x8c /mnt/storage/project/2kwMotorController/firmware/Tivaware/driverlib/gcc/libdriver.a(adc.o)
                0x0000000000005d8c                ADCSoftwareOversampleStepConfigure
 .text.ADCSoftwareOversampleDataGet
                0x0000000000005e18       0x48 /mnt/storage/project/2kwMotorController/firmware/Tivaware/driverlib/gcc/libdriver.a(adc.o)
                0x0000000000005e18                ADCSoftwareOversampleDataGet
 .text.ADCHardwareOversampleConfigure
                0x0000000000005e60       0x10 /mnt/storage/project/2kwMotorController/firmware/Tivaware/driverlib/gcc/libdriver.a(adc.o)
                0x0000000000005e60                ADCHardwareOversampleConfigure
 .text.ADCComparatorConfigure
                0x0000000000005e70        0xa /mnt/storage/project/2kwMotorController/firmware/Tivaware/driverlib/gcc/libdriver.a(adc.o)
                0x0000000000005e70                ADCComparatorConfigure
 .text.ADCComparatorRegionSet
                0x0000000000005e7a        0xe /mnt/storage/project/2kwMotorController/firmware/Tivaware/driverlib/gcc/libdriver.a(adc.o)
                0x0000000000005e7a                ADCComparatorRegionSet
 .text.ADCComparatorReset
                0x0000000000005e88       0x1e /mnt/storage/project/2kwMotorController/firmware/Tivaware/driverlib/gcc/libdriver.a(adc.o)
                0x0000000000005e88                ADCComparatorReset
 .text.ADCComparatorIntDisable
                0x0000000000005ea6       0x12 /mnt/storage/project/2kwMotorController/firmware/Tivaware/driverlib/gcc/libdriver.a(adc.o)
                0x0000000000005ea6                ADCComparatorIntDisable
 .text.ADCComparatorIntEnable
                0x0000000000005eb8       0x10 /mnt/storage/project/2kwMotorController/firmware/Tivaware/driverlib/gcc/libdriver.a(adc.o)
                0x0000000000005eb8                ADCComparatorIntEnable
 .text.ADCComparatorIntStatus
                0x0000000000005ec8        0x4 /mnt/storage/project/2kwMotorController/firmware/Tivaware/driverlib/gcc/libdriver.a(adc.o)
                0x0000000000005ec8                ADCComparatorIntStatus
 .text.ADCComparatorIntClear
                0x0000000000005ecc        0x4 /mnt/storage/project/2kwMotorController/firmware/Tivaware/driverlib/gcc/libdriver.a(adc.o)
                0x0000000000005ecc                ADCComparatorIntClear
 .text.ADCIntDisableEx
                0x0000000000005ed0        0xa /mnt/storage/project/2kwMotorController/firmware/Tivaware/driverlib/gcc/libdriver.a(adc.o)
                0x0000000000005ed0                ADCIntDisableEx
 .text.ADCIntEnableEx
                0x0000000000005eda        0x8 /mnt/storage/project/2kwMotorController/firmware/Tivaware/driverlib/gcc/libdriver.a(adc.o)
                0x0000000000005eda                ADCIntEnableEx
 .text.ADCIntStatusEx
                0x0000000000005ee2       0x12 /mnt/storage/project/2kwMotorController/firmware/Tivaware/driverlib/gcc/libdriver.a(adc.o)
                0x0000000000005ee2                ADCIntStatusEx
 .text.ADCIntClearEx
                0x0000000000005ef4        0x4 /mnt/storage/project/2kwMotorController/firmware/Tivaware/driverlib/gcc/libdriver.a(adc.o)
                0x0000000000005ef4                ADCIntClearEx
 .text.ADCReferenceSet
                0x0000000000005ef8        0xc /mnt/storage/project/2kwMotorController/firmware/Tivaware/driverlib/gcc/libdriver.a(adc.o)
                0x0000000000005ef8                ADCReferenceSet
 .text.ADCReferenceGet
                0x0000000000005f04        0x8 /mnt/storage/project/2kwMotorController/firmware/Tivaware/driverlib/gcc/libdriver.a(adc.o)
                0x0000000000005f04                ADCReferenceGet
 .text.ADCPhaseDelaySet
                0x0000000000005f0c        0x4 /mnt/storage/project/2kwMotorController/firmware/Tivaware/driverlib/gcc/libdriver.a(adc.o)
                0x0000000000005f0c                ADCPhaseDelaySet
 .text.ADCPhaseDelayGet
                0x0000000000005f10        0x4 /mnt/storage/project/2kwMotorController/firmware/Tivaware/driverlib/gcc/libdriver.a(adc.o)
                0x0000000000005f10                ADCPhaseDelayGet
 .text.ADCSequenceDMAEnable
                0x0000000000005f14       0x10 /mnt/storage/project/2kwMotorController/firmware/Tivaware/driverlib/gcc/libdriver.a(adc.o)
                0x0000000000005f14                ADCSequenceDMAEnable
 .text.ADCSequenceDMADisable
                0x0000000000005f24       0x12 /mnt/storage/project/2kwMotorController/firmware/Tivaware/driverlib/gcc/libdriver.a(adc.o)
                0x0000000000005f24                ADCSequenceDMADisable
 .text.ADCBusy  0x0000000000005f36        0x8 /mnt/storage/project/2kwMotorController/firmware/Tivaware/driverlib/gcc/libdriver.a(adc.o)
                0x0000000000005f36                ADCBusy
 .text.ADCClockConfigSet
                0x0000000000005f3e       0x18 /mnt/storage/project/2kwMotorController/firmware/Tivaware/driverlib/gcc/libdriver.a(adc.o)
                0x0000000000005f3e                ADCClockConfigSet
 .text.ADCClockConfigGet
                0x0000000000005f56       0x1e /mnt/storage/project/2kwMotorController/firmware/Tivaware/driverlib/gcc/libdriver.a(adc.o)
                0x0000000000005f56                ADCClockConfigGet
 .text._CANIntNumberGet
                0x0000000000005f74       0x60 /mnt/storage/project/2kwMotorController/firmware/Tivaware/driverlib/gcc/libdriver.a(can.o)
 .text.CANInit  0x0000000000005fd4       0x40 /mnt/storage/project/2kwMotorController/firmware/Tivaware/driverlib/gcc/libdriver.a(can.o)
                0x0000000000005fd4                CANInit
 .text.CANEnable
                0x0000000000006014        0xa /mnt/storage/project/2kwMotorController/firmware/Tivaware/driverlib/gcc/libdriver.a(can.o)
                0x0000000000006014                CANEnable
 .text.CANDisable
                0x000000000000601e        0xa /mnt/storage/project/2kwMotorController/firmware/Tivaware/driverlib/gcc/libdriver.a(can.o)
                0x000000000000601e                CANDisable
 .text.CANBitTimingGet
                0x0000000000006028       0x2e /mnt/storage/project/2kwMotorController/firmware/Tivaware/driverlib/gcc/libdriver.a(can.o)
                0x0000000000006028                CANBitTimingGet
 *fill*         0x0000000000006056        0x2 
 .text.CANBitRateSet
                0x0000000000006058       0x60 /mnt/storage/project/2kwMotorController/firmware/Tivaware/driverlib/gcc/libdriver.a(can.o)
                0x0000000000006058                CANBitRateSet
 .text.CANBitTimingSet
                0x00000000000060b8       0x52 /mnt/storage/project/2kwMotorController/firmware/Tivaware/driverlib/gcc/libdriver.a(can.o)
                0x00000000000060b8                CANBitTimingSet
 .text.CANIntRegister
                0x000000000000610a       0x1a /mnt/storage/project/2kwMotorController/firmware/Tivaware/driverlib/gcc/libdriver.a(can.o)
                0x000000000000610a                CANIntRegister
 .text.CANIntUnregister
                0x0000000000006124       0x16 /mnt/storage/project/2kwMotorController/firmware/Tivaware/driverlib/gcc/libdriver.a(can.o)
                0x0000000000006124                CANIntUnregister
 .text.CANIntEnable
                0x000000000000613a        0x8 /mnt/storage/project/2kwMotorController/firmware/Tivaware/driverlib/gcc/libdriver.a(can.o)
                0x000000000000613a                CANIntEnable
 .text.CANIntDisable
                0x0000000000006142        0xa /mnt/storage/project/2kwMotorController/firmware/Tivaware/driverlib/gcc/libdriver.a(can.o)
                0x0000000000006142                CANIntDisable
 .text.CANIntStatus
                0x000000000000614c       0x1e /mnt/storage/project/2kwMotorController/firmware/Tivaware/driverlib/gcc/libdriver.a(can.o)
                0x000000000000614c                CANIntStatus
 .text.CANIntClear
                0x000000000000616a       0x26 /mnt/storage/project/2kwMotorController/firmware/Tivaware/driverlib/gcc/libdriver.a(can.o)
                0x000000000000616a                CANIntClear
 .text.CANRetrySet
                0x0000000000006190       0x12 /mnt/storage/project/2kwMotorController/firmware/Tivaware/driverlib/gcc/libdriver.a(can.o)
                0x0000000000006190                CANRetrySet
 .text.CANRetryGet
                0x00000000000061a2        0xc /mnt/storage/project/2kwMotorController/firmware/Tivaware/driverlib/gcc/libdriver.a(can.o)
                0x00000000000061a2                CANRetryGet
 .text.CANStatusGet
                0x00000000000061ae       0x3e /mnt/storage/project/2kwMotorController/firmware/Tivaware/driverlib/gcc/libdriver.a(can.o)
                0x00000000000061ae                CANStatusGet
 .text.CANErrCntrGet
                0x00000000000061ec       0x12 /mnt/storage/project/2kwMotorController/firmware/Tivaware/driverlib/gcc/libdriver.a(can.o)
                0x00000000000061ec                CANErrCntrGet
 .text.CANMessageSet
                0x00000000000061fe      0x164 /mnt/storage/project/2kwMotorController/firmware/Tivaware/driverlib/gcc/libdriver.a(can.o)
                0x00000000000061fe                CANMessageSet
 .text.CANMessageGet
                0x0000000000006362      0x152 /mnt/storage/project/2kwMotorController/firmware/Tivaware/driverlib/gcc/libdriver.a(can.o)
                0x0000000000006362                CANMessageGet
 .text.CANMessageClear
                0x00000000000064b4       0x1a /mnt/storage/project/2kwMotorController/firmware/Tivaware/driverlib/gcc/libdriver.a(can.o)
                0x00000000000064b4                CANMessageClear
 *fill*         0x00000000000064ce        0x2 
 .text._GPIOIntNumberGet
                0x00000000000064d0       0x48 /mnt/storage/project/2kwMotorController/firmware/Tivaware/driverlib/gcc/libdriver.a(gpio.o)
 .text.GPIODirModeSet
                0x0000000000006518       0x2e /mnt/storage/project/2kwMotorController/firmware/Tivaware/driverlib/gcc/libdriver.a(gpio.o)
                0x0000000000006518                GPIODirModeSet
 .text.GPIODirModeGet
                0x0000000000006546       0x24 /mnt/storage/project/2kwMotorController/firmware/Tivaware/driverlib/gcc/libdriver.a(gpio.o)
                0x0000000000006546                GPIODirModeGet
 .text.GPIOIntTypeSet
                0x000000000000656a       0x5a /mnt/storage/project/2kwMotorController/firmware/Tivaware/driverlib/gcc/libdriver.a(gpio.o)
                0x000000000000656a                GPIOIntTypeSet
 .text.GPIOIntTypeGet
                0x00000000000065c4       0x4a /mnt/storage/project/2kwMotorController/firmware/Tivaware/driverlib/gcc/libdriver.a(gpio.o)
                0x00000000000065c4                GPIOIntTypeGet
 .text.GPIOPadConfigSet
                0x000000000000660e      0x130 /mnt/storage/project/2kwMotorController/firmware/Tivaware/driverlib/gcc/libdriver.a(gpio.o)
                0x000000000000660e                GPIOPadConfigSet
 .text.GPIOPadConfigGet
                0x000000000000673e       0xc4 /mnt/storage/project/2kwMotorController/firmware/Tivaware/driverlib/gcc/libdriver.a(gpio.o)
                0x000000000000673e                GPIOPadConfigGet
 .text.GPIOIntEnable
                0x0000000000006802        0xc /mnt/storage/project/2kwMotorController/firmware/Tivaware/driverlib/gcc/libdriver.a(gpio.o)
                0x0000000000006802                GPIOIntEnable
 .text.GPIOIntDisable
                0x000000000000680e        0xe /mnt/storage/project/2kwMotorController/firmware/Tivaware/driverlib/gcc/libdriver.a(gpio.o)
                0x000000000000680e                GPIOIntDisable
 .text.GPIOIntStatus
                0x000000000000681c        0xe /mnt/storage/project/2kwMotorController/firmware/Tivaware/driverlib/gcc/libdriver.a(gpio.o)
                0x000000000000681c                GPIOIntStatus
 .text.GPIOIntClear
                0x000000000000682a        0x6 /mnt/storage/project/2kwMotorController/firmware/Tivaware/driverlib/gcc/libdriver.a(gpio.o)
                0x000000000000682a                GPIOIntClear
 .text.GPIOIntRegister
                0x0000000000006830       0x1a /mnt/storage/project/2kwMotorController/firmware/Tivaware/driverlib/gcc/libdriver.a(gpio.o)
                0x0000000000006830                GPIOIntRegister
 .text.GPIOIntUnregister
                0x000000000000684a       0x16 /mnt/storage/project/2kwMotorController/firmware/Tivaware/driverlib/gcc/libdriver.a(gpio.o)
                0x000000000000684a                GPIOIntUnregister
 .text.GPIOIntRegisterPin
                0x0000000000006860       0x1e /mnt/storage/project/2kwMotorController/firmware/Tivaware/driverlib/gcc/libdriver.a(gpio.o)
                0x0000000000006860                GPIOIntRegisterPin
 .text.GPIOIntUnregisterPin
                0x000000000000687e       0x1a /mnt/storage/project/2kwMotorController/firmware/Tivaware/driverlib/gcc/libdriver.a(gpio.o)
                0x000000000000687e                GPIOIntUnregisterPin
 .text.GPIOPinRead
                0x0000000000006898        0x6 /mnt/storage/project/2kwMotorController/firmware/Tivaware/driverlib/gcc/libdriver.a(gpio.o)
                0x0000000000006898                GPIOPinRead
 .text.GPIOPinWrite
                0x000000000000689e        0x6 /mnt/storage/project/2kwMotorController/firmware/Tivaware/driverlib/gcc/libdriver.a(gpio.o)
                0x000000000000689e                GPIOPinWrite
 .text.GPIOPinTypeADC
                0x00000000000068a4       0x1c /mnt/storage/project/2kwMotorController/firmware/Tivaware/driverlib/gcc/libdriver.a(gpio.o)
                0x00000000000068a4                GPIOPinTypeADC
 .text.GPIOPinTypeCAN
                0x00000000000068c0       0x1c /mnt/storage/project/2kwMotorController/firmware/Tivaware/driverlib/gcc/libdriver.a(gpio.o)
                0x00000000000068c0                GPIOPinTypeCAN
 .text.GPIOPinTypeComparator
                0x00000000000068dc       0x1c /mnt/storage/project/2kwMotorController/firmware/Tivaware/driverlib/gcc/libdriver.a(gpio.o)
                0x00000000000068dc                GPIOPinTypeComparator
 .text.GPIOPinTypeComparatorOutput
                0x00000000000068f8       0x1c /mnt/storage/project/2kwMotorController/firmware/Tivaware/driverlib/gcc/libdriver.a(gpio.o)
                0x00000000000068f8                GPIOPinTypeComparatorOutput
 .text.GPIOPinTypeDIVSCLK
                0x0000000000006914       0x1c /mnt/storage/project/2kwMotorController/firmware/Tivaware/driverlib/gcc/libdriver.a(gpio.o)
                0x0000000000006914                GPIOPinTypeDIVSCLK
 .text.GPIOPinTypeEPI
                0x0000000000006930       0x1c /mnt/storage/project/2kwMotorController/firmware/Tivaware/driverlib/gcc/libdriver.a(gpio.o)
                0x0000000000006930                GPIOPinTypeEPI
 .text.GPIOPinTypeEthernetLED
                0x000000000000694c       0x1c /mnt/storage/project/2kwMotorController/firmware/Tivaware/driverlib/gcc/libdriver.a(gpio.o)
                0x000000000000694c                GPIOPinTypeEthernetLED
 .text.GPIOPinTypeEthernetMII
                0x0000000000006968       0x1c /mnt/storage/project/2kwMotorController/firmware/Tivaware/driverlib/gcc/libdriver.a(gpio.o)
                0x0000000000006968                GPIOPinTypeEthernetMII
 .text.GPIOPinTypeGPIOInput
                0x0000000000006984       0x1c /mnt/storage/project/2kwMotorController/firmware/Tivaware/driverlib/gcc/libdriver.a(gpio.o)
                0x0000000000006984                GPIOPinTypeGPIOInput
 .text.GPIOPinTypeGPIOOutput
                0x00000000000069a0       0x1c /mnt/storage/project/2kwMotorController/firmware/Tivaware/driverlib/gcc/libdriver.a(gpio.o)
                0x00000000000069a0                GPIOPinTypeGPIOOutput
 .text.GPIOPinTypeGPIOOutputOD
                0x00000000000069bc       0x1c /mnt/storage/project/2kwMotorController/firmware/Tivaware/driverlib/gcc/libdriver.a(gpio.o)
                0x00000000000069bc                GPIOPinTypeGPIOOutputOD
 .text.GPIOPinTypeHibernateRTCCLK
                0x00000000000069d8       0x1c /mnt/storage/project/2kwMotorController/firmware/Tivaware/driverlib/gcc/libdriver.a(gpio.o)
                0x00000000000069d8                GPIOPinTypeHibernateRTCCLK
 .text.GPIOPinTypeI2C
                0x00000000000069f4       0x1c /mnt/storage/project/2kwMotorController/firmware/Tivaware/driverlib/gcc/libdriver.a(gpio.o)
                0x00000000000069f4                GPIOPinTypeI2C
 .text.GPIOPinTypeI2CSCL
                0x0000000000006a10       0x1c /mnt/storage/project/2kwMotorController/firmware/Tivaware/driverlib/gcc/libdriver.a(gpio.o)
                0x0000000000006a10                GPIOPinTypeI2CSCL
 .text.GPIOPinTypeLCD
                0x0000000000006a2c       0x1c /mnt/storage/project/2kwMotorController/firmware/Tivaware/driverlib/gcc/libdriver.a(gpio.o)
                0x0000000000006a2c                GPIOPinTypeLCD
 .text.GPIOPinTypeOneWire
                0x0000000000006a48       0x1c /mnt/storage/project/2kwMotorController/firmware/Tivaware/driverlib/gcc/libdriver.a(gpio.o)
                0x0000000000006a48                GPIOPinTypeOneWire
 .text.GPIOPinTypePWM
                0x0000000000006a64       0x1c /mnt/storage/project/2kwMotorController/firmware/Tivaware/driverlib/gcc/libdriver.a(gpio.o)
                0x0000000000006a64                GPIOPinTypePWM
 .text.GPIOPinTypeQEI
                0x0000000000006a80       0x1c /mnt/storage/project/2kwMotorController/firmware/Tivaware/driverlib/gcc/libdriver.a(gpio.o)
                0x0000000000006a80                GPIOPinTypeQEI
 .text.GPIOPinTypeSSI
                0x0000000000006a9c       0x1c /mnt/storage/project/2kwMotorController/firmware/Tivaware/driverlib/gcc/libdriver.a(gpio.o)
                0x0000000000006a9c                GPIOPinTypeSSI
 .text.GPIOPinTypeTimer
                0x0000000000006ab8       0x1c /mnt/storage/project/2kwMotorController/firmware/Tivaware/driverlib/gcc/libdriver.a(gpio.o)
                0x0000000000006ab8                GPIOPinTypeTimer
 .text.GPIOPinTypeTrace
                0x0000000000006ad4       0x1c /mnt/storage/project/2kwMotorController/firmware/Tivaware/driverlib/gcc/libdriver.a(gpio.o)
                0x0000000000006ad4                GPIOPinTypeTrace
 .text.GPIOPinTypeUART
                0x0000000000006af0       0x1c /mnt/storage/project/2kwMotorController/firmware/Tivaware/driverlib/gcc/libdriver.a(gpio.o)
                0x0000000000006af0                GPIOPinTypeUART
 .text.GPIOPinTypeUSBAnalog
                0x0000000000006b0c       0x1c /mnt/storage/project/2kwMotorController/firmware/Tivaware/driverlib/gcc/libdriver.a(gpio.o)
                0x0000000000006b0c                GPIOPinTypeUSBAnalog
 .text.GPIOPinTypeUSBDigital
                0x0000000000006b28       0x1c /mnt/storage/project/2kwMotorController/firmware/Tivaware/driverlib/gcc/libdriver.a(gpio.o)
                0x0000000000006b28                GPIOPinTypeUSBDigital
 .text.GPIOPinTypeWakeHigh
                0x0000000000006b44       0x1e /mnt/storage/project/2kwMotorController/firmware/Tivaware/driverlib/gcc/libdriver.a(gpio.o)
                0x0000000000006b44                GPIOPinTypeWakeHigh
 .text.GPIOPinTypeWakeLow
                0x0000000000006b62       0x1e /mnt/storage/project/2kwMotorController/firmware/Tivaware/driverlib/gcc/libdriver.a(gpio.o)
                0x0000000000006b62                GPIOPinTypeWakeLow
 .text.GPIOPinWakeStatus
                0x0000000000006b80        0x6 /mnt/storage/project/2kwMotorController/firmware/Tivaware/driverlib/gcc/libdriver.a(gpio.o)
                0x0000000000006b80                GPIOPinWakeStatus
 *fill*         0x0000000000006b86        0x2 
 .text.GPIOPinConfigure
                0x0000000000006b88       0x4c /mnt/storage/project/2kwMotorController/firmware/Tivaware/driverlib/gcc/libdriver.a(gpio.o)
                0x0000000000006b88                GPIOPinConfigure
 .text.GPIODMATriggerEnable
                0x0000000000006bd4        0xc /mnt/storage/project/2kwMotorController/firmware/Tivaware/driverlib/gcc/libdriver.a(gpio.o)
                0x0000000000006bd4                GPIODMATriggerEnable
 .text.GPIODMATriggerDisable
                0x0000000000006be0        0xe /mnt/storage/project/2kwMotorController/firmware/Tivaware/driverlib/gcc/libdriver.a(gpio.o)
                0x0000000000006be0                GPIODMATriggerDisable
 .text.GPIOADCTriggerEnable
                0x0000000000006bee        0xc /mnt/storage/project/2kwMotorController/firmware/Tivaware/driverlib/gcc/libdriver.a(gpio.o)
                0x0000000000006bee                GPIOADCTriggerEnable
 .text.GPIOADCTriggerDisable
                0x0000000000006bfa        0xe /mnt/storage/project/2kwMotorController/firmware/Tivaware/driverlib/gcc/libdriver.a(gpio.o)
                0x0000000000006bfa                GPIOADCTriggerDisable
 .text._IntDefaultHandler
                0x0000000000006c08        0x2 /mnt/storage/project/2kwMotorController/firmware/Tivaware/driverlib/gcc/libdriver.a(interrupt.o)
 .text.IntMasterEnable
                0x0000000000006c0a        0xe /mnt/storage/project/2kwMotorController/firmware/Tivaware/driverlib/gcc/libdriver.a(interrupt.o)
                0x0000000000006c0a                IntMasterEnable
 .text.IntMasterDisable
                0x0000000000006c18        0xe /mnt/storage/project/2kwMotorController/firmware/Tivaware/driverlib/gcc/libdriver.a(interrupt.o)
                0x0000000000006c18                IntMasterDisable
 *fill*         0x0000000000006c26        0x2 
 .text.IntRegister
                0x0000000000006c28       0x34 /mnt/storage/project/2kwMotorController/firmware/Tivaware/driverlib/gcc/libdriver.a(interrupt.o)
                0x0000000000006c28                IntRegister
 .text.IntUnregister
                0x0000000000006c5c       0x14 /mnt/storage/project/2kwMotorController/firmware/Tivaware/driverlib/gcc/libdriver.a(interrupt.o)
                0x0000000000006c5c                IntUnregister
 .text.IntPriorityGroupingSet
                0x0000000000006c70       0x1c /mnt/storage/project/2kwMotorController/firmware/Tivaware/driverlib/gcc/libdriver.a(interrupt.o)
                0x0000000000006c70                IntPriorityGroupingSet
 .text.IntPriorityGroupingGet
                0x0000000000006c8c       0x24 /mnt/storage/project/2kwMotorController/firmware/Tivaware/driverlib/gcc/libdriver.a(interrupt.o)
                0x0000000000006c8c                IntPriorityGroupingGet
 .text.IntPrioritySet
                0x0000000000006cb0       0x2c /mnt/storage/project/2kwMotorController/firmware/Tivaware/driverlib/gcc/libdriver.a(interrupt.o)
                0x0000000000006cb0                IntPrioritySet
 .text.IntPriorityGet
                0x0000000000006cdc       0x1c /mnt/storage/project/2kwMotorController/firmware/Tivaware/driverlib/gcc/libdriver.a(interrupt.o)
                0x0000000000006cdc                IntPriorityGet
 .text.IntEnable
                0x0000000000006cf8       0x60 /mnt/storage/project/2kwMotorController/firmware/Tivaware/driverlib/gcc/libdriver.a(interrupt.o)
                0x0000000000006cf8                IntEnable
 .text.IntDisable
                0x0000000000006d58       0x60 /mnt/storage/project/2kwMotorController/firmware/Tivaware/driverlib/gcc/libdriver.a(interrupt.o)
                0x0000000000006d58                IntDisable
 .text.IntIsEnabled
                0x0000000000006db8       0x64 /mnt/storage/project/2kwMotorController/firmware/Tivaware/driverlib/gcc/libdriver.a(interrupt.o)
                0x0000000000006db8                IntIsEnabled
 .text.IntPendSet
                0x0000000000006e1c       0x50 /mnt/storage/project/2kwMotorController/firmware/Tivaware/driverlib/gcc/libdriver.a(interrupt.o)
                0x0000000000006e1c                IntPendSet
 .text.IntPendClear
                0x0000000000006e6c       0x40 /mnt/storage/project/2kwMotorController/firmware/Tivaware/driverlib/gcc/libdriver.a(interrupt.o)
                0x0000000000006e6c                IntPendClear
 .text.IntPriorityMaskSet
                0x0000000000006eac        0x4 /mnt/storage/project/2kwMotorController/firmware/Tivaware/driverlib/gcc/libdriver.a(interrupt.o)
                0x0000000000006eac                IntPriorityMaskSet
 .text.IntPriorityMaskGet
                0x0000000000006eb0        0x4 /mnt/storage/project/2kwMotorController/firmware/Tivaware/driverlib/gcc/libdriver.a(interrupt.o)
                0x0000000000006eb0                IntPriorityMaskGet
 .text.IntTrigger
                0x0000000000006eb4        0xc /mnt/storage/project/2kwMotorController/firmware/Tivaware/driverlib/gcc/libdriver.a(interrupt.o)
                0x0000000000006eb4                IntTrigger
 .text._PWMGenIntNumberGet
                0x0000000000006ec0      0x104 /mnt/storage/project/2kwMotorController/firmware/Tivaware/driverlib/gcc/libdriver.a(pwm.o)
 .text._PWMFaultIntNumberGet
                0x0000000000006fc4       0x48 /mnt/storage/project/2kwMotorController/firmware/Tivaware/driverlib/gcc/libdriver.a(pwm.o)
 .text.PWMGenConfigure
                0x000000000000700c       0x30 /mnt/storage/project/2kwMotorController/firmware/Tivaware/driverlib/gcc/libdriver.a(pwm.o)
                0x000000000000700c                PWMGenConfigure
 .text.PWMGenPeriodSet
                0x000000000000703c       0x12 /mnt/storage/project/2kwMotorController/firmware/Tivaware/driverlib/gcc/libdriver.a(pwm.o)
                0x000000000000703c                PWMGenPeriodSet
 .text.PWMGenPeriodGet
                0x000000000000704e       0x12 /mnt/storage/project/2kwMotorController/firmware/Tivaware/driverlib/gcc/libdriver.a(pwm.o)
                0x000000000000704e                PWMGenPeriodGet
 .text.PWMGenEnable
                0x0000000000007060        0xa /mnt/storage/project/2kwMotorController/firmware/Tivaware/driverlib/gcc/libdriver.a(pwm.o)
                0x0000000000007060                PWMGenEnable
 .text.PWMGenDisable
                0x000000000000706a        0xa /mnt/storage/project/2kwMotorController/firmware/Tivaware/driverlib/gcc/libdriver.a(pwm.o)
                0x000000000000706a                PWMGenDisable
 .text.PWMPulseWidthSet
                0x0000000000007074       0x1e /mnt/storage/project/2kwMotorController/firmware/Tivaware/driverlib/gcc/libdriver.a(pwm.o)
                0x0000000000007074                PWMPulseWidthSet
 .text.PWMPulseWidthGet
                0x0000000000007092       0x20 /mnt/storage/project/2kwMotorController/firmware/Tivaware/driverlib/gcc/libdriver.a(pwm.o)
                0x0000000000007092                PWMPulseWidthGet
 .text.PWMDeadBandEnable
                0x00000000000070b2       0x10 /mnt/storage/project/2kwMotorController/firmware/Tivaware/driverlib/gcc/libdriver.a(pwm.o)
                0x00000000000070b2                PWMDeadBandEnable
 .text.PWMDeadBandDisable
                0x00000000000070c2        0xc /mnt/storage/project/2kwMotorController/firmware/Tivaware/driverlib/gcc/libdriver.a(pwm.o)
                0x00000000000070c2                PWMDeadBandDisable
 .text.PWMSyncUpdate
                0x00000000000070ce        0x4 /mnt/storage/project/2kwMotorController/firmware/Tivaware/driverlib/gcc/libdriver.a(pwm.o)
                0x00000000000070ce                PWMSyncUpdate
 .text.PWMSyncTimeBase
                0x00000000000070d2        0x4 /mnt/storage/project/2kwMotorController/firmware/Tivaware/driverlib/gcc/libdriver.a(pwm.o)
                0x00000000000070d2                PWMSyncTimeBase
 .text.PWMOutputState
                0x00000000000070d6       0x10 /mnt/storage/project/2kwMotorController/firmware/Tivaware/driverlib/gcc/libdriver.a(pwm.o)
                0x00000000000070d6                PWMOutputState
 .text.PWMOutputInvert
                0x00000000000070e6       0x10 /mnt/storage/project/2kwMotorController/firmware/Tivaware/driverlib/gcc/libdriver.a(pwm.o)
                0x00000000000070e6                PWMOutputInvert
 .text.PWMOutputFaultLevel
                0x00000000000070f6       0x10 /mnt/storage/project/2kwMotorController/firmware/Tivaware/driverlib/gcc/libdriver.a(pwm.o)
                0x00000000000070f6                PWMOutputFaultLevel
 .text.PWMOutputFault
                0x0000000000007106       0x10 /mnt/storage/project/2kwMotorController/firmware/Tivaware/driverlib/gcc/libdriver.a(pwm.o)
                0x0000000000007106                PWMOutputFault
 .text.PWMGenIntRegister
                0x0000000000007116       0x1a /mnt/storage/project/2kwMotorController/firmware/Tivaware/driverlib/gcc/libdriver.a(pwm.o)
                0x0000000000007116                PWMGenIntRegister
 .text.PWMGenIntUnregister
                0x0000000000007130       0x16 /mnt/storage/project/2kwMotorController/firmware/Tivaware/driverlib/gcc/libdriver.a(pwm.o)
                0x0000000000007130                PWMGenIntUnregister
 .text.PWMFaultIntRegister
                0x0000000000007146       0x1a /mnt/storage/project/2kwMotorController/firmware/Tivaware/driverlib/gcc/libdriver.a(pwm.o)
                0x0000000000007146                PWMFaultIntRegister
 .text.PWMFaultIntUnregister
                0x0000000000007160       0x16 /mnt/storage/project/2kwMotorController/firmware/Tivaware/driverlib/gcc/libdriver.a(pwm.o)
                0x0000000000007160                PWMFaultIntUnregister
 .text.PWMGenIntTrigEnable
                0x0000000000007176        0xa /mnt/storage/project/2kwMotorController/firmware/Tivaware/driverlib/gcc/libdriver.a(pwm.o)
                0x0000000000007176                PWMGenIntTrigEnable
 .text.PWMGenIntTrigDisable
                0x0000000000007180        0xc /mnt/storage/project/2kwMotorController/firmware/Tivaware/driverlib/gcc/libdriver.a(pwm.o)
                0x0000000000007180                PWMGenIntTrigDisable
 .text.PWMGenIntStatus
                0x000000000000718c        0xc /mnt/storage/project/2kwMotorController/firmware/Tivaware/driverlib/gcc/libdriver.a(pwm.o)
                0x000000000000718c                PWMGenIntStatus
 .text.PWMGenIntClear
                0x0000000000007198        0x6 /mnt/storage/project/2kwMotorController/firmware/Tivaware/driverlib/gcc/libdriver.a(pwm.o)
                0x0000000000007198                PWMGenIntClear
 .text.PWMIntEnable
                0x000000000000719e        0x8 /mnt/storage/project/2kwMotorController/firmware/Tivaware/driverlib/gcc/libdriver.a(pwm.o)
                0x000000000000719e                PWMIntEnable
 .text.PWMIntDisable
                0x00000000000071a6        0xa /mnt/storage/project/2kwMotorController/firmware/Tivaware/driverlib/gcc/libdriver.a(pwm.o)
                0x00000000000071a6                PWMIntDisable
 .text.PWMFaultIntClear
                0x00000000000071b0        0x8 /mnt/storage/project/2kwMotorController/firmware/Tivaware/driverlib/gcc/libdriver.a(pwm.o)
                0x00000000000071b0                PWMFaultIntClear
 .text.PWMIntStatus
                0x00000000000071b8        0xa /mnt/storage/project/2kwMotorController/firmware/Tivaware/driverlib/gcc/libdriver.a(pwm.o)
                0x00000000000071b8                PWMIntStatus
 .text.PWMFaultIntClearExt
                0x00000000000071c2        0x4 /mnt/storage/project/2kwMotorController/firmware/Tivaware/driverlib/gcc/libdriver.a(pwm.o)
                0x00000000000071c2                PWMFaultIntClearExt
 .text.PWMGenFaultConfigure
                0x00000000000071c6       0x18 /mnt/storage/project/2kwMotorController/firmware/Tivaware/driverlib/gcc/libdriver.a(pwm.o)
                0x00000000000071c6                PWMGenFaultConfigure
 .text.PWMGenFaultTriggerSet
                0x00000000000071de        0xc /mnt/storage/project/2kwMotorController/firmware/Tivaware/driverlib/gcc/libdriver.a(pwm.o)
                0x00000000000071de                PWMGenFaultTriggerSet
 .text.PWMGenFaultTriggerGet
                0x00000000000071ea        0xc /mnt/storage/project/2kwMotorController/firmware/Tivaware/driverlib/gcc/libdriver.a(pwm.o)
                0x00000000000071ea                PWMGenFaultTriggerGet
 .text.PWMGenFaultStatus
                0x00000000000071f6       0x18 /mnt/storage/project/2kwMotorController/firmware/Tivaware/driverlib/gcc/libdriver.a(pwm.o)
                0x00000000000071f6                PWMGenFaultStatus
 .text.PWMGenFaultClear
                0x000000000000720e       0x18 /mnt/storage/project/2kwMotorController/firmware/Tivaware/driverlib/gcc/libdriver.a(pwm.o)
                0x000000000000720e                PWMGenFaultClear
 .text.PWMClockSet
                0x0000000000007226       0x14 /mnt/storage/project/2kwMotorController/firmware/Tivaware/driverlib/gcc/libdriver.a(pwm.o)
                0x0000000000007226                PWMClockSet
 .text.PWMClockGet
                0x000000000000723a       0x1a /mnt/storage/project/2kwMotorController/firmware/Tivaware/driverlib/gcc/libdriver.a(pwm.o)
                0x000000000000723a                PWMClockGet
 .text.PWMOutputUpdateMode
                0x0000000000007254       0x30 /mnt/storage/project/2kwMotorController/firmware/Tivaware/driverlib/gcc/libdriver.a(pwm.o)
                0x0000000000007254                PWMOutputUpdateMode
 .text._QEIIntNumberGet
                0x0000000000007284       0x48 /mnt/storage/project/2kwMotorController/firmware/Tivaware/driverlib/gcc/libdriver.a(qei.o)
 .text.QEIEnable
                0x00000000000072cc        0xa /mnt/storage/project/2kwMotorController/firmware/Tivaware/driverlib/gcc/libdriver.a(qei.o)
                0x00000000000072cc                QEIEnable
 .text.QEIDisable
                0x00000000000072d6        0xa /mnt/storage/project/2kwMotorController/firmware/Tivaware/driverlib/gcc/libdriver.a(qei.o)
                0x00000000000072d6                QEIDisable
 .text.QEIConfigure
                0x00000000000072e0        0xe /mnt/storage/project/2kwMotorController/firmware/Tivaware/driverlib/gcc/libdriver.a(qei.o)
                0x00000000000072e0                QEIConfigure
 .text.QEIPositionGet
                0x00000000000072ee        0x4 /mnt/storage/project/2kwMotorController/firmware/Tivaware/driverlib/gcc/libdriver.a(qei.o)
                0x00000000000072ee                QEIPositionGet
 .text.QEIPositionSet
                0x00000000000072f2        0x4 /mnt/storage/project/2kwMotorController/firmware/Tivaware/driverlib/gcc/libdriver.a(qei.o)
                0x00000000000072f2                QEIPositionSet
 .text.QEIDirectionGet
                0x00000000000072f6       0x10 /mnt/storage/project/2kwMotorController/firmware/Tivaware/driverlib/gcc/libdriver.a(qei.o)
                0x00000000000072f6                QEIDirectionGet
 .text.QEIErrorGet
                0x0000000000007306        0x8 /mnt/storage/project/2kwMotorController/firmware/Tivaware/driverlib/gcc/libdriver.a(qei.o)
                0x0000000000007306                QEIErrorGet
 .text.QEIFilterEnable
                0x000000000000730e        0xa /mnt/storage/project/2kwMotorController/firmware/Tivaware/driverlib/gcc/libdriver.a(qei.o)
                0x000000000000730e                QEIFilterEnable
 .text.QEIFilterDisable
                0x0000000000007318        0xa /mnt/storage/project/2kwMotorController/firmware/Tivaware/driverlib/gcc/libdriver.a(qei.o)
                0x0000000000007318                QEIFilterDisable
 .text.QEIFilterConfigure
                0x0000000000007322        0xc /mnt/storage/project/2kwMotorController/firmware/Tivaware/driverlib/gcc/libdriver.a(qei.o)
                0x0000000000007322                QEIFilterConfigure
 .text.QEIVelocityEnable
                0x000000000000732e        0xa /mnt/storage/project/2kwMotorController/firmware/Tivaware/driverlib/gcc/libdriver.a(qei.o)
                0x000000000000732e                QEIVelocityEnable
 .text.QEIVelocityDisable
                0x0000000000007338        0xa /mnt/storage/project/2kwMotorController/firmware/Tivaware/driverlib/gcc/libdriver.a(qei.o)
                0x0000000000007338                QEIVelocityDisable
 .text.QEIVelocityConfigure
                0x0000000000007342       0x10 /mnt/storage/project/2kwMotorController/firmware/Tivaware/driverlib/gcc/libdriver.a(qei.o)
                0x0000000000007342                QEIVelocityConfigure
 .text.QEIVelocityGet
                0x0000000000007352        0x4 /mnt/storage/project/2kwMotorController/firmware/Tivaware/driverlib/gcc/libdriver.a(qei.o)
                0x0000000000007352                QEIVelocityGet
 .text.QEIIntRegister
                0x0000000000007356       0x1a /mnt/storage/project/2kwMotorController/firmware/Tivaware/driverlib/gcc/libdriver.a(qei.o)
                0x0000000000007356                QEIIntRegister
 .text.QEIIntUnregister
                0x0000000000007370       0x16 /mnt/storage/project/2kwMotorController/firmware/Tivaware/driverlib/gcc/libdriver.a(qei.o)
                0x0000000000007370                QEIIntUnregister
 .text.QEIIntEnable
                0x0000000000007386        0x8 /mnt/storage/project/2kwMotorController/firmware/Tivaware/driverlib/gcc/libdriver.a(qei.o)
                0x0000000000007386                QEIIntEnable
 .text.QEIIntDisable
                0x000000000000738e        0xa /mnt/storage/project/2kwMotorController/firmware/Tivaware/driverlib/gcc/libdriver.a(qei.o)
                0x000000000000738e                QEIIntDisable
 .text.QEIIntStatus
                0x0000000000007398        0xa /mnt/storage/project/2kwMotorController/firmware/Tivaware/driverlib/gcc/libdriver.a(qei.o)
                0x0000000000007398                QEIIntStatus
 .text.QEIIntClear
                0x00000000000073a2        0x4 /mnt/storage/project/2kwMotorController/firmware/Tivaware/driverlib/gcc/libdriver.a(qei.o)
                0x00000000000073a2                QEIIntClear
 *fill*         0x00000000000073a6        0x2 
 .text._SysCtlMemTimingGet
                0x00000000000073a8       0x24 /mnt/storage/project/2kwMotorController/firmware/Tivaware/driverlib/gcc/libdriver.a(sysctl.o)
 .text.SysCtlSRAMSizeGet
                0x00000000000073cc       0x10 /mnt/storage/project/2kwMotorController/firmware/Tivaware/driverlib/gcc/libdriver.a(sysctl.o)
                0x00000000000073cc                SysCtlSRAMSizeGet
 .text.SysCtlFlashSizeGet
                0x00000000000073dc       0x3c /mnt/storage/project/2kwMotorController/firmware/Tivaware/driverlib/gcc/libdriver.a(sysctl.o)
                0x00000000000073dc                SysCtlFlashSizeGet
 .text.SysCtlFlashSectorSizeGet
                0x0000000000007418       0x38 /mnt/storage/project/2kwMotorController/firmware/Tivaware/driverlib/gcc/libdriver.a(sysctl.o)
                0x0000000000007418                SysCtlFlashSectorSizeGet
 .text.SysCtlPeripheralPresent
                0x0000000000007450       0x26 /mnt/storage/project/2kwMotorController/firmware/Tivaware/driverlib/gcc/libdriver.a(sysctl.o)
                0x0000000000007450                SysCtlPeripheralPresent
 .text.SysCtlPeripheralReady
                0x0000000000007476       0x26 /mnt/storage/project/2kwMotorController/firmware/Tivaware/driverlib/gcc/libdriver.a(sysctl.o)
                0x0000000000007476                SysCtlPeripheralReady
 .text.SysCtlPeripheralPowerOn
                0x000000000000749c       0x22 /mnt/storage/project/2kwMotorController/firmware/Tivaware/driverlib/gcc/libdriver.a(sysctl.o)
                0x000000000000749c                SysCtlPeripheralPowerOn
 .text.SysCtlPeripheralPowerOff
                0x00000000000074be       0x22 /mnt/storage/project/2kwMotorController/firmware/Tivaware/driverlib/gcc/libdriver.a(sysctl.o)
                0x00000000000074be                SysCtlPeripheralPowerOff
 .text.SysCtlPeripheralReset