Archive member included to satisfy reference by file (symbol)

/home/odougs/bin/ti/ccsv7/tools/compiler/gcc-arm-none-eabi-6-2017-q1-update/bin/../lib/gcc/arm-none-eabi/6.3.1/../../../../arm-none-eabi/lib/thumb/v7e-m/fpv4-sp/hard/libc.a(lib_a-calloc.o)
                              ./source/fir.o (calloc)
/home/odougs/bin/ti/ccsv7/tools/compiler/gcc-arm-none-eabi-6-2017-q1-update/bin/../lib/gcc/arm-none-eabi/6.3.1/../../../../arm-none-eabi/lib/thumb/v7e-m/fpv4-sp/hard/libc.a(lib_a-callocr.o)
                              /home/odougs/bin/ti/ccsv7/tools/compiler/gcc-arm-none-eabi-6-2017-q1-update/bin/../lib/gcc/arm-none-eabi/6.3.1/../../../../arm-none-eabi/lib/thumb/v7e-m/fpv4-sp/hard/libc.a(lib_a-calloc.o) (_calloc_r)
/home/odougs/bin/ti/ccsv7/tools/compiler/gcc-arm-none-eabi-6-2017-q1-update/bin/../lib/gcc/arm-none-eabi/6.3.1/../../../../arm-none-eabi/lib/thumb/v7e-m/fpv4-sp/hard/libc.a(lib_a-exit.o)
                              /home/odougs/bin/ti/ccsv7/tools/compiler/gcc-arm-none-eabi-6-2017-q1-update/bin/../lib/gcc/arm-none-eabi/6.3.1/../../../../arm-none-eabi/lib/thumb/v7e-m/fpv4-sp/hard/crt0.o (exit)
/home/odougs/bin/ti/ccsv7/tools/compiler/gcc-arm-none-eabi-6-2017-q1-update/bin/../lib/gcc/arm-none-eabi/6.3.1/../../../../arm-none-eabi/lib/thumb/v7e-m/fpv4-sp/hard/libc.a(lib_a-impure.o)
                              /home/odougs/bin/ti/ccsv7/tools/compiler/gcc-arm-none-eabi-6-2017-q1-update/bin/../lib/gcc/arm-none-eabi/6.3.1/../../../../arm-none-eabi/lib/thumb/v7e-m/fpv4-sp/hard/libc.a(lib_a-exit.o) (_global_impure_ptr)
/home/odougs/bin/ti/ccsv7/tools/compiler/gcc-arm-none-eabi-6-2017-q1-update/bin/../lib/gcc/arm-none-eabi/6.3.1/../../../../arm-none-eabi/lib/thumb/v7e-m/fpv4-sp/hard/libc.a(lib_a-init.o)
                              /home/odougs/bin/ti/ccsv7/tools/compiler/gcc-arm-none-eabi-6-2017-q1-update/bin/../lib/gcc/arm-none-eabi/6.3.1/../../../../arm-none-eabi/lib/thumb/v7e-m/fpv4-sp/hard/crt0.o (__libc_init_array)
/home/odougs/bin/ti/ccsv7/tools/compiler/gcc-arm-none-eabi-6-2017-q1-update/bin/../lib/gcc/arm-none-eabi/6.3.1/../../../../arm-none-eabi/lib/thumb/v7e-m/fpv4-sp/hard/libc.a(lib_a-malloc.o)
                              ./source/fir.o (malloc)
/home/odougs/bin/ti/ccsv7/tools/compiler/gcc-arm-none-eabi-6-2017-q1-update/bin/../lib/gcc/arm-none-eabi/6.3.1/../../../../arm-none-eabi/lib/thumb/v7e-m/fpv4-sp/hard/libc.a(lib_a-mallocr.o)
                              /home/odougs/bin/ti/ccsv7/tools/compiler/gcc-arm-none-eabi-6-2017-q1-update/bin/../lib/gcc/arm-none-eabi/6.3.1/../../../../arm-none-eabi/lib/thumb/v7e-m/fpv4-sp/hard/libc.a(lib_a-callocr.o) (_malloc_r)
/home/odougs/bin/ti/ccsv7/tools/compiler/gcc-arm-none-eabi-6-2017-q1-update/bin/../lib/gcc/arm-none-eabi/6.3.1/../../../../arm-none-eabi/lib/thumb/v7e-m/fpv4-sp/hard/libc.a(lib_a-memcpy.o)
                              ./startup.o (memcpy)
/home/odougs/bin/ti/ccsv7/tools/compiler/gcc-arm-none-eabi-6-2017-q1-update/bin/../lib/gcc/arm-none-eabi/6.3.1/../../../../arm-none-eabi/lib/thumb/v7e-m/fpv4-sp/hard/libc.a(lib_a-memset.o)
                              /home/odougs/bin/ti/ccsv7/tools/compiler/gcc-arm-none-eabi-6-2017-q1-update/bin/../lib/gcc/arm-none-eabi/6.3.1/../../../../arm-none-eabi/lib/thumb/v7e-m/fpv4-sp/hard/crt0.o (memset)
/home/odougs/bin/ti/ccsv7/tools/compiler/gcc-arm-none-eabi-6-2017-q1-update/bin/../lib/gcc/arm-none-eabi/6.3.1/../../../../arm-none-eabi/lib/thumb/v7e-m/fpv4-sp/hard/libc.a(lib_a-mlock.o)
                              /home/odougs/bin/ti/ccsv7/tools/compiler/gcc-arm-none-eabi-6-2017-q1-update/bin/../lib/gcc/arm-none-eabi/6.3.1/../../../../arm-none-eabi/lib/thumb/v7e-m/fpv4-sp/hard/libc.a(lib_a-mallocr.o) (__malloc_lock)
/home/odougs/bin/ti/ccsv7/tools/compiler/gcc-arm-none-eabi-6-2017-q1-update/bin/../lib/gcc/arm-none-eabi/6.3.1/../../../../arm-none-eabi/lib/thumb/v7e-m/fpv4-sp/hard/libc.a(lib_a-sbrkr.o)
                              /home/odougs/bin/ti/ccsv7/tools/compiler/gcc-arm-none-eabi-6-2017-q1-update/bin/../lib/gcc/arm-none-eabi/6.3.1/../../../../arm-none-eabi/lib/thumb/v7e-m/fpv4-sp/hard/libc.a(lib_a-mallocr.o) (_sbrk_r)
/home/odougs/bin/ti/ccsv7/tools/compiler/gcc-arm-none-eabi-6-2017-q1-update/bin/../lib/gcc/arm-none-eabi/6.3.1/../../../../arm-none-eabi/lib/thumb/v7e-m/fpv4-sp/hard/libc.a(lib_a-__call_atexit.o)
                              /home/odougs/bin/ti/ccsv7/tools/compiler/gcc-arm-none-eabi-6-2017-q1-update/bin/../lib/gcc/arm-none-eabi/6.3.1/../../../../arm-none-eabi/lib/thumb/v7e-m/fpv4-sp/hard/libc.a(lib_a-exit.o) (__call_exitprocs)
/home/odougs/bin/ti/ccsv7/tools/compiler/gcc-arm-none-eabi-6-2017-q1-update/bin/../lib/gcc/arm-none-eabi/6.3.1/../../../../arm-none-eabi/lib/thumb/v7e-m/fpv4-sp/hard/libc.a(lib_a-atexit.o)
                              /home/odougs/bin/ti/ccsv7/tools/compiler/gcc-arm-none-eabi-6-2017-q1-update/bin/../lib/gcc/arm-none-eabi/6.3.1/../../../../arm-none-eabi/lib/thumb/v7e-m/fpv4-sp/hard/libc.a(lib_a-__call_atexit.o) (atexit)
[...]
Memory Configuration

Name             Origin             Length             Attributes
FLASH            0x0000000000000000 0x0000000000080000 xr
SRAM             0x0000000020000000 0x0000000000040000 xw
*default*        0x0000000000000000 0xffffffffffffffff

Linker script and memory map

LOAD /home/odougs/bin/ti/ccsv7/tools/compiler/gcc-arm-none-eabi-6-2017-q1-update/bin/../lib/gcc/arm-none-eabi/6.3.1/thumb/v7e-m/fpv4-sp/hard/crti.o
LOAD /home/odougs/bin/ti/ccsv7/tools/compiler/gcc-arm-none-eabi-6-2017-q1-update/bin/../lib/gcc/arm-none-eabi/6.3.1/thumb/v7e-m/fpv4-sp/hard/crtbegin.o
LOAD /home/odougs/bin/ti/ccsv7/tools/compiler/gcc-arm-none-eabi-6-2017-q1-update/bin/../lib/gcc/arm-none-eabi/6.3.1/../../../../arm-none-eabi/lib/thumb/v7e-m/fpv4-sp/hard/crt0.o
LOAD ./startup.o
LOAD ./FreeRTOS/event_groups.o
LOAD ./FreeRTOS/heap_1.o
LOAD ./FreeRTOS/list.o
LOAD ./FreeRTOS/port.o
LOAD ./FreeRTOS/queue.o
LOAD ./FreeRTOS/tasks.o
LOAD ./FreeRTOS/timers.o
LOAD ./source/can.o
LOAD ./source/control.o
LOAD ./source/debug.o
LOAD ./source/encoder.o
LOAD ./source/fir.o
LOAD ./source/logger.o
LOAD ./source/main.o
LOAD ./source/pinconfig.o
LOAD ./source/sensors.o
LOAD ./source/system.o
LOAD ./source/thermistor_lut.o
LOAD ./source/xprintf.o
                0x0000000000000000                PROVIDE (_intvecs_base_address, 0x0)

.intvecs        0x0000000000000000      0x208
 *(.intvecs)
 .intvecs       0x0000000000000000      0x208 ./startup.o
                0x0000000000000000                g_pfnVectors
                0x0000000020000000                PROVIDE (_vtable_base_address, 0x20000000)

.vtable
 *(.vtable)

.text           0x0000000000000210     0x9788
 CREATE_OBJECT_SYMBOLS
 *(.text)
 .text          0x0000000000000210        0x0 /home/odougs/bin/ti/ccsv7/tools/compiler/gcc-arm-none-eabi-6-2017-q1-update/bin/../lib/gcc/arm-none-eabi/6.3.1/thumb/v7e-m/fpv4-sp/hard/crti.o
 .text          0x0000000000000210       0x6c /home/odougs/bin/ti/ccsv7/tools/compiler/gcc-arm-none-eabi-6-2017-q1-update/bin/../lib/gcc/arm-none-eabi/6.3.1/thumb/v7e-m/fpv4-sp/hard/crtbegin.o
 .text          0x000000000000027c       0x74 /home/odougs/bin/ti/ccsv7/tools/compiler/gcc-arm-none-eabi-6-2017-q1-update/bin/../lib/gcc/arm-none-eabi/6.3.1/../../../../arm-none-eabi/lib/thumb/v7e-m/fpv4-sp/hard/crt0.o
                0x000000000000027c                _mainCRTStartup
                0x000000000000027c                _start
 .text          0x00000000000002f0        0x0 ./startup.o
 .text          0x00000000000002f0        0x0 ./FreeRTOS/event_groups.o
 .text          0x00000000000002f0        0x0 ./FreeRTOS/heap_1.o
 .text          0x00000000000002f0        0x0 ./FreeRTOS/list.o
 .text          0x00000000000002f0        0x0 ./FreeRTOS/port.o
 .text          0x00000000000002f0        0x0 ./FreeRTOS/queue.o
 .text          0x00000000000002f0        0x0 ./FreeRTOS/tasks.o
 .text          0x00000000000002f0        0x0 ./FreeRTOS/timers.o
 .text          0x00000000000002f0        0x0 ./source/can.o
 .text          0x00000000000002f0        0x0 ./source/control.o
 .text          0x00000000000002f0        0x0 ./source/debug.o
 .text          0x00000000000002f0        0x0 ./source/encoder.o
 .text          0x00000000000002f0        0x0 ./source/fir.o
 .text          0x00000000000002f0        0x0 ./source/logger.o
 .text          0x00000000000002f0        0x0 ./source/main.o
 .text          0x00000000000002f0        0x0 ./source/pinconfig.o
 .text          0x00000000000002f0        0x0 ./source/sensors.o
 .text          0x00000000000002f0        0x0 ./source/system.o
 .text          0x00000000000002f0        0x0 ./source/thermistor_lut.o
 .text          0x00000000000002f0        0x0 ./source/xprintf.o
 .text          0x00000000000002f0        0x0 /home/odougs/bin/ti/ccsv7/tools/compiler/gcc-arm-none-eabi-6-2017-q1-update/bin/../lib/gcc/arm-none-eabi/6.3.1/../../../../arm-none-eabi/lib/thumb/v7e-m/fpv4-sp/hard/libc.a(lib_a-calloc.o)
 .text          0x00000000000002f0        0x0 /home/odougs/bin/ti/ccsv7/tools/compiler/gcc-arm-none-eabi-6-2017-q1-update/bin/../lib/gcc/arm-none-eabi/6.3.1/../../../../arm-none-eabi/lib/thumb/v7e-m/fpv4-sp/hard/libc.a(lib_a-callocr.o)
 .text          0x00000000000002f0        0x0 /home/odougs/bin/ti/ccsv7/tools/compiler/gcc-arm-none-eabi-6-2017-q1-update/bin/../lib/gcc/arm-none-eabi/6.3.1/../../../../arm-none-eabi/lib/thumb/v7e-m/fpv4-sp/hard/libc.a(lib_a-exit.o)
 .text          0x00000000000002f0        0x0 /home/odougs/bin/ti/ccsv7/tools/compiler/gcc-arm-none-eabi-6-2017-q1-update/bin/../lib/gcc/arm-none-eabi/6.3.1/../../../../arm-none-eabi/lib/thumb/v7e-m/fpv4-sp/hard/libc.a(lib_a-impure.o)
 .text          0x00000000000002f0        0x0 /home/odougs/bin/ti/ccsv7/tools/compiler/gcc-arm-none-eabi-6-2017-q1-update/bin/../lib/gcc/arm-none-eabi/6.3.1/../../../../arm-none-eabi/lib/thumb/v7e-m/fpv4-sp/hard/libc.a(lib_a-init.o)
 .text          0x00000000000002f0        0x0 /home/odougs/bin/ti/ccsv7/tools/compiler/gcc-arm-none-eabi-6-2017-q1-update/bin/../lib/gcc/arm-none-eabi/6.3.1/../../../../arm-none-eabi/lib/thumb/v7e-m/fpv4-sp/hard/libc.a(lib_a-malloc.o)
 .text          0x00000000000002f0        0x0 /home/odougs/bin/ti/ccsv7/tools/compiler/gcc-arm-none-eabi-6-2017-q1-update/bin/../lib/gcc/arm-none-eabi/6.3.1/../../../../arm-none-eabi/lib/thumb/v7e-m/fpv4-sp/hard/libc.a(lib_a-mallocr.o)
 .text          0x00000000000002f0      0x134 /home/odougs/bin/ti/ccsv7/tools/compiler/gcc-arm-none-eabi-6-2017-q1-update/bin/../lib/gcc/arm-none-eabi/6.3.1/../../../../arm-none-eabi/lib/thumb/v7e-m/fpv4-sp/hard/libc.a(lib_a-memcpy.o)
                0x00000000000002f0                memcpy
 .text          0x0000000000000424        0x0 /home/odougs/bin/ti/ccsv7/tools/compiler/gcc-arm-none-eabi-6-2017-q1-update/bin/../lib/gcc/arm-none-eabi/6.3.1/../../../../arm-none-eabi/lib/thumb/v7e-m/fpv4-sp/hard/libc.a(lib_a-memset.o)
 .text          0x0000000000000424        0x0 /home/odougs/bin/ti/ccsv7/tools/compiler/gcc-arm-none-eabi-6-2017-q1-update/bin/../lib/gcc/arm-none-eabi/6.3.1/../../../../arm-none-eabi/lib/thumb/v7e-m/fpv4-sp/hard/libc.a(lib_a-mlock.o)
 .text          0x0000000000000424        0x0 /home/odougs/bin/ti/ccsv7/tools/compiler/gcc-arm-none-eabi-6-2017-q1-update/bin/../lib/gcc/arm-none-eabi/6.3.1/../../../../arm-none-eabi/lib/thumb/v7e-m/fpv4-sp/hard/libc.a(lib_a-sbrkr.o)
 .text          0x0000000000000424        0x0 /home/odougs/bin/ti/ccsv7/tools/compiler/gcc-arm-none-eabi-6-2017-q1-update/bin/../lib/gcc/arm-none-eabi/6.3.1/../../../../arm-none-eabi/lib/thumb/v7e-m/fpv4-sp/hard/libc.a(lib_a-__call_atexit.o)
 .text          0x0000000000000424        0x0 /home/odougs/bin/ti/ccsv7/tools/compiler/gcc-arm-none-eabi-6-2017-q1-update/bin/../lib/gcc/arm-none-eabi/6.3.1/../../../../arm-none-eabi/lib/thumb/v7e-m/fpv4-sp/hard/libc.a(lib_a-atexit.o)
 .text          0x0000000000000424        0x0 /home/odougs/bin/ti/ccsv7/tools/compiler/gcc-arm-none-eabi-6-2017-q1-update/bin/../lib/gcc/arm-none-eabi/6.3.1/../../../../arm-none-eabi/lib/thumb/v7e-m/fpv4-sp/hard/libc.a(lib_a-fini.o)
 .text          0x0000000000000424        0x0 /home/odougs/bin/ti/ccsv7/tools/compiler/gcc-arm-none-eabi-6-2017-q1-update/bin/../lib/gcc/arm-none-eabi/6.3.1/../../../../arm-none-eabi/lib/thumb/v7e-m/fpv4-sp/hard/libc.a(lib_a-freer.o)
 .text          0x0000000000000424        0x0 /home/odougs/bin/ti/ccsv7/tools/compiler/gcc-arm-none-eabi-6-2017-q1-update/bin/../lib/gcc/arm-none-eabi/6.3.1/../../../../arm-none-eabi/lib/thumb/v7e-m/fpv4-sp/hard/libc.a(lib_a-lock.o)
 .text          0x0000000000000424        0x0 /home/odougs/bin/ti/ccsv7/tools/compiler/gcc-arm-none-eabi-6-2017-q1-update/bin/../lib/gcc/arm-none-eabi/6.3.1/../../../../arm-none-eabi/lib/thumb/v7e-m/fpv4-sp/hard/libc.a(lib_a-reent.o)
 .text          0x0000000000000424        0x0 /home/odougs/bin/ti/ccsv7/tools/compiler/gcc-arm-none-eabi-6-2017-q1-update/bin/../lib/gcc/arm-none-eabi/6.3.1/../../../../arm-none-eabi/lib/thumb/v7e-m/fpv4-sp/hard/libc.a(lib_a-__atexit.o)
 .text          0x0000000000000424        0x0 /mnt/storage/project/2kwMotorController/firmware/Tivaware/driverlib/gcc/libdriver.a(adc.o)
 .text          0x0000000000000424        0x0 /mnt/storage/project/2kwMotorController/firmware/Tivaware/driverlib/gcc/libdriver.a(can.o)
 .text          0x0000000000000424        0x0 /mnt/storage/project/2kwMotorController/firmware/Tivaware/driverlib/gcc/libdriver.a(gpio.o)
 .text          0x0000000000000424        0x0 /mnt/storage/project/2kwMotorController/firmware/Tivaware/driverlib/gcc/libdriver.a(interrupt.o)
 .text          0x0000000000000424        0x0 /mnt/storage/project/2kwMotorController/firmware/Tivaware/driverlib/gcc/libdriver.a(pwm.o)
 .text          0x0000000000000424        0x0 /mnt/storage/project/2kwMotorController/firmware/Tivaware/driverlib/gcc/libdriver.a(qei.o)
 .text          0x0000000000000424        0x0 /mnt/storage/project/2kwMotorController/firmware/Tivaware/driverlib/gcc/libdriver.a(sysctl.o)
 .text          0x0000000000000424        0x0 /mnt/storage/project/2kwMotorController/firmware/Tivaware/driverlib/gcc/libdriver.a(timer.o)
 .text          0x0000000000000424        0x0 /mnt/storage/project/2kwMotorController/firmware/Tivaware/driverlib/gcc/libdriver.a(uart.o)
 .text          0x0000000000000424        0x0 /mnt/storage/project/2kwMotorController/firmware/Tivaware/driverlib/gcc/libdriver.a(udma.o)
 .text          0x0000000000000424        0x0 /mnt/storage/project/2kwMotorController/firmware/Tivaware/driverlib/gcc/libdriver.a(cpu.o)
 .text          0x0000000000000424        0x0 /home/odougs/bin/ti/ccsv7/tools/compiler/gcc-arm-none-eabi-6-2017-q1-update/bin/../lib/gcc/arm-none-eabi/6.3.1/../../../../arm-none-eabi/lib/thumb/v7e-m/fpv4-sp/hard/libnosys.a(sbrk.o)
 .text          0x0000000000000424        0x0 /home/odougs/bin/ti/ccsv7/tools/compiler/gcc-arm-none-eabi-6-2017-q1-update/bin/../lib/gcc/arm-none-eabi/6.3.1/../../../../arm-none-eabi/lib/thumb/v7e-m/fpv4-sp/hard/libnosys.a(_exit.o)
 .text          0x0000000000000424        0x0 /home/odougs/bin/ti/ccsv7/tools/compiler/gcc-arm-none-eabi-6-2017-q1-update/bin/../lib/gcc/arm-none-eabi/6.3.1/thumb/v7e-m/fpv4-sp/hard/crtend.o
 .text          0x0000000000000424        0x0 /home/odougs/bin/ti/ccsv7/tools/compiler/gcc-arm-none-eabi-6-2017-q1-update/bin/../lib/gcc/arm-none-eabi/6.3.1/thumb/v7e-m/fpv4-sp/hard/crtn.o
 *(.text.*)
 .text.NmiSR    0x0000000000000424        0x4 ./startup.o
 .text.HardFault_Handler
                0x0000000000000428       0x18 ./startup.o
 .text.IntDefaultHandler
                0x0000000000000440       0x18 ./startup.o
 .text.ResetISR
                0x0000000000000458       0x58 ./startup.o
                0x0000000000000458                ResetISR
 .text._dummy0  0x00000000000004b0        0x4 ./startup.o
                0x00000000000004b0                _dummy0
 .text.prvGetRegistersFromStack
                0x00000000000004b4       0xcc ./startup.o
                0x00000000000004b4                prvGetRegistersFromStack
 .text.unlikely.xEventGroupSetBits.part.0
                0x0000000000000580       0x58 ./FreeRTOS/event_groups.o
 .text.xEventGroupGenericCreate
                0x00000000000005d8       0x24 ./FreeRTOS/event_groups.o
                0x00000000000005d8                xEventGroupGenericCreate
 .text.xEventGroupWaitBits
                0x00000000000005fc       0xf4 ./FreeRTOS/event_groups.o
                0x00000000000005fc                xEventGroupWaitBits
 .text.xEventGroupClearBits
                0x00000000000006f0       0x48 ./FreeRTOS/event_groups.o
                0x00000000000006f0                xEventGroupClearBits
 .text.xEventGroupGetBitsFromISR
                0x0000000000000738       0x1c ./FreeRTOS/event_groups.o
                0x0000000000000738                xEventGroupGetBitsFromISR
 .text.xEventGroupSetBits
                0x0000000000000754       0x30 ./FreeRTOS/event_groups.o
                0x0000000000000754                xEventGroupSetBits
 .text.xEventGroupSync
                0x0000000000000784       0xb4 ./FreeRTOS/event_groups.o
                0x0000000000000784                xEventGroupSync
 .text.vEventGroupDelete
                0x0000000000000838       0x4c ./FreeRTOS/event_groups.o
                0x0000000000000838                vEventGroupDelete
 .text.vEventGroupSetBitsCallback
                0x0000000000000884       0x30 ./FreeRTOS/event_groups.o
                0x0000000000000884                vEventGroupSetBitsCallback
 .text.vEventGroupClearBitsCallback
                0x00000000000008b4       0x48 ./FreeRTOS/event_groups.o
                0x00000000000008b4                vEventGroupClearBitsCallback
 .text.uxEventGroupGetNumber
                0x00000000000008fc        0x8 ./FreeRTOS/event_groups.o
                0x00000000000008fc                uxEventGroupGetNumber
 .text.pvPortMalloc
                0x0000000000000904       0x58 ./FreeRTOS/heap_1.o
                0x0000000000000904                pvPortMalloc
 .text.vPortFree
                0x000000000000095c       0x18 ./FreeRTOS/heap_1.o
                0x000000000000095c                vPortFree
 .text.vPortInitialiseBlocks
                0x0000000000000974        0xc ./FreeRTOS/heap_1.o
                0x0000000000000974                vPortInitialiseBlocks
 .text.xPortGetFreeHeapSize
                0x0000000000000980       0x10 ./FreeRTOS/heap_1.o
                0x0000000000000980                xPortGetFreeHeapSize
 .text.vListInitialise
                0x0000000000000990       0x18 ./FreeRTOS/list.o
                0x0000000000000990                vListInitialise
 .text.vListInitialiseItem
                0x00000000000009a8        0x8 ./FreeRTOS/list.o
                0x00000000000009a8                vListInitialiseItem
 .text.vListInsertEnd
                0x00000000000009b0       0x20 ./FreeRTOS/list.o
                0x00000000000009b0                vListInsertEnd
 .text.vListInsert
                0x00000000000009d0       0x34 ./FreeRTOS/list.o
                0x00000000000009d0                vListInsert
 .text.uxListRemove
                0x0000000000000a04       0x28 ./FreeRTOS/list.o
                0x0000000000000a04                uxListRemove
 .text.prvTaskExitError
                0x0000000000000a2c       0x30 ./FreeRTOS/port.o
 .text.prvPortStartFirstTask
                0x0000000000000a5c       0x20 ./FreeRTOS/port.o
 .text.vPortEnableVFP
                0x0000000000000a7c       0x14 ./FreeRTOS/port.o
 .text.pxPortInitialiseStack
                0x0000000000000a90       0x2c ./FreeRTOS/port.o
                0x0000000000000a90                pxPortInitialiseStack
 *fill*         0x0000000000000abc        0x4 
 .text.vPortSVCHandler
                0x0000000000000ac0       0x24 ./FreeRTOS/port.o
                0x0000000000000ac0                vPortSVCHandler
 .text.vPortEndScheduler
                0x0000000000000ae4       0x24 ./FreeRTOS/port.o
                0x0000000000000ae4                vPortEndScheduler
 .text.vPortEnterCritical
                0x0000000000000b08       0x44 ./FreeRTOS/port.o
                0x0000000000000b08                vPortEnterCritical
 .text.vPortExitCritical
                0x0000000000000b4c       0x28 ./FreeRTOS/port.o
                0x0000000000000b4c                vPortExitCritical
 *fill*         0x0000000000000b74        0xc 
 .text.xPortPendSVHandler
                0x0000000000000b80       0x64 ./FreeRTOS/port.o
                0x0000000000000b80                xPortPendSVHandler
 .text.xPortSysTickHandler
                0x0000000000000be4       0x2c ./FreeRTOS/port.o
                0x0000000000000be4                xPortSysTickHandler
 .text.vPortSetupTimerInterrupt
                0x0000000000000c10       0x1c ./FreeRTOS/port.o
                0x0000000000000c10                vPortSetupTimerInterrupt
 .text.xPortStartScheduler
                0x0000000000000c2c       0xec ./FreeRTOS/port.o
                0x0000000000000c2c                xPortStartScheduler
 .text.vPortValidateInterruptPriority
                0x0000000000000d18       0x5c ./FreeRTOS/port.o
                0x0000000000000d18                vPortValidateInterruptPriority
 .text.unlikely.prvCopyDataToQueue
                0x0000000000000d74       0x6a ./FreeRTOS/queue.o
 .text.unlikely.prvCopyDataFromQueue
                0x0000000000000dde       0x26 ./FreeRTOS/queue.o
 .text.xQueueGenericReset
                0x0000000000000e04       0x90 ./FreeRTOS/queue.o
                0x0000000000000e04                xQueueGenericReset
 .text.xQueueGenericCreate
                0x0000000000000e94       0x90 ./FreeRTOS/queue.o
                0x0000000000000e94                xQueueGenericCreate
 .text.xQueueGenericSend
                0x0000000000000f24      0x2d8 ./FreeRTOS/queue.o
                0x0000000000000f24                xQueueGenericSend
 .text.xQueueCreateMutex
                0x00000000000011fc       0x7c ./FreeRTOS/queue.o
                0x00000000000011fc                xQueueCreateMutex
 .text.xQueueGiveMutexRecursive
                0x0000000000001278       0x40 ./FreeRTOS/queue.o
                0x0000000000001278                xQueueGiveMutexRecursive
 .text.xQueueGenericSendFromISR
                0x00000000000012b8       0xbc ./FreeRTOS/queue.o
                0x00000000000012b8                xQueueGenericSendFromISR
 .text.xQueueGiveFromISR
                0x0000000000001374       0xa8 ./FreeRTOS/queue.o
                0x0000000000001374                xQueueGiveFromISR
 .text.xQueueGenericReceive
                0x000000000000141c      0x310 ./FreeRTOS/queue.o
                0x000000000000141c                xQueueGenericReceive
 .text.xQueueTakeMutexRecursive
                0x000000000000172c       0x44 ./FreeRTOS/queue.o
                0x000000000000172c                xQueueTakeMutexRecursive
 .text.xQueueReceiveFromISR
                0x0000000000001770       0x94 ./FreeRTOS/queue.o
                0x0000000000001770                xQueueReceiveFromISR
 .text.xQueuePeekFromISR
                0x0000000000001804       0x7c ./FreeRTOS/queue.o
                0x0000000000001804                xQueuePeekFromISR
 .text.uxQueueMessagesWaiting
                0x0000000000001880       0x28 ./FreeRTOS/queue.o
                0x0000000000001880                uxQueueMessagesWaiting
 .text.uxQueueSpacesAvailable
                0x00000000000018a8       0x2c ./FreeRTOS/queue.o
                0x00000000000018a8                uxQueueSpacesAvailable
 .text.uxQueueMessagesWaitingFromISR
                0x00000000000018d4       0x18 ./FreeRTOS/queue.o
                0x00000000000018d4                uxQueueMessagesWaitingFromISR
 .text.vQueueDelete
                0x00000000000018ec       0x98 ./FreeRTOS/queue.o
                0x00000000000018ec                vQueueDelete
 .text.uxQueueGetQueueNumber
                0x0000000000001984        0x4 ./FreeRTOS/queue.o
                0x0000000000001984                uxQueueGetQueueNumber
 .text.vQueueSetQueueNumber
                0x0000000000001988        0x4 ./FreeRTOS/queue.o
                0x0000000000001988                vQueueSetQueueNumber
 .text.ucQueueGetQueueType
                0x000000000000198c        0x8 ./FreeRTOS/queue.o
                0x000000000000198c                ucQueueGetQueueType
 .text.xQueueIsQueueEmptyFromISR
                0x0000000000001994       0x20 ./FreeRTOS/queue.o
                0x0000000000001994                xQueueIsQueueEmptyFromISR
 .text.xQueueIsQueueFullFromISR
                0x00000000000019b4       0x24 ./FreeRTOS/queue.o
                0x00000000000019b4                xQueueIsQueueFullFromISR
 .text.vQueueAddToRegistry
                0x00000000000019d8       0x64 ./FreeRTOS/queue.o
                0x00000000000019d8                vQueueAddToRegistry
 .text.pcQueueGetQueueName
                0x0000000000001a3c       0x74 ./FreeRTOS/queue.o
                0x0000000000001a3c                pcQueueGetQueueName
 .text.vQueueUnregisterQueue
                0x0000000000001ab0       0x78 ./FreeRTOS/queue.o
                0x0000000000001ab0                vQueueUnregisterQueue
 .text.prvAddCurrentTaskToDelayedList
                0x0000000000001b28       0x90 ./FreeRTOS/tasks.o
 .text.xTaskGenericCreate
                0x0000000000001bb8      0x260 ./FreeRTOS/tasks.o
                0x0000000000001bb8                xTaskGenericCreate
 .text.vTaskDelete
                0x0000000000001e18      0x118 ./FreeRTOS/tasks.o
                0x0000000000001e18                vTaskDelete
 .text.eTaskGetState
                0x0000000000001f30       0x7c ./FreeRTOS/tasks.o
                0x0000000000001f30                eTaskGetState
 .text.uxTaskPriorityGet
                0x0000000000001fac       0x28 ./FreeRTOS/tasks.o
                0x0000000000001fac                uxTaskPriorityGet
 .text.uxTaskPriorityGetFromISR
                0x0000000000001fd4       0x38 ./FreeRTOS/tasks.o
                0x0000000000001fd4                uxTaskPriorityGetFromISR
 .text.vTaskPrioritySet
                0x000000000000200c       0xdc ./FreeRTOS/tasks.o
                0x000000000000200c                vTaskPrioritySet
 .text.vTaskResume
                0x00000000000020e8       0xa8 ./FreeRTOS/tasks.o
                0x00000000000020e8                vTaskResume
 .text.xTaskResumeFromISR
                0x0000000000002190       0xc4 ./FreeRTOS/tasks.o
                0x0000000000002190                xTaskResumeFromISR
 .text.vTaskStartScheduler
                0x0000000000002254      0x1cc ./FreeRTOS/tasks.o
                0x0000000000002254                vTaskStartScheduler
 .text.vTaskEndScheduler
                0x0000000000002420       0x20 ./FreeRTOS/tasks.o
                0x0000000000002420                vTaskEndScheduler
 .text.vTaskSuspendAll
                0x0000000000002440       0x10 ./FreeRTOS/tasks.o
                0x0000000000002440                vTaskSuspendAll
 .text.xTaskGetTickCount
                0x0000000000002450        0xc ./FreeRTOS/tasks.o
                0x0000000000002450                xTaskGetTickCount
 .text.xTaskGetTickCountFromISR
                0x000000000000245c       0x10 ./FreeRTOS/tasks.o
                0x000000000000245c                xTaskGetTickCountFromISR
 .text.uxTaskGetNumberOfTasks
                0x000000000000246c        0xc ./FreeRTOS/tasks.o
                0x000000000000246c                uxTaskGetNumberOfTasks
 .text.xTaskIncrementTick
                0x0000000000002478      0x160 ./FreeRTOS/tasks.o
                0x0000000000002478                xTaskIncrementTick
 .text.xTaskResumeAll
                0x00000000000025d8      0x124 ./FreeRTOS/tasks.o
                0x00000000000025d8                xTaskResumeAll
 .text.vTaskDelayUntil
                0x00000000000026fc       0x9c ./FreeRTOS/tasks.o
                0x00000000000026fc                vTaskDelayUntil
 .text.vTaskDelay
                0x0000000000002798       0x4c ./FreeRTOS/tasks.o
                0x0000000000002798                vTaskDelay
 .text.prvIdleTask
                0x00000000000027e4       0x64 ./FreeRTOS/tasks.o
 .text.prvListTasksWithinSingleList.part.6
                0x0000000000002848      0x164 ./FreeRTOS/tasks.o
 .text.uxTaskGetSystemState
                0x00000000000029ac      0x394 ./FreeRTOS/tasks.o
                0x00000000000029ac                uxTaskGetSystemState
 .text.vTaskSwitchContext
                0x0000000000002d40       0xa4 ./FreeRTOS/tasks.o
                0x0000000000002d40                vTaskSwitchContext
 .text.vTaskSuspend
                0x0000000000002de4       0xfc ./FreeRTOS/tasks.o
                0x0000000000002de4                vTaskSuspend
 .text.vTaskPlaceOnEventList
                0x0000000000002ee0       0xa4 ./FreeRTOS/tasks.o
                0x0000000000002ee0                vTaskPlaceOnEventList
 .text.vTaskPlaceOnUnorderedEventList
                0x0000000000002f84       0x58 ./FreeRTOS/tasks.o
                0x0000000000002f84                vTaskPlaceOnUnorderedEventList
 .text.xTaskRemoveFromEventList
                0x0000000000002fdc       0x88 ./FreeRTOS/tasks.o
                0x0000000000002fdc                xTaskRemoveFromEventList
 .text.xTaskRemoveFromUnorderedEventList
                0x0000000000003064       0x90 ./FreeRTOS/tasks.o
                0x0000000000003064                xTaskRemoveFromUnorderedEventList
 .text.vTaskSetTimeOutState
                0x00000000000030f4       0x2c ./FreeRTOS/tasks.o
                0x00000000000030f4                vTaskSetTimeOutState
 .text.xTaskCheckForTimeOut
                0x0000000000003120       0x88 ./FreeRTOS/tasks.o
                0x0000000000003120                xTaskCheckForTimeOut
 .text.vTaskMissedYield
                0x00000000000031a8        0xc ./FreeRTOS/tasks.o
                0x00000000000031a8                vTaskMissedYield
 .text.uxTaskGetTaskNumber
                0x00000000000031b4        0x8 ./FreeRTOS/tasks.o
                0x00000000000031b4                uxTaskGetTaskNumber
 .text.vTaskSetTaskNumber
                0x00000000000031bc        0x8 ./FreeRTOS/tasks.o
                0x00000000000031bc                vTaskSetTaskNumber
 .text.vTaskGetTaskInfo
                0x00000000000031c4      0x108 ./FreeRTOS/tasks.o
                0x00000000000031c4                vTaskGetTaskInfo
 .text.uxTaskGetStackHighWaterMark
                0x00000000000032cc       0x2c ./FreeRTOS/tasks.o
                0x00000000000032cc                uxTaskGetStackHighWaterMark
 .text.xTaskGetCurrentTaskHandle
                0x00000000000032f8        0xc ./FreeRTOS/tasks.o
                0x00000000000032f8                xTaskGetCurrentTaskHandle
 .text.vTaskPriorityInherit
                0x0000000000003304       0x98 ./FreeRTOS/tasks.o
                0x0000000000003304                vTaskPriorityInherit
 .text.xTaskPriorityDisinherit
                0x000000000000339c       0xb4 ./FreeRTOS/tasks.o
                0x000000000000339c                xTaskPriorityDisinherit
 .text.uxTaskResetEventItemValue
                0x0000000000003450       0x18 ./FreeRTOS/tasks.o
                0x0000000000003450                uxTaskResetEventItemValue
 .text.pvTaskIncrementMutexHeldCount
                0x0000000000003468       0x18 ./FreeRTOS/tasks.o
                0x0000000000003468                pvTaskIncrementMutexHeldCount
 .text.ulTaskNotifyTake
                0x0000000000003480       0xdc ./FreeRTOS/tasks.o
                0x0000000000003480                ulTaskNotifyTake
 .text.xTaskNotifyWait
                0x000000000000355c      0x100 ./FreeRTOS/tasks.o
                0x000000000000355c                xTaskNotifyWait
 .text.xTaskGenericNotify
                0x000000000000365c       0xe4 ./FreeRTOS/tasks.o
                0x000000000000365c                xTaskGenericNotify
 .text.xTaskGenericNotifyFromISR
                0x0000000000003740      0x128 ./FreeRTOS/tasks.o
                0x0000000000003740                xTaskGenericNotifyFromISR
 .text.vTaskNotifyGiveFromISR
                0x0000000000003868       0xec ./FreeRTOS/tasks.o
                0x0000000000003868                vTaskNotifyGiveFromISR
 .text.xTaskNotifyStateClear
                0x0000000000003954       0x30 ./FreeRTOS/tasks.o
                0x0000000000003954                xTaskNotifyStateClear
 .text._dummy7  0x0000000000003984        0x4 ./source/can.o
                0x0000000000003984                _dummy7
 .text.can_ISR  0x0000000000003988       0x98 ./source/can.o
                0x0000000000003988                can_ISR
 .text.can_init
                0x0000000000003a20       0x70 ./source/can.o
                0x0000000000003a20                can_init
 .text.can_task_code
                0x0000000000003a90       0x60 ./source/can.o
                0x0000000000003a90                can_task_code
 .text.can_send
                0x0000000000003af0       0x28 ./source/can.o
                0x0000000000003af0                can_send
 .text.can_recv
                0x0000000000003b18       0x1c ./source/can.o
                0x0000000000003b18                can_recv
 .text.pwm_duty_update.constprop.0
                0x0000000000003b34       0x54 ./source/control.o
 .text._dummy4  0x0000000000003b88        0x4 ./source/control.o
                0x0000000000003b88                _dummy4
 .text.pwm_duty_update
                0x0000000000003b8c      0x110 ./source/control.o
                0x0000000000003b8c                pwm_duty_update
 .text.pwm_setup
                0x0000000000003c9c       0xc8 ./source/control.o
                0x0000000000003c9c                pwm_setup
 .text.pid_loop
                0x0000000000003d64       0x3c ./source/control.o
                0x0000000000003d64                pid_loop
 .text.pid_state_reset
                0x0000000000003da0        0x8 ./source/control.o
                0x0000000000003da0                pid_state_reset
 .text.hbridge_soft_start
                0x0000000000003da8       0x28 ./source/control.o
                0x0000000000003da8                hbridge_soft_start
 .text.load_config_regs
                0x0000000000003dd0       0xc8 ./source/control.o
                0x0000000000003dd0                load_config_regs
 .text.control_task_code
                0x0000000000003e98      0x3c0 ./source/control.o
                0x0000000000003e98                control_task_code
 .text._dummy6  0x0000000000004258        0x4 ./source/debug.o
                0x0000000000004258                _dummy6
 .text.led_get  0x000000000000425c       0x2c ./source/debug.o
                0x000000000000425c                led_get
 .text.led_set  0x0000000000004288       0x34 ./source/debug.o
                0x0000000000004288                led_set
 .text.debug_pins_set
                0x00000000000042bc       0x2c ./source/debug.o
                0x00000000000042bc                debug_pins_set
 .text._dummy9  0x00000000000042e8        0x4 ./source/encoder.o
                0x00000000000042e8                _dummy9
 .text.qei_ISR  0x00000000000042ec       0x54 ./source/encoder.o
                0x00000000000042ec                qei_ISR
 .text.encoder_task_code
                0x0000000000004340      0x4ac ./source/encoder.o
                0x0000000000004340                encoder_task_code
 .text.encoder_get_motor_position_rads
                0x00000000000047ec        0xc ./source/encoder.o
                0x00000000000047ec                encoder_get_motor_position_rads
 .text.encoder_get_motor_velocity_rads
                0x00000000000047f8        0xc ./source/encoder.o
                0x00000000000047f8                encoder_get_motor_velocity_rads
 .text.encoder_poll_motor_velocity_rads
                0x0000000000004804       0x20 ./source/encoder.o
                0x0000000000004804                encoder_poll_motor_velocity_rads
 .text.fir_create
                0x0000000000004824       0x44 ./source/fir.o
                0x0000000000004824                fir_create
 .text.fir_do_filter
                0x0000000000004868       0x70 ./source/fir.o
                0x0000000000004868                fir_do_filter
 .text.panic_putc
                0x00000000000048d8        0xc ./source/logger.o
 .text.debug_uart_putc
                0x00000000000048e4       0x5c ./source/logger.o
 .text.debug_uart_ISR
                0x0000000000004940       0x70 ./source/logger.o
 .text._dummy5  0x00000000000049b0        0x4 ./source/logger.o
                0x00000000000049b0                _dummy5
 .text.log_msg  0x00000000000049b4       0x28 ./source/logger.o
                0x00000000000049b4                log_msg
 .text.log_msg_ISR
                0x00000000000049dc       0x24 ./source/logger.o
                0x00000000000049dc                log_msg_ISR
 .text.log_msg_panic
                0x0000000000004a00       0x18 ./source/logger.o
                0x0000000000004a00                log_msg_panic
 .text.logger_task_code
                0x0000000000004a18       0x80 ./source/logger.o
                0x0000000000004a18                logger_task_code
 .text.real_int_from_float
                0x0000000000004a98       0x4c ./source/logger.o
                0x0000000000004a98                real_int_from_float
 .text.led_task_code
                0x0000000000004ae4       0x64 ./source/main.o
                0x0000000000004ae4                led_task_code
 .text.poll_task_code
                0x0000000000004b48       0x34 ./source/main.o
                0x0000000000004b48                poll_task_code
 .text._dummy1  0x0000000000004b7c        0x4 ./source/main.o
                0x0000000000004b7c                _dummy1
 .text.vApplicationStackOverflowHook
                0x0000000000004b80        0x4 ./source/main.o
                0x0000000000004b80                vApplicationStackOverflowHook
 .text.assertion_failed
                0x0000000000004b84       0x1c ./source/main.o
                0x0000000000004b84                assertion_failed
 .text.startup.main
                0x0000000000004ba0      0x1e8 ./source/main.o
                0x0000000000004ba0                main
 .text._dummy8  0x0000000000004d88        0x4 ./source/pinconfig.o
                0x0000000000004d88                _dummy8
 .text.pinconfig
                0x0000000000004d8c      0x284 ./source/pinconfig.o
                0x0000000000004d8c                pinconfig
 .text._dummy3  0x0000000000005010        0x4 ./source/sensors.o
                0x0000000000005010                _dummy3
 .text.adc0_seq0_ISR
                0x0000000000005014       0x68 ./source/sensors.o
                0x0000000000005014                adc0_seq0_ISR
 .text.adc1_seq0_ISR
                0x000000000000507c       0x4c ./source/sensors.o
                0x000000000000507c                adc1_seq0_ISR
 .text.rt_sensor_task_code
                0x00000000000050c8      0x214 ./source/sensors.o
                0x00000000000050c8                rt_sensor_task_code
 .text.ls_sensor_task_code
                0x00000000000052dc       0xb4 ./source/sensors.o
                0x00000000000052dc                ls_sensor_task_code
 .text.sensor_get_motor_current_amps
                0x0000000000005390        0xc ./source/sensors.o
                0x0000000000005390                sensor_get_motor_current_amps
 .text.sensor_get_vbus_volts
                0x000000000000539c        0xc ./source/sensors.o
                0x000000000000539c                sensor_get_vbus_volts
 .text.sensor_get_vbatt_volts
                0x00000000000053a8        0xc ./source/sensors.o
                0x00000000000053a8                sensor_get_vbatt_volts
 .text.sensor_get_motor_temp_celsius
                0x00000000000053b4        0xc ./source/sensors.o
                0x00000000000053b4                sensor_get_motor_temp_celsius
 .text.sensor_get_hbridge_temp_celsius
                0x00000000000053c0        0xc ./source/sensors.o
                0x00000000000053c0                sensor_get_hbridge_temp_celsius
 .text.array_average
                0x00000000000053cc       0x2c ./source/sensors.o
                0x00000000000053cc                array_average
 .text.cmd_set_ref
                0x00000000000053f8        0xc ./source/system.o
 .text.cmd_stop
                0x0000000000005404       0x10 ./source/system.o
 .text.cmd_freewheel
                0x0000000000005414        0xc ./source/system.o
 .text.cmd_set_state
                0x0000000000005420       0x18 ./source/system.o
 .text.cmd_get_config
                0x0000000000005438        0x4 ./source/system.o
 .text.cmd_node_online
                0x000000000000543c       0x1c ./source/system.o
 .text.cmd_read_sensor
                0x0000000000005458       0x2c ./source/system.o
 .text.cmd_get_state
                0x0000000000005484       0x34 ./source/system.o
 .text.cmd_reset
                0x00000000000054b8        0x4 ./source/system.o
 .text.cmd_set_config
                0x00000000000054bc       0x20 ./source/system.o
 .text.invalid_cmd
                0x00000000000054dc        0x4 ./source/system.o
 .text._dummy2  0x00000000000054e0        0x4 ./source/system.o
                0x00000000000054e0                _dummy2
 .text.system_raise_fault
                0x00000000000054e4       0x3c ./source/system.o
                0x00000000000054e4                system_raise_fault
 .text.system_lower_fault
                0x0000000000005520       0x24 ./source/system.o
                0x0000000000005520                system_lower_fault
 .text.system_task_code
                0x0000000000005544       0x40 ./source/system.o
                0x0000000000005544                system_task_code
 .text.system_init_clocks
                0x0000000000005584       0x1c ./source/system.o
                0x0000000000005584                system_init_clocks
 .text.system_get_sysclk_freq
                0x00000000000055a0        0xc ./source/system.o
                0x00000000000055a0                system_get_sysclk_freq
 .text.system_get_node_id
                0x00000000000055ac        0x4 ./source/system.o
                0x00000000000055ac                system_get_node_id
 .text.system_get_control_mode
                0x00000000000055b0        0xc ./source/system.o
                0x00000000000055b0                system_get_control_mode
 .text.system_get_drive_mode
                0x00000000000055bc        0xc ./source/system.o
                0x00000000000055bc                system_get_drive_mode
 .text.system_read_config_reg
                0x00000000000055c8       0x20 ./source/system.o
                0x00000000000055c8                system_read_config_reg
 .text.system_get_control_target
                0x00000000000055e8        0xc ./source/system.o
                0x00000000000055e8                system_get_control_target
 .text.system_get_update_mode
                0x00000000000055f4        0xc ./source/system.o
                0x00000000000055f4                system_get_update_mode
 .text.system_get_state
                0x0000000000005600        0xc ./source/system.o
                0x0000000000005600                system_get_state
 .text.system_get_drive_enabled
                0x000000000000560c        0xc ./source/system.o
                0x000000000000560c                system_get_drive_enabled
 .text.system_get_bus_voltage
                0x0000000000005618        0xc ./source/system.o
                0x0000000000005618                system_get_bus_voltage
 .text.celsius_from_adc_raw
                0x0000000000005624       0x9c ./source/thermistor_lut.o
                0x0000000000005624                celsius_from_adc_raw
 .text.xvprintf
                0x00000000000056c0      0x464 ./source/xprintf.o
 .text.xputc    0x0000000000005b24       0x4c ./source/xprintf.o
                0x0000000000005b24                xputc
 .text.xputs    0x0000000000005b70       0x5c ./source/xprintf.o
                0x0000000000005b70                xputs
 .text.xfputs   0x0000000000005bcc       0x68 ./source/xprintf.o
                0x0000000000005bcc                xfputs
 .text.xprintf  0x0000000000005c34       0x1c ./source/xprintf.o
                0x0000000000005c34                xprintf
 .text.xsprintf
                0x0000000000005c50       0x30 ./source/xprintf.o
                0x0000000000005c50                xsprintf
 .text.xfprintf
                0x0000000000005c80       0x2c ./source/xprintf.o
                0x0000000000005c80                xfprintf
 .text.put_dump
                0x0000000000005cac      0x138 ./source/xprintf.o
                0x0000000000005cac                put_dump
 .text.xgets    0x0000000000005de4       0xf0 ./source/xprintf.o
                0x0000000000005de4                xgets
 .text.xfgets   0x0000000000005ed4       0xf8 ./source/xprintf.o
                0x0000000000005ed4                xfgets
 .text.xatoi    0x0000000000005fcc       0xb8 ./source/xprintf.o
                0x0000000000005fcc                xatoi
 .text.calloc   0x0000000000006084       0x10 /home/odougs/bin/ti/ccsv7/tools/compiler/gcc-arm-none-eabi-6-2017-q1-update/bin/../lib/gcc/arm-none-eabi/6.3.1/../../../../arm-none-eabi/lib/thumb/v7e-m/fpv4-sp/hard/libc.a(lib_a-calloc.o)
                0x0000000000006084                calloc
 .text._calloc_r
                0x0000000000006094       0x60 /home/odougs/bin/ti/ccsv7/tools/compiler/gcc-arm-none-eabi-6-2017-q1-update/bin/../lib/gcc/arm-none-eabi/6.3.1/../../../../arm-none-eabi/lib/thumb/v7e-m/fpv4-sp/hard/libc.a(lib_a-callocr.o)
                0x0000000000006094                _calloc_r
 .text.exit     0x00000000000060f4       0x20 /home/odougs/bin/ti/ccsv7/tools/compiler/gcc-arm-none-eabi-6-2017-q1-update/bin/../lib/gcc/arm-none-eabi/6.3.1/../../../../arm-none-eabi/lib/thumb/v7e-m/fpv4-sp/hard/libc.a(lib_a-exit.o)
                0x00000000000060f4                exit
 .text.__libc_init_array
                0x0000000000006114       0x50 /home/odougs/bin/ti/ccsv7/tools/compiler/gcc-arm-none-eabi-6-2017-q1-update/bin/../lib/gcc/arm-none-eabi/6.3.1/../../../../arm-none-eabi/lib/thumb/v7e-m/fpv4-sp/hard/libc.a(lib_a-init.o)
                0x0000000000006114                __libc_init_array
 .text.malloc   0x0000000000006164       0x10 /home/odougs/bin/ti/ccsv7/tools/compiler/gcc-arm-none-eabi-6-2017-q1-update/bin/../lib/gcc/arm-none-eabi/6.3.1/../../../../arm-none-eabi/lib/thumb/v7e-m/fpv4-sp/hard/libc.a(lib_a-malloc.o)
                0x0000000000006164                malloc
 .text.free     0x0000000000006174       0x10 /home/odougs/bin/ti/ccsv7/tools/compiler/gcc-arm-none-eabi-6-2017-q1-update/bin/../lib/gcc/arm-none-eabi/6.3.1/../../../../arm-none-eabi/lib/thumb/v7e-m/fpv4-sp/hard/libc.a(lib_a-malloc.o)
                0x0000000000006174                free
 .text._malloc_r
                0x0000000000006184      0x560 /home/odougs/bin/ti/ccsv7/tools/compiler/gcc-arm-none-eabi-6-2017-q1-update/bin/../lib/gcc/arm-none-eabi/6.3.1/../../../../arm-none-eabi/lib/thumb/v7e-m/fpv4-sp/hard/libc.a(lib_a-mallocr.o)
                0x0000000000006184                _malloc_r
 .text.memset   0x00000000000066e4       0x9c /home/odougs/bin/ti/ccsv7/tools/compiler/gcc-arm-none-eabi-6-2017-q1-update/bin/../lib/gcc/arm-none-eabi/6.3.1/../../../../arm-none-eabi/lib/thumb/v7e-m/fpv4-sp/hard/libc.a(lib_a-memset.o)
                0x00000000000066e4                memset
 .text.__malloc_lock
                0x0000000000006780        0xc /home/odougs/bin/ti/ccsv7/tools/compiler/gcc-arm-none-eabi-6-2017-q1-update/bin/../lib/gcc/arm-none-eabi/6.3.1/../../../../arm-none-eabi/lib/thumb/v7e-m/fpv4-sp/hard/libc.a(lib_a-mlock.o)
                0x0000000000006780                __malloc_lock
 .text.__malloc_unlock
                0x000000000000678c        0xc /home/odougs/bin/ti/ccsv7/tools/compiler/gcc-arm-none-eabi-6-2017-q1-update/bin/../lib/gcc/arm-none-eabi/6.3.1/../../../../arm-none-eabi/lib/thumb/v7e-m/fpv4-sp/hard/libc.a(lib_a-mlock.o)
                0x000000000000678c                __malloc_unlock
 .text._sbrk_r  0x0000000000006798       0x24 /home/odougs/bin/ti/ccsv7/tools/compiler/gcc-arm-none-eabi-6-2017-q1-update/bin/../lib/gcc/arm-none-eabi/6.3.1/../../../../arm-none-eabi/lib/thumb/v7e-m/fpv4-sp/hard/libc.a(lib_a-sbrkr.o)
                0x0000000000006798                _sbrk_r
 .text.startup.register_fini
                0x00000000000067bc       0x14 /home/odougs/bin/ti/ccsv7/tools/compiler/gcc-arm-none-eabi-6-2017-q1-update/bin/../lib/gcc/arm-none-eabi/6.3.1/../../../../arm-none-eabi/lib/thumb/v7e-m/fpv4-sp/hard/libc.a(lib_a-__call_atexit.o)
 .text.__call_exitprocs
                0x00000000000067d0       0xe8 /home/odougs/bin/ti/ccsv7/tools/compiler/gcc-arm-none-eabi-6-2017-q1-update/bin/../lib/gcc/arm-none-eabi/6.3.1/../../../../arm-none-eabi/lib/thumb/v7e-m/fpv4-sp/hard/libc.a(lib_a-__call_atexit.o)
                0x00000000000067d0                __call_exitprocs
 .text.atexit   0x00000000000068b8        0xc /home/odougs/bin/ti/ccsv7/tools/compiler/gcc-arm-none-eabi-6-2017-q1-update/bin/../lib/gcc/arm-none-eabi/6.3.1/../../../../arm-none-eabi/lib/thumb/v7e-m/fpv4-sp/hard/libc.a(lib_a-atexit.o)
                0x00000000000068b8                atexit
 .text.__libc_fini_array
                0x00000000000068c4       0x34 /home/odougs/bin/ti/ccsv7/tools/compiler/gcc-arm-none-eabi-6-2017-q1-update/bin/../lib/gcc/arm-none-eabi/6.3.1/../../../../arm-none-eabi/lib/thumb/v7e-m/fpv4-sp/hard/libc.a(lib_a-fini.o)
                0x00000000000068c4                __libc_fini_array
 .text._malloc_trim_r
                0x00000000000068f8       0xa0 /home/odougs/bin/ti/ccsv7/tools/compiler/gcc-arm-none-eabi-6-2017-q1-update/bin/../lib/gcc/arm-none-eabi/6.3.1/../../../../arm-none-eabi/lib/thumb/v7e-m/fpv4-sp/hard/libc.a(lib_a-freer.o)
                0x00000000000068f8                _malloc_trim_r
 .text._free_r  0x0000000000006998      0x1cc /home/odougs/bin/ti/ccsv7/tools/compiler/gcc-arm-none-eabi-6-2017-q1-update/bin/../lib/gcc/arm-none-eabi/6.3.1/../../../../arm-none-eabi/lib/thumb/v7e-m/fpv4-sp/hard/libc.a(lib_a-freer.o)
                0x0000000000006998                _free_r
 .text.__retarget_lock_init
                0x0000000000006b64        0x4 /home/odougs/bin/ti/ccsv7/tools/compiler/gcc-arm-none-eabi-6-2017-q1-update/bin/../lib/gcc/arm-none-eabi/6.3.1/../../../../arm-none-eabi/lib/thumb/v7e-m/fpv4-sp/hard/libc.a(lib_a-lock.o)
                0x0000000000006b64                __retarget_lock_init
 .text.__retarget_lock_init_recursive
                0x0000000000006b68        0x4 /home/odougs/bin/ti/ccsv7/tools/compiler/gcc-arm-none-eabi-6-2017-q1-update/bin/../lib/gcc/arm-none-eabi/6.3.1/../../../../arm-none-eabi/lib/thumb/v7e-m/fpv4-sp/hard/libc.a(lib_a-lock.o)
                0x0000000000006b68                __retarget_lock_init_recursive
 .text.__retarget_lock_close
                0x0000000000006b6c        0x4 /home/odougs/bin/ti/ccsv7/tools/compiler/gcc-arm-none-eabi-6-2017-q1-update/bin/../lib/gcc/arm-none-eabi/6.3.1/../../../../arm-none-eabi/lib/thumb/v7e-m/fpv4-sp/hard/libc.a(lib_a-lock.o)
                0x0000000000006b6c                __retarget_lock_close
 .text.__retarget_lock_close_recursive
                0x0000000000006b70        0x4 /home/odougs/bin/ti/ccsv7/tools/compiler/gcc-arm-none-eabi-6-2017-q1-update/bin/../lib/gcc/arm-none-eabi/6.3.1/../../../../arm-none-eabi/lib/thumb/v7e-m/fpv4-sp/hard/libc.a(lib_a-lock.o)
                0x0000000000006b70                __retarget_lock_close_recursive
 .text.__retarget_lock_acquire
                0x0000000000006b74        0x4 /home/odougs/bin/ti/ccsv7/tools/compiler/gcc-arm-none-eabi-6-2017-q1-update/bin/../lib/gcc/arm-none-eabi/6.3.1/../../../../arm-none-eabi/lib/thumb/v7e-m/fpv4-sp/hard/libc.a(lib_a-lock.o)
                0x0000000000006b74                __retarget_lock_acquire
 .text.__retarget_lock_acquire_recursive
                0x0000000000006b78        0x4 /home/odougs/bin/ti/ccsv7/tools/compiler/gcc-arm-none-eabi-6-2017-q1-update/bin/../lib/gcc/arm-none-eabi/6.3.1/../../../../arm-none-eabi/lib/thumb/v7e-m/fpv4-sp/hard/libc.a(lib_a-lock.o)
                0x0000000000006b78                __retarget_lock_acquire_recursive
 .text.__retarget_lock_try_acquire
                0x0000000000006b7c        0x4 /home/odougs/bin/ti/ccsv7/tools/compiler/gcc-arm-none-eabi-6-2017-q1-update/bin/../lib/gcc/arm-none-eabi/6.3.1/../../../../arm-none-eabi/lib/thumb/v7e-m/fpv4-sp/hard/libc.a(lib_a-lock.o)
                0x0000000000006b7c                __retarget_lock_try_acquire
 .text.__retarget_lock_try_acquire_recursive
                0x0000000000006b80        0x4 /home/odougs/bin/ti/ccsv7/tools/compiler/gcc-arm-none-eabi-6-2017-q1-update/bin/../lib/gcc/arm-none-eabi/6.3.1/../../../../arm-none-eabi/lib/thumb/v7e-m/fpv4-sp/hard/libc.a(lib_a-lock.o)
                0x0000000000006b80                __retarget_lock_try_acquire_recursive
 .text.__retarget_lock_release
                0x0000000000006b84        0x4 /home/odougs/bin/ti/ccsv7/tools/compiler/gcc-arm-none-eabi-6-2017-q1-update/bin/../lib/gcc/arm-none-eabi/6.3.1/../../../../arm-none-eabi/lib/thumb/v7e-m/fpv4-sp/hard/libc.a(lib_a-lock.o)
                0x0000000000006b84                __retarget_lock_release
 .text.__retarget_lock_release_recursive
                0x0000000000006b88        0x4 /home/odougs/bin/ti/ccsv7/tools/compiler/gcc-arm-none-eabi-6-2017-q1-update/bin/../lib/gcc/arm-none-eabi/6.3.1/../../../../arm-none-eabi/lib/thumb/v7e-m/fpv4-sp/hard/libc.a(lib_a-lock.o)
                0x0000000000006b88                __retarget_lock_release_recursive
 .text.cleanup_glue
                0x0000000000006b8c       0x1c /home/odougs/bin/ti/ccsv7/tools/compiler/gcc-arm-none-eabi-6-2017-q1-update/bin/../lib/gcc/arm-none-eabi/6.3.1/../../../../arm-none-eabi/lib/thumb/v7e-m/fpv4-sp/hard/libc.a(lib_a-reent.o)
                0x0000000000006b8c                cleanup_glue
 .text._reclaim_reent
                0x0000000000006ba8       0x88 /home/odougs/bin/ti/ccsv7/tools/compiler/gcc-arm-none-eabi-6-2017-q1-update/bin/../lib/gcc/arm-none-eabi/6.3.1/../../../../arm-none-eabi/lib/thumb/v7e-m/fpv4-sp/hard/libc.a(lib_a-reent.o)
                0x0000000000006ba8                _reclaim_reent
 .text.__register_exitproc
                0x0000000000006c30       0xc4 /home/odougs/bin/ti/ccsv7/tools/compiler/gcc-arm-none-eabi-6-2017-q1-update/bin/../lib/gcc/arm-none-eabi/6.3.1/../../../../arm-none-eabi/lib/thumb/v7e-m/fpv4-sp/hard/libc.a(lib_a-__atexit.o)
                0x0000000000006c30                __register_exitproc
 .text._ADCIntNumberGet
                0x0000000000006cf4       0x54 /mnt/storage/project/2kwMotorController/firmware/Tivaware/driverlib/gcc/libdriver.a(adc.o)
 .text.ADCIntRegister
                0x0000000000006d48       0x1a /mnt/storage/project/2kwMotorController/firmware/Tivaware/driverlib/gcc/libdriver.a(adc.o)
                0x0000000000006d48                ADCIntRegister
 .text.ADCIntUnregister
                0x0000000000006d62       0x16 /mnt/storage/project/2kwMotorController/firmware/Tivaware/driverlib/gcc/libdriver.a(adc.o)
                0x0000000000006d62                ADCIntUnregister
 .text.ADCIntDisable
                0x0000000000006d78       0x10 /mnt/storage/project/2kwMotorController/firmware/Tivaware/driverlib/gcc/libdriver.a(adc.o)
                0x0000000000006d78                ADCIntDisable
 .text.ADCIntEnable
                0x0000000000006d88       0x10 /mnt/storage/project/2kwMotorController/firmware/Tivaware/driverlib/gcc/libdriver.a(adc.o)
                0x0000000000006d88                ADCIntEnable
 .text.ADCIntStatus
                0x0000000000006d98       0x34 /mnt/storage/project/2kwMotorController/firmware/Tivaware/driverlib/gcc/libdriver.a(adc.o)
                0x0000000000006d98                ADCIntStatus
 .text.ADCIntClear
                0x0000000000006dcc        0xa /mnt/storage/project/2kwMotorController/firmware/Tivaware/driverlib/gcc/libdriver.a(adc.o)
                0x0000000000006dcc                ADCIntClear
 .text.ADCSequenceEnable
                0x0000000000006dd6        0xe /mnt/storage/project/2kwMotorController/firmware/Tivaware/driverlib/gcc/libdriver.a(adc.o)
                0x0000000000006dd6                ADCSequenceEnable
 .text.ADCSequenceDisable
                0x0000000000006de4       0x10 /mnt/storage/project/2kwMotorController/firmware/Tivaware/driverlib/gcc/libdriver.a(adc.o)
                0x0000000000006de4                ADCSequenceDisable
 .text.ADCSequenceConfigure
                0x0000000000006df4       0x54 /mnt/storage/project/2kwMotorController/firmware/Tivaware/driverlib/gcc/libdriver.a(adc.o)
                0x0000000000006df4                ADCSequenceConfigure
 .text.ADCSequenceStepConfigure
                0x0000000000006e48       0x84 /mnt/storage/project/2kwMotorController/firmware/Tivaware/driverlib/gcc/libdriver.a(adc.o)
                0x0000000000006e48                ADCSequenceStepConfigure
 .text.ADCSequenceOverflow
                0x0000000000006ecc        0xc /mnt/storage/project/2kwMotorController/firmware/Tivaware/driverlib/gcc/libdriver.a(adc.o)
                0x0000000000006ecc                ADCSequenceOverflow
 .text.ADCSequenceOverflowClear
                0x0000000000006ed8        0xa /mnt/storage/project/2kwMotorController/firmware/Tivaware/driverlib/gcc/libdriver.a(adc.o)
                0x0000000000006ed8                ADCSequenceOverflowClear
 .text.ADCSequenceUnderflow
                0x0000000000006ee2        0xc /mnt/storage/project/2kwMotorController/firmware/Tivaware/driverlib/gcc/libdriver.a(adc.o)
                0x0000000000006ee2                ADCSequenceUnderflow
 .text.ADCSequenceUnderflowClear
                0x0000000000006eee        0xa /mnt/storage/project/2kwMotorController/firmware/Tivaware/driverlib/gcc/libdriver.a(adc.o)
                0x0000000000006eee                ADCSequenceUnderflowClear
 .text.ADCSequenceDataGet
                0x0000000000006ef8       0x1e /mnt/storage/project/2kwMotorController/firmware/Tivaware/driverlib/gcc/libdriver.a(adc.o)
                0x0000000000006ef8                ADCSequenceDataGet
 .text.ADCProcessorTrigger
                0x0000000000006f16       0x18 /mnt/storage/project/2kwMotorController/firmware/Tivaware/driverlib/gcc/libdriver.a(adc.o)
                0x0000000000006f16                ADCProcessorTrigger
 *fill*         0x0000000000006f2e        0x2 
 .text.ADCSoftwareOversampleConfigure
                0x0000000000006f30       0x28 /mnt/storage/project/2kwMotorController/firmware/Tivaware/driverlib/gcc/libdriver.a(adc.o)
                0x0000000000006f30                ADCSoftwareOversampleConfigure
 .text.ADCSoftwareOversampleStepConfigure
                0x0000000000006f58       0x8c /mnt/storage/project/2kwMotorController/firmware/Tivaware/driverlib/gcc/libdriver.a(adc.o)
                0x0000000000006f58                ADCSoftwareOversampleStepConfigure
 .text.ADCSoftwareOversampleDataGet
                0x0000000000006fe4       0x48 /mnt/storage/project/2kwMotorController/firmware/Tivaware/driverlib/gcc/libdriver.a(adc.o)
                0x0000000000006fe4                ADCSoftwareOversampleDataGet
 .text.ADCHardwareOversampleConfigure
                0x000000000000702c       0x10 /mnt/storage/project/2kwMotorController/firmware/Tivaware/driverlib/gcc/libdriver.a(adc.o)
                0x000000000000702c                ADCHardwareOversampleConfigure
 .text.ADCComparatorConfigure
                0x000000000000703c        0xa /mnt/storage/project/2kwMotorController/firmware/Tivaware/driverlib/gcc/libdriver.a(adc.o)
                0x000000000000703c                ADCComparatorConfigure
 .text.ADCComparatorRegionSet
                0x0000000000007046        0xe /mnt/storage/project/2kwMotorController/firmware/Tivaware/driverlib/gcc/libdriver.a(adc.o)
                0x0000000000007046                ADCComparatorRegionSet
 .text.ADCComparatorReset
                0x0000000000007054       0x1e /mnt/storage/project/2kwMotorController/firmware/Tivaware/driverlib/gcc/libdriver.a(adc.o)
                0x0000000000007054                ADCComparatorReset
 .text.ADCComparatorIntDisable
                0x0000000000007072       0x12 /mnt/storage/project/2kwMotorController/firmware/Tivaware/driverlib/gcc/libdriver.a(adc.o)
                0x0000000000007072                ADCComparatorIntDisable
 .text.ADCComparatorIntEnable
                0x0000000000007084       0x10 /mnt/storage/project/2kwMotorController/firmware/Tivaware/driverlib/gcc/libdriver.a(adc.o)
                0x0000000000007084                ADCComparatorIntEnable
 .text.ADCComparatorIntStatus
                0x0000000000007094        0x4 /mnt/storage/project/2kwMotorController/firmware/Tivaware/driverlib/gcc/libdriver.a(adc.o)
                0x0000000000007094                ADCComparatorIntStatus
 .text.ADCComparatorIntClear
                0x0000000000007098        0x4 /mnt/storage/project/2kwMotorController/firmware/Tivaware/driverlib/gcc/libdriver.a(adc.o)
                0x0000000000007098                ADCComparatorIntClear
 .text.ADCIntDisableEx
                0x000000000000709c        0xa /mnt/storage/project/2kwMotorController/firmware/Tivaware/driverlib/gcc/libdriver.a(adc.o)
                0x000000000000709c                ADCIntDisableEx
 .text.ADCIntEnableEx
                0x00000000000070a6        0x8 /mnt/storage/project/2kwMotorController/firmware/Tivaware/driverlib/gcc/libdriver.a(adc.o)
                0x00000000000070a6                ADCIntEnableEx
 .text.ADCIntStatusEx
                0x00000000000070ae       0x12 /mnt/storage/project/2kwMotorController/firmware/Tivaware/driverlib/gcc/libdriver.a(adc.o)
                0x00000000000070ae                ADCIntStatusEx
 .text.ADCIntClearEx
                0x00000000000070c0        0x4 /mnt/storage/project/2kwMotorController/firmware/Tivaware/driverlib/gcc/libdriver.a(adc.o)
                0x00000000000070c0                ADCIntClearEx
 .text.ADCReferenceSet
                0x00000000000070c4        0xc /mnt/storage/project/2kwMotorController/firmware/Tivaware/driverlib/gcc/libdriver.a(adc.o)
                0x00000000000070c4                ADCReferenceSet
 .text.ADCReferenceGet
                0x00000000000070d0        0x8 /mnt/storage/project/2kwMotorController/firmware/Tivaware/driverlib/gcc/libdriver.a(adc.o)
                0x00000000000070d0                ADCReferenceGet
 .text.ADCPhaseDelaySet
                0x00000000000070d8        0x4 /mnt/storage/project/2kwMotorController/firmware/Tivaware/driverlib/gcc/libdriver.a(adc.o)
                0x00000000000070d8                ADCPhaseDelaySet
 .text.ADCPhaseDelayGet
                0x00000000000070dc        0x4 /mnt/storage/project/2kwMotorController/firmware/Tivaware/driverlib/gcc/libdriver.a(adc.o)
                0x00000000000070dc                ADCPhaseDelayGet
 .text.ADCSequenceDMAEnable
                0x00000000000070e0       0x10 /mnt/storage/project/2kwMotorController/firmware/Tivaware/driverlib/gcc/libdriver.a(adc.o)
                0x00000000000070e0                ADCSequenceDMAEnable
 .text.ADCSequenceDMADisable
                0x00000000000070f0       0x12 /mnt/storage/project/2kwMotorController/firmware/Tivaware/driverlib/gcc/libdriver.a(adc.o)
                0x00000000000070f0                ADCSequenceDMADisable
 .text.ADCBusy  0x0000000000007102        0x8 /mnt/storage/project/2kwMotorController/firmware/Tivaware/driverlib/gcc/libdriver.a(adc.o)
                0x0000000000007102                ADCBusy
 .text.ADCClockConfigSet
                0x000000000000710a       0x18 /mnt/storage/project/2kwMotorController/firmware/Tivaware/driverlib/gcc/libdriver.a(adc.o)
                0x000000000000710a                ADCClockConfigSet
 .text.ADCClockConfigGet
                0x0000000000007122       0x1e /mnt/storage/project/2kwMotorController/firmware/Tivaware/driverlib/gcc/libdriver.a(adc.o)
                0x0000000000007122                ADCClockConfigGet
 .text._CANIntNumberGet
                0x0000000000007140       0x60 /mnt/storage/project/2kwMotorController/firmware/Tivaware/driverlib/gcc/libdriver.a(can.o)
 .text.CANInit  0x00000000000071a0       0x40 /mnt/storage/project/2kwMotorController/firmware/Tivaware/driverlib/gcc/libdriver.a(can.o)
                0x00000000000071a0                CANInit
 .text.CANEnable
                0x00000000000071e0        0xa /mnt/storage/project/2kwMotorController/firmware/Tivaware/driverlib/gcc/libdriver.a(can.o)
                0x00000000000071e0                CANEnable
 .text.CANDisable
                0x00000000000071ea        0xa /mnt/storage/project/2kwMotorController/firmware/Tivaware/driverlib/gcc/libdriver.a(can.o)
                0x00000000000071ea                CANDisable
 .text.CANBitTimingGet
                0x00000000000071f4       0x2e /mnt/storage/project/2kwMotorController/firmware/Tivaware/driverlib/gcc/libdriver.a(can.o)
                0x00000000000071f4                CANBitTimingGet
 *fill*         0x0000000000007222        0x2 
 .text.CANBitRateSet
                0x0000000000007224       0x60 /mnt/storage/project/2kwMotorController/firmware/Tivaware/driverlib/gcc/libdriver.a(can.o)
                0x0000000000007224                CANBitRateSet
 .text.CANBitTimingSet
                0x0000000000007284       0x52 /mnt/storage/project/2kwMotorController/firmware/Tivaware/driverlib/gcc/libdriver.a(can.o)
                0x0000000000007284                CANBitTimingSet
 .text.CANIntRegister
                0x00000000000072d6       0x1a /mnt/storage/project/2kwMotorController/firmware/Tivaware/driverlib/gcc/libdriver.a(can.o)
                0x00000000000072d6                CANIntRegister
 .text.CANIntUnregister
                0x00000000000072f0       0x16 /mnt/storage/project/2kwMotorController/firmware/Tivaware/driverlib/gcc/libdriver.a(can.o)
                0x00000000000072f0                CANIntUnregister
 .text.CANIntEnable
                0x0000000000007306        0x8 /mnt/storage/project/2kwMotorController/firmware/Tivaware/driverlib/gcc/libdriver.a(can.o)
                0x0000000000007306                CANIntEnable
 .text.CANIntDisable
                0x000000000000730e        0xa /mnt/storage/project/2kwMotorController/firmware/Tivaware/driverlib/gcc/libdriver.a(can.o)
                0x000000000000730e                CANIntDisable
 .text.CANIntStatus
                0x0000000000007318       0x1e /mnt/storage/project/2kwMotorController/firmware/Tivaware/driverlib/gcc/libdriver.a(can.o)
                0x0000000000007318                CANIntStatus
 .text.CANIntClear
                0x0000000000007336       0x26 /mnt/storage/project/2kwMotorController/firmware/Tivaware/driverlib/gcc/libdriver.a(can.o)
                0x0000000000007336                CANIntClear
 .text.CANRetrySet
                0x000000000000735c       0x12 /mnt/storage/project/2kwMotorController/firmware/Tivaware/driverlib/gcc/libdriver.a(can.o)
                0x000000000000735c                CANRetrySet
 .text.CANRetryGet
                0x000000000000736e        0xc /mnt/storage/project/2kwMotorController/firmware/Tivaware/driverlib/gcc/libdriver.a(can.o)
                0x000000000000736e                CANRetryGet
 .text.CANStatusGet
                0x000000000000737a       0x3e /mnt/storage/project/2kwMotorController/firmware/Tivaware/driverlib/gcc/libdriver.a(can.o)
                0x000000000000737a                CANStatusGet
 .text.CANErrCntrGet
                0x00000000000073b8       0x12 /mnt/storage/project/2kwMotorController/firmware/Tivaware/driverlib/gcc/libdriver.a(can.o)
                0x00000000000073b8                CANErrCntrGet
 .text.CANMessageSet
                0x00000000000073ca      0x164 /mnt/storage/project/2kwMotorController/firmware/Tivaware/driverlib/gcc/libdriver.a(can.o)
                0x00000000000073ca                CANMessageSet
 .text.CANMessageGet
                0x000000000000752e      0x152 /mnt/storage/project/2kwMotorController/firmware/Tivaware/driverlib/gcc/libdriver.a(can.o)
                0x000000000000752e                CANMessageGet
 .text.CANMessageClear
                0x0000000000007680       0x1a /mnt/storage/project/2kwMotorController/firmware/Tivaware/driverlib/gcc/libdriver.a(can.o)
                0x0000000000007680                CANMessageClear
 *fill*         0x000000000000769a        0x2 
 .text._GPIOIntNumberGet
                0x000000000000769c       0x48 /mnt/storage/project/2kwMotorController/firmware/Tivaware/driverlib/gcc/libdriver.a(gpio.o)
 .text.GPIODirModeSet
                0x00000000000076e4       0x2e /mnt/storage/project/2kwMotorController/firmware/Tivaware/driverlib/gcc/libdriver.a(gpio.o)
                0x00000000000076e4                GPIODirModeSet
 .text.GPIODirModeGet
                0x0000000000007712       0x24 /mnt/storage/project/2kwMotorController/firmware/Tivaware/driverlib/gcc/libdriver.a(gpio.o)
                0x0000000000007712                GPIODirModeGet
 .text.GPIOIntTypeSet
                0x0000000000007736       0x5a /mnt/storage/project/2kwMotorController/firmware/Tivaware/driverlib/gcc/libdriver.a(gpio.o)
                0x0000000000007736                GPIOIntTypeSet
 .text.GPIOIntTypeGet
                0x0000000000007790       0x4a /mnt/storage/project/2kwMotorController/firmware/Tivaware/driverlib/gcc/libdriver.a(gpio.o)
                0x0000000000007790                GPIOIntTypeGet
 .text.GPIOPadConfigSet
                0x00000000000077da      0x130 /mnt/storage/project/2kwMotorController/firmware/Tivaware/driverlib/gcc/libdriver.a(gpio.o)
                0x00000000000077da                GPIOPadConfigSet
 .text.GPIOPadConfigGet
                0x000000000000790a       0xc4 /mnt/storage/project/2kwMotorController/firmware/Tivaware/driverlib/gcc/libdriver.a(gpio.o)
                0x000000000000790a                GPIOPadConfigGet
 .text.GPIOIntEnable
                0x00000000000079ce        0xc /mnt/storage/project/2kwMotorController/firmware/Tivaware/driverlib/gcc/libdriver.a(gpio.o)
                0x00000000000079ce                GPIOIntEnable
 .text.GPIOIntDisable
                0x00000000000079da        0xe /mnt/storage/project/2kwMotorController/firmware/Tivaware/driverlib/gcc/libdriver.a(gpio.o)
                0x00000000000079da                GPIOIntDisable
 .text.GPIOIntStatus
                0x00000000000079e8        0xe /mnt/storage/project/2kwMotorController/firmware/Tivaware/driverlib/gcc/libdriver.a(gpio.o)
                0x00000000000079e8                GPIOIntStatus
 .text.GPIOIntClear
                0x00000000000079f6        0x6 /mnt/storage/project/2kwMotorController/firmware/Tivaware/driverlib/gcc/libdriver.a(gpio.o)
                0x00000000000079f6                GPIOIntClear
 .text.GPIOIntRegister
                0x00000000000079fc       0x1a /mnt/storage/project/2kwMotorController/firmware/Tivaware/driverlib/gcc/libdriver.a(gpio.o)
                0x00000000000079fc                GPIOIntRegister
 .text.GPIOIntUnregister
                0x0000000000007a16       0x16 /mnt/storage/project/2kwMotorController/firmware/Tivaware/driverlib/gcc/libdriver.a(gpio.o)
                0x0000000000007a16                GPIOIntUnregister
 .text.GPIOIntRegisterPin
                0x0000000000007a2c       0x1e /mnt/storage/project/2kwMotorController/firmware/Tivaware/driverlib/gcc/libdriver.a(gpio.o)
                0x0000000000007a2c                GPIOIntRegisterPin
 .text.GPIOIntUnregisterPin
                0x0000000000007a4a       0x1a /mnt/storage/project/2kwMotorController/firmware/Tivaware/driverlib/gcc/libdriver.a(gpio.o)
                0x0000000000007a4a                GPIOIntUnregisterPin
 .text.GPIOPinRead
                0x0000000000007a64        0x6 /mnt/storage/project/2kwMotorController/firmware/Tivaware/driverlib/gcc/libdriver.a(gpio.o)
                0x0000000000007a64                GPIOPinRead
 .text.GPIOPinWrite
                0x0000000000007a6a        0x6 /mnt/storage/project/2kwMotorController/firmware/Tivaware/driverlib/gcc/libdriver.a(gpio.o)
                0x0000000000007a6a                GPIOPinWrite
 .text.GPIOPinTypeADC
                0x0000000000007a70       0x1c /mnt/storage/project/2kwMotorController/firmware/Tivaware/driverlib/gcc/libdriver.a(gpio.o)
                0x0000000000007a70                GPIOPinTypeADC
 .text.GPIOPinTypeCAN
                0x0000000000007a8c       0x1c /mnt/storage/project/2kwMotorController/firmware/Tivaware/driverlib/gcc/libdriver.a(gpio.o)
                0x0000000000007a8c                GPIOPinTypeCAN
 .text.GPIOPinTypeComparator
                0x0000000000007aa8       0x1c /mnt/storage/project/2kwMotorController/firmware/Tivaware/driverlib/gcc/libdriver.a(gpio.o)
                0x0000000000007aa8                GPIOPinTypeComparator
 .text.GPIOPinTypeComparatorOutput
                0x0000000000007ac4       0x1c /mnt/storage/project/2kwMotorController/firmware/Tivaware/driverlib/gcc/libdriver.a(gpio.o)
                0x0000000000007ac4                GPIOPinTypeComparatorOutput
 .text.GPIOPinTypeDIVSCLK
                0x0000000000007ae0       0x1c /mnt/storage/project/2kwMotorController/firmware/Tivaware/driverlib/gcc/libdriver.a(gpio.o)
                0x0000000000007ae0                GPIOPinTypeDIVSCLK
 .text.GPIOPinTypeEPI
                0x0000000000007afc       0x1c /mnt/storage/project/2kwMotorController/firmware/Tivaware/driverlib/gcc/libdriver.a(gpio.o)
                0x0000000000007afc                GPIOPinTypeEPI
 .text.GPIOPinTypeEthernetLED
                0x0000000000007b18       0x1c /mnt/storage/project/2kwMotorController/firmware/Tivaware/driverlib/gcc/libdriver.a(gpio.o)
                0x0000000000007b18                GPIOPinTypeEthernetLED
 .text.GPIOPinTypeEthernetMII
                0x0000000000007b34       0x1c /mnt/storage/project/2kwMotorController/firmware/Tivaware/driverlib/gcc/libdriver.a(gpio.o)
                0x0000000000007b34                GPIOPinTypeEthernetMII
 .text.GPIOPinTypeGPIOInput
                0x0000000000007b50       0x1c /mnt/storage/project/2kwMotorController/firmware/Tivaware/driverlib/gcc/libdriver.a(gpio.o)
                0x0000000000007b50                GPIOPinTypeGPIOInput
 .text.GPIOPinTypeGPIOOutput
                0x0000000000007b6c       0x1c /mnt/storage/project/2kwMotorController/firmware/Tivaware/driverlib/gcc/libdriver.a(gpio.o)
                0x0000000000007b6c                GPIOPinTypeGPIOOutput
 .text.GPIOPinTypeGPIOOutputOD
                0x0000000000007b88       0x1c /mnt/storage/project/2kwMotorController/firmware/Tivaware/driverlib/gcc/libdriver.a(gpio.o)
                0x0000000000007b88                GPIOPinTypeGPIOOutputOD
 .text.GPIOPinTypeHibernateRTCCLK
                0x0000000000007ba4       0x1c /mnt/storage/project/2kwMotorController/firmware/Tivaware/driverlib/gcc/libdriver.a(gpio.o)
                0x0000000000007ba4                GPIOPinTypeHibernateRTCCLK
 .text.GPIOPinTypeI2C
                0x0000000000007bc0       0x1c /mnt/storage/project/2kwMotorController/firmware/Tivaware/driverlib/gcc/libdriver.a(gpio.o)
                0x0000000000007bc0                GPIOPinTypeI2C
 .text.GPIOPinTypeI2CSCL
                0x0000000000007bdc       0x1c /mnt/storage/project/2kwMotorController/firmware/Tivaware/driverlib/gcc/libdriver.a(gpio.o)
                0x0000000000007bdc                GPIOPinTypeI2CSCL
 .text.GPIOPinTypeLCD
                0x0000000000007bf8       0x1c /mnt/storage/project/2kwMotorController/firmware/Tivaware/driverlib/gcc/libdriver.a(gpio.o)
                0x0000000000007bf8                GPIOPinTypeLCD
 .text.GPIOPinTypeOneWire
                0x0000000000007c14       0x1c /mnt/storage/project/2kwMotorController/firmware/Tivaware/driverlib/gcc/libdriver.a(gpio.o)
                0x0000000000007c14                GPIOPinTypeOneWire
 .text.GPIOPinTypePWM
                0x0000000000007c30       0x1c /mnt/storage/project/2kwMotorController/firmware/Tivaware/driverlib/gcc/libdriver.a(gpio.o)
                0x0000000000007c30                GPIOPinTypePWM
 .text.GPIOPinTypeQEI
                0x0000000000007c4c       0x1c /mnt/storage/project/2kwMotorController/firmware/Tivaware/driverlib/gcc/libdriver.a(gpio.o)
                0x0000000000007c4c                GPIOPinTypeQEI
 .text.GPIOPinTypeSSI
                0x0000000000007c68       0x1c /mnt/storage/project/2kwMotorController/firmware/Tivaware/driverlib/gcc/libdriver.a(gpio.o)
                0x0000000000007c68                GPIOPinTypeSSI
 .text.GPIOPinTypeTimer
                0x0000000000007c84       0x1c /mnt/storage/project/2kwMotorController/firmware/Tivaware/driverlib/gcc/libdriver.a(gpio.o)
                0x0000000000007c84                GPIOPinTypeTimer
 .text.GPIOPinTypeTrace
                0x0000000000007ca0       0x1c /mnt/storage/project/2kwMotorController/firmware/Tivaware/driverlib/gcc/libdriver.a(gpio.o)
                0x0000000000007ca0                GPIOPinTypeTrace
 .text.GPIOPinTypeUART
                0x0000000000007cbc       0x1c /mnt/storage/project/2kwMotorController/firmware/Tivaware/driverlib/gcc/libdriver.a(gpio.o)
                0x0000000000007cbc                GPIOPinTypeUART
 .text.GPIOPinTypeUSBAnalog
                0x0000000000007cd8       0x1c /mnt/storage/project/2kwMotorController/firmware/Tivaware/driverlib/gcc/libdriver.a(gpio.o)
                0x0000000000007cd8                GPIOPinTypeUSBAnalog
 .text.GPIOPinTypeUSBDigital
                0x0000000000007cf4       0x1c /mnt/storage/project/2kwMotorController/firmware/Tivaware/driverlib/gcc/libdriver.a(gpio.o)
                0x0000000000007cf4                GPIOPinTypeUSBDigital
 .text.GPIOPinTypeWakeHigh
                0x0000000000007d10       0x1e /mnt/storage/project/2kwMotorController/firmware/Tivaware/driverlib/gcc/libdriver.a(gpio.o)
                0x0000000000007d10                GPIOPinTypeWakeHigh
 .text.GPIOPinTypeWakeLow
                0x0000000000007d2e       0x1e /mnt/storage/project/2kwMotorController/firmware/Tivaware/driverlib/gcc/libdriver.a(gpio.o)
                0x0000000000007d2e                GPIOPinTypeWakeLow
 .text.GPIOPinWakeStatus
                0x0000000000007d4c        0x6 /mnt/storage/project/2kwMotorController/firmware/Tivaware/driverlib/gcc/libdriver.a(gpio.o)
                0x0000000000007d4c                GPIOPinWakeStatus
 *fill*         0x0000000000007d52        0x2 
 .text.GPIOPinConfigure
                0x0000000000007d54       0x4c /mnt/storage/project/2kwMotorController/firmware/Tivaware/driverlib/gcc/libdriver.a(gpio.o)
                0x0000000000007d54                GPIOPinConfigure
 .text.GPIODMATriggerEnable
                0x0000000000007da0        0xc /mnt/storage/project/2kwMotorController/firmware/Tivaware/driverlib/gcc/libdriver.a(gpio.o)
                0x0000000000007da0                GPIODMATriggerEnable
 .text.GPIODMATriggerDisable
                0x0000000000007dac        0xe /mnt/storage/project/2kwMotorController/firmware/Tivaware/driverlib/gcc/libdriver.a(gpio.o)
                0x0000000000007dac                GPIODMATriggerDisable
 .text.GPIOADCTriggerEnable
                0x0000000000007dba        0xc /mnt/storage/project/2kwMotorController/firmware/Tivaware/driverlib/gcc/libdriver.a(gpio.o)
                0x0000000000007dba                GPIOADCTriggerEnable
 .text.GPIOADCTriggerDisable
                0x0000000000007dc6        0xe /mnt/storage/project/2kwMotorController/firmware/Tivaware/driverlib/gcc/libdriver.a(gpio.o)
                0x0000000000007dc6                GPIOADCTriggerDisable
 .text._IntDefaultHandler
                0x0000000000007dd4        0x2 /mnt/storage/project/2kwMotorController/firmware/Tivaware/driverlib/gcc/libdriver.a(interrupt.o)
 .text.IntMasterEnable
                0x0000000000007dd6        0xe /mnt/storage/project/2kwMotorController/firmware/Tivaware/driverlib/gcc/libdriver.a(interrupt.o)
                0x0000000000007dd6                IntMasterEnable
 .text.IntMasterDisable
                0x0000000000007de4        0xe /mnt/storage/project/2kwMotorController/firmware/Tivaware/driverlib/gcc/libdriver.a(interrupt.o)
                0x0000000000007de4                IntMasterDisable
 *fill*         0x0000000000007df2        0x2 
 .text.IntRegister
                0x0000000000007df4       0x34 /mnt/storage/project/2kwMotorController/firmware/Tivaware/driverlib/gcc/libdriver.a(interrupt.o)
                0x0000000000007df4                IntRegister
 .text.IntUnregister
                0x0000000000007e28       0x14 /mnt/storage/project/2kwMotorController/firmware/Tivaware/driverlib/gcc/libdriver.a(interrupt.o)
                0x0000000000007e28                IntUnregister
 .text.IntPriorityGroupingSet
                0x0000000000007e3c       0x1c /mnt/storage/project/2kwMotorController/firmware/Tivaware/driverlib/gcc/libdriver.a(interrupt.o)
                0x0000000000007e3c                IntPriorityGroupingSet
 .text.IntPriorityGroupingGet
                0x0000000000007e58       0x24 /mnt/storage/project/2kwMotorController/firmware/Tivaware/driverlib/gcc/libdriver.a(interrupt.o)
                0x0000000000007e58                IntPriorityGroupingGet
 .text.IntPrioritySet
                0x0000000000007e7c       0x2c /mnt/storage/project/2kwMotorController/firmware/Tivaware/driverlib/gcc/libdriver.a(interrupt.o)
                0x0000000000007e7c                IntPrioritySet
 .text.IntPriorityGet
                0x0000000000007ea8       0x1c /mnt/storage/project/2kwMotorController/firmware/Tivaware/driverlib/gcc/libdriver.a(interrupt.o)
                0x0000000000007ea8                IntPriorityGet
 .text.IntEnable
                0x0000000000007ec4       0x60 /mnt/storage/project/2kwMotorController/firmware/Tivaware/driverlib/gcc/libdriver.a(interrupt.o)
                0x0000000000007ec4                IntEnable
 .text.IntDisable
                0x0000000000007f24       0x60 /mnt/storage/project/2kwMotorController/firmware/Tivaware/driverlib/gcc/libdriver.a(interrupt.o)
                0x0000000000007f24                IntDisable
 .text.IntIsEnabled
                0x0000000000007f84       0x64 /mnt/storage/project/2kwMotorController/firmware/Tivaware/driverlib/gcc/libdriver.a(interrupt.o)
                0x0000000000007f84                IntIsEnabled
 .text.IntPendSet
                0x0000000000007fe8       0x50 /mnt/storage/project/2kwMotorController/firmware/Tivaware/driverlib/gcc/libdriver.a(interrupt.o)
                0x0000000000007fe8                IntPendSet
 .text.IntPendClear
                0x0000000000008038       0x40 /mnt/storage/project/2kwMotorController/firmware/Tivaware/driverlib/gcc/libdriver.a(interrupt.o)
                0x0000000000008038                IntPendClear
 .text.IntPriorityMaskSet
                0x0000000000008078        0x4 /mnt/storage/project/2kwMotorController/firmware/Tivaware/driverlib/gcc/libdriver.a(interrupt.o)
                0x0000000000008078                IntPriorityMaskSet
 .text.IntPriorityMaskGet
                0x000000000000807c        0x4 /mnt/storage/project/2kwMotorController/firmware/Tivaware/driverlib/gcc/libdriver.a(interrupt.o)
                0x000000000000807c                IntPriorityMaskGet
 .text.IntTrigger
                0x0000000000008080        0xc /mnt/storage/project/2kwMotorController/firmware/Tivaware/driverlib/gcc/libdriver.a(interrupt.o)
                0x0000000000008080                IntTrigger
 .text._PWMGenIntNumberGet
                0x000000000000808c      0x104 /mnt/storage/project/2kwMotorController/firmware/Tivaware/driverlib/gcc/libdriver.a(pwm.o)
 .text._PWMFaultIntNumberGet
                0x0000000000008190       0x48 /mnt/storage/project/2kwMotorController/firmware/Tivaware/driverlib/gcc/libdriver.a(pwm.o)
 .text.PWMGenConfigure
                0x00000000000081d8       0x30 /mnt/storage/project/2kwMotorController/firmware/Tivaware/driverlib/gcc/libdriver.a(pwm.o)
                0x00000000000081d8                PWMGenConfigure
 .text.PWMGenPeriodSet
                0x0000000000008208       0x12 /mnt/storage/project/2kwMotorController/firmware/Tivaware/driverlib/gcc/libdriver.a(pwm.o)
                0x0000000000008208                PWMGenPeriodSet
 .text.PWMGenPeriodGet
                0x000000000000821a       0x12 /mnt/storage/project/2kwMotorController/firmware/Tivaware/driverlib/gcc/libdriver.a(pwm.o)
                0x000000000000821a                PWMGenPeriodGet
 .text.PWMGenEnable
                0x000000000000822c        0xa /mnt/storage/project/2kwMotorController/firmware/Tivaware/driverlib/gcc/libdriver.a(pwm.o)
                0x000000000000822c                PWMGenEnable
 .text.PWMGenDisable
                0x0000000000008236        0xa /mnt/storage/project/2kwMotorController/firmware/Tivaware/driverlib/gcc/libdriver.a(pwm.o)
                0x0000000000008236                PWMGenDisable
 .text.PWMPulseWidthSet
                0x0000000000008240       0x1e /mnt/storage/project/2kwMotorController/firmware/Tivaware/driverlib/gcc/libdriver.a(pwm.o)
                0x0000000000008240                PWMPulseWidthSet
 .text.PWMPulseWidthGet
                0x000000000000825e       0x20 /mnt/storage/project/2kwMotorController/firmware/Tivaware/driverlib/gcc/libdriver.a(pwm.o)
                0x000000000000825e                PWMPulseWidthGet
 .text.PWMDeadBandEnable
                0x000000000000827e       0x10 /mnt/storage/project/2kwMotorController/firmware/Tivaware/driverlib/gcc/libdriver.a(pwm.o)
                0x000000000000827e                PWMDeadBandEnable
 .text.PWMDeadBandDisable
                0x000000000000828e        0xc /mnt/storage/project/2kwMotorController/firmware/Tivaware/driverlib/gcc/libdriver.a(pwm.o)
                0x000000000000828e                PWMDeadBandDisable
 .text.PWMSyncUpdate
                0x000000000000829a        0x4 /mnt/storage/project/2kwMotorController/firmware/Tivaware/driverlib/gcc/libdriver.a(pwm.o)
                0x000000000000829a                PWMSyncUpdate
 .text.PWMSyncTimeBase
                0x000000000000829e        0x4 /mnt/storage/project/2kwMotorController/firmware/Tivaware/driverlib/gcc/libdriver.a(pwm.o)
                0x000000000000829e                PWMSyncTimeBase
 .text.PWMOutputState
                0x00000000000082a2       0x10 /mnt/storage/project/2kwMotorController/firmware/Tivaware/driverlib/gcc/libdriver.a(pwm.o)
                0x00000000000082a2                PWMOutputState
 .text.PWMOutputInvert
                0x00000000000082b2       0x10 /mnt/storage/project/2kwMotorController/firmware/Tivaware/driverlib/gcc/libdriver.a(pwm.o)
                0x00000000000082b2                PWMOutputInvert
 .text.PWMOutputFaultLevel
                0x00000000000082c2       0x10 /mnt/storage/project/2kwMotorController/firmware/Tivaware/driverlib/gcc/libdriver.a(pwm.o)
                0x00000000000082c2                PWMOutputFaultLevel
 .text.PWMOutputFault
                0x00000000000082d2       0x10 /mnt/storage/project/2kwMotorController/firmware/Tivaware/driverlib/gcc/libdriver.a(pwm.o)
                0x00000000000082d2                PWMOutputFault
 .text.PWMGenIntRegister
                0x00000000000082e2       0x1a /mnt/storage/project/2kwMotorController/firmware/Tivaware/driverlib/gcc/libdriver.a(pwm.o)
                0x00000000000082e2                PWMGenIntRegister
 .text.PWMGenIntUnregister
                0x00000000000082fc       0x16 /mnt/storage/project/2kwMotorController/firmware/Tivaware/driverlib/gcc/libdriver.a(pwm.o)
                0x00000000000082fc                PWMGenIntUnregister
 .text.PWMFaultIntRegister
                0x0000000000008312       0x1a /mnt/storage/project/2kwMotorController/firmware/Tivaware/driverlib/gcc/libdriver.a(pwm.o)
                0x0000000000008312                PWMFaultIntRegister
 .text.PWMFaultIntUnregister
                0x000000000000832c       0x16 /mnt/storage/project/2kwMotorController/firmware/Tivaware/driverlib/gcc/libdriver.a(pwm.o)
                0x000000000000832c                PWMFaultIntUnregister
 .text.PWMGenIntTrigEnable
                0x0000000000008342        0xa /mnt/storage/project/2kwMotorController/firmware/Tivaware/driverlib/gcc/libdriver.a(pwm.o)
                0x0000000000008342                PWMGenIntTrigEnable
 .text.PWMGenIntTrigDisable
                0x000000000000834c        0xc /mnt/storage/project/2kwMotorController/firmware/Tivaware/driverlib/gcc/libdriver.a(pwm.o)
                0x000000000000834c                PWMGenIntTrigDisable
 .text.PWMGenIntStatus
                0x0000000000008358        0xc /mnt/storage/project/2kwMotorController/firmware/Tivaware/driverlib/gcc/libdriver.a(pwm.o)
                0x0000000000008358                PWMGenIntStatus
 .text.PWMGenIntClear
                0x0000000000008364        0x6 /mnt/storage/project/2kwMotorController/firmware/Tivaware/driverlib/gcc/libdriver.a(pwm.o)
                0x0000000000008364                PWMGenIntClear
 .text.PWMIntEnable
                0x000000000000836a        0x8 /mnt/storage/project/2kwMotorController/firmware/Tivaware/driverlib/gcc/libdriver.a(pwm.o)
                0x000000000000836a                PWMIntEnable
 .text.PWMIntDisable
                0x0000000000008372        0xa /mnt/storage/project/2kwMotorController/firmware/Tivaware/driverlib/gcc/libdriver.a(pwm.o)
                0x0000000000008372                PWMIntDisable
 .text.PWMFaultIntClear
                0x000000000000837c        0x8 /mnt/storage/project/2kwMotorController/firmware/Tivaware/driverlib/gcc/libdriver.a(pwm.o)
                0x000000000000837c                PWMFaultIntClear
 .text.PWMIntStatus
                0x0000000000008384        0xa /mnt/storage/project/2kwMotorController/firmware/Tivaware/driverlib/gcc/libdriver.a(pwm.o)
                0x0000000000008384                PWMIntStatus
 .text.PWMFaultIntClearExt
                0x000000000000838e        0x4 /mnt/storage/project/2kwMotorController/firmware/Tivaware/driverlib/gcc/libdriver.a(pwm.o)
                0x000000000000838e                PWMFaultIntClearExt
 .text.PWMGenFaultConfigure
                0x0000000000008392       0x18 /mnt/storage/project/2kwMotorController/firmware/Tivaware/driverlib/gcc/libdriver.a(pwm.o)
                0x0000000000008392                PWMGenFaultConfigure
 .text.PWMGenFaultTriggerSet
                0x00000000000083aa        0xc /mnt/storage/project/2kwMotorController/firmware/Tivaware/driverlib/gcc/libdriver.a(pwm.o)
                0x00000000000083aa                PWMGenFaultTriggerSet
 .text.PWMGenFaultTriggerGet
                0x00000000000083b6        0xc /mnt/storage/project/2kwMotorController/firmware/Tivaware/driverlib/gcc/libdriver.a(pwm.o)
                0x00000000000083b6                PWMGenFaultTriggerGet
 .text.PWMGenFaultStatus
                0x00000000000083c2       0x18 /mnt/storage/project/2kwMotorController/firmware/Tivaware/driverlib/gcc/libdriver.a(pwm.o)
                0x00000000000083c2                PWMGenFaultStatus
 .text.PWMGenFaultClear
                0x00000000000083da       0x18 /mnt/storage/project/2kwMotorController/firmware/Tivaware/driverlib/gcc/libdriver.a(pwm.o)
                0x00000000000083da                PWMGenFaultClear
 .text.PWMClockSet
                0x00000000000083f2       0x14 /mnt/storage/project/2kwMotorController/firmware/Tivaware/driverlib/gcc/libdriver.a(pwm.o)
                0x00000000000083f2                PWMClockSet
 .text.PWMClockGet
                0x0000000000008406       0x1a /mnt/storage/project/2kwMotorController/firmware/Tivaware/driverlib/gcc/libdriver.a(pwm.o)
                0x0000000000008406                PWMClockGet
 .text.PWMOutputUpdateMode
                0x0000000000008420       0x30 /mnt/storage/project/2kwMotorController/firmware/Tivaware/driverlib/gcc/libdriver.a(pwm.o)
                0x0000000000008420                PWMOutputUpdateMode
 .text._QEIIntNumberGet
                0x0000000000008450       0x48 /mnt/storage/project/2kwMotorController/firmware/Tivaware/driverlib/gcc/libdriver.a(qei.o)
 .text.QEIEnable
                0x0000000000008498        0xa /mnt/storage/project/2kwMotorController/firmware/Tivaware/driverlib/gcc/libdriver.a(qei.o)
                0x0000000000008498                QEIEnable
 .text.QEIDisable
                0x00000000000084a2        0xa /mnt/storage/project/2kwMotorController/firmware/Tivaware/driverlib/gcc/libdriver.a(qei.o)
                0x00000000000084a2                QEIDisable
 .text.QEIConfigure
                0x00000000000084ac        0xe /mnt/storage/project/2kwMotorController/firmware/Tivaware/driverlib/gcc/libdriver.a(qei.o)
                0x00000000000084ac                QEIConfigure
 .text.QEIPositionGet
                0x00000000000084ba        0x4 /mnt/storage/project/2kwMotorController/firmware/Tivaware/driverlib/gcc/libdriver.a(qei.o)
                0x00000000000084ba                QEIPositionGet
 .text.QEIPositionSet
                0x00000000000084be        0x4 /mnt/storage/project/2kwMotorController/firmware/Tivaware/driverlib/gcc/libdriver.a(qei.o)
                0x00000000000084be                QEIPositionSet
 .text.QEIDirectionGet
                0x00000000000084c2       0x10 /mnt/storage/project/2kwMotorController/firmware/Tivaware/driverlib/gcc/libdriver.a(qei.o)
                0x00000000000084c2                QEIDirectionGet
 .text.QEIErrorGet
                0x00000000000084d2        0x8 /mnt/storage/project/2kwMotorController/firmware/Tivaware/driverlib/gcc/libdriver.a(qei.o)
                0x00000000000084d2                QEIErrorGet
 .text.QEIFilterEnable
                0x00000000000084da        0xa /mnt/storage/project/2kwMotorController/firmware/Tivaware/driverlib/gcc/libdriver.a(qei.o)
                0x00000000000084da                QEIFilterEnable
 .text.QEIFilterDisable
                0x00000000000084e4        0xa /mnt/storage/project/2kwMotorController/firmware/Tivaware/driverlib/gcc/libdriver.a(qei.o)
                0x00000000000084e4                QEIFilterDisable
 .text.QEIFilterConfigure
                0x00000000000084ee        0xc /mnt/storage/project/2kwMotorController/firmware/Tivaware/driverlib/gcc/libdriver.a(qei.o)
                0x00000000000084ee                QEIFilterConfigure
 .text.QEIVelocityEnable
                0x00000000000084fa        0xa /mnt/storage/project/2kwMotorController/firmware/Tivaware/driverlib/gcc/libdriver.a(qei.o)
                0x00000000000084fa                QEIVelocityEnable
 .text.QEIVelocityDisable
                0x0000000000008504        0xa /mnt/storage/project/2kwMotorController/firmware/Tivaware/driverlib/gcc/libdriver.a(qei.o)
                0x0000000000008504                QEIVelocityDisable
 .text.QEIVelocityConfigure
                0x000000000000850e       0x10 /mnt/storage/project/2kwMotorController/firmware/Tivaware/driverlib/gcc/libdriver.a(qei.o)
                0x000000000000850e                QEIVelocityConfigure
 .text.QEIVelocityGet
                0x000000000000851e        0x4 /mnt/storage/project/2kwMotorController/firmware/Tivaware/driverlib/gcc/libdriver.a(qei.o)
                0x000000000000851e                QEIVelocityGet
 .text.QEIIntRegister
                0x0000000000008522       0x1a /mnt/storage/project/2kwMotorController/firmware/Tivaware/driverlib/gcc/libdriver.a(qei.o)
                0x0000000000008522                QEIIntRegister
 .text.QEIIntUnregister
                0x000000000000853c       0x16 /mnt/storage/project/2kwMotorController/firmware/Tivaware/driverlib/gcc/libdriver.a(qei.o)
                0x000000000000853c                QEIIntUnregister
 .text.QEIIntEnable
                0x0000000000008552        0x8 /mnt/storage/project/2kwMotorController/firmware/Tivaware/driverlib/gcc/libdriver.a(qei.o)
                0x0000000000008552                QEIIntEnable
 .text.QEIIntDisable
                0x000000000000855a        0xa /mnt/storage/project/2kwMotorController/firmware/Tivaware/driverlib/gcc/libdriver.a(qei.o)
                0x000000000000855a                QEIIntDisable
 .text.QEIIntStatus
                0x0000000000008564        0xa /mnt/storage/project/2kwMotorController/firmware/Tivaware/driverlib/gcc/libdriver.a(qei.o)
                0x0000000000008564                QEIIntStatus
 .text.QEIIntClear
                0x000000000000856e        0x4 /mnt/storage/project/2kwMotorController/firmware/Tivaware/driverlib/gcc/libdriver.a(qei.o)
                0x000000000000856e                QEIIntClear
 *fill*         0x0000000000008572        0x2 
 .text._SysCtlMemTimingGet
                0x0000000000008574       0x24 /mnt/storage/project/2kwMotorController/firmware/Tivaware/driverlib/gcc/libdriver.a(sysctl.o)
 .text.SysCtlSRAMSizeGet
                0x0000000000008598       0x10 /mnt/storage/project/2kwMotorController/firmware/Tivaware/driverlib/gcc/libdriver.a(sysctl.o)
                0x0000000000008598                SysCtlSRAMSizeGet
 .text.SysCtlFlashSizeGet
                0x00000000000085a8       0x3c /mnt/storage/project/2kwMotorController/firmware/Tivaware/driverlib/gcc/libdriver.a(sysctl.o)
                0x00000000000085a8                SysCtlFlashSizeGet
 .text.SysCtlFlashSectorSizeGet
                0x00000000000085e4       0x38 /mnt/storage/project/2kwMotorController/firmware/Tivaware/driverlib/gcc/libdriver.a(sysctl.o)
                0x00000000000085e4                SysCtlFlashSectorSizeGet
 .text.SysCtlPeripheralPresent
                0x000000000000861c       0x26 /mnt/storage/project/2kwMotorController/firmware/Tivaware/driverlib/gcc/libdriver.a(sysctl.o)
                0x000000000000861c                SysCtlPeripheralPresent
 .text.SysCtlPeripheralReady
                0x0000000000008642       0x26 /mnt/storage/project/2kwMotorController/firmware/Tivaware/driverlib/gcc/libdriver.a(sysctl.o)
                0x0000000000008642                SysCtlPeripheralReady
 .text.SysCtlPeripheralPowerOn
                0x0000000000008668       0x22 /mnt/storage/project/2kwMotorController/firmware/Tivaware/driverlib/gcc/libdriver.a(sysctl.o)
                0x0000000000008668                SysCtlPeripheralPowerOn
 .text.SysCtlPeripheralPowerOff
                0x000000000000868a       0x22 /mnt/storage/project/2kwMotorController/firmware/Tivaware/driverlib/gcc/libdriver.a(sysctl.o)
                0x000000000000868a                SysCtlPeripheralPowerOff
 .text.SysCtlPeripheralReset
                0x00000000000086ac       0x3a /mnt/storage/project/2kwMotorController/firmware/Tivaware/driverlib/gcc/libdriver.a(sysctl.o)
                0x00000000000086ac                SysCtlPeripheralReset
 .text.SysCtlPeripheralEnable
                0x00000000000086e6       0x22 /mnt/storage/project/2kwMotorController/firmware/Tivaware/driverlib/gcc/libdriver.a(sysctl.o)
                0x00000000000086e6                SysCtlPeripheralEnable
 .text.SysCtlPeripheralDisable
                0x0000000000008708       0x22 /mnt/storage/project/2kwMotorController/firmware/Tivaware/driverlib/gcc/libdriver.a(sysctl.o)
                0x0000000000008708                SysCtlPeripheralDisable
 .text.SysCtlPeripheralSleepEnable