Archive member included to satisfy reference by file (symbol)

/home/odougs/bin/ti/ccsv7/tools/compiler/gcc-arm-none-eabi-6-2017-q1-update/bin/../lib/gcc/arm-none-eabi/6.3.1/../../../../arm-none-eabi/lib/thumb/v7e-m/fpv4-sp/hard/libc.a(lib_a-exit.o)
                              /home/odougs/bin/ti/ccsv7/tools/compiler/gcc-arm-none-eabi-6-2017-q1-update/bin/../lib/gcc/arm-none-eabi/6.3.1/../../../../arm-none-eabi/lib/thumb/v7e-m/fpv4-sp/hard/crt0.o (exit)
/home/odougs/bin/ti/ccsv7/tools/compiler/gcc-arm-none-eabi-6-2017-q1-update/bin/../lib/gcc/arm-none-eabi/6.3.1/../../../../arm-none-eabi/lib/thumb/v7e-m/fpv4-sp/hard/libc.a(lib_a-impure.o)
                              /home/odougs/bin/ti/ccsv7/tools/compiler/gcc-arm-none-eabi-6-2017-q1-update/bin/../lib/gcc/arm-none-eabi/6.3.1/../../../../arm-none-eabi/lib/thumb/v7e-m/fpv4-sp/hard/libc.a(lib_a-exit.o) (_global_impure_ptr)
/home/odougs/bin/ti/ccsv7/tools/compiler/gcc-arm-none-eabi-6-2017-q1-update/bin/../lib/gcc/arm-none-eabi/6.3.1/../../../../arm-none-eabi/lib/thumb/v7e-m/fpv4-sp/hard/libc.a(lib_a-init.o)
                              /home/odougs/bin/ti/ccsv7/tools/compiler/gcc-arm-none-eabi-6-2017-q1-update/bin/../lib/gcc/arm-none-eabi/6.3.1/../../../../arm-none-eabi/lib/thumb/v7e-m/fpv4-sp/hard/crt0.o (__libc_init_array)
/home/odougs/bin/ti/ccsv7/tools/compiler/gcc-arm-none-eabi-6-2017-q1-update/bin/../lib/gcc/arm-none-eabi/6.3.1/../../../../arm-none-eabi/lib/thumb/v7e-m/fpv4-sp/hard/libc.a(lib_a-memcpy.o)
                              ./FreeRTOS/queue.o (memcpy)
/home/odougs/bin/ti/ccsv7/tools/compiler/gcc-arm-none-eabi-6-2017-q1-update/bin/../lib/gcc/arm-none-eabi/6.3.1/../../../../arm-none-eabi/lib/thumb/v7e-m/fpv4-sp/hard/libc.a(lib_a-memset.o)
                              /home/odougs/bin/ti/ccsv7/tools/compiler/gcc-arm-none-eabi-6-2017-q1-update/bin/../lib/gcc/arm-none-eabi/6.3.1/../../../../arm-none-eabi/lib/thumb/v7e-m/fpv4-sp/hard/crt0.o (memset)
/home/odougs/bin/ti/ccsv7/tools/compiler/gcc-arm-none-eabi-6-2017-q1-update/bin/../lib/gcc/arm-none-eabi/6.3.1/../../../../arm-none-eabi/lib/thumb/v7e-m/fpv4-sp/hard/libc.a(lib_a-__call_atexit.o)
                              /home/odougs/bin/ti/ccsv7/tools/compiler/gcc-arm-none-eabi-6-2017-q1-update/bin/../lib/gcc/arm-none-eabi/6.3.1/../../../../arm-none-eabi/lib/thumb/v7e-m/fpv4-sp/hard/libc.a(lib_a-exit.o) (__call_exitprocs)
/home/odougs/bin/ti/ccsv7/tools/compiler/gcc-arm-none-eabi-6-2017-q1-update/bin/../lib/gcc/arm-none-eabi/6.3.1/../../../../arm-none-eabi/lib/thumb/v7e-m/fpv4-sp/hard/libc.a(lib_a-atexit.o)
                              /home/odougs/bin/ti/ccsv7/tools/compiler/gcc-arm-none-eabi-6-2017-q1-update/bin/../lib/gcc/arm-none-eabi/6.3.1/../../../../arm-none-eabi/lib/thumb/v7e-m/fpv4-sp/hard/libc.a(lib_a-__call_atexit.o) (atexit)
/home/odougs/bin/ti/ccsv7/tools/compiler/gcc-arm-none-eabi-6-2017-q1-update/bin/../lib/gcc/arm-none-eabi/6.3.1/../../../../arm-none-eabi/lib/thumb/v7e-m/fpv4-sp/hard/libc.a(lib_a-fini.o)
                              /home/odougs/bin/ti/ccsv7/tools/compiler/gcc-arm-none-eabi-6-2017-q1-update/bin/../lib/gcc/arm-none-eabi/6.3.1/../../../../arm-none-eabi/lib/thumb/v7e-m/fpv4-sp/hard/libc.a(lib_a-__call_atexit.o) (__libc_fini_array)
/home/odougs/bin/ti/ccsv7/tools/compiler/gcc-arm-none-eabi-6-2017-q1-update/bin/../lib/gcc/arm-none-eabi/6.3.1/../../../../arm-none-eabi/lib/thumb/v7e-m/fpv4-sp/hard/libc.a(lib_a-lock.o)
                              /home/odougs/bin/ti/ccsv7/tools/compiler/gcc-arm-none-eabi-6-2017-q1-update/bin/../lib/gcc/arm-none-eabi/6.3.1/../../../../arm-none-eabi/lib/thumb/v7e-m/fpv4-sp/hard/libc.a(lib_a-__call_atexit.o) (__retarget_lock_acquire_recursive)
/home/odougs/bin/ti/ccsv7/tools/compiler/gcc-arm-none-eabi-6-2017-q1-update/bin/../lib/gcc/arm-none-eabi/6.3.1/../../../../arm-none-eabi/lib/thumb/v7e-m/fpv4-sp/hard/libc.a(lib_a-__atexit.o)
                              /home/odougs/bin/ti/ccsv7/tools/compiler/gcc-arm-none-eabi-6-2017-q1-update/bin/../lib/gcc/arm-none-eabi/6.3.1/../../../../arm-none-eabi/lib/thumb/v7e-m/fpv4-sp/hard/libc.a(lib_a-atexit.o) (__register_exitproc)
/mnt/storage/project/2kwMotorController/firmware/Tivaware/driverlib/gcc/libdriver.a(adc.o)
                              ./source/sensors.o (ADCIntClear)
/mnt/storage/project/2kwMotorController/firmware/Tivaware/driverlib/gcc/libdriver.a(gpio.o)
                              ./source/pinconfig.o (GPIOPadConfigSet)
/mnt/storage/project/2kwMotorController/firmware/Tivaware/driverlib/gcc/libdriver.a(interrupt.o)
                              /mnt/storage/project/2kwMotorController/firmware/Tivaware/driverlib/gcc/libdriver.a(adc.o) (IntRegister)
/mnt/storage/project/2kwMotorController/firmware/Tivaware/driverlib/gcc/libdriver.a(pwm.o)
                              ./source/control.o (PWMGenConfigure)
/mnt/storage/project/2kwMotorController/firmware/Tivaware/driverlib/gcc/libdriver.a(sysctl.o)
                              ./source/control.o (SysCtlPeripheralEnable)
[...]
Memory Configuration

Name             Origin             Length             Attributes
FLASH            0x0000000000000000 0x0000000000080000 xr
SRAM             0x0000000020000000 0x0000000000040000 xw
*default*        0x0000000000000000 0xffffffffffffffff

Linker script and memory map

LOAD /home/odougs/bin/ti/ccsv7/tools/compiler/gcc-arm-none-eabi-6-2017-q1-update/bin/../lib/gcc/arm-none-eabi/6.3.1/thumb/v7e-m/fpv4-sp/hard/crti.o
LOAD /home/odougs/bin/ti/ccsv7/tools/compiler/gcc-arm-none-eabi-6-2017-q1-update/bin/../lib/gcc/arm-none-eabi/6.3.1/thumb/v7e-m/fpv4-sp/hard/crtbegin.o
LOAD /home/odougs/bin/ti/ccsv7/tools/compiler/gcc-arm-none-eabi-6-2017-q1-update/bin/../lib/gcc/arm-none-eabi/6.3.1/../../../../arm-none-eabi/lib/thumb/v7e-m/fpv4-sp/hard/crt0.o
LOAD ./startup.o
LOAD ./FreeRTOS/event_groups.o
LOAD ./FreeRTOS/heap_1.o
LOAD ./FreeRTOS/list.o
LOAD ./FreeRTOS/port.o
LOAD ./FreeRTOS/queue.o
LOAD ./FreeRTOS/tasks.o
LOAD ./FreeRTOS/timers.o
LOAD ./source/can.o
LOAD ./source/control.o
LOAD ./source/debug.o
LOAD ./source/logger.o
LOAD ./source/main.o
LOAD ./source/pinconfig.o
LOAD ./source/sensors.o
LOAD ./source/system.o
LOAD ./source/xprintf.o
                0x0000000000000000                PROVIDE (_intvecs_base_address, 0x0)

.intvecs        0x0000000000000000      0x208
 *(.intvecs)
 .intvecs       0x0000000000000000      0x208 ./startup.o
                0x0000000000000000                g_pfnVectors
                0x0000000020000000                PROVIDE (_vtable_base_address, 0x20000000)

.vtable
 *(.vtable)

.text           0x0000000000000210     0x8cbc
 CREATE_OBJECT_SYMBOLS
 *(.text)
 .text          0x0000000000000210        0x0 /home/odougs/bin/ti/ccsv7/tools/compiler/gcc-arm-none-eabi-6-2017-q1-update/bin/../lib/gcc/arm-none-eabi/6.3.1/thumb/v7e-m/fpv4-sp/hard/crti.o
 .text          0x0000000000000210       0x6c /home/odougs/bin/ti/ccsv7/tools/compiler/gcc-arm-none-eabi-6-2017-q1-update/bin/../lib/gcc/arm-none-eabi/6.3.1/thumb/v7e-m/fpv4-sp/hard/crtbegin.o
 .text          0x000000000000027c       0x74 /home/odougs/bin/ti/ccsv7/tools/compiler/gcc-arm-none-eabi-6-2017-q1-update/bin/../lib/gcc/arm-none-eabi/6.3.1/../../../../arm-none-eabi/lib/thumb/v7e-m/fpv4-sp/hard/crt0.o
                0x000000000000027c                _mainCRTStartup
                0x000000000000027c                _start
 .text          0x00000000000002f0        0x0 ./startup.o
 .text          0x00000000000002f0        0x0 ./FreeRTOS/event_groups.o
 .text          0x00000000000002f0        0x0 ./FreeRTOS/heap_1.o
 .text          0x00000000000002f0        0x0 ./FreeRTOS/list.o
 .text          0x00000000000002f0        0x0 ./FreeRTOS/port.o
 .text          0x00000000000002f0        0x0 ./FreeRTOS/queue.o
 .text          0x00000000000002f0        0x0 ./FreeRTOS/tasks.o
 .text          0x00000000000002f0        0x0 ./FreeRTOS/timers.o
 .text          0x00000000000002f0        0x0 ./source/can.o
 .text          0x00000000000002f0        0x0 ./source/control.o
 .text          0x00000000000002f0        0x0 ./source/debug.o
 .text          0x00000000000002f0        0x0 ./source/logger.o
 .text          0x00000000000002f0        0x0 ./source/main.o
 .text          0x00000000000002f0        0x0 ./source/pinconfig.o
 .text          0x00000000000002f0        0x0 ./source/sensors.o
 .text          0x00000000000002f0        0x0 ./source/system.o
 .text          0x00000000000002f0        0x0 ./source/xprintf.o
 .text          0x00000000000002f0        0x0 /home/odougs/bin/ti/ccsv7/tools/compiler/gcc-arm-none-eabi-6-2017-q1-update/bin/../lib/gcc/arm-none-eabi/6.3.1/../../../../arm-none-eabi/lib/thumb/v7e-m/fpv4-sp/hard/libc.a(lib_a-exit.o)
 .text          0x00000000000002f0        0x0 /home/odougs/bin/ti/ccsv7/tools/compiler/gcc-arm-none-eabi-6-2017-q1-update/bin/../lib/gcc/arm-none-eabi/6.3.1/../../../../arm-none-eabi/lib/thumb/v7e-m/fpv4-sp/hard/libc.a(lib_a-impure.o)
 .text          0x00000000000002f0        0x0 /home/odougs/bin/ti/ccsv7/tools/compiler/gcc-arm-none-eabi-6-2017-q1-update/bin/../lib/gcc/arm-none-eabi/6.3.1/../../../../arm-none-eabi/lib/thumb/v7e-m/fpv4-sp/hard/libc.a(lib_a-init.o)
 .text          0x00000000000002f0      0x134 /home/odougs/bin/ti/ccsv7/tools/compiler/gcc-arm-none-eabi-6-2017-q1-update/bin/../lib/gcc/arm-none-eabi/6.3.1/../../../../arm-none-eabi/lib/thumb/v7e-m/fpv4-sp/hard/libc.a(lib_a-memcpy.o)
                0x00000000000002f0                memcpy
 .text          0x0000000000000424        0x0 /home/odougs/bin/ti/ccsv7/tools/compiler/gcc-arm-none-eabi-6-2017-q1-update/bin/../lib/gcc/arm-none-eabi/6.3.1/../../../../arm-none-eabi/lib/thumb/v7e-m/fpv4-sp/hard/libc.a(lib_a-memset.o)
 .text          0x0000000000000424        0x0 /home/odougs/bin/ti/ccsv7/tools/compiler/gcc-arm-none-eabi-6-2017-q1-update/bin/../lib/gcc/arm-none-eabi/6.3.1/../../../../arm-none-eabi/lib/thumb/v7e-m/fpv4-sp/hard/libc.a(lib_a-__call_atexit.o)
 .text          0x0000000000000424        0x0 /home/odougs/bin/ti/ccsv7/tools/compiler/gcc-arm-none-eabi-6-2017-q1-update/bin/../lib/gcc/arm-none-eabi/6.3.1/../../../../arm-none-eabi/lib/thumb/v7e-m/fpv4-sp/hard/libc.a(lib_a-atexit.o)
 .text          0x0000000000000424        0x0 /home/odougs/bin/ti/ccsv7/tools/compiler/gcc-arm-none-eabi-6-2017-q1-update/bin/../lib/gcc/arm-none-eabi/6.3.1/../../../../arm-none-eabi/lib/thumb/v7e-m/fpv4-sp/hard/libc.a(lib_a-fini.o)
 .text          0x0000000000000424        0x0 /home/odougs/bin/ti/ccsv7/tools/compiler/gcc-arm-none-eabi-6-2017-q1-update/bin/../lib/gcc/arm-none-eabi/6.3.1/../../../../arm-none-eabi/lib/thumb/v7e-m/fpv4-sp/hard/libc.a(lib_a-lock.o)
 .text          0x0000000000000424        0x0 /home/odougs/bin/ti/ccsv7/tools/compiler/gcc-arm-none-eabi-6-2017-q1-update/bin/../lib/gcc/arm-none-eabi/6.3.1/../../../../arm-none-eabi/lib/thumb/v7e-m/fpv4-sp/hard/libc.a(lib_a-__atexit.o)
 .text          0x0000000000000424        0x0 /mnt/storage/project/2kwMotorController/firmware/Tivaware/driverlib/gcc/libdriver.a(adc.o)
 .text          0x0000000000000424        0x0 /mnt/storage/project/2kwMotorController/firmware/Tivaware/driverlib/gcc/libdriver.a(gpio.o)
 .text          0x0000000000000424        0x0 /mnt/storage/project/2kwMotorController/firmware/Tivaware/driverlib/gcc/libdriver.a(interrupt.o)
 .text          0x0000000000000424        0x0 /mnt/storage/project/2kwMotorController/firmware/Tivaware/driverlib/gcc/libdriver.a(pwm.o)
 .text          0x0000000000000424        0x0 /mnt/storage/project/2kwMotorController/firmware/Tivaware/driverlib/gcc/libdriver.a(sysctl.o)
 .text          0x0000000000000424        0x0 /mnt/storage/project/2kwMotorController/firmware/Tivaware/driverlib/gcc/libdriver.a(timer.o)
 .text          0x0000000000000424        0x0 /mnt/storage/project/2kwMotorController/firmware/Tivaware/driverlib/gcc/libdriver.a(uart.o)
 .text          0x0000000000000424        0x0 /mnt/storage/project/2kwMotorController/firmware/Tivaware/driverlib/gcc/libdriver.a(udma.o)
 .text          0x0000000000000424        0x0 /mnt/storage/project/2kwMotorController/firmware/Tivaware/driverlib/gcc/libdriver.a(cpu.o)
 .text          0x0000000000000424      0x370 /home/odougs/bin/ti/ccsv7/tools/compiler/gcc-arm-none-eabi-6-2017-q1-update/bin/../lib/gcc/arm-none-eabi/6.3.1/thumb/v7e-m/fpv4-sp/hard/libgcc.a(_arm_addsubdf3.o)
                0x0000000000000424                __aeabi_drsub
                0x000000000000042c                __aeabi_dsub
                0x000000000000042c                __subdf3
                0x0000000000000430                __adddf3
                0x0000000000000430                __aeabi_dadd
                0x00000000000006a8                __aeabi_ui2d
                0x00000000000006a8                __floatunsidf
                0x00000000000006c8                __floatsidf
                0x00000000000006c8                __aeabi_i2d
                0x00000000000006ec                __extendsfdf2
                0x00000000000006ec                __aeabi_f2d
                0x0000000000000728                __aeabi_ul2d
                0x0000000000000728                __floatundidf
                0x0000000000000738                __floatdidf
                0x0000000000000738                __aeabi_l2d
 .text          0x0000000000000794      0x424 /home/odougs/bin/ti/ccsv7/tools/compiler/gcc-arm-none-eabi-6-2017-q1-update/bin/../lib/gcc/arm-none-eabi/6.3.1/thumb/v7e-m/fpv4-sp/hard/libgcc.a(_arm_muldivdf3.o)
                0x0000000000000794                __aeabi_dmul
                0x0000000000000794                __muldf3
                0x00000000000009e8                __aeabi_ddiv
                0x00000000000009e8                __divdf3
 .text          0x0000000000000bb8      0x110 /home/odougs/bin/ti/ccsv7/tools/compiler/gcc-arm-none-eabi-6-2017-q1-update/bin/../lib/gcc/arm-none-eabi/6.3.1/thumb/v7e-m/fpv4-sp/hard/libgcc.a(_arm_cmpdf2.o)
                0x0000000000000bb8                __gtdf2
                0x0000000000000bb8                __gedf2
                0x0000000000000bc0                __ltdf2
                0x0000000000000bc0                __ledf2
                0x0000000000000bc8                __cmpdf2
                0x0000000000000bc8                __eqdf2
                0x0000000000000bc8                __nedf2
                0x0000000000000c44                __aeabi_cdrcmple
                0x0000000000000c54                __aeabi_cdcmple
                0x0000000000000c54                __aeabi_cdcmpeq
                0x0000000000000c64                __aeabi_dcmpeq
                0x0000000000000c78                __aeabi_dcmplt
                0x0000000000000c8c                __aeabi_dcmple
                0x0000000000000ca0                __aeabi_dcmpge
                0x0000000000000cb4                __aeabi_dcmpgt
 .text          0x0000000000000cc8       0x40 /home/odougs/bin/ti/ccsv7/tools/compiler/gcc-arm-none-eabi-6-2017-q1-update/bin/../lib/gcc/arm-none-eabi/6.3.1/thumb/v7e-m/fpv4-sp/hard/libgcc.a(_arm_fixunsdfsi.o)
                0x0000000000000cc8                __fixunsdfsi
                0x0000000000000cc8                __aeabi_d2uiz
 .text          0x0000000000000d08       0xa0 /home/odougs/bin/ti/ccsv7/tools/compiler/gcc-arm-none-eabi-6-2017-q1-update/bin/../lib/gcc/arm-none-eabi/6.3.1/thumb/v7e-m/fpv4-sp/hard/libgcc.a(_arm_truncdfsf2.o)
                0x0000000000000d08                __aeabi_d2f
                0x0000000000000d08                __truncdfsf2
 .text          0x0000000000000da8        0x0 /home/odougs/bin/ti/ccsv7/tools/compiler/gcc-arm-none-eabi-6-2017-q1-update/bin/../lib/gcc/arm-none-eabi/6.3.1/../../../../arm-none-eabi/lib/thumb/v7e-m/fpv4-sp/hard/libnosys.a(_exit.o)
 .text          0x0000000000000da8        0x0 /home/odougs/bin/ti/ccsv7/tools/compiler/gcc-arm-none-eabi-6-2017-q1-update/bin/../lib/gcc/arm-none-eabi/6.3.1/thumb/v7e-m/fpv4-sp/hard/crtend.o
 .text          0x0000000000000da8        0x0 /home/odougs/bin/ti/ccsv7/tools/compiler/gcc-arm-none-eabi-6-2017-q1-update/bin/../lib/gcc/arm-none-eabi/6.3.1/thumb/v7e-m/fpv4-sp/hard/crtn.o
 *(.text.*)
 .text._dummy0  0x0000000000000da8        0xe ./startup.o
                0x0000000000000da8                _dummy0
 *fill*         0x0000000000000db6        0x2 
 .text.ResetISR
                0x0000000000000db8       0x6c ./startup.o
                0x0000000000000db8                ResetISR
 .text.NmiSR    0x0000000000000e24        0x6 ./startup.o
 .text.FaultISR
                0x0000000000000e2a        0x6 ./startup.o
 .text.IntDefaultHandler
                0x0000000000000e30        0x6 ./startup.o
 .text.xEventGroupGenericCreate
                0x0000000000000e36       0x3c ./FreeRTOS/event_groups.o
                0x0000000000000e36                xEventGroupGenericCreate
 *fill*         0x0000000000000e72        0x2 
 .text.xEventGroupSync
                0x0000000000000e74      0x124 ./FreeRTOS/event_groups.o
                0x0000000000000e74                xEventGroupSync
 .text.xEventGroupWaitBits
                0x0000000000000f98      0x164 ./FreeRTOS/event_groups.o
                0x0000000000000f98                xEventGroupWaitBits
 .text.xEventGroupClearBits
                0x00000000000010fc       0x6c ./FreeRTOS/event_groups.o
                0x00000000000010fc                xEventGroupClearBits
 .text.xEventGroupGetBitsFromISR
                0x0000000000001168       0x46 ./FreeRTOS/event_groups.o
                0x0000000000001168                xEventGroupGetBitsFromISR
 .text.xEventGroupSetBits
                0x00000000000011ae      0x112 ./FreeRTOS/event_groups.o
                0x00000000000011ae                xEventGroupSetBits
 .text.vEventGroupDelete
                0x00000000000012c0       0x60 ./FreeRTOS/event_groups.o
                0x00000000000012c0                vEventGroupDelete
 .text.vEventGroupSetBitsCallback
                0x0000000000001320       0x1a ./FreeRTOS/event_groups.o
                0x0000000000001320                vEventGroupSetBitsCallback
 .text.vEventGroupClearBitsCallback
                0x000000000000133a       0x1a ./FreeRTOS/event_groups.o
                0x000000000000133a                vEventGroupClearBitsCallback
 .text.prvTestWaitCondition
                0x0000000000001354       0x44 ./FreeRTOS/event_groups.o
 .text.uxEventGroupGetNumber
                0x0000000000001398       0x2c ./FreeRTOS/event_groups.o
                0x0000000000001398                uxEventGroupGetNumber
 .text.pvPortMalloc
                0x00000000000013c4       0x8c ./FreeRTOS/heap_1.o
                0x00000000000013c4                pvPortMalloc
 .text.vPortFree
                0x0000000000001450       0x2e ./FreeRTOS/heap_1.o
                0x0000000000001450                vPortFree
 *fill*         0x000000000000147e        0x2 
 .text.vPortInitialiseBlocks
                0x0000000000001480       0x18 ./FreeRTOS/heap_1.o
                0x0000000000001480                vPortInitialiseBlocks
 .text.xPortGetFreeHeapSize
                0x0000000000001498       0x1c ./FreeRTOS/heap_1.o
                0x0000000000001498                xPortGetFreeHeapSize
 .text.vListInitialise
                0x00000000000014b4       0x40 ./FreeRTOS/list.o
                0x00000000000014b4                vListInitialise
 .text.vListInitialiseItem
                0x00000000000014f4       0x1a ./FreeRTOS/list.o
                0x00000000000014f4                vListInitialiseItem
 .text.vListInsertEnd
                0x000000000000150e       0x48 ./FreeRTOS/list.o
                0x000000000000150e                vListInsertEnd
 .text.vListInsert
                0x0000000000001556       0x72 ./FreeRTOS/list.o
                0x0000000000001556                vListInsert
 .text.uxListRemove
                0x00000000000015c8       0x54 ./FreeRTOS/list.o
                0x00000000000015c8                uxListRemove
 .text.pxPortInitialiseStack
                0x000000000000161c       0x64 ./FreeRTOS/port.o
                0x000000000000161c                pxPortInitialiseStack
 .text.prvTaskExitError
                0x0000000000001680       0x3c ./FreeRTOS/port.o
 *fill*         0x00000000000016bc        0x4 
 .text.vPortSVCHandler
                0x00000000000016c0       0x28 ./FreeRTOS/port.o
                0x00000000000016c0                vPortSVCHandler
 .text.prvPortStartFirstTask
                0x00000000000016e8       0x20 ./FreeRTOS/port.o
 .text.xPortStartScheduler
                0x0000000000001708      0x118 ./FreeRTOS/port.o
                0x0000000000001708                xPortStartScheduler
 .text.vPortEndScheduler
                0x0000000000001820       0x34 ./FreeRTOS/port.o
                0x0000000000001820                vPortEndScheduler
 .text.vPortEnterCritical
                0x0000000000001854       0x5c ./FreeRTOS/port.o
                0x0000000000001854                vPortEnterCritical
 .text.vPortExitCritical
                0x00000000000018b0       0x50 ./FreeRTOS/port.o
                0x00000000000018b0                vPortExitCritical
 .text.xPortPendSVHandler
                0x0000000000001900       0x68 ./FreeRTOS/port.o
                0x0000000000001900                xPortPendSVHandler
 .text.xPortSysTickHandler
                0x0000000000001968       0x40 ./FreeRTOS/port.o
                0x0000000000001968                xPortSysTickHandler
 .text.vPortSetupTimerInterrupt
                0x00000000000019a8       0x28 ./FreeRTOS/port.o
                0x00000000000019a8                vPortSetupTimerInterrupt
 .text.vPortEnableVFP
                0x00000000000019d0       0x14 ./FreeRTOS/port.o
 .text.vPortValidateInterruptPriority
                0x00000000000019e4       0x7c ./FreeRTOS/port.o
                0x00000000000019e4                vPortValidateInterruptPriority
 .text.xQueueGenericReset
                0x0000000000001a60       0xd0 ./FreeRTOS/queue.o
                0x0000000000001a60                xQueueGenericReset
 .text.prvAllocateQueueMemory
                0x0000000000001b30       0x64 ./FreeRTOS/queue.o
 .text.xQueueGenericCreate
                0x0000000000001b94       0x78 ./FreeRTOS/queue.o
                0x0000000000001b94                xQueueGenericCreate
 .text.xQueueCreateMutex
                0x0000000000001c0c       0x54 ./FreeRTOS/queue.o
                0x0000000000001c0c                xQueueCreateMutex
 .text.xQueueGiveMutexRecursive
                0x0000000000001c60       0x66 ./FreeRTOS/queue.o
                0x0000000000001c60                xQueueGiveMutexRecursive
 .text.xQueueTakeMutexRecursive
                0x0000000000001cc6       0x6e ./FreeRTOS/queue.o
                0x0000000000001cc6                xQueueTakeMutexRecursive
 .text.xQueueGenericSend
                0x0000000000001d34      0x1b8 ./FreeRTOS/queue.o
                0x0000000000001d34                xQueueGenericSend
 .text.xQueueGenericSendFromISR
                0x0000000000001eec      0x118 ./FreeRTOS/queue.o
                0x0000000000001eec                xQueueGenericSendFromISR
 .text.xQueueGiveFromISR
                0x0000000000002004      0x100 ./FreeRTOS/queue.o
                0x0000000000002004                xQueueGiveFromISR
 .text.xQueueGenericReceive
                0x0000000000002104      0x1e8 ./FreeRTOS/queue.o
                0x0000000000002104                xQueueGenericReceive
 .text.xQueueReceiveFromISR
                0x00000000000022ec       0xe8 ./FreeRTOS/queue.o
                0x00000000000022ec                xQueueReceiveFromISR
 .text.xQueuePeekFromISR
                0x00000000000023d4       0xca ./FreeRTOS/queue.o
                0x00000000000023d4                xQueuePeekFromISR
 .text.uxQueueMessagesWaiting
                0x000000000000249e       0x3a ./FreeRTOS/queue.o
                0x000000000000249e                uxQueueMessagesWaiting
 .text.uxQueueSpacesAvailable
                0x00000000000024d8       0x44 ./FreeRTOS/queue.o
                0x00000000000024d8                uxQueueSpacesAvailable
 .text.uxQueueMessagesWaitingFromISR
                0x000000000000251c       0x36 ./FreeRTOS/queue.o
                0x000000000000251c                uxQueueMessagesWaitingFromISR
 .text.vQueueDelete
                0x0000000000002552       0x3a ./FreeRTOS/queue.o
                0x0000000000002552                vQueueDelete
 .text.uxQueueGetQueueNumber
                0x000000000000258c       0x18 ./FreeRTOS/queue.o
                0x000000000000258c                uxQueueGetQueueNumber
 .text.vQueueSetQueueNumber
                0x00000000000025a4       0x1c ./FreeRTOS/queue.o
                0x00000000000025a4                vQueueSetQueueNumber
 .text.ucQueueGetQueueType
                0x00000000000025c0       0x1a ./FreeRTOS/queue.o
                0x00000000000025c0                ucQueueGetQueueType
 .text.prvCopyDataToQueue
                0x00000000000025da       0xd6 ./FreeRTOS/queue.o
 .text.prvCopyDataFromQueue
                0x00000000000026b0       0x4c ./FreeRTOS/queue.o
 .text.prvUnlockQueue
                0x00000000000026fc       0x98 ./FreeRTOS/queue.o
 .text.prvIsQueueEmpty
                0x0000000000002794       0x2c ./FreeRTOS/queue.o
 .text.xQueueIsQueueEmptyFromISR
                0x00000000000027c0       0x42 ./FreeRTOS/queue.o
                0x00000000000027c0                xQueueIsQueueEmptyFromISR
 .text.prvIsQueueFull
                0x0000000000002802       0x30 ./FreeRTOS/queue.o
 .text.xQueueIsQueueFullFromISR
                0x0000000000002832       0x46 ./FreeRTOS/queue.o
                0x0000000000002832                xQueueIsQueueFullFromISR
 .text.vQueueAddToRegistry
                0x0000000000002878       0x50 ./FreeRTOS/queue.o
                0x0000000000002878                vQueueAddToRegistry
 .text.pcQueueGetQueueName
                0x00000000000028c8       0x4c ./FreeRTOS/queue.o
                0x00000000000028c8                pcQueueGetQueueName
 .text.vQueueUnregisterQueue
                0x0000000000002914       0x54 ./FreeRTOS/queue.o
                0x0000000000002914                vQueueUnregisterQueue
 .text.xTaskGenericCreate
                0x0000000000002968      0x1a0 ./FreeRTOS/tasks.o
                0x0000000000002968                xTaskGenericCreate
 .text.vTaskDelete
                0x0000000000002b08      0x128 ./FreeRTOS/tasks.o
                0x0000000000002b08                vTaskDelete
 .text.vTaskDelayUntil
                0x0000000000002c30       0xf4 ./FreeRTOS/tasks.o
                0x0000000000002c30                vTaskDelayUntil
 .text.vTaskDelay
                0x0000000000002d24       0x68 ./FreeRTOS/tasks.o
                0x0000000000002d24                vTaskDelay
 .text.eTaskGetState
                0x0000000000002d8c       0xb0 ./FreeRTOS/tasks.o
                0x0000000000002d8c                eTaskGetState
 .text.uxTaskPriorityGet
                0x0000000000002e3c       0x34 ./FreeRTOS/tasks.o
                0x0000000000002e3c                uxTaskPriorityGet
 .text.uxTaskPriorityGetFromISR
                0x0000000000002e70       0x58 ./FreeRTOS/tasks.o
                0x0000000000002e70                uxTaskPriorityGetFromISR
 .text.vTaskPrioritySet
                0x0000000000002ec8      0x15c ./FreeRTOS/tasks.o
                0x0000000000002ec8                vTaskPrioritySet
 .text.vTaskSuspend
                0x0000000000003024      0x110 ./FreeRTOS/tasks.o
                0x0000000000003024                vTaskSuspend
 .text.prvTaskIsTaskSuspended
                0x0000000000003134       0x74 ./FreeRTOS/tasks.o
 .text.vTaskResume
                0x00000000000031a8       0xb8 ./FreeRTOS/tasks.o
                0x00000000000031a8                vTaskResume
 .text.xTaskResumeFromISR
                0x0000000000003260       0xe0 ./FreeRTOS/tasks.o
                0x0000000000003260                xTaskResumeFromISR
 .text.vTaskStartScheduler
                0x0000000000003340       0xa0 ./FreeRTOS/tasks.o
                0x0000000000003340                vTaskStartScheduler
 .text.vTaskEndScheduler
                0x00000000000033e0       0x30 ./FreeRTOS/tasks.o
                0x00000000000033e0                vTaskEndScheduler
 .text.vTaskSuspendAll
                0x0000000000003410       0x1c ./FreeRTOS/tasks.o
                0x0000000000003410                vTaskSuspendAll
 .text.xTaskResumeAll
                0x000000000000342c      0x134 ./FreeRTOS/tasks.o
                0x000000000000342c                xTaskResumeAll
 .text.xTaskGetTickCount
                0x0000000000003560       0x20 ./FreeRTOS/tasks.o
                0x0000000000003560                xTaskGetTickCount
 .text.xTaskGetTickCountFromISR
                0x0000000000003580       0x24 ./FreeRTOS/tasks.o
                0x0000000000003580                xTaskGetTickCountFromISR
 .text.uxTaskGetNumberOfTasks
                0x00000000000035a4       0x18 ./FreeRTOS/tasks.o
                0x00000000000035a4                uxTaskGetNumberOfTasks
 .text.uxTaskGetSystemState
                0x00000000000035bc      0x11c ./FreeRTOS/tasks.o
                0x00000000000035bc                uxTaskGetSystemState
 .text.xTaskIncrementTick
                0x00000000000036d8      0x17c ./FreeRTOS/tasks.o
                0x00000000000036d8                xTaskIncrementTick
 .text.vTaskSwitchContext
                0x0000000000003854      0x100 ./FreeRTOS/tasks.o
                0x0000000000003854                vTaskSwitchContext
 .text.vTaskPlaceOnEventList
                0x0000000000003954       0x48 ./FreeRTOS/tasks.o
                0x0000000000003954                vTaskPlaceOnEventList
 .text.vTaskPlaceOnUnorderedEventList
                0x000000000000399c       0x74 ./FreeRTOS/tasks.o
                0x000000000000399c                vTaskPlaceOnUnorderedEventList
 .text.xTaskRemoveFromEventList
                0x0000000000003a10       0xc4 ./FreeRTOS/tasks.o
                0x0000000000003a10                xTaskRemoveFromEventList
 .text.xTaskRemoveFromUnorderedEventList
                0x0000000000003ad4       0xcc ./FreeRTOS/tasks.o
                0x0000000000003ad4                xTaskRemoveFromUnorderedEventList
 .text.vTaskSetTimeOutState
                0x0000000000003ba0       0x48 ./FreeRTOS/tasks.o
                0x0000000000003ba0                vTaskSetTimeOutState
 .text.xTaskCheckForTimeOut
                0x0000000000003be8       0xbc ./FreeRTOS/tasks.o
                0x0000000000003be8                xTaskCheckForTimeOut
 .text.vTaskMissedYield
                0x0000000000003ca4       0x18 ./FreeRTOS/tasks.o
                0x0000000000003ca4                vTaskMissedYield
 .text.uxTaskGetTaskNumber
                0x0000000000003cbc       0x2c ./FreeRTOS/tasks.o
                0x0000000000003cbc                uxTaskGetTaskNumber
 .text.vTaskSetTaskNumber
                0x0000000000003ce8       0x26 ./FreeRTOS/tasks.o
                0x0000000000003ce8                vTaskSetTaskNumber
 .text.prvIdleTask
                0x0000000000003d0e        0xe ./FreeRTOS/tasks.o
 .text.prvInitialiseTCBVariables
                0x0000000000003d1c       0xa8 ./FreeRTOS/tasks.o
 .text.prvInitialiseTaskLists
                0x0000000000003dc4       0x80 ./FreeRTOS/tasks.o
 .text.prvCheckTasksWaitingTermination
                0x0000000000003e44       0x78 ./FreeRTOS/tasks.o
 .text.prvAllocateTCBAndStack
                0x0000000000003ebc       0x80 ./FreeRTOS/tasks.o
 .text.vTaskGetTaskInfo
                0x0000000000003f3c       0xbc ./FreeRTOS/tasks.o
                0x0000000000003f3c                vTaskGetTaskInfo
 .text.prvListTasksWithinSingleList
                0x0000000000003ff8       0xa4 ./FreeRTOS/tasks.o
 .text.prvTaskCheckFreeStackSpace
                0x000000000000409c       0x38 ./FreeRTOS/tasks.o
 .text.uxTaskGetStackHighWaterMark
                0x00000000000040d4       0x38 ./FreeRTOS/tasks.o
                0x00000000000040d4                uxTaskGetStackHighWaterMark
 .text.prvDeleteTCB
                0x000000000000410c       0x20 ./FreeRTOS/tasks.o
 .text.prvResetNextTaskUnblockTime
                0x000000000000412c       0x4c ./FreeRTOS/tasks.o
 .text.xTaskGetCurrentTaskHandle
                0x0000000000004178       0x20 ./FreeRTOS/tasks.o
                0x0000000000004178                xTaskGetCurrentTaskHandle
 .text.vTaskPriorityInherit
                0x0000000000004198       0xec ./FreeRTOS/tasks.o
                0x0000000000004198                vTaskPriorityInherit
 .text.xTaskPriorityDisinherit
                0x0000000000004284      0x108 ./FreeRTOS/tasks.o
                0x0000000000004284                xTaskPriorityDisinherit
 .text.uxTaskResetEventItemValue
                0x000000000000438c       0x30 ./FreeRTOS/tasks.o
                0x000000000000438c                uxTaskResetEventItemValue
 .text.pvTaskIncrementMutexHeldCount
                0x00000000000043bc       0x28 ./FreeRTOS/tasks.o
                0x00000000000043bc                pvTaskIncrementMutexHeldCount
 .text.ulTaskNotifyTake
                0x00000000000043e4       0x90 ./FreeRTOS/tasks.o
                0x00000000000043e4                ulTaskNotifyTake
 .text.xTaskNotifyWait
                0x0000000000004474       0xb4 ./FreeRTOS/tasks.o
                0x0000000000004474                xTaskNotifyWait
 .text.xTaskGenericNotify
                0x0000000000004528      0x140 ./FreeRTOS/tasks.o
                0x0000000000004528                xTaskGenericNotify
 .text.xTaskGenericNotifyFromISR
                0x0000000000004668      0x18c ./FreeRTOS/tasks.o
                0x0000000000004668                xTaskGenericNotifyFromISR
 .text.vTaskNotifyGiveFromISR
                0x00000000000047f4      0x120 ./FreeRTOS/tasks.o
                0x00000000000047f4                vTaskNotifyGiveFromISR
 .text.xTaskNotifyStateClear
                0x0000000000004914       0x4c ./FreeRTOS/tasks.o
                0x0000000000004914                xTaskNotifyStateClear
 .text.prvAddCurrentTaskToDelayedList
                0x0000000000004960       0xc8 ./FreeRTOS/tasks.o
 .text._dummy7  0x0000000000004a28        0xe ./source/can.o
                0x0000000000004a28                _dummy7
 .text._dummy4  0x0000000000004a36        0xe ./source/control.o
                0x0000000000004a36                _dummy4
 .text.pwm_duty_update
                0x0000000000004a44       0x94 ./source/control.o
                0x0000000000004a44                pwm_duty_update
 .text.hbridge_enabled
                0x0000000000004ad8       0x24 ./source/control.o
 .text.hbridge_connected
                0x0000000000004afc       0x2a ./source/control.o
 *fill*         0x0000000000004b26        0x2 
 .text.hbridge_set_bleeder_duty
                0x0000000000004b28       0xd8 ./source/control.o
 .text.hbridge_soft_start_bypass
                0x0000000000004c00       0x14 ./source/control.o
 .text.pwm_setup
                0x0000000000004c14       0x60 ./source/control.o
                0x0000000000004c14                pwm_setup
 *fill*         0x0000000000004c74        0x4 
 .text.pid_current_loop
                0x0000000000004c78       0x9c ./source/control.o
                0x0000000000004c78                pid_current_loop
 .text.pid_velocity_loop
                0x0000000000004d14       0x20 ./source/control.o
                0x0000000000004d14                pid_velocity_loop
 .text.pid_position_loop
                0x0000000000004d34       0x20 ./source/control.o
                0x0000000000004d34                pid_position_loop
 .text.pid_state_reset
                0x0000000000004d54       0x34 ./source/control.o
                0x0000000000004d54                pid_state_reset
 .text.duty_cycle_clamp
                0x0000000000004d88       0x74 ./source/control.o
 .text.hbridge_regen_control
                0x0000000000004dfc      0x114 ./source/control.o
 .text.hbridge_safety_control
                0x0000000000004f10       0x46 ./source/control.o
 *fill*         0x0000000000004f56        0x2 
 .text.update_control_mode
                0x0000000000004f58       0x34 ./source/control.o
 .text.control_task_code
                0x0000000000004f8c      0x168 ./source/control.o
                0x0000000000004f8c                control_task_code
 .text._dummy6  0x00000000000050f4        0xe ./source/debug.o
                0x00000000000050f4                _dummy6
 *fill*         0x0000000000005102        0x2 
 .text.led_get  0x0000000000005104       0x58 ./source/debug.o
                0x0000000000005104                led_get
 .text.led_set  0x000000000000515c       0x5c ./source/debug.o
                0x000000000000515c                led_set
 .text.debug_pins_set
                0x00000000000051b8       0x48 ./source/debug.o
                0x00000000000051b8                debug_pins_set
 .text._dummy5  0x0000000000005200        0xe ./source/logger.o
                0x0000000000005200                _dummy5
 .text.increment_mod_n
                0x000000000000520e       0x2a ./source/logger.o
 .text.buffer_is_full
                0x0000000000005238       0x30 ./source/logger.o
 .text.buffer_is_empty
                0x0000000000005268       0x28 ./source/logger.o
 .text.buffer_put
                0x0000000000005290       0x38 ./source/logger.o
 .text.buffer_get
                0x00000000000052c8       0x38 ./source/logger.o
 .text.debug_uart_ISR
                0x0000000000005300       0x64 ./source/logger.o
 .text.debug_uart_putc
                0x0000000000005364       0x54 ./source/logger.o
 .text.debug_uart_setup
                0x00000000000053b8       0x44 ./source/logger.o
 .text.log_message
                0x00000000000053fc       0x48 ./source/logger.o
                0x00000000000053fc                log_message
 .text.log_message_from_ISR
                0x0000000000005444       0x40 ./source/logger.o
                0x0000000000005444                log_message_from_ISR
 .text.logger_task_code
                0x0000000000005484       0x48 ./source/logger.o
                0x0000000000005484                logger_task_code
 .text.real_int_from_float
                0x00000000000054cc       0x80 ./source/logger.o
                0x00000000000054cc                real_int_from_float
 .text._dummy1  0x000000000000554c        0xe ./source/main.o
                0x000000000000554c                _dummy1
 .text.vApplicationStackOverflowHook
                0x000000000000555a        0x6 ./source/main.o
                0x000000000000555a                vApplicationStackOverflowHook
 .text.assertion_failed
                0x0000000000005560       0x1c ./source/main.o
                0x0000000000005560                assertion_failed
 .text.led_task_code
                0x000000000000557c       0x64 ./source/main.o
                0x000000000000557c                led_task_code
 .text.main     0x00000000000055e0       0x94 ./source/main.o
                0x00000000000055e0                main
 .text._dummy8  0x0000000000005674        0xe ./source/pinconfig.o
                0x0000000000005674                _dummy8
 *fill*         0x0000000000005682        0x2 
 .text.pinconfig
                0x0000000000005684      0x284 ./source/pinconfig.o
                0x0000000000005684                pinconfig
 .text._dummy3  0x0000000000005908        0xe ./source/sensors.o
                0x0000000000005908                _dummy3
 .text.encoder_setup
                0x0000000000005916        0xe ./source/sensors.o
 .text.adc0_seq0_ISR
                0x0000000000005924       0x74 ./source/sensors.o
                0x0000000000005924                adc0_seq0_ISR
 .text.rt_trigger_timer_setup
                0x0000000000005998       0x60 ./source/sensors.o
 .text.rt_adc_setup
                0x00000000000059f8       0xa0 ./source/sensors.o
 .text.celsius_from_adc_raw
                0x0000000000005a98       0x1e ./source/sensors.o
 .text.voltage_from_adc_raw
                0x0000000000005ab6       0x1e ./source/sensors.o
 .text.adc1_seq0_ISR
                0x0000000000005ad4       0x68 ./source/sensors.o
                0x0000000000005ad4                adc1_seq0_ISR
 .text.ls_trigger_timer_setup
                0x0000000000005b3c       0x60 ./source/sensors.o
 .text.ls_adc_setup
                0x0000000000005b9c       0x48 ./source/sensors.o
 .text.sensor_get_motor_position_rads
                0x0000000000005be4       0x1c ./source/sensors.o
                0x0000000000005be4                sensor_get_motor_position_rads
 .text.sensor_get_motor_velocity_rads
                0x0000000000005c00       0x1c ./source/sensors.o
                0x0000000000005c00                sensor_get_motor_velocity_rads
 .text.sensor_get_motor_current_amps
                0x0000000000005c1c       0x1c ./source/sensors.o
                0x0000000000005c1c                sensor_get_motor_current_amps
 .text.sensor_get_vbus_volts
                0x0000000000005c38       0x1c ./source/sensors.o
                0x0000000000005c38                sensor_get_vbus_volts
 .text.sensor_get_vbatt_volts
                0x0000000000005c54       0x1c ./source/sensors.o
                0x0000000000005c54                sensor_get_vbatt_volts
 .text.sensor_get_motor_temp_celsius
                0x0000000000005c70       0x1c ./source/sensors.o
                0x0000000000005c70                sensor_get_motor_temp_celsius
 .text.sensor_get_hbridge_temp_celsius
                0x0000000000005c8c       0x1c ./source/sensors.o
                0x0000000000005c8c                sensor_get_hbridge_temp_celsius
 .text.sensor_setup
                0x0000000000005ca8       0x3c ./source/sensors.o
                0x0000000000005ca8                sensor_setup
 .text._dummy2  0x0000000000005ce4        0xe ./source/system.o
                0x0000000000005ce4                _dummy2
 *fill*         0x0000000000005cf2        0x2 
 .text.system_get_state
                0x0000000000005cf4       0x18 ./source/system.o
                0x0000000000005cf4                system_get_state
 .text.system_thread
                0x0000000000005d0c       0x14 ./source/system.o
                0x0000000000005d0c                system_thread
 .text.system_init_clocks
                0x0000000000005d20       0x24 ./source/system.o
                0x0000000000005d20                system_init_clocks
 .text.system_get_sysclk_freq
                0x0000000000005d44       0x18 ./source/system.o
                0x0000000000005d44                system_get_sysclk_freq
 .text.system_get_control_mode
                0x0000000000005d5c       0x18 ./source/system.o
                0x0000000000005d5c                system_get_control_mode
 .text.system_get_drive_mode
                0x0000000000005d74       0x18 ./source/system.o
                0x0000000000005d74                system_get_drive_mode
 .text.system_get_control_target
                0x0000000000005d8c       0x1c ./source/system.o
                0x0000000000005d8c                system_get_control_target
 .text.system_get_update_mode
                0x0000000000005da8       0x18 ./source/system.o
                0x0000000000005da8                system_get_update_mode
 .text.system_get_bus_voltage
                0x0000000000005dc0       0x18 ./source/system.o
                0x0000000000005dc0                system_get_bus_voltage
 .text.xputc    0x0000000000005dd8       0x50 ./source/xprintf.o
                0x0000000000005dd8                xputc
 .text.xputs    0x0000000000005e28       0x28 ./source/xprintf.o
                0x0000000000005e28                xputs
 .text.xfputs   0x0000000000005e50       0x40 ./source/xprintf.o
                0x0000000000005e50                xfputs
 .text.xvprintf
                0x0000000000005e90      0x344 ./source/xprintf.o
 .text.xprintf  0x00000000000061d4       0x24 ./source/xprintf.o
                0x00000000000061d4                xprintf
 .text.xsprintf
                0x00000000000061f8       0x40 ./source/xprintf.o
                0x00000000000061f8                xsprintf
 .text.xfprintf
                0x0000000000006238       0x3c ./source/xprintf.o
                0x0000000000006238                xfprintf
 .text.put_dump
                0x0000000000006274       0xf4 ./source/xprintf.o
                0x0000000000006274                put_dump
 .text.xgets    0x0000000000006368       0xa0 ./source/xprintf.o
                0x0000000000006368                xgets
 .text.xfgets   0x0000000000006408       0x38 ./source/xprintf.o
                0x0000000000006408                xfgets
 .text.xatoi    0x0000000000006440      0x150 ./source/xprintf.o
                0x0000000000006440                xatoi
 .text.exit     0x0000000000006590       0x20 /home/odougs/bin/ti/ccsv7/tools/compiler/gcc-arm-none-eabi-6-2017-q1-update/bin/../lib/gcc/arm-none-eabi/6.3.1/../../../../arm-none-eabi/lib/thumb/v7e-m/fpv4-sp/hard/libc.a(lib_a-exit.o)
                0x0000000000006590                exit
 .text.__libc_init_array
                0x00000000000065b0       0x50 /home/odougs/bin/ti/ccsv7/tools/compiler/gcc-arm-none-eabi-6-2017-q1-update/bin/../lib/gcc/arm-none-eabi/6.3.1/../../../../arm-none-eabi/lib/thumb/v7e-m/fpv4-sp/hard/libc.a(lib_a-init.o)
                0x00000000000065b0                __libc_init_array
 .text.memset   0x0000000000006600       0x9c /home/odougs/bin/ti/ccsv7/tools/compiler/gcc-arm-none-eabi-6-2017-q1-update/bin/../lib/gcc/arm-none-eabi/6.3.1/../../../../arm-none-eabi/lib/thumb/v7e-m/fpv4-sp/hard/libc.a(lib_a-memset.o)
                0x0000000000006600                memset
 .text.startup.register_fini
                0x000000000000669c       0x14 /home/odougs/bin/ti/ccsv7/tools/compiler/gcc-arm-none-eabi-6-2017-q1-update/bin/../lib/gcc/arm-none-eabi/6.3.1/../../../../arm-none-eabi/lib/thumb/v7e-m/fpv4-sp/hard/libc.a(lib_a-__call_atexit.o)
 .text.__call_exitprocs
                0x00000000000066b0       0xe8 /home/odougs/bin/ti/ccsv7/tools/compiler/gcc-arm-none-eabi-6-2017-q1-update/bin/../lib/gcc/arm-none-eabi/6.3.1/../../../../arm-none-eabi/lib/thumb/v7e-m/fpv4-sp/hard/libc.a(lib_a-__call_atexit.o)
                0x00000000000066b0                __call_exitprocs
 .text.atexit   0x0000000000006798        0xc /home/odougs/bin/ti/ccsv7/tools/compiler/gcc-arm-none-eabi-6-2017-q1-update/bin/../lib/gcc/arm-none-eabi/6.3.1/../../../../arm-none-eabi/lib/thumb/v7e-m/fpv4-sp/hard/libc.a(lib_a-atexit.o)
                0x0000000000006798                atexit
 .text.__libc_fini_array
                0x00000000000067a4       0x34 /home/odougs/bin/ti/ccsv7/tools/compiler/gcc-arm-none-eabi-6-2017-q1-update/bin/../lib/gcc/arm-none-eabi/6.3.1/../../../../arm-none-eabi/lib/thumb/v7e-m/fpv4-sp/hard/libc.a(lib_a-fini.o)
                0x00000000000067a4                __libc_fini_array
 .text.__retarget_lock_init
                0x00000000000067d8        0x4 /home/odougs/bin/ti/ccsv7/tools/compiler/gcc-arm-none-eabi-6-2017-q1-update/bin/../lib/gcc/arm-none-eabi/6.3.1/../../../../arm-none-eabi/lib/thumb/v7e-m/fpv4-sp/hard/libc.a(lib_a-lock.o)
                0x00000000000067d8                __retarget_lock_init
 .text.__retarget_lock_init_recursive
                0x00000000000067dc        0x4 /home/odougs/bin/ti/ccsv7/tools/compiler/gcc-arm-none-eabi-6-2017-q1-update/bin/../lib/gcc/arm-none-eabi/6.3.1/../../../../arm-none-eabi/lib/thumb/v7e-m/fpv4-sp/hard/libc.a(lib_a-lock.o)
                0x00000000000067dc                __retarget_lock_init_recursive
 .text.__retarget_lock_close
                0x00000000000067e0        0x4 /home/odougs/bin/ti/ccsv7/tools/compiler/gcc-arm-none-eabi-6-2017-q1-update/bin/../lib/gcc/arm-none-eabi/6.3.1/../../../../arm-none-eabi/lib/thumb/v7e-m/fpv4-sp/hard/libc.a(lib_a-lock.o)
                0x00000000000067e0                __retarget_lock_close
 .text.__retarget_lock_close_recursive
                0x00000000000067e4        0x4 /home/odougs/bin/ti/ccsv7/tools/compiler/gcc-arm-none-eabi-6-2017-q1-update/bin/../lib/gcc/arm-none-eabi/6.3.1/../../../../arm-none-eabi/lib/thumb/v7e-m/fpv4-sp/hard/libc.a(lib_a-lock.o)
                0x00000000000067e4                __retarget_lock_close_recursive
 .text.__retarget_lock_acquire
                0x00000000000067e8        0x4 /home/odougs/bin/ti/ccsv7/tools/compiler/gcc-arm-none-eabi-6-2017-q1-update/bin/../lib/gcc/arm-none-eabi/6.3.1/../../../../arm-none-eabi/lib/thumb/v7e-m/fpv4-sp/hard/libc.a(lib_a-lock.o)
                0x00000000000067e8                __retarget_lock_acquire
 .text.__retarget_lock_acquire_recursive
                0x00000000000067ec        0x4 /home/odougs/bin/ti/ccsv7/tools/compiler/gcc-arm-none-eabi-6-2017-q1-update/bin/../lib/gcc/arm-none-eabi/6.3.1/../../../../arm-none-eabi/lib/thumb/v7e-m/fpv4-sp/hard/libc.a(lib_a-lock.o)
                0x00000000000067ec                __retarget_lock_acquire_recursive
 .text.__retarget_lock_try_acquire
                0x00000000000067f0        0x4 /home/odougs/bin/ti/ccsv7/tools/compiler/gcc-arm-none-eabi-6-2017-q1-update/bin/../lib/gcc/arm-none-eabi/6.3.1/../../../../arm-none-eabi/lib/thumb/v7e-m/fpv4-sp/hard/libc.a(lib_a-lock.o)
                0x00000000000067f0                __retarget_lock_try_acquire
 .text.__retarget_lock_try_acquire_recursive
                0x00000000000067f4        0x4 /home/odougs/bin/ti/ccsv7/tools/compiler/gcc-arm-none-eabi-6-2017-q1-update/bin/../lib/gcc/arm-none-eabi/6.3.1/../../../../arm-none-eabi/lib/thumb/v7e-m/fpv4-sp/hard/libc.a(lib_a-lock.o)
                0x00000000000067f4                __retarget_lock_try_acquire_recursive
 .text.__retarget_lock_release
                0x00000000000067f8        0x4 /home/odougs/bin/ti/ccsv7/tools/compiler/gcc-arm-none-eabi-6-2017-q1-update/bin/../lib/gcc/arm-none-eabi/6.3.1/../../../../arm-none-eabi/lib/thumb/v7e-m/fpv4-sp/hard/libc.a(lib_a-lock.o)
                0x00000000000067f8                __retarget_lock_release
 .text.__retarget_lock_release_recursive
                0x00000000000067fc        0x4 /home/odougs/bin/ti/ccsv7/tools/compiler/gcc-arm-none-eabi-6-2017-q1-update/bin/../lib/gcc/arm-none-eabi/6.3.1/../../../../arm-none-eabi/lib/thumb/v7e-m/fpv4-sp/hard/libc.a(lib_a-lock.o)
                0x00000000000067fc                __retarget_lock_release_recursive
 .text.__register_exitproc
                0x0000000000006800       0xc4 /home/odougs/bin/ti/ccsv7/tools/compiler/gcc-arm-none-eabi-6-2017-q1-update/bin/../lib/gcc/arm-none-eabi/6.3.1/../../../../arm-none-eabi/lib/thumb/v7e-m/fpv4-sp/hard/libc.a(lib_a-__atexit.o)
                0x0000000000006800                __register_exitproc
 .text._ADCIntNumberGet
                0x00000000000068c4       0x54 /mnt/storage/project/2kwMotorController/firmware/Tivaware/driverlib/gcc/libdriver.a(adc.o)
 .text.ADCIntRegister
                0x0000000000006918       0x1a /mnt/storage/project/2kwMotorController/firmware/Tivaware/driverlib/gcc/libdriver.a(adc.o)
                0x0000000000006918                ADCIntRegister
 .text.ADCIntUnregister
                0x0000000000006932       0x16 /mnt/storage/project/2kwMotorController/firmware/Tivaware/driverlib/gcc/libdriver.a(adc.o)
                0x0000000000006932                ADCIntUnregister
 .text.ADCIntDisable
                0x0000000000006948       0x10 /mnt/storage/project/2kwMotorController/firmware/Tivaware/driverlib/gcc/libdriver.a(adc.o)
                0x0000000000006948                ADCIntDisable
 .text.ADCIntEnable
                0x0000000000006958       0x10 /mnt/storage/project/2kwMotorController/firmware/Tivaware/driverlib/gcc/libdriver.a(adc.o)
                0x0000000000006958                ADCIntEnable
 .text.ADCIntStatus
                0x0000000000006968       0x34 /mnt/storage/project/2kwMotorController/firmware/Tivaware/driverlib/gcc/libdriver.a(adc.o)
                0x0000000000006968                ADCIntStatus
 .text.ADCIntClear
                0x000000000000699c        0xa /mnt/storage/project/2kwMotorController/firmware/Tivaware/driverlib/gcc/libdriver.a(adc.o)
                0x000000000000699c                ADCIntClear
 .text.ADCSequenceEnable
                0x00000000000069a6        0xe /mnt/storage/project/2kwMotorController/firmware/Tivaware/driverlib/gcc/libdriver.a(adc.o)
                0x00000000000069a6                ADCSequenceEnable
 .text.ADCSequenceDisable
                0x00000000000069b4       0x10 /mnt/storage/project/2kwMotorController/firmware/Tivaware/driverlib/gcc/libdriver.a(adc.o)
                0x00000000000069b4                ADCSequenceDisable
 .text.ADCSequenceConfigure
                0x00000000000069c4       0x54 /mnt/storage/project/2kwMotorController/firmware/Tivaware/driverlib/gcc/libdriver.a(adc.o)
                0x00000000000069c4                ADCSequenceConfigure
 .text.ADCSequenceStepConfigure
                0x0000000000006a18       0x84 /mnt/storage/project/2kwMotorController/firmware/Tivaware/driverlib/gcc/libdriver.a(adc.o)
                0x0000000000006a18                ADCSequenceStepConfigure
 .text.ADCSequenceOverflow
                0x0000000000006a9c        0xc /mnt/storage/project/2kwMotorController/firmware/Tivaware/driverlib/gcc/libdriver.a(adc.o)
                0x0000000000006a9c                ADCSequenceOverflow
 .text.ADCSequenceOverflowClear
                0x0000000000006aa8        0xa /mnt/storage/project/2kwMotorController/firmware/Tivaware/driverlib/gcc/libdriver.a(adc.o)
                0x0000000000006aa8                ADCSequenceOverflowClear
 .text.ADCSequenceUnderflow
                0x0000000000006ab2        0xc /mnt/storage/project/2kwMotorController/firmware/Tivaware/driverlib/gcc/libdriver.a(adc.o)
                0x0000000000006ab2                ADCSequenceUnderflow
 .text.ADCSequenceUnderflowClear
                0x0000000000006abe        0xa /mnt/storage/project/2kwMotorController/firmware/Tivaware/driverlib/gcc/libdriver.a(adc.o)
                0x0000000000006abe                ADCSequenceUnderflowClear
 .text.ADCSequenceDataGet
                0x0000000000006ac8       0x1e /mnt/storage/project/2kwMotorController/firmware/Tivaware/driverlib/gcc/libdriver.a(adc.o)
                0x0000000000006ac8                ADCSequenceDataGet
 .text.ADCProcessorTrigger
                0x0000000000006ae6       0x18 /mnt/storage/project/2kwMotorController/firmware/Tivaware/driverlib/gcc/libdriver.a(adc.o)
                0x0000000000006ae6                ADCProcessorTrigger
 *fill*         0x0000000000006afe        0x2 
 .text.ADCSoftwareOversampleConfigure
                0x0000000000006b00       0x28 /mnt/storage/project/2kwMotorController/firmware/Tivaware/driverlib/gcc/libdriver.a(adc.o)
                0x0000000000006b00                ADCSoftwareOversampleConfigure
 .text.ADCSoftwareOversampleStepConfigure
                0x0000000000006b28       0x8c /mnt/storage/project/2kwMotorController/firmware/Tivaware/driverlib/gcc/libdriver.a(adc.o)
                0x0000000000006b28                ADCSoftwareOversampleStepConfigure
 .text.ADCSoftwareOversampleDataGet
                0x0000000000006bb4       0x48 /mnt/storage/project/2kwMotorController/firmware/Tivaware/driverlib/gcc/libdriver.a(adc.o)
                0x0000000000006bb4                ADCSoftwareOversampleDataGet
 .text.ADCHardwareOversampleConfigure
                0x0000000000006bfc       0x10 /mnt/storage/project/2kwMotorController/firmware/Tivaware/driverlib/gcc/libdriver.a(adc.o)
                0x0000000000006bfc                ADCHardwareOversampleConfigure
 .text.ADCComparatorConfigure
                0x0000000000006c0c        0xa /mnt/storage/project/2kwMotorController/firmware/Tivaware/driverlib/gcc/libdriver.a(adc.o)
                0x0000000000006c0c                ADCComparatorConfigure
 .text.ADCComparatorRegionSet
                0x0000000000006c16        0xe /mnt/storage/project/2kwMotorController/firmware/Tivaware/driverlib/gcc/libdriver.a(adc.o)
                0x0000000000006c16                ADCComparatorRegionSet
 .text.ADCComparatorReset
                0x0000000000006c24       0x1e /mnt/storage/project/2kwMotorController/firmware/Tivaware/driverlib/gcc/libdriver.a(adc.o)
                0x0000000000006c24                ADCComparatorReset
 .text.ADCComparatorIntDisable
                0x0000000000006c42       0x12 /mnt/storage/project/2kwMotorController/firmware/Tivaware/driverlib/gcc/libdriver.a(adc.o)
                0x0000000000006c42                ADCComparatorIntDisable
 .text.ADCComparatorIntEnable
                0x0000000000006c54       0x10 /mnt/storage/project/2kwMotorController/firmware/Tivaware/driverlib/gcc/libdriver.a(adc.o)
                0x0000000000006c54                ADCComparatorIntEnable
 .text.ADCComparatorIntStatus
                0x0000000000006c64        0x4 /mnt/storage/project/2kwMotorController/firmware/Tivaware/driverlib/gcc/libdriver.a(adc.o)
                0x0000000000006c64                ADCComparatorIntStatus
 .text.ADCComparatorIntClear
                0x0000000000006c68        0x4 /mnt/storage/project/2kwMotorController/firmware/Tivaware/driverlib/gcc/libdriver.a(adc.o)
                0x0000000000006c68                ADCComparatorIntClear
 .text.ADCIntDisableEx
                0x0000000000006c6c        0xa /mnt/storage/project/2kwMotorController/firmware/Tivaware/driverlib/gcc/libdriver.a(adc.o)
                0x0000000000006c6c                ADCIntDisableEx
 .text.ADCIntEnableEx
                0x0000000000006c76        0x8 /mnt/storage/project/2kwMotorController/firmware/Tivaware/driverlib/gcc/libdriver.a(adc.o)
                0x0000000000006c76                ADCIntEnableEx
 .text.ADCIntStatusEx
                0x0000000000006c7e       0x12 /mnt/storage/project/2kwMotorController/firmware/Tivaware/driverlib/gcc/libdriver.a(adc.o)
                0x0000000000006c7e                ADCIntStatusEx
 .text.ADCIntClearEx
                0x0000000000006c90        0x4 /mnt/storage/project/2kwMotorController/firmware/Tivaware/driverlib/gcc/libdriver.a(adc.o)
                0x0000000000006c90                ADCIntClearEx
 .text.ADCReferenceSet
                0x0000000000006c94        0xc /mnt/storage/project/2kwMotorController/firmware/Tivaware/driverlib/gcc/libdriver.a(adc.o)
                0x0000000000006c94                ADCReferenceSet
 .text.ADCReferenceGet
                0x0000000000006ca0        0x8 /mnt/storage/project/2kwMotorController/firmware/Tivaware/driverlib/gcc/libdriver.a(adc.o)
                0x0000000000006ca0                ADCReferenceGet
 .text.ADCPhaseDelaySet
                0x0000000000006ca8        0x4 /mnt/storage/project/2kwMotorController/firmware/Tivaware/driverlib/gcc/libdriver.a(adc.o)
                0x0000000000006ca8                ADCPhaseDelaySet
 .text.ADCPhaseDelayGet
                0x0000000000006cac        0x4 /mnt/storage/project/2kwMotorController/firmware/Tivaware/driverlib/gcc/libdriver.a(adc.o)
                0x0000000000006cac                ADCPhaseDelayGet
 .text.ADCSequenceDMAEnable
                0x0000000000006cb0       0x10 /mnt/storage/project/2kwMotorController/firmware/Tivaware/driverlib/gcc/libdriver.a(adc.o)
                0x0000000000006cb0                ADCSequenceDMAEnable
 .text.ADCSequenceDMADisable
                0x0000000000006cc0       0x12 /mnt/storage/project/2kwMotorController/firmware/Tivaware/driverlib/gcc/libdriver.a(adc.o)
                0x0000000000006cc0                ADCSequenceDMADisable
 .text.ADCBusy  0x0000000000006cd2        0x8 /mnt/storage/project/2kwMotorController/firmware/Tivaware/driverlib/gcc/libdriver.a(adc.o)
                0x0000000000006cd2                ADCBusy
 .text.ADCClockConfigSet
                0x0000000000006cda       0x18 /mnt/storage/project/2kwMotorController/firmware/Tivaware/driverlib/gcc/libdriver.a(adc.o)
                0x0000000000006cda                ADCClockConfigSet
 .text.ADCClockConfigGet
                0x0000000000006cf2       0x1e /mnt/storage/project/2kwMotorController/firmware/Tivaware/driverlib/gcc/libdriver.a(adc.o)
                0x0000000000006cf2                ADCClockConfigGet
 .text._GPIOIntNumberGet
                0x0000000000006d10       0x48 /mnt/storage/project/2kwMotorController/firmware/Tivaware/driverlib/gcc/libdriver.a(gpio.o)
 .text.GPIODirModeSet
                0x0000000000006d58       0x2e /mnt/storage/project/2kwMotorController/firmware/Tivaware/driverlib/gcc/libdriver.a(gpio.o)
                0x0000000000006d58                GPIODirModeSet
 .text.GPIODirModeGet
                0x0000000000006d86       0x24 /mnt/storage/project/2kwMotorController/firmware/Tivaware/driverlib/gcc/libdriver.a(gpio.o)
                0x0000000000006d86                GPIODirModeGet
 .text.GPIOIntTypeSet
                0x0000000000006daa       0x5a /mnt/storage/project/2kwMotorController/firmware/Tivaware/driverlib/gcc/libdriver.a(gpio.o)
                0x0000000000006daa                GPIOIntTypeSet
 .text.GPIOIntTypeGet
                0x0000000000006e04       0x4a /mnt/storage/project/2kwMotorController/firmware/Tivaware/driverlib/gcc/libdriver.a(gpio.o)
                0x0000000000006e04                GPIOIntTypeGet
 .text.GPIOPadConfigSet
                0x0000000000006e4e      0x130 /mnt/storage/project/2kwMotorController/firmware/Tivaware/driverlib/gcc/libdriver.a(gpio.o)
                0x0000000000006e4e                GPIOPadConfigSet
 .text.GPIOPadConfigGet
                0x0000000000006f7e       0xc4 /mnt/storage/project/2kwMotorController/firmware/Tivaware/driverlib/gcc/libdriver.a(gpio.o)
                0x0000000000006f7e                GPIOPadConfigGet
 .text.GPIOIntEnable
                0x0000000000007042        0xc /mnt/storage/project/2kwMotorController/firmware/Tivaware/driverlib/gcc/libdriver.a(gpio.o)
                0x0000000000007042                GPIOIntEnable
 .text.GPIOIntDisable
                0x000000000000704e        0xe /mnt/storage/project/2kwMotorController/firmware/Tivaware/driverlib/gcc/libdriver.a(gpio.o)
                0x000000000000704e                GPIOIntDisable
 .text.GPIOIntStatus
                0x000000000000705c        0xe /mnt/storage/project/2kwMotorController/firmware/Tivaware/driverlib/gcc/libdriver.a(gpio.o)
                0x000000000000705c                GPIOIntStatus
 .text.GPIOIntClear
                0x000000000000706a        0x6 /mnt/storage/project/2kwMotorController/firmware/Tivaware/driverlib/gcc/libdriver.a(gpio.o)
                0x000000000000706a                GPIOIntClear
 .text.GPIOIntRegister
                0x0000000000007070       0x1a /mnt/storage/project/2kwMotorController/firmware/Tivaware/driverlib/gcc/libdriver.a(gpio.o)
                0x0000000000007070                GPIOIntRegister
 .text.GPIOIntUnregister
                0x000000000000708a       0x16 /mnt/storage/project/2kwMotorController/firmware/Tivaware/driverlib/gcc/libdriver.a(gpio.o)
                0x000000000000708a                GPIOIntUnregister
 .text.GPIOIntRegisterPin
                0x00000000000070a0       0x1e /mnt/storage/project/2kwMotorController/firmware/Tivaware/driverlib/gcc/libdriver.a(gpio.o)
                0x00000000000070a0                GPIOIntRegisterPin
 .text.GPIOIntUnregisterPin
                0x00000000000070be       0x1a /mnt/storage/project/2kwMotorController/firmware/Tivaware/driverlib/gcc/libdriver.a(gpio.o)
                0x00000000000070be                GPIOIntUnregisterPin
 .text.GPIOPinRead
                0x00000000000070d8        0x6 /mnt/storage/project/2kwMotorController/firmware/Tivaware/driverlib/gcc/libdriver.a(gpio.o)
                0x00000000000070d8                GPIOPinRead
 .text.GPIOPinWrite
                0x00000000000070de        0x6 /mnt/storage/project/2kwMotorController/firmware/Tivaware/driverlib/gcc/libdriver.a(gpio.o)
                0x00000000000070de                GPIOPinWrite
 .text.GPIOPinTypeADC
                0x00000000000070e4       0x1c /mnt/storage/project/2kwMotorController/firmware/Tivaware/driverlib/gcc/libdriver.a(gpio.o)
                0x00000000000070e4                GPIOPinTypeADC
 .text.GPIOPinTypeCAN
                0x0000000000007100       0x1c /mnt/storage/project/2kwMotorController/firmware/Tivaware/driverlib/gcc/libdriver.a(gpio.o)
                0x0000000000007100                GPIOPinTypeCAN
 .text.GPIOPinTypeComparator
                0x000000000000711c       0x1c /mnt/storage/project/2kwMotorController/firmware/Tivaware/driverlib/gcc/libdriver.a(gpio.o)
                0x000000000000711c                GPIOPinTypeComparator
 .text.GPIOPinTypeComparatorOutput
                0x0000000000007138       0x1c /mnt/storage/project/2kwMotorController/firmware/Tivaware/driverlib/gcc/libdriver.a(gpio.o)
                0x0000000000007138                GPIOPinTypeComparatorOutput
 .text.GPIOPinTypeDIVSCLK
                0x0000000000007154       0x1c /mnt/storage/project/2kwMotorController/firmware/Tivaware/driverlib/gcc/libdriver.a(gpio.o)
                0x0000000000007154                GPIOPinTypeDIVSCLK
 .text.GPIOPinTypeEPI
                0x0000000000007170       0x1c /mnt/storage/project/2kwMotorController/firmware/Tivaware/driverlib/gcc/libdriver.a(gpio.o)
                0x0000000000007170                GPIOPinTypeEPI
 .text.GPIOPinTypeEthernetLED
                0x000000000000718c       0x1c /mnt/storage/project/2kwMotorController/firmware/Tivaware/driverlib/gcc/libdriver.a(gpio.o)
                0x000000000000718c                GPIOPinTypeEthernetLED
 .text.GPIOPinTypeEthernetMII
                0x00000000000071a8       0x1c /mnt/storage/project/2kwMotorController/firmware/Tivaware/driverlib/gcc/libdriver.a(gpio.o)
                0x00000000000071a8                GPIOPinTypeEthernetMII
 .text.GPIOPinTypeGPIOInput
                0x00000000000071c4       0x1c /mnt/storage/project/2kwMotorController/firmware/Tivaware/driverlib/gcc/libdriver.a(gpio.o)
                0x00000000000071c4                GPIOPinTypeGPIOInput
 .text.GPIOPinTypeGPIOOutput
                0x00000000000071e0       0x1c /mnt/storage/project/2kwMotorController/firmware/Tivaware/driverlib/gcc/libdriver.a(gpio.o)
                0x00000000000071e0                GPIOPinTypeGPIOOutput
 .text.GPIOPinTypeGPIOOutputOD
                0x00000000000071fc       0x1c /mnt/storage/project/2kwMotorController/firmware/Tivaware/driverlib/gcc/libdriver.a(gpio.o)
                0x00000000000071fc                GPIOPinTypeGPIOOutputOD
 .text.GPIOPinTypeHibernateRTCCLK
                0x0000000000007218       0x1c /mnt/storage/project/2kwMotorController/firmware/Tivaware/driverlib/gcc/libdriver.a(gpio.o)
                0x0000000000007218                GPIOPinTypeHibernateRTCCLK
 .text.GPIOPinTypeI2C
                0x0000000000007234       0x1c /mnt/storage/project/2kwMotorController/firmware/Tivaware/driverlib/gcc/libdriver.a(gpio.o)
                0x0000000000007234                GPIOPinTypeI2C
 .text.GPIOPinTypeI2CSCL
                0x0000000000007250       0x1c /mnt/storage/project/2kwMotorController/firmware/Tivaware/driverlib/gcc/libdriver.a(gpio.o)
                0x0000000000007250                GPIOPinTypeI2CSCL
 .text.GPIOPinTypeLCD
                0x000000000000726c       0x1c /mnt/storage/project/2kwMotorController/firmware/Tivaware/driverlib/gcc/libdriver.a(gpio.o)
                0x000000000000726c                GPIOPinTypeLCD
 .text.GPIOPinTypeOneWire
                0x0000000000007288       0x1c /mnt/storage/project/2kwMotorController/firmware/Tivaware/driverlib/gcc/libdriver.a(gpio.o)
                0x0000000000007288                GPIOPinTypeOneWire
 .text.GPIOPinTypePWM
                0x00000000000072a4       0x1c /mnt/storage/project/2kwMotorController/firmware/Tivaware/driverlib/gcc/libdriver.a(gpio.o)
                0x00000000000072a4                GPIOPinTypePWM
 .text.GPIOPinTypeQEI
                0x00000000000072c0       0x1c /mnt/storage/project/2kwMotorController/firmware/Tivaware/driverlib/gcc/libdriver.a(gpio.o)
                0x00000000000072c0                GPIOPinTypeQEI
 .text.GPIOPinTypeSSI
                0x00000000000072dc       0x1c /mnt/storage/project/2kwMotorController/firmware/Tivaware/driverlib/gcc/libdriver.a(gpio.o)
                0x00000000000072dc                GPIOPinTypeSSI
 .text.GPIOPinTypeTimer
                0x00000000000072f8       0x1c /mnt/storage/project/2kwMotorController/firmware/Tivaware/driverlib/gcc/libdriver.a(gpio.o)
                0x00000000000072f8                GPIOPinTypeTimer
 .text.GPIOPinTypeTrace
                0x0000000000007314       0x1c /mnt/storage/project/2kwMotorController/firmware/Tivaware/driverlib/gcc/libdriver.a(gpio.o)
                0x0000000000007314                GPIOPinTypeTrace
 .text.GPIOPinTypeUART
                0x0000000000007330       0x1c /mnt/storage/project/2kwMotorController/firmware/Tivaware/driverlib/gcc/libdriver.a(gpio.o)
                0x0000000000007330                GPIOPinTypeUART
 .text.GPIOPinTypeUSBAnalog
                0x000000000000734c       0x1c /mnt/storage/project/2kwMotorController/firmware/Tivaware/driverlib/gcc/libdriver.a(gpio.o)
                0x000000000000734c                GPIOPinTypeUSBAnalog
 .text.GPIOPinTypeUSBDigital
                0x0000000000007368       0x1c /mnt/storage/project/2kwMotorController/firmware/Tivaware/driverlib/gcc/libdriver.a(gpio.o)
                0x0000000000007368                GPIOPinTypeUSBDigital
 .text.GPIOPinTypeWakeHigh
                0x0000000000007384       0x1e /mnt/storage/project/2kwMotorController/firmware/Tivaware/driverlib/gcc/libdriver.a(gpio.o)
                0x0000000000007384                GPIOPinTypeWakeHigh
 .text.GPIOPinTypeWakeLow
                0x00000000000073a2       0x1e /mnt/storage/project/2kwMotorController/firmware/Tivaware/driverlib/gcc/libdriver.a(gpio.o)
                0x00000000000073a2                GPIOPinTypeWakeLow
 .text.GPIOPinWakeStatus
                0x00000000000073c0        0x6 /mnt/storage/project/2kwMotorController/firmware/Tivaware/driverlib/gcc/libdriver.a(gpio.o)
                0x00000000000073c0                GPIOPinWakeStatus
 *fill*         0x00000000000073c6        0x2 
 .text.GPIOPinConfigure
                0x00000000000073c8       0x4c /mnt/storage/project/2kwMotorController/firmware/Tivaware/driverlib/gcc/libdriver.a(gpio.o)
                0x00000000000073c8                GPIOPinConfigure
 .text.GPIODMATriggerEnable
                0x0000000000007414        0xc /mnt/storage/project/2kwMotorController/firmware/Tivaware/driverlib/gcc/libdriver.a(gpio.o)
                0x0000000000007414                GPIODMATriggerEnable
 .text.GPIODMATriggerDisable
                0x0000000000007420        0xe /mnt/storage/project/2kwMotorController/firmware/Tivaware/driverlib/gcc/libdriver.a(gpio.o)
                0x0000000000007420                GPIODMATriggerDisable
 .text.GPIOADCTriggerEnable
                0x000000000000742e        0xc /mnt/storage/project/2kwMotorController/firmware/Tivaware/driverlib/gcc/libdriver.a(gpio.o)
                0x000000000000742e                GPIOADCTriggerEnable
 .text.GPIOADCTriggerDisable
                0x000000000000743a        0xe /mnt/storage/project/2kwMotorController/firmware/Tivaware/driverlib/gcc/libdriver.a(gpio.o)
                0x000000000000743a                GPIOADCTriggerDisable
 .text._IntDefaultHandler
                0x0000000000007448        0x2 /mnt/storage/project/2kwMotorController/firmware/Tivaware/driverlib/gcc/libdriver.a(interrupt.o)
 .text.IntMasterEnable
                0x000000000000744a        0xe /mnt/storage/project/2kwMotorController/firmware/Tivaware/driverlib/gcc/libdriver.a(interrupt.o)
                0x000000000000744a                IntMasterEnable
 .text.IntMasterDisable
                0x0000000000007458        0xe /mnt/storage/project/2kwMotorController/firmware/Tivaware/driverlib/gcc/libdriver.a(interrupt.o)
                0x0000000000007458                IntMasterDisable
 *fill*         0x0000000000007466        0x2 
 .text.IntRegister
                0x0000000000007468       0x34 /mnt/storage/project/2kwMotorController/firmware/Tivaware/driverlib/gcc/libdriver.a(interrupt.o)
                0x0000000000007468                IntRegister
 .text.IntUnregister
                0x000000000000749c       0x14 /mnt/storage/project/2kwMotorController/firmware/Tivaware/driverlib/gcc/libdriver.a(interrupt.o)
                0x000000000000749c                IntUnregister
 .text.IntPriorityGroupingSet
                0x00000000000074b0       0x1c /mnt/storage/project/2kwMotorController/firmware/Tivaware/driverlib/gcc/libdriver.a(interrupt.o)
                0x00000000000074b0                IntPriorityGroupingSet
 .text.IntPriorityGroupingGet
                0x00000000000074cc       0x24 /mnt/storage/project/2kwMotorController/firmware/Tivaware/driverlib/gcc/libdriver.a(interrupt.o)
                0x00000000000074cc                IntPriorityGroupingGet
 .text.IntPrioritySet
                0x00000000000074f0       0x2c /mnt/storage/project/2kwMotorController/firmware/Tivaware/driverlib/gcc/libdriver.a(interrupt.o)
                0x00000000000074f0                IntPrioritySet
 .text.IntPriorityGet
                0x000000000000751c       0x1c /mnt/storage/project/2kwMotorController/firmware/Tivaware/driverlib/gcc/libdriver.a(interrupt.o)
                0x000000000000751c                IntPriorityGet
 .text.IntEnable
                0x0000000000007538       0x60 /mnt/storage/project/2kwMotorController/firmware/Tivaware/driverlib/gcc/libdriver.a(interrupt.o)
                0x0000000000007538                IntEnable
 .text.IntDisable
                0x0000000000007598       0x60 /mnt/storage/project/2kwMotorController/firmware/Tivaware/driverlib/gcc/libdriver.a(interrupt.o)
                0x0000000000007598                IntDisable
 .text.IntIsEnabled
                0x00000000000075f8       0x64 /mnt/storage/project/2kwMotorController/firmware/Tivaware/driverlib/gcc/libdriver.a(interrupt.o)
                0x00000000000075f8                IntIsEnabled
 .text.IntPendSet
                0x000000000000765c       0x50 /mnt/storage/project/2kwMotorController/firmware/Tivaware/driverlib/gcc/libdriver.a(interrupt.o)
                0x000000000000765c                IntPendSet
 .text.IntPendClear
                0x00000000000076ac       0x40 /mnt/storage/project/2kwMotorController/firmware/Tivaware/driverlib/gcc/libdriver.a(interrupt.o)
                0x00000000000076ac                IntPendClear
 .text.IntPriorityMaskSet
                0x00000000000076ec        0x4 /mnt/storage/project/2kwMotorController/firmware/Tivaware/driverlib/gcc/libdriver.a(interrupt.o)
                0x00000000000076ec                IntPriorityMaskSet
 .text.IntPriorityMaskGet
                0x00000000000076f0        0x4 /mnt/storage/project/2kwMotorController/firmware/Tivaware/driverlib/gcc/libdriver.a(interrupt.o)
                0x00000000000076f0                IntPriorityMaskGet
 .text.IntTrigger
                0x00000000000076f4        0xc /mnt/storage/project/2kwMotorController/firmware/Tivaware/driverlib/gcc/libdriver.a(interrupt.o)
                0x00000000000076f4                IntTrigger
 .text._PWMGenIntNumberGet
                0x0000000000007700      0x104 /mnt/storage/project/2kwMotorController/firmware/Tivaware/driverlib/gcc/libdriver.a(pwm.o)
 .text._PWMFaultIntNumberGet
                0x0000000000007804       0x48 /mnt/storage/project/2kwMotorController/firmware/Tivaware/driverlib/gcc/libdriver.a(pwm.o)
 .text.PWMGenConfigure
                0x000000000000784c       0x30 /mnt/storage/project/2kwMotorController/firmware/Tivaware/driverlib/gcc/libdriver.a(pwm.o)
                0x000000000000784c                PWMGenConfigure
 .text.PWMGenPeriodSet
                0x000000000000787c       0x12 /mnt/storage/project/2kwMotorController/firmware/Tivaware/driverlib/gcc/libdriver.a(pwm.o)
                0x000000000000787c                PWMGenPeriodSet
 .text.PWMGenPeriodGet
                0x000000000000788e       0x12 /mnt/storage/project/2kwMotorController/firmware/Tivaware/driverlib/gcc/libdriver.a(pwm.o)
                0x000000000000788e                PWMGenPeriodGet
 .text.PWMGenEnable
                0x00000000000078a0        0xa /mnt/storage/project/2kwMotorController/firmware/Tivaware/driverlib/gcc/libdriver.a(pwm.o)
                0x00000000000078a0                PWMGenEnable
 .text.PWMGenDisable
                0x00000000000078aa        0xa /mnt/storage/project/2kwMotorController/firmware/Tivaware/driverlib/gcc/libdriver.a(pwm.o)
                0x00000000000078aa                PWMGenDisable
 .text.PWMPulseWidthSet
                0x00000000000078b4       0x1e /mnt/storage/project/2kwMotorController/firmware/Tivaware/driverlib/gcc/libdriver.a(pwm.o)
                0x00000000000078b4                PWMPulseWidthSet
 .text.PWMPulseWidthGet
                0x00000000000078d2       0x20 /mnt/storage/project/2kwMotorController/firmware/Tivaware/driverlib/gcc/libdriver.a(pwm.o)
                0x00000000000078d2                PWMPulseWidthGet
 .text.PWMDeadBandEnable
                0x00000000000078f2       0x10 /mnt/storage/project/2kwMotorController/firmware/Tivaware/driverlib/gcc/libdriver.a(pwm.o)
                0x00000000000078f2                PWMDeadBandEnable
 .text.PWMDeadBandDisable
                0x0000000000007902        0xc /mnt/storage/project/2kwMotorController/firmware/Tivaware/driverlib/gcc/libdriver.a(pwm.o)
                0x0000000000007902                PWMDeadBandDisable
 .text.PWMSyncUpdate
                0x000000000000790e        0x4 /mnt/storage/project/2kwMotorController/firmware/Tivaware/driverlib/gcc/libdriver.a(pwm.o)
                0x000000000000790e                PWMSyncUpdate
 .text.PWMSyncTimeBase
                0x0000000000007912        0x4 /mnt/storage/project/2kwMotorController/firmware/Tivaware/driverlib/gcc/libdriver.a(pwm.o)
                0x0000000000007912                PWMSyncTimeBase
 .text.PWMOutputState
                0x0000000000007916       0x10 /mnt/storage/project/2kwMotorController/firmware/Tivaware/driverlib/gcc/libdriver.a(pwm.o)
                0x0000000000007916                PWMOutputState
 .text.PWMOutputInvert
                0x0000000000007926       0x10 /mnt/storage/project/2kwMotorController/firmware/Tivaware/driverlib/gcc/libdriver.a(pwm.o)
                0x0000000000007926                PWMOutputInvert
 .text.PWMOutputFaultLevel
                0x0000000000007936       0x10 /mnt/storage/project/2kwMotorController/firmware/Tivaware/driverlib/gcc/libdriver.a(pwm.o)
                0x0000000000007936                PWMOutputFaultLevel
 .text.PWMOutputFault
                0x0000000000007946       0x10 /mnt/storage/project/2kwMotorController/firmware/Tivaware/driverlib/gcc/libdriver.a(pwm.o)
                0x0000000000007946                PWMOutputFault
 .text.PWMGenIntRegister
                0x0000000000007956       0x1a /mnt/storage/project/2kwMotorController/firmware/Tivaware/driverlib/gcc/libdriver.a(pwm.o)
                0x0000000000007956                PWMGenIntRegister
 .text.PWMGenIntUnregister
                0x0000000000007970       0x16 /mnt/storage/project/2kwMotorController/firmware/Tivaware/driverlib/gcc/libdriver.a(pwm.o)
                0x0000000000007970                PWMGenIntUnregister
 .text.PWMFaultIntRegister
                0x0000000000007986       0x1a /mnt/storage/project/2kwMotorController/firmware/Tivaware/driverlib/gcc/libdriver.a(pwm.o)
                0x0000000000007986                PWMFaultIntRegister
 .text.PWMFaultIntUnregister
                0x00000000000079a0       0x16 /mnt/storage/project/2kwMotorController/firmware/Tivaware/driverlib/gcc/libdriver.a(pwm.o)
                0x00000000000079a0                PWMFaultIntUnregister
 .text.PWMGenIntTrigEnable
                0x00000000000079b6        0xa /mnt/storage/project/2kwMotorController/firmware/Tivaware/driverlib/gcc/libdriver.a(pwm.o)
                0x00000000000079b6                PWMGenIntTrigEnable
 .text.PWMGenIntTrigDisable
                0x00000000000079c0        0xc /mnt/storage/project/2kwMotorController/firmware/Tivaware/driverlib/gcc/libdriver.a(pwm.o)
                0x00000000000079c0                PWMGenIntTrigDisable
 .text.PWMGenIntStatus
                0x00000000000079cc        0xc /mnt/storage/project/2kwMotorController/firmware/Tivaware/driverlib/gcc/libdriver.a(pwm.o)
                0x00000000000079cc                PWMGenIntStatus
 .text.PWMGenIntClear
                0x00000000000079d8        0x6 /mnt/storage/project/2kwMotorController/firmware/Tivaware/driverlib/gcc/libdriver.a(pwm.o)
                0x00000000000079d8                PWMGenIntClear
 .text.PWMIntEnable
                0x00000000000079de        0x8 /mnt/storage/project/2kwMotorController/firmware/Tivaware/driverlib/gcc/libdriver.a(pwm.o)
                0x00000000000079de                PWMIntEnable
 .text.PWMIntDisable
                0x00000000000079e6        0xa /mnt/storage/project/2kwMotorController/firmware/Tivaware/driverlib/gcc/libdriver.a(pwm.o)
                0x00000000000079e6                PWMIntDisable
 .text.PWMFaultIntClear
                0x00000000000079f0        0x8 /mnt/storage/project/2kwMotorController/firmware/Tivaware/driverlib/gcc/libdriver.a(pwm.o)
                0x00000000000079f0                PWMFaultIntClear
 .text.PWMIntStatus
                0x00000000000079f8        0xa /mnt/storage/project/2kwMotorController/firmware/Tivaware/driverlib/gcc/libdriver.a(pwm.o)
                0x00000000000079f8                PWMIntStatus
 .text.PWMFaultIntClearExt
                0x0000000000007a02        0x4 /mnt/storage/project/2kwMotorController/firmware/Tivaware/driverlib/gcc/libdriver.a(pwm.o)
                0x0000000000007a02                PWMFaultIntClearExt
 .text.PWMGenFaultConfigure
                0x0000000000007a06       0x18 /mnt/storage/project/2kwMotorController/firmware/Tivaware/driverlib/gcc/libdriver.a(pwm.o)
                0x0000000000007a06                PWMGenFaultConfigure
 .text.PWMGenFaultTriggerSet
                0x0000000000007a1e        0xc /mnt/storage/project/2kwMotorController/firmware/Tivaware/driverlib/gcc/libdriver.a(pwm.o)
                0x0000000000007a1e                PWMGenFaultTriggerSet
 .text.PWMGenFaultTriggerGet
                0x0000000000007a2a        0xc /mnt/storage/project/2kwMotorController/firmware/Tivaware/driverlib/gcc/libdriver.a(pwm.o)
                0x0000000000007a2a                PWMGenFaultTriggerGet
 .text.PWMGenFaultStatus
                0x0000000000007a36       0x18 /mnt/storage/project/2kwMotorController/firmware/Tivaware/driverlib/gcc/libdriver.a(pwm.o)
                0x0000000000007a36                PWMGenFaultStatus
 .text.PWMGenFaultClear
                0x0000000000007a4e       0x18 /mnt/storage/project/2kwMotorController/firmware/Tivaware/driverlib/gcc/libdriver.a(pwm.o)
                0x0000000000007a4e                PWMGenFaultClear
 .text.PWMClockSet
                0x0000000000007a66       0x14 /mnt/storage/project/2kwMotorController/firmware/Tivaware/driverlib/gcc/libdriver.a(pwm.o)
                0x0000000000007a66                PWMClockSet
 .text.PWMClockGet
                0x0000000000007a7a       0x1a /mnt/storage/project/2kwMotorController/firmware/Tivaware/driverlib/gcc/libdriver.a(pwm.o)
                0x0000000000007a7a                PWMClockGet
 .text.PWMOutputUpdateMode
                0x0000000000007a94       0x30 /mnt/storage/project/2kwMotorController/firmware/Tivaware/driverlib/gcc/libdriver.a(pwm.o)
                0x0000000000007a94                PWMOutputUpdateMode
 .text._SysCtlMemTimingGet
                0x0000000000007ac4       0x24 /mnt/storage/project/2kwMotorController/firmware/Tivaware/driverlib/gcc/libdriver.a(sysctl.o)
 .text.SysCtlSRAMSizeGet
                0x0000000000007ae8       0x10 /mnt/storage/project/2kwMotorController/firmware/Tivaware/driverlib/gcc/libdriver.a(sysctl.o)
                0x0000000000007ae8                SysCtlSRAMSizeGet
 .text.SysCtlFlashSizeGet
                0x0000000000007af8       0x3c /mnt/storage/project/2kwMotorController/firmware/Tivaware/driverlib/gcc/libdriver.a(sysctl.o)
                0x0000000000007af8                SysCtlFlashSizeGet
 .text.SysCtlFlashSectorSizeGet
                0x0000000000007b34       0x38 /mnt/storage/project/2kwMotorController/firmware/Tivaware/driverlib/gcc/libdriver.a(sysctl.o)
                0x0000000000007b34                SysCtlFlashSectorSizeGet
 .text.SysCtlPeripheralPresent
                0x0000000000007b6c       0x26 /mnt/storage/project/2kwMotorController/firmware/Tivaware/driverlib/gcc/libdriver.a(sysctl.o)
                0x0000000000007b6c                SysCtlPeripheralPresent
 .text.SysCtlPeripheralReady
                0x0000000000007b92       0x26 /mnt/storage/project/2kwMotorController/firmware/Tivaware/driverlib/gcc/libdriver.a(sysctl.o)
                0x0000000000007b92                SysCtlPeripheralReady
 .text.SysCtlPeripheralPowerOn
                0x0000000000007bb8       0x22 /mnt/storage/project/2kwMotorController/firmware/Tivaware/driverlib/gcc/libdriver.a(sysctl.o)
                0x0000000000007bb8                SysCtlPeripheralPowerOn
 .text.SysCtlPeripheralPowerOff
                0x0000000000007bda       0x22 /mnt/storage/project/2kwMotorController/firmware/Tivaware/driverlib/gcc/libdriver.a(sysctl.o)
                0x0000000000007bda                SysCtlPeripheralPowerOff
 .text.SysCtlPeripheralReset
                0x0000000000007bfc       0x3a /mnt/storage/project/2kwMotorController/firmware/Tivaware/driverlib/gcc/libdriver.a(sysctl.o)
                0x0000000000007bfc                SysCtlPeripheralReset
 .text.SysCtlPeripheralEnable
                0x0000000000007c36       0x22 /mnt/storage/project/2kwMotorController/firmware/Tivaware/driverlib/gcc/libdriver.a(sysctl.o)
                0x0000000000007c36                SysCtlPeripheralEnable
 .text.SysCtlPeripheralDisable
                0x0000000000007c58       0x22 /mnt/storage/project/2kwMotorController/firmware/Tivaware/driverlib/gcc/libdriver.a(sysctl.o)
                0x0000000000007c58                SysCtlPeripheralDisable
 .text.SysCtlPeripheralSleepEnable
                0x0000000000007c7a       0x22 /mnt/storage/project/2kwMotorController/firmware/Tivaware/driverlib/gcc/libdriver.a(sysctl.o)
                0x0000000000007c7a                SysCtlPeripheralSleepEnable
 .text.SysCtlPeripheralSleepDisable
                0x0000000000007c9c       0x22 /mnt/storage/project/2kwMotorController/firmware/Tivaware/driverlib/gcc/libdriver.a(sysctl.o)
                0x0000000000007c9c                SysCtlPeripheralSleepDisable
 .text.SysCtlPeripheralDeepSleepEnable
                0x0000000000007cbe       0x22 /mnt/storage/project/2kwMotorController/firmware/Tivaware/driverlib/gcc/libdriver.a(sysctl.o)
                0x0000000000007cbe                SysCtlPeripheralDeepSleepEnable
 .text.SysCtlPeripheralDeepSleepDisable
                0x0000000000007ce0       0x22 /mnt/storage/project/2kwMotorController/firmware/Tivaware/driverlib/gcc/libdriver.a(sysctl.o)
                0x0000000000007ce0                SysCtlPeripheralDeepSleepDisable
 *fill*         0x0000000000007d02        0x2 
 .text.SysCtlPeripheralClockGating
                0x0000000000007d04       0x48 /mnt/storage/project/2kwMotorController/firmware/Tivaware/driverlib/gcc/libdriver.a(sysctl.o)
                0x0000000000007d04                SysCtlPeripheralClockGating
 .text.SysCtlIntRegister
                0x0000000000007d4c       0x14 /mnt/storage/project/2kwMotorController/firmware/Tivaware/driverlib/gcc/libdriver.a(sysctl.o)
                0x0000000000007d4c                SysCtlIntRegister
 .text.SysCtlIntUnregister
                0x0000000000007d60       0x12 /mnt/storage/project/2kwMotorController/firmware/Tivaware/driverlib/gcc/libdriver.a(sysctl.o)
                0x0000000000007d60                SysCtlIntUnregister
 *fill*         0x0000000000007d72        0x2 
 .text.SysCtlIntEnable
                0x0000000000007d74       0x10 /mnt/storage/project/2kwMotorController/firmware/Tivaware/driverlib/gcc/libdriver.a(sysctl.o)
                0x0000000000007d74                SysCtlIntEnable
 .text.SysCtlIntDisable
                0x0000000000007d84       0x10 /mnt/storage/project/2kwMotorController/firmware/Tivaware/driverlib/gcc/libdriver.a(sysctl.o)
                0x0000000000007d84                SysCtlIntDisable
 .text.SysCtlIntClear
                0x0000000000007d94        0xc /mnt/storage/project/2kwMotorController/firmware/Tivaware/driverlib/gcc/libdriver.a(sysctl.o)
                0x0000000000007d94                SysCtlIntClear
 .text.SysCtlIntStatus
                0x0000000000007da0       0x14 /mnt/storage/project/2kwMotorController/firmware/Tivaware/driverlib/gcc/libdriver.a(sysctl.o)
                0x0000000000007da0                SysCtlIntStatus
 .text.SysCtlLDOSleepSet
                0x0000000000007db4        0xc /mnt/storage/project/2kwMotorController/firmware/Tivaware/driverlib/gcc/libdriver.a(sysctl.o)
                0x0000000000007db4                SysCtlLDOSleepSet
 .text.SysCtlLDOSleepGet
                0x0000000000007dc0        0xc /mnt/storage/project/2kwMotorController/firmware/Tivaware/driverlib/gcc/libdriver.a(sysctl.o)
                0x0000000000007dc0                SysCtlLDOSleepGet
 .text.SysCtlLDODeepSleepSet
                0x0000000000007dcc        0xc /mnt/storage/project/2kwMotorController/firmware/Tivaware/driverlib/gcc/libdriver.a(sysctl.o)
                0x0000000000007dcc                SysCtlLDODeepSleepSet
 .text.SysCtlLDODeepSleepGet
                0x0000000000007dd8        0xc /mnt/storage/project/2kwMotorController/firmware/Tivaware/driverlib/gcc/libdriver.a(sysctl.o)
                0x0000000000007dd8                SysCtlLDODeepSleepGet
 .text.SysCtlSleepPowerSet
                0x0000000000007de4        0xc /mnt/storage/project/2kwMotorController/firmware/Tivaware/driverlib/gcc/libdriver.a(sysctl.o)
                0x0000000000007de4                SysCtlSleepPowerSet
 .text.SysCtlDeepSleepPowerSet
                0x0000000000007df0        0xc /mnt/storage/project/2kwMotorController/firmware/Tivaware/driverlib/gcc/libdriver.a(sysctl.o)
                0x0000000000007df0                SysCtlDeepSleepPowerSet
 .text.SysCtlReset
                0x0000000000007dfc       0x10 /mnt/storage/project/2kwMotorController/firmware/Tivaware/driverlib/gcc/libdriver.a(sysctl.o)
                0x0000000000007dfc                SysCtlReset
 .text.SysCtlSleep
                0x0000000000007e0c        0x4 /mnt/storage/project/2kwMotorController/firmware/Tivaware/driverlib/gcc/libdriver.a(sysctl.o)
                0x0000000000007e0c                SysCtlSleep
 .text.SysCtlDeepSleep
                0x0000000000007e10       0x20 /mnt/storage/project/2kwMotorController/firmware/Tivaware/driverlib/gcc/libdriver.a(sysctl.o)
                0x0000000000007e10                SysCtlDeepSleep
 .text.SysCtlResetCauseGet
                0x0000000000007e30        0xc /mnt/storage/project/2kwMotorController/firmware/Tivaware/driverlib/gcc/libdriver.a(sysctl.o)
                0x0000000000007e30                SysCtlResetCauseGet
 .text.SysCtlResetCauseClear
                0x0000000000007e3c       0x10 /mnt/storage/project/2kwMotorController/firmware/Tivaware/driverlib/gcc/libdriver.a(sysctl.o)
                0x0000000000007e3c                SysCtlResetCauseClear
 .text.SysCtlDelay
                0x0000000000007e4c        0x8 /mnt/storage/project/2kwMotorController/firmware/Tivaware/driverlib/gcc/libdriver.a(sysctl.o)
                0x0000000000007e4c                SysCtlDelay
 .text.SysCtlMOSCConfigSet
                0x0000000000007e54        0xc /mnt/storage/project/2kwMotorController/firmware/Tivaware/driverlib/gcc/libdriver.a(sysctl.o)
                0x0000000000007e54                SysCtlMOSCConfigSet
 .text.SysCtlPIOSCCalibrate
                0x0000000000007e60       0x48 /mnt/storage/project/2kwMotorController/firmware/Tivaware/driverlib/gcc/libdriver.a(sysctl.o)
                0x0000000000007e60                SysCtlPIOSCCalibrate
 .text.SysCtlResetBehaviorSet
                0x0000000000007ea8        0xc /mnt/storage/project/2kwMotorController/firmware/Tivaware/driverlib/gcc/libdriver.a(sysctl.o)
                0x0000000000007ea8                SysCtlResetBehaviorSet
 .text.SysCtlResetBehaviorGet
                0x0000000000007eb4        0xc /mnt/storage/project/2kwMotorController/firmware/Tivaware/driverlib/gcc/libdriver.a(sysctl.o)
                0x0000000000007eb4                SysCtlResetBehaviorGet
 .text.SysCtlClockFreqSet
                0x0000000000007ec0      0x248 /mnt/storage/project/2kwMotorController/firmware/Tivaware/driverlib/gcc/libdriver.a(sysctl.o)
                0x0000000000007ec0                SysCtlClockFreqSet
 .text.SysCtlClockSet
                0x0000000000008108      0x11c /mnt/storage/project/2kwMotorController/firmware/Tivaware/driverlib/gcc/libdriver.a(sysctl.o)
                0x0000000000008108                SysCtlClockSet
 .text.SysCtlClockGet
                0x0000000000008224      0x12c /mnt/storage/project/2kwMotorController/firmware/Tivaware/driverlib/gcc/libdriver.a(sysctl.o)
                0x0000000000008224                SysCtlClockGet
 .text.SysCtlDeepSleepClockSet
                0x0000000000008350        0xc /mnt/storage/project/2kwMotorController/firmware/Tivaware/driverlib/gcc/libdriver.a(sysctl.o)
                0x0000000000008350                SysCtlDeepSleepClockSet
 .text.SysCtlDeepSleepClockConfigSet
                0x000000000000835c       0x60 /mnt/storage/project/2kwMotorController/firmware/Tivaware/driverlib/gcc/libdriver.a(sysctl.o)
                0x000000000000835c                SysCtlDeepSleepClockConfigSet
 .text.SysCtlPWMClockSet
                0x00000000000083bc       0x14 /mnt/storage/project/2kwMotorController/firmware/Tivaware/driverlib/gcc/libdriver.a(sysctl.o)
                0x00000000000083bc                SysCtlPWMClockSet
 .text.SysCtlPWMClockGet
                0x00000000000083d0       0x18 /mnt/storage/project/2kwMotorController/firmware/Tivaware/driverlib/gcc/libdriver.a(sysctl.o)
                0x00000000000083d0                SysCtlPWMClockGet
 .text.SysCtlGPIOAHBEnable
                0x00000000000083e8       0x18 /mnt/storage/project/2kwMotorController/firmware/Tivaware/driverlib/gcc/libdriver.a(sysctl.o)
                0x00000000000083e8                SysCtlGPIOAHBEnable
 .text.SysCtlGPIOAHBDisable
                0x0000000000008400       0x1c /mnt/storage/project/2kwMotorController/firmware/Tivaware/driverlib/gcc/libdriver.a(sysctl.o)
                0x0000000000008400                SysCtlGPIOAHBDisable
 .text.SysCtlUSBPLLEnable
                0x000000000000841c       0x10 /mnt/storage/project/2kwMotorController/firmware/Tivaware/driverlib/gcc/libdriver.a(sysctl.o)
                0x000000000000841c                SysCtlUSBPLLEnable
 .text.SysCtlUSBPLLDisable
                0x000000000000842c       0x10 /mnt/storage/project/2kwMotorController/firmware/Tivaware/driverlib/gcc/libdriver.a(sysctl.o)
                0x000000000000842c                SysCtlUSBPLLDisable
 .text.SysCtlVoltageEventConfig
                0x000000000000843c        0xc /mnt/storage/project/2kwMotorController/firmware/Tivaware/driverlib/gcc/libdriver.a(sysctl.o)
                0x000000000000843c                SysCtlVoltageEventConfig
 .text.SysCtlVoltageEventStatus
                0x0000000000008448        0xc /mnt/storage/project/2kwMotorController/firmware/Tivaware/driverlib/gcc/libdriver.a(sysctl.o)
                0x0000000000008448                SysCtlVoltageEventStatus
 .text.SysCtlVoltageEventClear
                0x0000000000008454       0x10 /mnt/storage/project/2kwMotorController/firmware/Tivaware/driverlib/gcc/libdriver.a(sysctl.o)
                0x0000000000008454                SysCtlVoltageEventClear
 .text.SysCtlVCOGet
                0x0000000000008464       0x78 /mnt/storage/project/2kwMotorController/firmware/Tivaware/driverlib/gcc/libdriver.a(sysctl.o)
                0x0000000000008464                SysCtlVCOGet
 .text.SysCtlNMIStatus
                0x00000000000084dc        0xc /mnt/storage/project/2kwMotorController/firmware/Tivaware/driverlib/gcc/libdriver.a(sysctl.o)
                0x00000000000084dc                SysCtlNMIStatus
 .text.SysCtlNMIClear
                0x00000000000084e8       0x10 /mnt/storage/project/2kwMotorController/firmware/Tivaware/driverlib/gcc/libdriver.a(sysctl.o)
                0x00000000000084e8                SysCtlNMIClear
 .text.SysCtlClockOutConfig
                0x00000000000084f8       0x10 /mnt/storage/project/2kwMotorController/firmware/Tivaware/driverlib/gcc/libdriver.a(sysctl.o)
                0x00000000000084f8                SysCtlClockOutConfig
 .text.SysCtlAltClkConfig
                0x0000000000008508        0xc /mnt/storage/project/2kwMotorController/firmware/Tivaware/driverlib/gcc/libdriver.a(sysctl.o)
                0x0000000000008508                SysCtlAltClkConfig
 .text._TimerIntNumberGet
                0x0000000000008514       0x50 /mnt/storage/project/2kwMotorController/firmware/Tivaware/driverlib/gcc/libdriver.a(timer.o)
 .text.TimerEnable
                0x0000000000008564       0x10 /mnt/storage/project/2kwMotorController/firmware/Tivaware/driverlib/gcc/libdriver.a(timer.o)
                0x0000000000008564                TimerEnable
 .text.TimerDisable
                0x0000000000008574       0x10 /mnt/storage/project/2kwMotorController/firmware/Tivaware/driverlib/gcc/libdriver.a(timer.o)
                0x0000000000008574                TimerDisable
 .text.TimerConfigure
                0x0000000000008584       0x58 /mnt/storage/project/2kwMotorController/firmware/Tivaware/driverlib/gcc/libdriver.a(timer.o)
                0x0000000000008584                TimerConfigure
 .text.TimerControlLevel
                0x00000000000085dc       0x1e /mnt/storage/project/2kwMotorController/firmware/Tivaware/driverlib/gcc/libdriver.a(timer.o)
                0x00000000000085dc                TimerControlLevel
 *fill*         0x00000000000085fa        0x2 
 .text.TimerControlTrigger
                0x00000000000085fc       0x54 /mnt/storage/project/2kwMotorController/firmware/Tivaware/driverlib/gcc/libdriver.a(timer.o)
                0x00000000000085fc                TimerControlTrigger
 .text.TimerControlEvent
                0x0000000000008650       0x14 /mnt/storage/project/2kwMotorController/firmware/Tivaware/driverlib/gcc/libdriver.a(timer.o)
                0x0000000000008650                TimerControlEvent
 .text.TimerControlStall
                0x0000000000008664       0x1e /mnt/storage/project/2kwMotorController/firmware/Tivaware/driverlib/gcc/libdriver.a(timer.o)
                0x0000000000008664                TimerControlStall
 .text.TimerControlWaitOnTrigger
                0x0000000000008682       0x2e /mnt/storage/project/2kwMotorController/firmware/Tivaware/driverlib/gcc/libdriver.a(timer.o)
                0x0000000000008682                TimerControlWaitOnTrigger
 .text.TimerRTCEnable