Archive member included to satisfy reference by file (symbol)

/home/odougs/bin/ti/ccsv7/tools/compiler/gcc-arm-none-eabi-6-2017-q1-update/bin/../lib/gcc/arm-none-eabi/6.3.1/../../../../arm-none-eabi/lib/thumb/v7e-m/fpv4-sp/hard/libc.a(lib_a-calloc.o)
                              ./source/fir.o (calloc)
/home/odougs/bin/ti/ccsv7/tools/compiler/gcc-arm-none-eabi-6-2017-q1-update/bin/../lib/gcc/arm-none-eabi/6.3.1/../../../../arm-none-eabi/lib/thumb/v7e-m/fpv4-sp/hard/libc.a(lib_a-callocr.o)
                              /home/odougs/bin/ti/ccsv7/tools/compiler/gcc-arm-none-eabi-6-2017-q1-update/bin/../lib/gcc/arm-none-eabi/6.3.1/../../../../arm-none-eabi/lib/thumb/v7e-m/fpv4-sp/hard/libc.a(lib_a-calloc.o) (_calloc_r)
/home/odougs/bin/ti/ccsv7/tools/compiler/gcc-arm-none-eabi-6-2017-q1-update/bin/../lib/gcc/arm-none-eabi/6.3.1/../../../../arm-none-eabi/lib/thumb/v7e-m/fpv4-sp/hard/libc.a(lib_a-exit.o)
                              /home/odougs/bin/ti/ccsv7/tools/compiler/gcc-arm-none-eabi-6-2017-q1-update/bin/../lib/gcc/arm-none-eabi/6.3.1/../../../../arm-none-eabi/lib/thumb/v7e-m/fpv4-sp/hard/crt0.o (exit)
/home/odougs/bin/ti/ccsv7/tools/compiler/gcc-arm-none-eabi-6-2017-q1-update/bin/../lib/gcc/arm-none-eabi/6.3.1/../../../../arm-none-eabi/lib/thumb/v7e-m/fpv4-sp/hard/libc.a(lib_a-impure.o)
                              /home/odougs/bin/ti/ccsv7/tools/compiler/gcc-arm-none-eabi-6-2017-q1-update/bin/../lib/gcc/arm-none-eabi/6.3.1/../../../../arm-none-eabi/lib/thumb/v7e-m/fpv4-sp/hard/libc.a(lib_a-exit.o) (_global_impure_ptr)
/home/odougs/bin/ti/ccsv7/tools/compiler/gcc-arm-none-eabi-6-2017-q1-update/bin/../lib/gcc/arm-none-eabi/6.3.1/../../../../arm-none-eabi/lib/thumb/v7e-m/fpv4-sp/hard/libc.a(lib_a-init.o)
                              /home/odougs/bin/ti/ccsv7/tools/compiler/gcc-arm-none-eabi-6-2017-q1-update/bin/../lib/gcc/arm-none-eabi/6.3.1/../../../../arm-none-eabi/lib/thumb/v7e-m/fpv4-sp/hard/crt0.o (__libc_init_array)
/home/odougs/bin/ti/ccsv7/tools/compiler/gcc-arm-none-eabi-6-2017-q1-update/bin/../lib/gcc/arm-none-eabi/6.3.1/../../../../arm-none-eabi/lib/thumb/v7e-m/fpv4-sp/hard/libc.a(lib_a-malloc.o)
                              ./source/fir.o (malloc)
/home/odougs/bin/ti/ccsv7/tools/compiler/gcc-arm-none-eabi-6-2017-q1-update/bin/../lib/gcc/arm-none-eabi/6.3.1/../../../../arm-none-eabi/lib/thumb/v7e-m/fpv4-sp/hard/libc.a(lib_a-mallocr.o)
                              /home/odougs/bin/ti/ccsv7/tools/compiler/gcc-arm-none-eabi-6-2017-q1-update/bin/../lib/gcc/arm-none-eabi/6.3.1/../../../../arm-none-eabi/lib/thumb/v7e-m/fpv4-sp/hard/libc.a(lib_a-callocr.o) (_malloc_r)
/home/odougs/bin/ti/ccsv7/tools/compiler/gcc-arm-none-eabi-6-2017-q1-update/bin/../lib/gcc/arm-none-eabi/6.3.1/../../../../arm-none-eabi/lib/thumb/v7e-m/fpv4-sp/hard/libc.a(lib_a-memcpy.o)
                              ./FreeRTOS/queue.o (memcpy)
/home/odougs/bin/ti/ccsv7/tools/compiler/gcc-arm-none-eabi-6-2017-q1-update/bin/../lib/gcc/arm-none-eabi/6.3.1/../../../../arm-none-eabi/lib/thumb/v7e-m/fpv4-sp/hard/libc.a(lib_a-memset.o)
                              /home/odougs/bin/ti/ccsv7/tools/compiler/gcc-arm-none-eabi-6-2017-q1-update/bin/../lib/gcc/arm-none-eabi/6.3.1/../../../../arm-none-eabi/lib/thumb/v7e-m/fpv4-sp/hard/crt0.o (memset)
/home/odougs/bin/ti/ccsv7/tools/compiler/gcc-arm-none-eabi-6-2017-q1-update/bin/../lib/gcc/arm-none-eabi/6.3.1/../../../../arm-none-eabi/lib/thumb/v7e-m/fpv4-sp/hard/libc.a(lib_a-mlock.o)
                              /home/odougs/bin/ti/ccsv7/tools/compiler/gcc-arm-none-eabi-6-2017-q1-update/bin/../lib/gcc/arm-none-eabi/6.3.1/../../../../arm-none-eabi/lib/thumb/v7e-m/fpv4-sp/hard/libc.a(lib_a-mallocr.o) (__malloc_lock)
/home/odougs/bin/ti/ccsv7/tools/compiler/gcc-arm-none-eabi-6-2017-q1-update/bin/../lib/gcc/arm-none-eabi/6.3.1/../../../../arm-none-eabi/lib/thumb/v7e-m/fpv4-sp/hard/libc.a(lib_a-sbrkr.o)
                              /home/odougs/bin/ti/ccsv7/tools/compiler/gcc-arm-none-eabi-6-2017-q1-update/bin/../lib/gcc/arm-none-eabi/6.3.1/../../../../arm-none-eabi/lib/thumb/v7e-m/fpv4-sp/hard/libc.a(lib_a-mallocr.o) (_sbrk_r)
/home/odougs/bin/ti/ccsv7/tools/compiler/gcc-arm-none-eabi-6-2017-q1-update/bin/../lib/gcc/arm-none-eabi/6.3.1/../../../../arm-none-eabi/lib/thumb/v7e-m/fpv4-sp/hard/libc.a(lib_a-__call_atexit.o)
                              /home/odougs/bin/ti/ccsv7/tools/compiler/gcc-arm-none-eabi-6-2017-q1-update/bin/../lib/gcc/arm-none-eabi/6.3.1/../../../../arm-none-eabi/lib/thumb/v7e-m/fpv4-sp/hard/libc.a(lib_a-exit.o) (__call_exitprocs)
/home/odougs/bin/ti/ccsv7/tools/compiler/gcc-arm-none-eabi-6-2017-q1-update/bin/../lib/gcc/arm-none-eabi/6.3.1/../../../../arm-none-eabi/lib/thumb/v7e-m/fpv4-sp/hard/libc.a(lib_a-atexit.o)
                              /home/odougs/bin/ti/ccsv7/tools/compiler/gcc-arm-none-eabi-6-2017-q1-update/bin/../lib/gcc/arm-none-eabi/6.3.1/../../../../arm-none-eabi/lib/thumb/v7e-m/fpv4-sp/hard/libc.a(lib_a-__call_atexit.o) (atexit)
[...]
Memory Configuration

Name             Origin             Length             Attributes
FLASH            0x0000000000000000 0x0000000000080000 xr
SRAM             0x0000000020000000 0x0000000000040000 xw
*default*        0x0000000000000000 0xffffffffffffffff

Linker script and memory map

LOAD /home/odougs/bin/ti/ccsv7/tools/compiler/gcc-arm-none-eabi-6-2017-q1-update/bin/../lib/gcc/arm-none-eabi/6.3.1/thumb/v7e-m/fpv4-sp/hard/crti.o
LOAD /home/odougs/bin/ti/ccsv7/tools/compiler/gcc-arm-none-eabi-6-2017-q1-update/bin/../lib/gcc/arm-none-eabi/6.3.1/thumb/v7e-m/fpv4-sp/hard/crtbegin.o
LOAD /home/odougs/bin/ti/ccsv7/tools/compiler/gcc-arm-none-eabi-6-2017-q1-update/bin/../lib/gcc/arm-none-eabi/6.3.1/../../../../arm-none-eabi/lib/thumb/v7e-m/fpv4-sp/hard/crt0.o
LOAD ./startup.o
LOAD ./FreeRTOS/event_groups.o
LOAD ./FreeRTOS/heap_1.o
LOAD ./FreeRTOS/list.o
LOAD ./FreeRTOS/port.o
LOAD ./FreeRTOS/queue.o
LOAD ./FreeRTOS/tasks.o
LOAD ./FreeRTOS/timers.o
LOAD ./source/can.o
LOAD ./source/control.o
LOAD ./source/debug.o
LOAD ./source/encoder.o
LOAD ./source/fir.o
LOAD ./source/logger.o
LOAD ./source/main.o
LOAD ./source/pinconfig.o
LOAD ./source/sensors.o
LOAD ./source/system.o
LOAD ./source/thermistor_lut.o
LOAD ./source/xprintf.o
                0x0000000000000000                PROVIDE (_intvecs_base_address, 0x0)

.intvecs        0x0000000000000000      0x208
 *(.intvecs)
 .intvecs       0x0000000000000000      0x208 ./startup.o
                0x0000000000000000                g_pfnVectors
                0x0000000020000000                PROVIDE (_vtable_base_address, 0x20000000)

.vtable
 *(.vtable)

.text           0x0000000000000210     0x85b8
 CREATE_OBJECT_SYMBOLS
 *(.text)
 .text          0x0000000000000210        0x0 /home/odougs/bin/ti/ccsv7/tools/compiler/gcc-arm-none-eabi-6-2017-q1-update/bin/../lib/gcc/arm-none-eabi/6.3.1/thumb/v7e-m/fpv4-sp/hard/crti.o
 .text          0x0000000000000210       0x6c /home/odougs/bin/ti/ccsv7/tools/compiler/gcc-arm-none-eabi-6-2017-q1-update/bin/../lib/gcc/arm-none-eabi/6.3.1/thumb/v7e-m/fpv4-sp/hard/crtbegin.o
 .text          0x000000000000027c       0x74 /home/odougs/bin/ti/ccsv7/tools/compiler/gcc-arm-none-eabi-6-2017-q1-update/bin/../lib/gcc/arm-none-eabi/6.3.1/../../../../arm-none-eabi/lib/thumb/v7e-m/fpv4-sp/hard/crt0.o
                0x000000000000027c                _mainCRTStartup
                0x000000000000027c                _start
 .text          0x00000000000002f0        0x0 ./startup.o
 .text          0x00000000000002f0        0x0 ./FreeRTOS/event_groups.o
 .text          0x00000000000002f0        0x0 ./FreeRTOS/heap_1.o
 .text          0x00000000000002f0        0x0 ./FreeRTOS/list.o
 .text          0x00000000000002f0        0x0 ./FreeRTOS/port.o
 .text          0x00000000000002f0        0x0 ./FreeRTOS/queue.o
 .text          0x00000000000002f0        0x0 ./FreeRTOS/tasks.o
 .text          0x00000000000002f0        0x0 ./FreeRTOS/timers.o
 .text          0x00000000000002f0        0x0 ./source/can.o
 .text          0x00000000000002f0        0x0 ./source/control.o
 .text          0x00000000000002f0        0x0 ./source/debug.o
 .text          0x00000000000002f0        0x0 ./source/encoder.o
 .text          0x00000000000002f0        0x0 ./source/fir.o
 .text          0x00000000000002f0        0x0 ./source/logger.o
 .text          0x00000000000002f0        0x0 ./source/main.o
 .text          0x00000000000002f0        0x0 ./source/pinconfig.o
 .text          0x00000000000002f0        0x0 ./source/sensors.o
 .text          0x00000000000002f0        0x0 ./source/system.o
 .text          0x00000000000002f0        0x0 ./source/thermistor_lut.o
 .text          0x00000000000002f0        0x0 ./source/xprintf.o
 .text          0x00000000000002f0        0x0 /home/odougs/bin/ti/ccsv7/tools/compiler/gcc-arm-none-eabi-6-2017-q1-update/bin/../lib/gcc/arm-none-eabi/6.3.1/../../../../arm-none-eabi/lib/thumb/v7e-m/fpv4-sp/hard/libc.a(lib_a-calloc.o)
 .text          0x00000000000002f0        0x0 /home/odougs/bin/ti/ccsv7/tools/compiler/gcc-arm-none-eabi-6-2017-q1-update/bin/../lib/gcc/arm-none-eabi/6.3.1/../../../../arm-none-eabi/lib/thumb/v7e-m/fpv4-sp/hard/libc.a(lib_a-callocr.o)
 .text          0x00000000000002f0        0x0 /home/odougs/bin/ti/ccsv7/tools/compiler/gcc-arm-none-eabi-6-2017-q1-update/bin/../lib/gcc/arm-none-eabi/6.3.1/../../../../arm-none-eabi/lib/thumb/v7e-m/fpv4-sp/hard/libc.a(lib_a-exit.o)
 .text          0x00000000000002f0        0x0 /home/odougs/bin/ti/ccsv7/tools/compiler/gcc-arm-none-eabi-6-2017-q1-update/bin/../lib/gcc/arm-none-eabi/6.3.1/../../../../arm-none-eabi/lib/thumb/v7e-m/fpv4-sp/hard/libc.a(lib_a-impure.o)
 .text          0x00000000000002f0        0x0 /home/odougs/bin/ti/ccsv7/tools/compiler/gcc-arm-none-eabi-6-2017-q1-update/bin/../lib/gcc/arm-none-eabi/6.3.1/../../../../arm-none-eabi/lib/thumb/v7e-m/fpv4-sp/hard/libc.a(lib_a-init.o)
 .text          0x00000000000002f0        0x0 /home/odougs/bin/ti/ccsv7/tools/compiler/gcc-arm-none-eabi-6-2017-q1-update/bin/../lib/gcc/arm-none-eabi/6.3.1/../../../../arm-none-eabi/lib/thumb/v7e-m/fpv4-sp/hard/libc.a(lib_a-malloc.o)
 .text          0x00000000000002f0        0x0 /home/odougs/bin/ti/ccsv7/tools/compiler/gcc-arm-none-eabi-6-2017-q1-update/bin/../lib/gcc/arm-none-eabi/6.3.1/../../../../arm-none-eabi/lib/thumb/v7e-m/fpv4-sp/hard/libc.a(lib_a-mallocr.o)
 .text          0x00000000000002f0      0x134 /home/odougs/bin/ti/ccsv7/tools/compiler/gcc-arm-none-eabi-6-2017-q1-update/bin/../lib/gcc/arm-none-eabi/6.3.1/../../../../arm-none-eabi/lib/thumb/v7e-m/fpv4-sp/hard/libc.a(lib_a-memcpy.o)
                0x00000000000002f0                memcpy
 .text          0x0000000000000424        0x0 /home/odougs/bin/ti/ccsv7/tools/compiler/gcc-arm-none-eabi-6-2017-q1-update/bin/../lib/gcc/arm-none-eabi/6.3.1/../../../../arm-none-eabi/lib/thumb/v7e-m/fpv4-sp/hard/libc.a(lib_a-memset.o)
 .text          0x0000000000000424        0x0 /home/odougs/bin/ti/ccsv7/tools/compiler/gcc-arm-none-eabi-6-2017-q1-update/bin/../lib/gcc/arm-none-eabi/6.3.1/../../../../arm-none-eabi/lib/thumb/v7e-m/fpv4-sp/hard/libc.a(lib_a-mlock.o)
 .text          0x0000000000000424        0x0 /home/odougs/bin/ti/ccsv7/tools/compiler/gcc-arm-none-eabi-6-2017-q1-update/bin/../lib/gcc/arm-none-eabi/6.3.1/../../../../arm-none-eabi/lib/thumb/v7e-m/fpv4-sp/hard/libc.a(lib_a-sbrkr.o)
 .text          0x0000000000000424        0x0 /home/odougs/bin/ti/ccsv7/tools/compiler/gcc-arm-none-eabi-6-2017-q1-update/bin/../lib/gcc/arm-none-eabi/6.3.1/../../../../arm-none-eabi/lib/thumb/v7e-m/fpv4-sp/hard/libc.a(lib_a-__call_atexit.o)
 .text          0x0000000000000424        0x0 /home/odougs/bin/ti/ccsv7/tools/compiler/gcc-arm-none-eabi-6-2017-q1-update/bin/../lib/gcc/arm-none-eabi/6.3.1/../../../../arm-none-eabi/lib/thumb/v7e-m/fpv4-sp/hard/libc.a(lib_a-atexit.o)
 .text          0x0000000000000424        0x0 /home/odougs/bin/ti/ccsv7/tools/compiler/gcc-arm-none-eabi-6-2017-q1-update/bin/../lib/gcc/arm-none-eabi/6.3.1/../../../../arm-none-eabi/lib/thumb/v7e-m/fpv4-sp/hard/libc.a(lib_a-fini.o)
 .text          0x0000000000000424        0x0 /home/odougs/bin/ti/ccsv7/tools/compiler/gcc-arm-none-eabi-6-2017-q1-update/bin/../lib/gcc/arm-none-eabi/6.3.1/../../../../arm-none-eabi/lib/thumb/v7e-m/fpv4-sp/hard/libc.a(lib_a-freer.o)
 .text          0x0000000000000424        0x0 /home/odougs/bin/ti/ccsv7/tools/compiler/gcc-arm-none-eabi-6-2017-q1-update/bin/../lib/gcc/arm-none-eabi/6.3.1/../../../../arm-none-eabi/lib/thumb/v7e-m/fpv4-sp/hard/libc.a(lib_a-lock.o)
 .text          0x0000000000000424        0x0 /home/odougs/bin/ti/ccsv7/tools/compiler/gcc-arm-none-eabi-6-2017-q1-update/bin/../lib/gcc/arm-none-eabi/6.3.1/../../../../arm-none-eabi/lib/thumb/v7e-m/fpv4-sp/hard/libc.a(lib_a-reent.o)
 .text          0x0000000000000424        0x0 /home/odougs/bin/ti/ccsv7/tools/compiler/gcc-arm-none-eabi-6-2017-q1-update/bin/../lib/gcc/arm-none-eabi/6.3.1/../../../../arm-none-eabi/lib/thumb/v7e-m/fpv4-sp/hard/libc.a(lib_a-__atexit.o)
 .text          0x0000000000000424        0x0 /mnt/storage/project/2kwMotorController/firmware/Tivaware/driverlib/gcc/libdriver.a(adc.o)
 .text          0x0000000000000424        0x0 /mnt/storage/project/2kwMotorController/firmware/Tivaware/driverlib/gcc/libdriver.a(can.o)
 .text          0x0000000000000424        0x0 /mnt/storage/project/2kwMotorController/firmware/Tivaware/driverlib/gcc/libdriver.a(gpio.o)
 .text          0x0000000000000424        0x0 /mnt/storage/project/2kwMotorController/firmware/Tivaware/driverlib/gcc/libdriver.a(interrupt.o)
 .text          0x0000000000000424        0x0 /mnt/storage/project/2kwMotorController/firmware/Tivaware/driverlib/gcc/libdriver.a(pwm.o)
 .text          0x0000000000000424        0x0 /mnt/storage/project/2kwMotorController/firmware/Tivaware/driverlib/gcc/libdriver.a(qei.o)
 .text          0x0000000000000424        0x0 /mnt/storage/project/2kwMotorController/firmware/Tivaware/driverlib/gcc/libdriver.a(sysctl.o)
 .text          0x0000000000000424        0x0 /mnt/storage/project/2kwMotorController/firmware/Tivaware/driverlib/gcc/libdriver.a(timer.o)
 .text          0x0000000000000424        0x0 /mnt/storage/project/2kwMotorController/firmware/Tivaware/driverlib/gcc/libdriver.a(uart.o)
 .text          0x0000000000000424        0x0 /mnt/storage/project/2kwMotorController/firmware/Tivaware/driverlib/gcc/libdriver.a(udma.o)
 .text          0x0000000000000424        0x0 /mnt/storage/project/2kwMotorController/firmware/Tivaware/driverlib/gcc/libdriver.a(cpu.o)
 .text          0x0000000000000424        0x0 /home/odougs/bin/ti/ccsv7/tools/compiler/gcc-arm-none-eabi-6-2017-q1-update/bin/../lib/gcc/arm-none-eabi/6.3.1/../../../../arm-none-eabi/lib/thumb/v7e-m/fpv4-sp/hard/libnosys.a(sbrk.o)
 .text          0x0000000000000424        0x0 /home/odougs/bin/ti/ccsv7/tools/compiler/gcc-arm-none-eabi-6-2017-q1-update/bin/../lib/gcc/arm-none-eabi/6.3.1/../../../../arm-none-eabi/lib/thumb/v7e-m/fpv4-sp/hard/libnosys.a(_exit.o)
 .text          0x0000000000000424        0x0 /home/odougs/bin/ti/ccsv7/tools/compiler/gcc-arm-none-eabi-6-2017-q1-update/bin/../lib/gcc/arm-none-eabi/6.3.1/thumb/v7e-m/fpv4-sp/hard/crtend.o
 .text          0x0000000000000424        0x0 /home/odougs/bin/ti/ccsv7/tools/compiler/gcc-arm-none-eabi-6-2017-q1-update/bin/../lib/gcc/arm-none-eabi/6.3.1/thumb/v7e-m/fpv4-sp/hard/crtn.o
 *(.text.*)
 .text.NmiSR    0x0000000000000424        0x4 ./startup.o
 .text.HardFault_Handler
                0x0000000000000428       0x18 ./startup.o
 .text.IntDefaultHandler
                0x0000000000000440       0x18 ./startup.o
 .text.ResetISR
                0x0000000000000458       0x5c ./startup.o
                0x0000000000000458                ResetISR
 .text._dummy0  0x00000000000004b4        0x4 ./startup.o
                0x00000000000004b4                _dummy0
 .text.prvGetRegistersFromStack
                0x00000000000004b8       0xcc ./startup.o
                0x00000000000004b8                prvGetRegistersFromStack
 .text.xEventGroupGenericCreate
                0x0000000000000584       0x24 ./FreeRTOS/event_groups.o
                0x0000000000000584                xEventGroupGenericCreate
 .text.xEventGroupWaitBits
                0x00000000000005a8       0xf0 ./FreeRTOS/event_groups.o
                0x00000000000005a8                xEventGroupWaitBits
 .text.xEventGroupClearBits
                0x0000000000000698       0x48 ./FreeRTOS/event_groups.o
                0x0000000000000698                xEventGroupClearBits
 .text.xEventGroupGetBitsFromISR
                0x00000000000006e0       0x1c ./FreeRTOS/event_groups.o
                0x00000000000006e0                xEventGroupGetBitsFromISR
 .text.xEventGroupSetBits
                0x00000000000006fc       0x94 ./FreeRTOS/event_groups.o
                0x00000000000006fc                xEventGroupSetBits
 .text.xEventGroupSync
                0x0000000000000790       0xb4 ./FreeRTOS/event_groups.o
                0x0000000000000790                xEventGroupSync
 .text.vEventGroupDelete
                0x0000000000000844       0x4c ./FreeRTOS/event_groups.o
                0x0000000000000844                vEventGroupDelete
 .text.vEventGroupSetBitsCallback
                0x0000000000000890        0x4 ./FreeRTOS/event_groups.o
                0x0000000000000890                vEventGroupSetBitsCallback
 .text.vEventGroupClearBitsCallback
                0x0000000000000894        0x4 ./FreeRTOS/event_groups.o
                0x0000000000000894                vEventGroupClearBitsCallback
 .text.uxEventGroupGetNumber
                0x0000000000000898        0x8 ./FreeRTOS/event_groups.o
                0x0000000000000898                uxEventGroupGetNumber
 .text.pvPortMalloc
                0x00000000000008a0       0x5c ./FreeRTOS/heap_1.o
                0x00000000000008a0                pvPortMalloc
 .text.vPortFree
                0x00000000000008fc       0x18 ./FreeRTOS/heap_1.o
                0x00000000000008fc                vPortFree
 .text.vPortInitialiseBlocks
                0x0000000000000914        0xc ./FreeRTOS/heap_1.o
                0x0000000000000914                vPortInitialiseBlocks
 .text.xPortGetFreeHeapSize
                0x0000000000000920       0x10 ./FreeRTOS/heap_1.o
                0x0000000000000920                xPortGetFreeHeapSize
 .text.vListInitialise
                0x0000000000000930       0x18 ./FreeRTOS/list.o
                0x0000000000000930                vListInitialise
 .text.vListInitialiseItem
                0x0000000000000948        0x8 ./FreeRTOS/list.o
                0x0000000000000948                vListInitialiseItem
 .text.vListInsertEnd
                0x0000000000000950       0x20 ./FreeRTOS/list.o
                0x0000000000000950                vListInsertEnd
 .text.vListInsert
                0x0000000000000970       0x34 ./FreeRTOS/list.o
                0x0000000000000970                vListInsert
 .text.uxListRemove
                0x00000000000009a4       0x28 ./FreeRTOS/list.o
                0x00000000000009a4                uxListRemove
 .text.prvTaskExitError
                0x00000000000009cc       0x30 ./FreeRTOS/port.o
 .text.prvPortStartFirstTask
                0x00000000000009fc       0x20 ./FreeRTOS/port.o
 .text.vPortEnableVFP
                0x0000000000000a1c       0x14 ./FreeRTOS/port.o
 .text.pxPortInitialiseStack
                0x0000000000000a30       0x2c ./FreeRTOS/port.o
                0x0000000000000a30                pxPortInitialiseStack
 *fill*         0x0000000000000a5c        0x4 
 .text.vPortSVCHandler
                0x0000000000000a60       0x24 ./FreeRTOS/port.o
                0x0000000000000a60                vPortSVCHandler
 .text.vPortEndScheduler
                0x0000000000000a84       0x24 ./FreeRTOS/port.o
                0x0000000000000a84                vPortEndScheduler
 .text.vPortEnterCritical
                0x0000000000000aa8       0x44 ./FreeRTOS/port.o
                0x0000000000000aa8                vPortEnterCritical
 .text.vPortExitCritical
                0x0000000000000aec       0x28 ./FreeRTOS/port.o
                0x0000000000000aec                vPortExitCritical
 *fill*         0x0000000000000b14        0xc 
 .text.xPortPendSVHandler
                0x0000000000000b20       0x64 ./FreeRTOS/port.o
                0x0000000000000b20                xPortPendSVHandler
 .text.xPortSysTickHandler
                0x0000000000000b84       0x2c ./FreeRTOS/port.o
                0x0000000000000b84                xPortSysTickHandler
 .text.vPortSetupTimerInterrupt
                0x0000000000000bb0       0x1c ./FreeRTOS/port.o
                0x0000000000000bb0                vPortSetupTimerInterrupt
 .text.xPortStartScheduler
                0x0000000000000bcc       0xec ./FreeRTOS/port.o
                0x0000000000000bcc                xPortStartScheduler
 .text.vPortValidateInterruptPriority
                0x0000000000000cb8       0x5c ./FreeRTOS/port.o
                0x0000000000000cb8                vPortValidateInterruptPriority
 .text.unlikely.prvCopyDataToQueue
                0x0000000000000d14       0x6a ./FreeRTOS/queue.o
 .text.unlikely.prvCopyDataFromQueue
                0x0000000000000d7e       0x26 ./FreeRTOS/queue.o
 .text.prvUnlockQueue
                0x0000000000000da4       0x84 ./FreeRTOS/queue.o
 .text.xQueueGenericCreate.part.2
                0x0000000000000e28       0x14 ./FreeRTOS/queue.o
 .text.xQueueGenericReset
                0x0000000000000e3c       0x80 ./FreeRTOS/queue.o
                0x0000000000000e3c                xQueueGenericReset
 .text.xQueueGenericCreate
                0x0000000000000ebc       0x50 ./FreeRTOS/queue.o
                0x0000000000000ebc                xQueueGenericCreate
 .text.xQueueGenericSend
                0x0000000000000f0c      0x15c ./FreeRTOS/queue.o
                0x0000000000000f0c                xQueueGenericSend
 .text.xQueueCreateMutex
                0x0000000000001068       0x2c ./FreeRTOS/queue.o
                0x0000000000001068                xQueueCreateMutex
 .text.xQueueGiveMutexRecursive
                0x0000000000001094       0x40 ./FreeRTOS/queue.o
                0x0000000000001094                xQueueGiveMutexRecursive
 .text.xQueueGenericSendFromISR
                0x00000000000010d4       0xbc ./FreeRTOS/queue.o
                0x00000000000010d4                xQueueGenericSendFromISR
 .text.xQueueGiveFromISR
                0x0000000000001190       0xa8 ./FreeRTOS/queue.o
                0x0000000000001190                xQueueGiveFromISR
 .text.xQueueGenericReceive
                0x0000000000001238      0x180 ./FreeRTOS/queue.o
                0x0000000000001238                xQueueGenericReceive
 .text.xQueueTakeMutexRecursive
                0x00000000000013b8       0x44 ./FreeRTOS/queue.o
                0x00000000000013b8                xQueueTakeMutexRecursive
 .text.xQueueReceiveFromISR
                0x00000000000013fc       0x94 ./FreeRTOS/queue.o
                0x00000000000013fc                xQueueReceiveFromISR
 .text.xQueuePeekFromISR
                0x0000000000001490       0x7c ./FreeRTOS/queue.o
                0x0000000000001490                xQueuePeekFromISR
 .text.uxQueueMessagesWaiting
                0x000000000000150c       0x28 ./FreeRTOS/queue.o
                0x000000000000150c                uxQueueMessagesWaiting
 .text.uxQueueSpacesAvailable
                0x0000000000001534       0x2c ./FreeRTOS/queue.o
                0x0000000000001534                uxQueueSpacesAvailable
 .text.uxQueueMessagesWaitingFromISR
                0x0000000000001560       0x18 ./FreeRTOS/queue.o
                0x0000000000001560                uxQueueMessagesWaitingFromISR
 .text.vQueueDelete
                0x0000000000001578       0x4c ./FreeRTOS/queue.o
                0x0000000000001578                vQueueDelete
 .text.uxQueueGetQueueNumber
                0x00000000000015c4        0x4 ./FreeRTOS/queue.o
                0x00000000000015c4                uxQueueGetQueueNumber
 .text.vQueueSetQueueNumber
                0x00000000000015c8        0x4 ./FreeRTOS/queue.o
                0x00000000000015c8                vQueueSetQueueNumber
 .text.ucQueueGetQueueType
                0x00000000000015cc        0x8 ./FreeRTOS/queue.o
                0x00000000000015cc                ucQueueGetQueueType
 .text.xQueueIsQueueEmptyFromISR
                0x00000000000015d4       0x20 ./FreeRTOS/queue.o
                0x00000000000015d4                xQueueIsQueueEmptyFromISR
 .text.xQueueIsQueueFullFromISR
                0x00000000000015f4       0x24 ./FreeRTOS/queue.o
                0x00000000000015f4                xQueueIsQueueFullFromISR
 .text.vQueueAddToRegistry
                0x0000000000001618       0x28 ./FreeRTOS/queue.o
                0x0000000000001618                vQueueAddToRegistry
 .text.pcQueueGetQueueName
                0x0000000000001640       0x30 ./FreeRTOS/queue.o
                0x0000000000001640                pcQueueGetQueueName
 .text.vQueueUnregisterQueue
                0x0000000000001670       0x34 ./FreeRTOS/queue.o
                0x0000000000001670                vQueueUnregisterQueue
 .text.prvAddCurrentTaskToDelayedList
                0x00000000000016a4       0x90 ./FreeRTOS/tasks.o
 .text.prvResetNextTaskUnblockTime.part.1
                0x0000000000001734       0x18 ./FreeRTOS/tasks.o
 .text.xTaskGenericCreate.part.3
                0x000000000000174c      0x204 ./FreeRTOS/tasks.o
 .text.vTaskSetTimeOutState.part.5
                0x0000000000001950       0x14 ./FreeRTOS/tasks.o
 .text.prvTaskIsTaskSuspended
                0x0000000000001964       0x2c ./FreeRTOS/tasks.o
 .text.xTaskGenericCreate
                0x0000000000001990       0x40 ./FreeRTOS/tasks.o
                0x0000000000001990                xTaskGenericCreate
 .text.vTaskDelete
                0x00000000000019d0      0x110 ./FreeRTOS/tasks.o
                0x00000000000019d0                vTaskDelete
 .text.eTaskGetState
                0x0000000000001ae0       0x70 ./FreeRTOS/tasks.o
                0x0000000000001ae0                eTaskGetState
 .text.uxTaskPriorityGet
                0x0000000000001b50       0x28 ./FreeRTOS/tasks.o
                0x0000000000001b50                uxTaskPriorityGet
 .text.uxTaskPriorityGetFromISR
                0x0000000000001b78       0x38 ./FreeRTOS/tasks.o
                0x0000000000001b78                uxTaskPriorityGetFromISR
 .text.vTaskPrioritySet
                0x0000000000001bb0       0xdc ./FreeRTOS/tasks.o
                0x0000000000001bb0                vTaskPrioritySet
 .text.vTaskResume
                0x0000000000001c8c       0x94 ./FreeRTOS/tasks.o
                0x0000000000001c8c                vTaskResume
 .text.xTaskResumeFromISR
                0x0000000000001d20       0xbc ./FreeRTOS/tasks.o
                0x0000000000001d20                xTaskResumeFromISR
 .text.vTaskStartScheduler
                0x0000000000001ddc       0x7c ./FreeRTOS/tasks.o
                0x0000000000001ddc                vTaskStartScheduler
 .text.vTaskEndScheduler
                0x0000000000001e58       0x20 ./FreeRTOS/tasks.o
                0x0000000000001e58                vTaskEndScheduler
 .text.vTaskSuspendAll
                0x0000000000001e78       0x10 ./FreeRTOS/tasks.o
                0x0000000000001e78                vTaskSuspendAll
 .text.xTaskGetTickCount
                0x0000000000001e88        0xc ./FreeRTOS/tasks.o
                0x0000000000001e88                xTaskGetTickCount
 .text.xTaskGetTickCountFromISR
                0x0000000000001e94       0x10 ./FreeRTOS/tasks.o
                0x0000000000001e94                xTaskGetTickCountFromISR
 .text.uxTaskGetNumberOfTasks
                0x0000000000001ea4        0xc ./FreeRTOS/tasks.o
                0x0000000000001ea4                uxTaskGetNumberOfTasks
 .text.xTaskIncrementTick
                0x0000000000001eb0      0x154 ./FreeRTOS/tasks.o
                0x0000000000001eb0                xTaskIncrementTick
 .text.xTaskResumeAll
                0x0000000000002004      0x11c ./FreeRTOS/tasks.o
                0x0000000000002004                xTaskResumeAll
 .text.vTaskDelayUntil
                0x0000000000002120       0x9c ./FreeRTOS/tasks.o
                0x0000000000002120                vTaskDelayUntil
 .text.vTaskDelay
                0x00000000000021bc       0x4c ./FreeRTOS/tasks.o
                0x00000000000021bc                vTaskDelay
 .text.prvIdleTask
                0x0000000000002208       0x64 ./FreeRTOS/tasks.o
 .text.vTaskSwitchContext
                0x000000000000226c       0xa4 ./FreeRTOS/tasks.o
                0x000000000000226c                vTaskSwitchContext
 .text.vTaskSuspend
                0x0000000000002310       0xf4 ./FreeRTOS/tasks.o
                0x0000000000002310                vTaskSuspend
 .text.vTaskPlaceOnEventList
                0x0000000000002404       0x34 ./FreeRTOS/tasks.o
                0x0000000000002404                vTaskPlaceOnEventList
 .text.vTaskPlaceOnUnorderedEventList
                0x0000000000002438       0x58 ./FreeRTOS/tasks.o
                0x0000000000002438                vTaskPlaceOnUnorderedEventList
 .text.xTaskRemoveFromEventList
                0x0000000000002490       0x88 ./FreeRTOS/tasks.o
                0x0000000000002490                xTaskRemoveFromEventList
 .text.xTaskRemoveFromUnorderedEventList
                0x0000000000002518       0x90 ./FreeRTOS/tasks.o
                0x0000000000002518                xTaskRemoveFromUnorderedEventList
 .text.vTaskSetTimeOutState
                0x00000000000025a8       0x20 ./FreeRTOS/tasks.o
                0x00000000000025a8                vTaskSetTimeOutState
 .text.xTaskCheckForTimeOut
                0x00000000000025c8       0x88 ./FreeRTOS/tasks.o
                0x00000000000025c8                xTaskCheckForTimeOut
 .text.vTaskMissedYield
                0x0000000000002650        0xc ./FreeRTOS/tasks.o
                0x0000000000002650                vTaskMissedYield
 .text.uxTaskGetTaskNumber
                0x000000000000265c        0x8 ./FreeRTOS/tasks.o
                0x000000000000265c                uxTaskGetTaskNumber
 .text.vTaskSetTaskNumber
                0x0000000000002664        0x8 ./FreeRTOS/tasks.o
                0x0000000000002664                vTaskSetTaskNumber
 .text.vTaskGetTaskInfo
                0x000000000000266c       0x9c ./FreeRTOS/tasks.o
                0x000000000000266c                vTaskGetTaskInfo
 .text.prvListTasksWithinSingleList.part.6
                0x0000000000002708       0x50 ./FreeRTOS/tasks.o
 .text.uxTaskGetSystemState
                0x0000000000002758      0x108 ./FreeRTOS/tasks.o
                0x0000000000002758                uxTaskGetSystemState
 .text.uxTaskGetStackHighWaterMark
                0x0000000000002860       0x2c ./FreeRTOS/tasks.o
                0x0000000000002860                uxTaskGetStackHighWaterMark
 .text.xTaskGetCurrentTaskHandle
                0x000000000000288c        0xc ./FreeRTOS/tasks.o
                0x000000000000288c                xTaskGetCurrentTaskHandle
 .text.vTaskPriorityInherit
                0x0000000000002898       0x98 ./FreeRTOS/tasks.o
                0x0000000000002898                vTaskPriorityInherit
 .text.xTaskPriorityDisinherit
                0x0000000000002930       0xb4 ./FreeRTOS/tasks.o
                0x0000000000002930                xTaskPriorityDisinherit
 .text.uxTaskResetEventItemValue
                0x00000000000029e4       0x18 ./FreeRTOS/tasks.o
                0x00000000000029e4                uxTaskResetEventItemValue
 .text.pvTaskIncrementMutexHeldCount
                0x00000000000029fc       0x18 ./FreeRTOS/tasks.o
                0x00000000000029fc                pvTaskIncrementMutexHeldCount
 .text.ulTaskNotifyTake
                0x0000000000002a14       0x6c ./FreeRTOS/tasks.o
                0x0000000000002a14                ulTaskNotifyTake
 .text.xTaskNotifyWait
                0x0000000000002a80       0x8c ./FreeRTOS/tasks.o
                0x0000000000002a80                xTaskNotifyWait
 .text.xTaskGenericNotify
                0x0000000000002b0c       0xe4 ./FreeRTOS/tasks.o
                0x0000000000002b0c                xTaskGenericNotify
 .text.xTaskGenericNotifyFromISR
                0x0000000000002bf0      0x128 ./FreeRTOS/tasks.o
                0x0000000000002bf0                xTaskGenericNotifyFromISR
 .text.vTaskNotifyGiveFromISR
                0x0000000000002d18       0xec ./FreeRTOS/tasks.o
                0x0000000000002d18                vTaskNotifyGiveFromISR
 .text.xTaskNotifyStateClear
                0x0000000000002e04       0x30 ./FreeRTOS/tasks.o
                0x0000000000002e04                xTaskNotifyStateClear
 .text._dummy7  0x0000000000002e34        0x4 ./source/can.o
                0x0000000000002e34                _dummy7
 .text.can_ISR  0x0000000000002e38       0x98 ./source/can.o
                0x0000000000002e38                can_ISR
 .text.can_init
                0x0000000000002ed0       0x70 ./source/can.o
                0x0000000000002ed0                can_init
 .text.can_task_code
                0x0000000000002f40       0x60 ./source/can.o
                0x0000000000002f40                can_task_code
 .text.can_send
                0x0000000000002fa0       0x28 ./source/can.o
                0x0000000000002fa0                can_send
 .text.can_recv
                0x0000000000002fc8       0x1c ./source/can.o
                0x0000000000002fc8                can_recv
 .text._dummy4  0x0000000000002fe4        0x4 ./source/control.o
                0x0000000000002fe4                _dummy4
 .text.pwm_duty_update
                0x0000000000002fe8      0x110 ./source/control.o
                0x0000000000002fe8                pwm_duty_update
 .text.pwm_setup
                0x00000000000030f8       0xd0 ./source/control.o
                0x00000000000030f8                pwm_setup
 .text.pid_loop
                0x00000000000031c8       0x3c ./source/control.o
                0x00000000000031c8                pid_loop
 .text.pid_state_reset
                0x0000000000003204        0x8 ./source/control.o
                0x0000000000003204                pid_state_reset
 .text.hbridge_soft_start
                0x000000000000320c       0x28 ./source/control.o
                0x000000000000320c                hbridge_soft_start
 .text.load_config_regs
                0x0000000000003234       0xc8 ./source/control.o
                0x0000000000003234                load_config_regs
 .text.control_task_code
                0x00000000000032fc      0x3f0 ./source/control.o
                0x00000000000032fc                control_task_code
 .text._dummy6  0x00000000000036ec        0x4 ./source/debug.o
                0x00000000000036ec                _dummy6
 .text.led_get  0x00000000000036f0       0x2c ./source/debug.o
                0x00000000000036f0                led_get
 .text.led_set  0x000000000000371c       0x34 ./source/debug.o
                0x000000000000371c                led_set
 .text.debug_pins_set
                0x0000000000003750       0x2c ./source/debug.o
                0x0000000000003750                debug_pins_set
 .text._dummy9  0x000000000000377c        0x4 ./source/encoder.o
                0x000000000000377c                _dummy9
 .text.qei_ISR  0x0000000000003780       0x54 ./source/encoder.o
                0x0000000000003780                qei_ISR
 .text.encoder_task_code
                0x00000000000037d4      0x164 ./source/encoder.o
                0x00000000000037d4                encoder_task_code
 .text.encoder_get_motor_position_rads
                0x0000000000003938        0xc ./source/encoder.o
                0x0000000000003938                encoder_get_motor_position_rads
 .text.encoder_get_motor_velocity_rads
                0x0000000000003944        0xc ./source/encoder.o
                0x0000000000003944                encoder_get_motor_velocity_rads
 .text.encoder_poll_motor_velocity_rads
                0x0000000000003950       0x20 ./source/encoder.o
                0x0000000000003950                encoder_poll_motor_velocity_rads
 .text.fir_create
                0x0000000000003970       0x44 ./source/fir.o
                0x0000000000003970                fir_create
 .text.fir_do_filter
                0x00000000000039b4       0x70 ./source/fir.o
                0x00000000000039b4                fir_do_filter
 .text.panic_putc
                0x0000000000003a24        0xc ./source/logger.o
 .text.debug_uart_putc
                0x0000000000003a30       0x5c ./source/logger.o
 .text.debug_uart_ISR
                0x0000000000003a8c       0x70 ./source/logger.o
 .text._dummy5  0x0000000000003afc        0x4 ./source/logger.o
                0x0000000000003afc                _dummy5
 .text.log_msg  0x0000000000003b00       0x28 ./source/logger.o
                0x0000000000003b00                log_msg
 .text.log_msg_ISR
                0x0000000000003b28       0x24 ./source/logger.o
                0x0000000000003b28                log_msg_ISR
 .text.log_msg_panic
                0x0000000000003b4c       0x18 ./source/logger.o
                0x0000000000003b4c                log_msg_panic
 .text.logger_task_code
                0x0000000000003b64       0x80 ./source/logger.o
                0x0000000000003b64                logger_task_code
 .text.real_int_from_float
                0x0000000000003be4       0x4c ./source/logger.o
                0x0000000000003be4                real_int_from_float
 .text.led_task_code
                0x0000000000003c30       0x64 ./source/main.o
                0x0000000000003c30                led_task_code
 .text.poll_task_code
                0x0000000000003c94       0x80 ./source/main.o
                0x0000000000003c94                poll_task_code
 .text._dummy1  0x0000000000003d14        0x4 ./source/main.o
                0x0000000000003d14                _dummy1
 .text.vApplicationStackOverflowHook
                0x0000000000003d18        0x4 ./source/main.o
                0x0000000000003d18                vApplicationStackOverflowHook
 .text.assertion_failed
                0x0000000000003d1c       0x1c ./source/main.o
                0x0000000000003d1c                assertion_failed
 .text.startup.main
                0x0000000000003d38      0x19c ./source/main.o
                0x0000000000003d38                main
 .text._dummy8  0x0000000000003ed4        0x4 ./source/pinconfig.o
                0x0000000000003ed4                _dummy8
 .text.pinconfig
                0x0000000000003ed8      0x284 ./source/pinconfig.o
                0x0000000000003ed8                pinconfig
 .text._dummy3  0x000000000000415c        0x4 ./source/sensors.o
                0x000000000000415c                _dummy3
 .text.adc0_seq0_ISR
                0x0000000000004160       0x68 ./source/sensors.o
                0x0000000000004160                adc0_seq0_ISR
 .text.adc1_seq0_ISR
                0x00000000000041c8       0x9c ./source/sensors.o
                0x00000000000041c8                adc1_seq0_ISR
 .text.ls_timer_ISR
                0x0000000000004264       0x20 ./source/sensors.o
                0x0000000000004264                ls_timer_ISR
 .text.sensors_rt_current_update
                0x0000000000004284       0xd4 ./source/sensors.o
                0x0000000000004284                sensors_rt_current_update
 .text.sensor_get_motor_current
                0x0000000000004358        0xc ./source/sensors.o
                0x0000000000004358                sensor_get_motor_current
 .text.sensor_get_bus_voltage
                0x0000000000004364        0xc ./source/sensors.o
                0x0000000000004364                sensor_get_bus_voltage
 .text.sensor_get_battery_voltage
                0x0000000000004370        0xc ./source/sensors.o
                0x0000000000004370                sensor_get_battery_voltage
 .text.sensor_get_motor_temperature
                0x000000000000437c        0xc ./source/sensors.o
                0x000000000000437c                sensor_get_motor_temperature
 .text.sensor_get_hbridge_temperature
                0x0000000000004388        0xc ./source/sensors.o
                0x0000000000004388                sensor_get_hbridge_temperature
 .text.sensors_setup
                0x0000000000004394      0x1b8 ./source/sensors.o
                0x0000000000004394                sensors_setup
 .text.cmd_set_ref
                0x000000000000454c        0xc ./source/system.o
 .text.cmd_stop
                0x0000000000004558       0x10 ./source/system.o
 .text.cmd_freewheel
                0x0000000000004568        0xc ./source/system.o
 .text.cmd_set_state
                0x0000000000004574       0x18 ./source/system.o
 .text.cmd_get_config
                0x000000000000458c        0x4 ./source/system.o
 .text.cmd_node_online
                0x0000000000004590       0x1c ./source/system.o
 .text.cmd_read_sensor
                0x00000000000045ac       0x2c ./source/system.o
 .text.cmd_get_state
                0x00000000000045d8       0x34 ./source/system.o
 .text.cmd_reset
                0x000000000000460c        0x4 ./source/system.o
 .text.cmd_set_config
                0x0000000000004610       0x20 ./source/system.o
 .text.invalid_cmd
                0x0000000000004630        0x4 ./source/system.o
 .text._dummy2  0x0000000000004634        0x4 ./source/system.o
                0x0000000000004634                _dummy2
 .text.system_raise_fault
                0x0000000000004638       0x3c ./source/system.o
                0x0000000000004638                system_raise_fault
 .text.system_lower_fault
                0x0000000000004674       0x24 ./source/system.o
                0x0000000000004674                system_lower_fault
 .text.atoi     0x0000000000004698       0x30 ./source/system.o
                0x0000000000004698                atoi
 .text.process_cmd
                0x00000000000046c8       0xcc ./source/system.o
                0x00000000000046c8                process_cmd
 .text.text_interface
                0x0000000000004794       0x4c ./source/system.o
                0x0000000000004794                text_interface
 .text.system_task_code
                0x00000000000047e0       0x40 ./source/system.o
                0x00000000000047e0                system_task_code
 .text.system_init_clocks
                0x0000000000004820       0x1c ./source/system.o
                0x0000000000004820                system_init_clocks
 .text.system_get_sysclk_freq
                0x000000000000483c        0xc ./source/system.o
                0x000000000000483c                system_get_sysclk_freq
 .text.system_get_node_id
                0x0000000000004848        0x4 ./source/system.o
                0x0000000000004848                system_get_node_id
 .text.system_get_control_mode
                0x000000000000484c        0xc ./source/system.o
                0x000000000000484c                system_get_control_mode
 .text.system_get_drive_mode
                0x0000000000004858        0xc ./source/system.o
                0x0000000000004858                system_get_drive_mode
 .text.system_read_config_reg
                0x0000000000004864       0x20 ./source/system.o
                0x0000000000004864                system_read_config_reg
 .text.system_get_control_target
                0x0000000000004884        0xc ./source/system.o
                0x0000000000004884                system_get_control_target
 .text.system_get_update_mode
                0x0000000000004890        0xc ./source/system.o
                0x0000000000004890                system_get_update_mode
 .text.system_get_state
                0x000000000000489c        0xc ./source/system.o
                0x000000000000489c                system_get_state
 .text.system_get_drive_enabled
                0x00000000000048a8        0xc ./source/system.o
                0x00000000000048a8                system_get_drive_enabled
 .text.system_get_bus_voltage
                0x00000000000048b4        0xc ./source/system.o
                0x00000000000048b4                system_get_bus_voltage
 .text.celsius_from_adc_raw
                0x00000000000048c0       0xb0 ./source/thermistor_lut.o
                0x00000000000048c0                celsius_from_adc_raw
 .text.xputc    0x0000000000004970       0x38 ./source/xprintf.o
                0x0000000000004970                xputc
 .text.xvprintf
                0x00000000000049a8      0x280 ./source/xprintf.o
 .text.xputs    0x0000000000004c28       0x18 ./source/xprintf.o
                0x0000000000004c28                xputs
 .text.xfputs   0x0000000000004c40       0x24 ./source/xprintf.o
                0x0000000000004c40                xfputs
 .text.xprintf  0x0000000000004c64       0x1c ./source/xprintf.o
                0x0000000000004c64                xprintf
 .text.xsprintf
                0x0000000000004c80       0x30 ./source/xprintf.o
                0x0000000000004c80                xsprintf
 .text.xfprintf
                0x0000000000004cb0       0x2c ./source/xprintf.o
                0x0000000000004cb0                xfprintf
 .text.put_dump
                0x0000000000004cdc       0xb0 ./source/xprintf.o
                0x0000000000004cdc                put_dump
 .text.xgets    0x0000000000004d8c       0x54 ./source/xprintf.o
                0x0000000000004d8c                xgets
 .text.xfgets   0x0000000000004de0       0x1c ./source/xprintf.o
                0x0000000000004de0                xfgets
 .text.xatoi    0x0000000000004dfc       0xb8 ./source/xprintf.o
                0x0000000000004dfc                xatoi
 .text.calloc   0x0000000000004eb4       0x10 /home/odougs/bin/ti/ccsv7/tools/compiler/gcc-arm-none-eabi-6-2017-q1-update/bin/../lib/gcc/arm-none-eabi/6.3.1/../../../../arm-none-eabi/lib/thumb/v7e-m/fpv4-sp/hard/libc.a(lib_a-calloc.o)
                0x0000000000004eb4                calloc
 .text._calloc_r
                0x0000000000004ec4       0x60 /home/odougs/bin/ti/ccsv7/tools/compiler/gcc-arm-none-eabi-6-2017-q1-update/bin/../lib/gcc/arm-none-eabi/6.3.1/../../../../arm-none-eabi/lib/thumb/v7e-m/fpv4-sp/hard/libc.a(lib_a-callocr.o)
                0x0000000000004ec4                _calloc_r
 .text.exit     0x0000000000004f24       0x20 /home/odougs/bin/ti/ccsv7/tools/compiler/gcc-arm-none-eabi-6-2017-q1-update/bin/../lib/gcc/arm-none-eabi/6.3.1/../../../../arm-none-eabi/lib/thumb/v7e-m/fpv4-sp/hard/libc.a(lib_a-exit.o)
                0x0000000000004f24                exit
 .text.__libc_init_array
                0x0000000000004f44       0x50 /home/odougs/bin/ti/ccsv7/tools/compiler/gcc-arm-none-eabi-6-2017-q1-update/bin/../lib/gcc/arm-none-eabi/6.3.1/../../../../arm-none-eabi/lib/thumb/v7e-m/fpv4-sp/hard/libc.a(lib_a-init.o)
                0x0000000000004f44                __libc_init_array
 .text.malloc   0x0000000000004f94       0x10 /home/odougs/bin/ti/ccsv7/tools/compiler/gcc-arm-none-eabi-6-2017-q1-update/bin/../lib/gcc/arm-none-eabi/6.3.1/../../../../arm-none-eabi/lib/thumb/v7e-m/fpv4-sp/hard/libc.a(lib_a-malloc.o)
                0x0000000000004f94                malloc
 .text.free     0x0000000000004fa4       0x10 /home/odougs/bin/ti/ccsv7/tools/compiler/gcc-arm-none-eabi-6-2017-q1-update/bin/../lib/gcc/arm-none-eabi/6.3.1/../../../../arm-none-eabi/lib/thumb/v7e-m/fpv4-sp/hard/libc.a(lib_a-malloc.o)
                0x0000000000004fa4                free
 .text._malloc_r
                0x0000000000004fb4      0x560 /home/odougs/bin/ti/ccsv7/tools/compiler/gcc-arm-none-eabi-6-2017-q1-update/bin/../lib/gcc/arm-none-eabi/6.3.1/../../../../arm-none-eabi/lib/thumb/v7e-m/fpv4-sp/hard/libc.a(lib_a-mallocr.o)
                0x0000000000004fb4                _malloc_r
 .text.memset   0x0000000000005514       0x9c /home/odougs/bin/ti/ccsv7/tools/compiler/gcc-arm-none-eabi-6-2017-q1-update/bin/../lib/gcc/arm-none-eabi/6.3.1/../../../../arm-none-eabi/lib/thumb/v7e-m/fpv4-sp/hard/libc.a(lib_a-memset.o)
                0x0000000000005514                memset
 .text.__malloc_lock
                0x00000000000055b0        0xc /home/odougs/bin/ti/ccsv7/tools/compiler/gcc-arm-none-eabi-6-2017-q1-update/bin/../lib/gcc/arm-none-eabi/6.3.1/../../../../arm-none-eabi/lib/thumb/v7e-m/fpv4-sp/hard/libc.a(lib_a-mlock.o)
                0x00000000000055b0                __malloc_lock
 .text.__malloc_unlock
                0x00000000000055bc        0xc /home/odougs/bin/ti/ccsv7/tools/compiler/gcc-arm-none-eabi-6-2017-q1-update/bin/../lib/gcc/arm-none-eabi/6.3.1/../../../../arm-none-eabi/lib/thumb/v7e-m/fpv4-sp/hard/libc.a(lib_a-mlock.o)
                0x00000000000055bc                __malloc_unlock
 .text._sbrk_r  0x00000000000055c8       0x24 /home/odougs/bin/ti/ccsv7/tools/compiler/gcc-arm-none-eabi-6-2017-q1-update/bin/../lib/gcc/arm-none-eabi/6.3.1/../../../../arm-none-eabi/lib/thumb/v7e-m/fpv4-sp/hard/libc.a(lib_a-sbrkr.o)
                0x00000000000055c8                _sbrk_r
 .text.startup.register_fini
                0x00000000000055ec       0x14 /home/odougs/bin/ti/ccsv7/tools/compiler/gcc-arm-none-eabi-6-2017-q1-update/bin/../lib/gcc/arm-none-eabi/6.3.1/../../../../arm-none-eabi/lib/thumb/v7e-m/fpv4-sp/hard/libc.a(lib_a-__call_atexit.o)
 .text.__call_exitprocs
                0x0000000000005600       0xe8 /home/odougs/bin/ti/ccsv7/tools/compiler/gcc-arm-none-eabi-6-2017-q1-update/bin/../lib/gcc/arm-none-eabi/6.3.1/../../../../arm-none-eabi/lib/thumb/v7e-m/fpv4-sp/hard/libc.a(lib_a-__call_atexit.o)
                0x0000000000005600                __call_exitprocs
 .text.atexit   0x00000000000056e8        0xc /home/odougs/bin/ti/ccsv7/tools/compiler/gcc-arm-none-eabi-6-2017-q1-update/bin/../lib/gcc/arm-none-eabi/6.3.1/../../../../arm-none-eabi/lib/thumb/v7e-m/fpv4-sp/hard/libc.a(lib_a-atexit.o)
                0x00000000000056e8                atexit
 .text.__libc_fini_array
                0x00000000000056f4       0x34 /home/odougs/bin/ti/ccsv7/tools/compiler/gcc-arm-none-eabi-6-2017-q1-update/bin/../lib/gcc/arm-none-eabi/6.3.1/../../../../arm-none-eabi/lib/thumb/v7e-m/fpv4-sp/hard/libc.a(lib_a-fini.o)
                0x00000000000056f4                __libc_fini_array
 .text._malloc_trim_r
                0x0000000000005728       0xa0 /home/odougs/bin/ti/ccsv7/tools/compiler/gcc-arm-none-eabi-6-2017-q1-update/bin/../lib/gcc/arm-none-eabi/6.3.1/../../../../arm-none-eabi/lib/thumb/v7e-m/fpv4-sp/hard/libc.a(lib_a-freer.o)
                0x0000000000005728                _malloc_trim_r
 .text._free_r  0x00000000000057c8      0x1cc /home/odougs/bin/ti/ccsv7/tools/compiler/gcc-arm-none-eabi-6-2017-q1-update/bin/../lib/gcc/arm-none-eabi/6.3.1/../../../../arm-none-eabi/lib/thumb/v7e-m/fpv4-sp/hard/libc.a(lib_a-freer.o)
                0x00000000000057c8                _free_r
 .text.__retarget_lock_init
                0x0000000000005994        0x4 /home/odougs/bin/ti/ccsv7/tools/compiler/gcc-arm-none-eabi-6-2017-q1-update/bin/../lib/gcc/arm-none-eabi/6.3.1/../../../../arm-none-eabi/lib/thumb/v7e-m/fpv4-sp/hard/libc.a(lib_a-lock.o)
                0x0000000000005994                __retarget_lock_init
 .text.__retarget_lock_init_recursive
                0x0000000000005998        0x4 /home/odougs/bin/ti/ccsv7/tools/compiler/gcc-arm-none-eabi-6-2017-q1-update/bin/../lib/gcc/arm-none-eabi/6.3.1/../../../../arm-none-eabi/lib/thumb/v7e-m/fpv4-sp/hard/libc.a(lib_a-lock.o)
                0x0000000000005998                __retarget_lock_init_recursive
 .text.__retarget_lock_close
                0x000000000000599c        0x4 /home/odougs/bin/ti/ccsv7/tools/compiler/gcc-arm-none-eabi-6-2017-q1-update/bin/../lib/gcc/arm-none-eabi/6.3.1/../../../../arm-none-eabi/lib/thumb/v7e-m/fpv4-sp/hard/libc.a(lib_a-lock.o)
                0x000000000000599c                __retarget_lock_close
 .text.__retarget_lock_close_recursive
                0x00000000000059a0        0x4 /home/odougs/bin/ti/ccsv7/tools/compiler/gcc-arm-none-eabi-6-2017-q1-update/bin/../lib/gcc/arm-none-eabi/6.3.1/../../../../arm-none-eabi/lib/thumb/v7e-m/fpv4-sp/hard/libc.a(lib_a-lock.o)
                0x00000000000059a0                __retarget_lock_close_recursive
 .text.__retarget_lock_acquire
                0x00000000000059a4        0x4 /home/odougs/bin/ti/ccsv7/tools/compiler/gcc-arm-none-eabi-6-2017-q1-update/bin/../lib/gcc/arm-none-eabi/6.3.1/../../../../arm-none-eabi/lib/thumb/v7e-m/fpv4-sp/hard/libc.a(lib_a-lock.o)
                0x00000000000059a4                __retarget_lock_acquire
 .text.__retarget_lock_acquire_recursive
                0x00000000000059a8        0x4 /home/odougs/bin/ti/ccsv7/tools/compiler/gcc-arm-none-eabi-6-2017-q1-update/bin/../lib/gcc/arm-none-eabi/6.3.1/../../../../arm-none-eabi/lib/thumb/v7e-m/fpv4-sp/hard/libc.a(lib_a-lock.o)
                0x00000000000059a8                __retarget_lock_acquire_recursive
 .text.__retarget_lock_try_acquire
                0x00000000000059ac        0x4 /home/odougs/bin/ti/ccsv7/tools/compiler/gcc-arm-none-eabi-6-2017-q1-update/bin/../lib/gcc/arm-none-eabi/6.3.1/../../../../arm-none-eabi/lib/thumb/v7e-m/fpv4-sp/hard/libc.a(lib_a-lock.o)
                0x00000000000059ac                __retarget_lock_try_acquire
 .text.__retarget_lock_try_acquire_recursive
                0x00000000000059b0        0x4 /home/odougs/bin/ti/ccsv7/tools/compiler/gcc-arm-none-eabi-6-2017-q1-update/bin/../lib/gcc/arm-none-eabi/6.3.1/../../../../arm-none-eabi/lib/thumb/v7e-m/fpv4-sp/hard/libc.a(lib_a-lock.o)
                0x00000000000059b0                __retarget_lock_try_acquire_recursive
 .text.__retarget_lock_release
                0x00000000000059b4        0x4 /home/odougs/bin/ti/ccsv7/tools/compiler/gcc-arm-none-eabi-6-2017-q1-update/bin/../lib/gcc/arm-none-eabi/6.3.1/../../../../arm-none-eabi/lib/thumb/v7e-m/fpv4-sp/hard/libc.a(lib_a-lock.o)
                0x00000000000059b4                __retarget_lock_release
 .text.__retarget_lock_release_recursive
                0x00000000000059b8        0x4 /home/odougs/bin/ti/ccsv7/tools/compiler/gcc-arm-none-eabi-6-2017-q1-update/bin/../lib/gcc/arm-none-eabi/6.3.1/../../../../arm-none-eabi/lib/thumb/v7e-m/fpv4-sp/hard/libc.a(lib_a-lock.o)
                0x00000000000059b8                __retarget_lock_release_recursive
 .text.cleanup_glue
                0x00000000000059bc       0x1c /home/odougs/bin/ti/ccsv7/tools/compiler/gcc-arm-none-eabi-6-2017-q1-update/bin/../lib/gcc/arm-none-eabi/6.3.1/../../../../arm-none-eabi/lib/thumb/v7e-m/fpv4-sp/hard/libc.a(lib_a-reent.o)
                0x00000000000059bc                cleanup_glue
 .text._reclaim_reent
                0x00000000000059d8       0x88 /home/odougs/bin/ti/ccsv7/tools/compiler/gcc-arm-none-eabi-6-2017-q1-update/bin/../lib/gcc/arm-none-eabi/6.3.1/../../../../arm-none-eabi/lib/thumb/v7e-m/fpv4-sp/hard/libc.a(lib_a-reent.o)
                0x00000000000059d8                _reclaim_reent
 .text.__register_exitproc
                0x0000000000005a60       0xc4 /home/odougs/bin/ti/ccsv7/tools/compiler/gcc-arm-none-eabi-6-2017-q1-update/bin/../lib/gcc/arm-none-eabi/6.3.1/../../../../arm-none-eabi/lib/thumb/v7e-m/fpv4-sp/hard/libc.a(lib_a-__atexit.o)
                0x0000000000005a60                __register_exitproc
 .text._ADCIntNumberGet
                0x0000000000005b24       0x54 /mnt/storage/project/2kwMotorController/firmware/Tivaware/driverlib/gcc/libdriver.a(adc.o)
 .text.ADCIntRegister
                0x0000000000005b78       0x1a /mnt/storage/project/2kwMotorController/firmware/Tivaware/driverlib/gcc/libdriver.a(adc.o)
                0x0000000000005b78                ADCIntRegister
 .text.ADCIntUnregister
                0x0000000000005b92       0x16 /mnt/storage/project/2kwMotorController/firmware/Tivaware/driverlib/gcc/libdriver.a(adc.o)
                0x0000000000005b92                ADCIntUnregister
 .text.ADCIntDisable
                0x0000000000005ba8       0x10 /mnt/storage/project/2kwMotorController/firmware/Tivaware/driverlib/gcc/libdriver.a(adc.o)
                0x0000000000005ba8                ADCIntDisable
 .text.ADCIntEnable
                0x0000000000005bb8       0x10 /mnt/storage/project/2kwMotorController/firmware/Tivaware/driverlib/gcc/libdriver.a(adc.o)
                0x0000000000005bb8                ADCIntEnable
 .text.ADCIntStatus
                0x0000000000005bc8       0x34 /mnt/storage/project/2kwMotorController/firmware/Tivaware/driverlib/gcc/libdriver.a(adc.o)
                0x0000000000005bc8                ADCIntStatus
 .text.ADCIntClear
                0x0000000000005bfc        0xa /mnt/storage/project/2kwMotorController/firmware/Tivaware/driverlib/gcc/libdriver.a(adc.o)
                0x0000000000005bfc                ADCIntClear
 .text.ADCSequenceEnable
                0x0000000000005c06        0xe /mnt/storage/project/2kwMotorController/firmware/Tivaware/driverlib/gcc/libdriver.a(adc.o)
                0x0000000000005c06                ADCSequenceEnable
 .text.ADCSequenceDisable
                0x0000000000005c14       0x10 /mnt/storage/project/2kwMotorController/firmware/Tivaware/driverlib/gcc/libdriver.a(adc.o)
                0x0000000000005c14                ADCSequenceDisable
 .text.ADCSequenceConfigure
                0x0000000000005c24       0x54 /mnt/storage/project/2kwMotorController/firmware/Tivaware/driverlib/gcc/libdriver.a(adc.o)
                0x0000000000005c24                ADCSequenceConfigure
 .text.ADCSequenceStepConfigure
                0x0000000000005c78       0x84 /mnt/storage/project/2kwMotorController/firmware/Tivaware/driverlib/gcc/libdriver.a(adc.o)
                0x0000000000005c78                ADCSequenceStepConfigure
 .text.ADCSequenceOverflow
                0x0000000000005cfc        0xc /mnt/storage/project/2kwMotorController/firmware/Tivaware/driverlib/gcc/libdriver.a(adc.o)
                0x0000000000005cfc                ADCSequenceOverflow
 .text.ADCSequenceOverflowClear
                0x0000000000005d08        0xa /mnt/storage/project/2kwMotorController/firmware/Tivaware/driverlib/gcc/libdriver.a(adc.o)
                0x0000000000005d08                ADCSequenceOverflowClear
 .text.ADCSequenceUnderflow
                0x0000000000005d12        0xc /mnt/storage/project/2kwMotorController/firmware/Tivaware/driverlib/gcc/libdriver.a(adc.o)
                0x0000000000005d12                ADCSequenceUnderflow
 .text.ADCSequenceUnderflowClear
                0x0000000000005d1e        0xa /mnt/storage/project/2kwMotorController/firmware/Tivaware/driverlib/gcc/libdriver.a(adc.o)
                0x0000000000005d1e                ADCSequenceUnderflowClear
 .text.ADCSequenceDataGet
                0x0000000000005d28       0x1e /mnt/storage/project/2kwMotorController/firmware/Tivaware/driverlib/gcc/libdriver.a(adc.o)
                0x0000000000005d28                ADCSequenceDataGet
 .text.ADCProcessorTrigger
                0x0000000000005d46       0x18 /mnt/storage/project/2kwMotorController/firmware/Tivaware/driverlib/gcc/libdriver.a(adc.o)
                0x0000000000005d46                ADCProcessorTrigger
 *fill*         0x0000000000005d5e        0x2 
 .text.ADCSoftwareOversampleConfigure
                0x0000000000005d60       0x28 /mnt/storage/project/2kwMotorController/firmware/Tivaware/driverlib/gcc/libdriver.a(adc.o)
                0x0000000000005d60                ADCSoftwareOversampleConfigure
 .text.ADCSoftwareOversampleStepConfigure
                0x0000000000005d88       0x8c /mnt/storage/project/2kwMotorController/firmware/Tivaware/driverlib/gcc/libdriver.a(adc.o)
                0x0000000000005d88                ADCSoftwareOversampleStepConfigure
 .text.ADCSoftwareOversampleDataGet
                0x0000000000005e14       0x48 /mnt/storage/project/2kwMotorController/firmware/Tivaware/driverlib/gcc/libdriver.a(adc.o)
                0x0000000000005e14                ADCSoftwareOversampleDataGet
 .text.ADCHardwareOversampleConfigure
                0x0000000000005e5c       0x10 /mnt/storage/project/2kwMotorController/firmware/Tivaware/driverlib/gcc/libdriver.a(adc.o)
                0x0000000000005e5c                ADCHardwareOversampleConfigure
 .text.ADCComparatorConfigure
                0x0000000000005e6c        0xa /mnt/storage/project/2kwMotorController/firmware/Tivaware/driverlib/gcc/libdriver.a(adc.o)
                0x0000000000005e6c                ADCComparatorConfigure
 .text.ADCComparatorRegionSet
                0x0000000000005e76        0xe /mnt/storage/project/2kwMotorController/firmware/Tivaware/driverlib/gcc/libdriver.a(adc.o)
                0x0000000000005e76                ADCComparatorRegionSet
 .text.ADCComparatorReset
                0x0000000000005e84       0x1e /mnt/storage/project/2kwMotorController/firmware/Tivaware/driverlib/gcc/libdriver.a(adc.o)
                0x0000000000005e84                ADCComparatorReset
 .text.ADCComparatorIntDisable
                0x0000000000005ea2       0x12 /mnt/storage/project/2kwMotorController/firmware/Tivaware/driverlib/gcc/libdriver.a(adc.o)
                0x0000000000005ea2                ADCComparatorIntDisable
 .text.ADCComparatorIntEnable
                0x0000000000005eb4       0x10 /mnt/storage/project/2kwMotorController/firmware/Tivaware/driverlib/gcc/libdriver.a(adc.o)
                0x0000000000005eb4                ADCComparatorIntEnable
 .text.ADCComparatorIntStatus
                0x0000000000005ec4        0x4 /mnt/storage/project/2kwMotorController/firmware/Tivaware/driverlib/gcc/libdriver.a(adc.o)
                0x0000000000005ec4                ADCComparatorIntStatus
 .text.ADCComparatorIntClear
                0x0000000000005ec8        0x4 /mnt/storage/project/2kwMotorController/firmware/Tivaware/driverlib/gcc/libdriver.a(adc.o)
                0x0000000000005ec8                ADCComparatorIntClear
 .text.ADCIntDisableEx
                0x0000000000005ecc        0xa /mnt/storage/project/2kwMotorController/firmware/Tivaware/driverlib/gcc/libdriver.a(adc.o)
                0x0000000000005ecc                ADCIntDisableEx
 .text.ADCIntEnableEx
                0x0000000000005ed6        0x8 /mnt/storage/project/2kwMotorController/firmware/Tivaware/driverlib/gcc/libdriver.a(adc.o)
                0x0000000000005ed6                ADCIntEnableEx
 .text.ADCIntStatusEx
                0x0000000000005ede       0x12 /mnt/storage/project/2kwMotorController/firmware/Tivaware/driverlib/gcc/libdriver.a(adc.o)
                0x0000000000005ede                ADCIntStatusEx
 .text.ADCIntClearEx
                0x0000000000005ef0        0x4 /mnt/storage/project/2kwMotorController/firmware/Tivaware/driverlib/gcc/libdriver.a(adc.o)
                0x0000000000005ef0                ADCIntClearEx
 .text.ADCReferenceSet
                0x0000000000005ef4        0xc /mnt/storage/project/2kwMotorController/firmware/Tivaware/driverlib/gcc/libdriver.a(adc.o)
                0x0000000000005ef4                ADCReferenceSet
 .text.ADCReferenceGet
                0x0000000000005f00        0x8 /mnt/storage/project/2kwMotorController/firmware/Tivaware/driverlib/gcc/libdriver.a(adc.o)
                0x0000000000005f00                ADCReferenceGet
 .text.ADCPhaseDelaySet
                0x0000000000005f08        0x4 /mnt/storage/project/2kwMotorController/firmware/Tivaware/driverlib/gcc/libdriver.a(adc.o)
                0x0000000000005f08                ADCPhaseDelaySet
 .text.ADCPhaseDelayGet
                0x0000000000005f0c        0x4 /mnt/storage/project/2kwMotorController/firmware/Tivaware/driverlib/gcc/libdriver.a(adc.o)
                0x0000000000005f0c                ADCPhaseDelayGet
 .text.ADCSequenceDMAEnable
                0x0000000000005f10       0x10 /mnt/storage/project/2kwMotorController/firmware/Tivaware/driverlib/gcc/libdriver.a(adc.o)
                0x0000000000005f10                ADCSequenceDMAEnable
 .text.ADCSequenceDMADisable
                0x0000000000005f20       0x12 /mnt/storage/project/2kwMotorController/firmware/Tivaware/driverlib/gcc/libdriver.a(adc.o)
                0x0000000000005f20                ADCSequenceDMADisable
 .text.ADCBusy  0x0000000000005f32        0x8 /mnt/storage/project/2kwMotorController/firmware/Tivaware/driverlib/gcc/libdriver.a(adc.o)
                0x0000000000005f32                ADCBusy
 .text.ADCClockConfigSet
                0x0000000000005f3a       0x18 /mnt/storage/project/2kwMotorController/firmware/Tivaware/driverlib/gcc/libdriver.a(adc.o)
                0x0000000000005f3a                ADCClockConfigSet
 .text.ADCClockConfigGet
                0x0000000000005f52       0x1e /mnt/storage/project/2kwMotorController/firmware/Tivaware/driverlib/gcc/libdriver.a(adc.o)
                0x0000000000005f52                ADCClockConfigGet
 .text._CANIntNumberGet
                0x0000000000005f70       0x60 /mnt/storage/project/2kwMotorController/firmware/Tivaware/driverlib/gcc/libdriver.a(can.o)
 .text.CANInit  0x0000000000005fd0       0x40 /mnt/storage/project/2kwMotorController/firmware/Tivaware/driverlib/gcc/libdriver.a(can.o)
                0x0000000000005fd0                CANInit
 .text.CANEnable
                0x0000000000006010        0xa /mnt/storage/project/2kwMotorController/firmware/Tivaware/driverlib/gcc/libdriver.a(can.o)
                0x0000000000006010                CANEnable
 .text.CANDisable
                0x000000000000601a        0xa /mnt/storage/project/2kwMotorController/firmware/Tivaware/driverlib/gcc/libdriver.a(can.o)
                0x000000000000601a                CANDisable
 .text.CANBitTimingGet
                0x0000000000006024       0x2e /mnt/storage/project/2kwMotorController/firmware/Tivaware/driverlib/gcc/libdriver.a(can.o)
                0x0000000000006024                CANBitTimingGet
 *fill*         0x0000000000006052        0x2 
 .text.CANBitRateSet
                0x0000000000006054       0x60 /mnt/storage/project/2kwMotorController/firmware/Tivaware/driverlib/gcc/libdriver.a(can.o)
                0x0000000000006054                CANBitRateSet
 .text.CANBitTimingSet
                0x00000000000060b4       0x52 /mnt/storage/project/2kwMotorController/firmware/Tivaware/driverlib/gcc/libdriver.a(can.o)
                0x00000000000060b4                CANBitTimingSet
 .text.CANIntRegister
                0x0000000000006106       0x1a /mnt/storage/project/2kwMotorController/firmware/Tivaware/driverlib/gcc/libdriver.a(can.o)
                0x0000000000006106                CANIntRegister
 .text.CANIntUnregister
                0x0000000000006120       0x16 /mnt/storage/project/2kwMotorController/firmware/Tivaware/driverlib/gcc/libdriver.a(can.o)
                0x0000000000006120                CANIntUnregister
 .text.CANIntEnable
                0x0000000000006136        0x8 /mnt/storage/project/2kwMotorController/firmware/Tivaware/driverlib/gcc/libdriver.a(can.o)
                0x0000000000006136                CANIntEnable
 .text.CANIntDisable
                0x000000000000613e        0xa /mnt/storage/project/2kwMotorController/firmware/Tivaware/driverlib/gcc/libdriver.a(can.o)
                0x000000000000613e                CANIntDisable
 .text.CANIntStatus
                0x0000000000006148       0x1e /mnt/storage/project/2kwMotorController/firmware/Tivaware/driverlib/gcc/libdriver.a(can.o)
                0x0000000000006148                CANIntStatus
 .text.CANIntClear
                0x0000000000006166       0x26 /mnt/storage/project/2kwMotorController/firmware/Tivaware/driverlib/gcc/libdriver.a(can.o)
                0x0000000000006166                CANIntClear
 .text.CANRetrySet
                0x000000000000618c       0x12 /mnt/storage/project/2kwMotorController/firmware/Tivaware/driverlib/gcc/libdriver.a(can.o)
                0x000000000000618c                CANRetrySet
 .text.CANRetryGet
                0x000000000000619e        0xc /mnt/storage/project/2kwMotorController/firmware/Tivaware/driverlib/gcc/libdriver.a(can.o)
                0x000000000000619e                CANRetryGet
 .text.CANStatusGet
                0x00000000000061aa       0x3e /mnt/storage/project/2kwMotorController/firmware/Tivaware/driverlib/gcc/libdriver.a(can.o)
                0x00000000000061aa                CANStatusGet
 .text.CANErrCntrGet
                0x00000000000061e8       0x12 /mnt/storage/project/2kwMotorController/firmware/Tivaware/driverlib/gcc/libdriver.a(can.o)
                0x00000000000061e8                CANErrCntrGet
 .text.CANMessageSet
                0x00000000000061fa      0x164 /mnt/storage/project/2kwMotorController/firmware/Tivaware/driverlib/gcc/libdriver.a(can.o)
                0x00000000000061fa                CANMessageSet
 .text.CANMessageGet
                0x000000000000635e      0x152 /mnt/storage/project/2kwMotorController/firmware/Tivaware/driverlib/gcc/libdriver.a(can.o)
                0x000000000000635e                CANMessageGet
 .text.CANMessageClear
                0x00000000000064b0       0x1a /mnt/storage/project/2kwMotorController/firmware/Tivaware/driverlib/gcc/libdriver.a(can.o)
                0x00000000000064b0                CANMessageClear
 *fill*         0x00000000000064ca        0x2 
 .text._GPIOIntNumberGet
                0x00000000000064cc       0x48 /mnt/storage/project/2kwMotorController/firmware/Tivaware/driverlib/gcc/libdriver.a(gpio.o)
 .text.GPIODirModeSet
                0x0000000000006514       0x2e /mnt/storage/project/2kwMotorController/firmware/Tivaware/driverlib/gcc/libdriver.a(gpio.o)
                0x0000000000006514                GPIODirModeSet
 .text.GPIODirModeGet
                0x0000000000006542       0x24 /mnt/storage/project/2kwMotorController/firmware/Tivaware/driverlib/gcc/libdriver.a(gpio.o)
                0x0000000000006542                GPIODirModeGet
 .text.GPIOIntTypeSet
                0x0000000000006566       0x5a /mnt/storage/project/2kwMotorController/firmware/Tivaware/driverlib/gcc/libdriver.a(gpio.o)
                0x0000000000006566                GPIOIntTypeSet
 .text.GPIOIntTypeGet
                0x00000000000065c0       0x4a /mnt/storage/project/2kwMotorController/firmware/Tivaware/driverlib/gcc/libdriver.a(gpio.o)
                0x00000000000065c0                GPIOIntTypeGet
 .text.GPIOPadConfigSet
                0x000000000000660a      0x130 /mnt/storage/project/2kwMotorController/firmware/Tivaware/driverlib/gcc/libdriver.a(gpio.o)
                0x000000000000660a                GPIOPadConfigSet
 .text.GPIOPadConfigGet
                0x000000000000673a       0xc4 /mnt/storage/project/2kwMotorController/firmware/Tivaware/driverlib/gcc/libdriver.a(gpio.o)
                0x000000000000673a                GPIOPadConfigGet
 .text.GPIOIntEnable
                0x00000000000067fe        0xc /mnt/storage/project/2kwMotorController/firmware/Tivaware/driverlib/gcc/libdriver.a(gpio.o)
                0x00000000000067fe                GPIOIntEnable
 .text.GPIOIntDisable
                0x000000000000680a        0xe /mnt/storage/project/2kwMotorController/firmware/Tivaware/driverlib/gcc/libdriver.a(gpio.o)
                0x000000000000680a                GPIOIntDisable
 .text.GPIOIntStatus
                0x0000000000006818        0xe /mnt/storage/project/2kwMotorController/firmware/Tivaware/driverlib/gcc/libdriver.a(gpio.o)
                0x0000000000006818                GPIOIntStatus
 .text.GPIOIntClear
                0x0000000000006826        0x6 /mnt/storage/project/2kwMotorController/firmware/Tivaware/driverlib/gcc/libdriver.a(gpio.o)
                0x0000000000006826                GPIOIntClear
 .text.GPIOIntRegister
                0x000000000000682c       0x1a /mnt/storage/project/2kwMotorController/firmware/Tivaware/driverlib/gcc/libdriver.a(gpio.o)
                0x000000000000682c                GPIOIntRegister
 .text.GPIOIntUnregister
                0x0000000000006846       0x16 /mnt/storage/project/2kwMotorController/firmware/Tivaware/driverlib/gcc/libdriver.a(gpio.o)
                0x0000000000006846                GPIOIntUnregister
 .text.GPIOIntRegisterPin
                0x000000000000685c       0x1e /mnt/storage/project/2kwMotorController/firmware/Tivaware/driverlib/gcc/libdriver.a(gpio.o)
                0x000000000000685c                GPIOIntRegisterPin
 .text.GPIOIntUnregisterPin
                0x000000000000687a       0x1a /mnt/storage/project/2kwMotorController/firmware/Tivaware/driverlib/gcc/libdriver.a(gpio.o)
                0x000000000000687a                GPIOIntUnregisterPin
 .text.GPIOPinRead
                0x0000000000006894        0x6 /mnt/storage/project/2kwMotorController/firmware/Tivaware/driverlib/gcc/libdriver.a(gpio.o)
                0x0000000000006894                GPIOPinRead
 .text.GPIOPinWrite
                0x000000000000689a        0x6 /mnt/storage/project/2kwMotorController/firmware/Tivaware/driverlib/gcc/libdriver.a(gpio.o)
                0x000000000000689a                GPIOPinWrite
 .text.GPIOPinTypeADC
                0x00000000000068a0       0x1c /mnt/storage/project/2kwMotorController/firmware/Tivaware/driverlib/gcc/libdriver.a(gpio.o)
                0x00000000000068a0                GPIOPinTypeADC
 .text.GPIOPinTypeCAN
                0x00000000000068bc       0x1c /mnt/storage/project/2kwMotorController/firmware/Tivaware/driverlib/gcc/libdriver.a(gpio.o)
                0x00000000000068bc                GPIOPinTypeCAN
 .text.GPIOPinTypeComparator
                0x00000000000068d8       0x1c /mnt/storage/project/2kwMotorController/firmware/Tivaware/driverlib/gcc/libdriver.a(gpio.o)
                0x00000000000068d8                GPIOPinTypeComparator
 .text.GPIOPinTypeComparatorOutput
                0x00000000000068f4       0x1c /mnt/storage/project/2kwMotorController/firmware/Tivaware/driverlib/gcc/libdriver.a(gpio.o)
                0x00000000000068f4                GPIOPinTypeComparatorOutput
 .text.GPIOPinTypeDIVSCLK
                0x0000000000006910       0x1c /mnt/storage/project/2kwMotorController/firmware/Tivaware/driverlib/gcc/libdriver.a(gpio.o)
                0x0000000000006910                GPIOPinTypeDIVSCLK
 .text.GPIOPinTypeEPI
                0x000000000000692c       0x1c /mnt/storage/project/2kwMotorController/firmware/Tivaware/driverlib/gcc/libdriver.a(gpio.o)
                0x000000000000692c                GPIOPinTypeEPI
 .text.GPIOPinTypeEthernetLED
                0x0000000000006948       0x1c /mnt/storage/project/2kwMotorController/firmware/Tivaware/driverlib/gcc/libdriver.a(gpio.o)
                0x0000000000006948                GPIOPinTypeEthernetLED
 .text.GPIOPinTypeEthernetMII
                0x0000000000006964       0x1c /mnt/storage/project/2kwMotorController/firmware/Tivaware/driverlib/gcc/libdriver.a(gpio.o)
                0x0000000000006964                GPIOPinTypeEthernetMII
 .text.GPIOPinTypeGPIOInput
                0x0000000000006980       0x1c /mnt/storage/project/2kwMotorController/firmware/Tivaware/driverlib/gcc/libdriver.a(gpio.o)
                0x0000000000006980                GPIOPinTypeGPIOInput
 .text.GPIOPinTypeGPIOOutput
                0x000000000000699c       0x1c /mnt/storage/project/2kwMotorController/firmware/Tivaware/driverlib/gcc/libdriver.a(gpio.o)
                0x000000000000699c                GPIOPinTypeGPIOOutput
 .text.GPIOPinTypeGPIOOutputOD
                0x00000000000069b8       0x1c /mnt/storage/project/2kwMotorController/firmware/Tivaware/driverlib/gcc/libdriver.a(gpio.o)
                0x00000000000069b8                GPIOPinTypeGPIOOutputOD
 .text.GPIOPinTypeHibernateRTCCLK
                0x00000000000069d4       0x1c /mnt/storage/project/2kwMotorController/firmware/Tivaware/driverlib/gcc/libdriver.a(gpio.o)
                0x00000000000069d4                GPIOPinTypeHibernateRTCCLK
 .text.GPIOPinTypeI2C
                0x00000000000069f0       0x1c /mnt/storage/project/2kwMotorController/firmware/Tivaware/driverlib/gcc/libdriver.a(gpio.o)
                0x00000000000069f0                GPIOPinTypeI2C
 .text.GPIOPinTypeI2CSCL
                0x0000000000006a0c       0x1c /mnt/storage/project/2kwMotorController/firmware/Tivaware/driverlib/gcc/libdriver.a(gpio.o)
                0x0000000000006a0c                GPIOPinTypeI2CSCL
 .text.GPIOPinTypeLCD
                0x0000000000006a28       0x1c /mnt/storage/project/2kwMotorController/firmware/Tivaware/driverlib/gcc/libdriver.a(gpio.o)
                0x0000000000006a28                GPIOPinTypeLCD
 .text.GPIOPinTypeOneWire
                0x0000000000006a44       0x1c /mnt/storage/project/2kwMotorController/firmware/Tivaware/driverlib/gcc/libdriver.a(gpio.o)
                0x0000000000006a44                GPIOPinTypeOneWire
 .text.GPIOPinTypePWM
                0x0000000000006a60       0x1c /mnt/storage/project/2kwMotorController/firmware/Tivaware/driverlib/gcc/libdriver.a(gpio.o)
                0x0000000000006a60                GPIOPinTypePWM
 .text.GPIOPinTypeQEI
                0x0000000000006a7c       0x1c /mnt/storage/project/2kwMotorController/firmware/Tivaware/driverlib/gcc/libdriver.a(gpio.o)
                0x0000000000006a7c                GPIOPinTypeQEI
 .text.GPIOPinTypeSSI
                0x0000000000006a98       0x1c /mnt/storage/project/2kwMotorController/firmware/Tivaware/driverlib/gcc/libdriver.a(gpio.o)
                0x0000000000006a98                GPIOPinTypeSSI
 .text.GPIOPinTypeTimer
                0x0000000000006ab4       0x1c /mnt/storage/project/2kwMotorController/firmware/Tivaware/driverlib/gcc/libdriver.a(gpio.o)
                0x0000000000006ab4                GPIOPinTypeTimer
 .text.GPIOPinTypeTrace
                0x0000000000006ad0       0x1c /mnt/storage/project/2kwMotorController/firmware/Tivaware/driverlib/gcc/libdriver.a(gpio.o)
                0x0000000000006ad0                GPIOPinTypeTrace
 .text.GPIOPinTypeUART
                0x0000000000006aec       0x1c /mnt/storage/project/2kwMotorController/firmware/Tivaware/driverlib/gcc/libdriver.a(gpio.o)
                0x0000000000006aec                GPIOPinTypeUART
 .text.GPIOPinTypeUSBAnalog
                0x0000000000006b08       0x1c /mnt/storage/project/2kwMotorController/firmware/Tivaware/driverlib/gcc/libdriver.a(gpio.o)
                0x0000000000006b08                GPIOPinTypeUSBAnalog
 .text.GPIOPinTypeUSBDigital
                0x0000000000006b24       0x1c /mnt/storage/project/2kwMotorController/firmware/Tivaware/driverlib/gcc/libdriver.a(gpio.o)
                0x0000000000006b24                GPIOPinTypeUSBDigital
 .text.GPIOPinTypeWakeHigh
                0x0000000000006b40       0x1e /mnt/storage/project/2kwMotorController/firmware/Tivaware/driverlib/gcc/libdriver.a(gpio.o)
                0x0000000000006b40                GPIOPinTypeWakeHigh
 .text.GPIOPinTypeWakeLow
                0x0000000000006b5e       0x1e /mnt/storage/project/2kwMotorController/firmware/Tivaware/driverlib/gcc/libdriver.a(gpio.o)
                0x0000000000006b5e                GPIOPinTypeWakeLow
 .text.GPIOPinWakeStatus
                0x0000000000006b7c        0x6 /mnt/storage/project/2kwMotorController/firmware/Tivaware/driverlib/gcc/libdriver.a(gpio.o)
                0x0000000000006b7c                GPIOPinWakeStatus
 *fill*         0x0000000000006b82        0x2 
 .text.GPIOPinConfigure
                0x0000000000006b84       0x4c /mnt/storage/project/2kwMotorController/firmware/Tivaware/driverlib/gcc/libdriver.a(gpio.o)
                0x0000000000006b84                GPIOPinConfigure
 .text.GPIODMATriggerEnable
                0x0000000000006bd0        0xc /mnt/storage/project/2kwMotorController/firmware/Tivaware/driverlib/gcc/libdriver.a(gpio.o)
                0x0000000000006bd0                GPIODMATriggerEnable
 .text.GPIODMATriggerDisable
                0x0000000000006bdc        0xe /mnt/storage/project/2kwMotorController/firmware/Tivaware/driverlib/gcc/libdriver.a(gpio.o)
                0x0000000000006bdc                GPIODMATriggerDisable
 .text.GPIOADCTriggerEnable
                0x0000000000006bea        0xc /mnt/storage/project/2kwMotorController/firmware/Tivaware/driverlib/gcc/libdriver.a(gpio.o)
                0x0000000000006bea                GPIOADCTriggerEnable
 .text.GPIOADCTriggerDisable
                0x0000000000006bf6        0xe /mnt/storage/project/2kwMotorController/firmware/Tivaware/driverlib/gcc/libdriver.a(gpio.o)
                0x0000000000006bf6                GPIOADCTriggerDisable
 .text._IntDefaultHandler
                0x0000000000006c04        0x2 /mnt/storage/project/2kwMotorController/firmware/Tivaware/driverlib/gcc/libdriver.a(interrupt.o)
 .text.IntMasterEnable
                0x0000000000006c06        0xe /mnt/storage/project/2kwMotorController/firmware/Tivaware/driverlib/gcc/libdriver.a(interrupt.o)
                0x0000000000006c06                IntMasterEnable
 .text.IntMasterDisable
                0x0000000000006c14        0xe /mnt/storage/project/2kwMotorController/firmware/Tivaware/driverlib/gcc/libdriver.a(interrupt.o)
                0x0000000000006c14                IntMasterDisable
 *fill*         0x0000000000006c22        0x2 
 .text.IntRegister
                0x0000000000006c24       0x34 /mnt/storage/project/2kwMotorController/firmware/Tivaware/driverlib/gcc/libdriver.a(interrupt.o)
                0x0000000000006c24                IntRegister
 .text.IntUnregister
                0x0000000000006c58       0x14 /mnt/storage/project/2kwMotorController/firmware/Tivaware/driverlib/gcc/libdriver.a(interrupt.o)
                0x0000000000006c58                IntUnregister
 .text.IntPriorityGroupingSet
                0x0000000000006c6c       0x1c /mnt/storage/project/2kwMotorController/firmware/Tivaware/driverlib/gcc/libdriver.a(interrupt.o)
                0x0000000000006c6c                IntPriorityGroupingSet
 .text.IntPriorityGroupingGet
                0x0000000000006c88       0x24 /mnt/storage/project/2kwMotorController/firmware/Tivaware/driverlib/gcc/libdriver.a(interrupt.o)
                0x0000000000006c88                IntPriorityGroupingGet
 .text.IntPrioritySet
                0x0000000000006cac       0x2c /mnt/storage/project/2kwMotorController/firmware/Tivaware/driverlib/gcc/libdriver.a(interrupt.o)
                0x0000000000006cac                IntPrioritySet
 .text.IntPriorityGet
                0x0000000000006cd8       0x1c /mnt/storage/project/2kwMotorController/firmware/Tivaware/driverlib/gcc/libdriver.a(interrupt.o)
                0x0000000000006cd8                IntPriorityGet
 .text.IntEnable
                0x0000000000006cf4       0x60 /mnt/storage/project/2kwMotorController/firmware/Tivaware/driverlib/gcc/libdriver.a(interrupt.o)
                0x0000000000006cf4                IntEnable
 .text.IntDisable
                0x0000000000006d54       0x60 /mnt/storage/project/2kwMotorController/firmware/Tivaware/driverlib/gcc/libdriver.a(interrupt.o)
                0x0000000000006d54                IntDisable
 .text.IntIsEnabled
                0x0000000000006db4       0x64 /mnt/storage/project/2kwMotorController/firmware/Tivaware/driverlib/gcc/libdriver.a(interrupt.o)
                0x0000000000006db4                IntIsEnabled
 .text.IntPendSet
                0x0000000000006e18       0x50 /mnt/storage/project/2kwMotorController/firmware/Tivaware/driverlib/gcc/libdriver.a(interrupt.o)
                0x0000000000006e18                IntPendSet
 .text.IntPendClear
                0x0000000000006e68       0x40 /mnt/storage/project/2kwMotorController/firmware/Tivaware/driverlib/gcc/libdriver.a(interrupt.o)
                0x0000000000006e68                IntPendClear
 .text.IntPriorityMaskSet
                0x0000000000006ea8        0x4 /mnt/storage/project/2kwMotorController/firmware/Tivaware/driverlib/gcc/libdriver.a(interrupt.o)
                0x0000000000006ea8                IntPriorityMaskSet
 .text.IntPriorityMaskGet
                0x0000000000006eac        0x4 /mnt/storage/project/2kwMotorController/firmware/Tivaware/driverlib/gcc/libdriver.a(interrupt.o)
                0x0000000000006eac                IntPriorityMaskGet
 .text.IntTrigger
                0x0000000000006eb0        0xc /mnt/storage/project/2kwMotorController/firmware/Tivaware/driverlib/gcc/libdriver.a(interrupt.o)
                0x0000000000006eb0                IntTrigger
 .text._PWMGenIntNumberGet
                0x0000000000006ebc      0x104 /mnt/storage/project/2kwMotorController/firmware/Tivaware/driverlib/gcc/libdriver.a(pwm.o)
 .text._PWMFaultIntNumberGet
                0x0000000000006fc0       0x48 /mnt/storage/project/2kwMotorController/firmware/Tivaware/driverlib/gcc/libdriver.a(pwm.o)
 .text.PWMGenConfigure
                0x0000000000007008       0x30 /mnt/storage/project/2kwMotorController/firmware/Tivaware/driverlib/gcc/libdriver.a(pwm.o)
                0x0000000000007008                PWMGenConfigure
 .text.PWMGenPeriodSet
                0x0000000000007038       0x12 /mnt/storage/project/2kwMotorController/firmware/Tivaware/driverlib/gcc/libdriver.a(pwm.o)
                0x0000000000007038                PWMGenPeriodSet
 .text.PWMGenPeriodGet
                0x000000000000704a       0x12 /mnt/storage/project/2kwMotorController/firmware/Tivaware/driverlib/gcc/libdriver.a(pwm.o)
                0x000000000000704a                PWMGenPeriodGet
 .text.PWMGenEnable
                0x000000000000705c        0xa /mnt/storage/project/2kwMotorController/firmware/Tivaware/driverlib/gcc/libdriver.a(pwm.o)
                0x000000000000705c                PWMGenEnable
 .text.PWMGenDisable
                0x0000000000007066        0xa /mnt/storage/project/2kwMotorController/firmware/Tivaware/driverlib/gcc/libdriver.a(pwm.o)
                0x0000000000007066                PWMGenDisable
 .text.PWMPulseWidthSet
                0x0000000000007070       0x1e /mnt/storage/project/2kwMotorController/firmware/Tivaware/driverlib/gcc/libdriver.a(pwm.o)
                0x0000000000007070                PWMPulseWidthSet
 .text.PWMPulseWidthGet
                0x000000000000708e       0x20 /mnt/storage/project/2kwMotorController/firmware/Tivaware/driverlib/gcc/libdriver.a(pwm.o)
                0x000000000000708e                PWMPulseWidthGet
 .text.PWMDeadBandEnable
                0x00000000000070ae       0x10 /mnt/storage/project/2kwMotorController/firmware/Tivaware/driverlib/gcc/libdriver.a(pwm.o)
                0x00000000000070ae                PWMDeadBandEnable
 .text.PWMDeadBandDisable
                0x00000000000070be        0xc /mnt/storage/project/2kwMotorController/firmware/Tivaware/driverlib/gcc/libdriver.a(pwm.o)
                0x00000000000070be                PWMDeadBandDisable
 .text.PWMSyncUpdate
                0x00000000000070ca        0x4 /mnt/storage/project/2kwMotorController/firmware/Tivaware/driverlib/gcc/libdriver.a(pwm.o)
                0x00000000000070ca                PWMSyncUpdate
 .text.PWMSyncTimeBase
                0x00000000000070ce        0x4 /mnt/storage/project/2kwMotorController/firmware/Tivaware/driverlib/gcc/libdriver.a(pwm.o)
                0x00000000000070ce                PWMSyncTimeBase
 .text.PWMOutputState
                0x00000000000070d2       0x10 /mnt/storage/project/2kwMotorController/firmware/Tivaware/driverlib/gcc/libdriver.a(pwm.o)
                0x00000000000070d2                PWMOutputState
 .text.PWMOutputInvert
                0x00000000000070e2       0x10 /mnt/storage/project/2kwMotorController/firmware/Tivaware/driverlib/gcc/libdriver.a(pwm.o)
                0x00000000000070e2                PWMOutputInvert
 .text.PWMOutputFaultLevel
                0x00000000000070f2       0x10 /mnt/storage/project/2kwMotorController/firmware/Tivaware/driverlib/gcc/libdriver.a(pwm.o)
                0x00000000000070f2                PWMOutputFaultLevel
 .text.PWMOutputFault
                0x0000000000007102       0x10 /mnt/storage/project/2kwMotorController/firmware/Tivaware/driverlib/gcc/libdriver.a(pwm.o)
                0x0000000000007102                PWMOutputFault
 .text.PWMGenIntRegister
                0x0000000000007112       0x1a /mnt/storage/project/2kwMotorController/firmware/Tivaware/driverlib/gcc/libdriver.a(pwm.o)
                0x0000000000007112                PWMGenIntRegister
 .text.PWMGenIntUnregister
                0x000000000000712c       0x16 /mnt/storage/project/2kwMotorController/firmware/Tivaware/driverlib/gcc/libdriver.a(pwm.o)
                0x000000000000712c                PWMGenIntUnregister
 .text.PWMFaultIntRegister
                0x0000000000007142       0x1a /mnt/storage/project/2kwMotorController/firmware/Tivaware/driverlib/gcc/libdriver.a(pwm.o)
                0x0000000000007142                PWMFaultIntRegister
 .text.PWMFaultIntUnregister
                0x000000000000715c       0x16 /mnt/storage/project/2kwMotorController/firmware/Tivaware/driverlib/gcc/libdriver.a(pwm.o)
                0x000000000000715c                PWMFaultIntUnregister
 .text.PWMGenIntTrigEnable
                0x0000000000007172        0xa /mnt/storage/project/2kwMotorController/firmware/Tivaware/driverlib/gcc/libdriver.a(pwm.o)
                0x0000000000007172                PWMGenIntTrigEnable
 .text.PWMGenIntTrigDisable
                0x000000000000717c        0xc /mnt/storage/project/2kwMotorController/firmware/Tivaware/driverlib/gcc/libdriver.a(pwm.o)
                0x000000000000717c                PWMGenIntTrigDisable
 .text.PWMGenIntStatus
                0x0000000000007188        0xc /mnt/storage/project/2kwMotorController/firmware/Tivaware/driverlib/gcc/libdriver.a(pwm.o)
                0x0000000000007188                PWMGenIntStatus
 .text.PWMGenIntClear
                0x0000000000007194        0x6 /mnt/storage/project/2kwMotorController/firmware/Tivaware/driverlib/gcc/libdriver.a(pwm.o)
                0x0000000000007194                PWMGenIntClear
 .text.PWMIntEnable
                0x000000000000719a        0x8 /mnt/storage/project/2kwMotorController/firmware/Tivaware/driverlib/gcc/libdriver.a(pwm.o)
                0x000000000000719a                PWMIntEnable
 .text.PWMIntDisable
                0x00000000000071a2        0xa /mnt/storage/project/2kwMotorController/firmware/Tivaware/driverlib/gcc/libdriver.a(pwm.o)
                0x00000000000071a2                PWMIntDisable
 .text.PWMFaultIntClear
                0x00000000000071ac        0x8 /mnt/storage/project/2kwMotorController/firmware/Tivaware/driverlib/gcc/libdriver.a(pwm.o)
                0x00000000000071ac                PWMFaultIntClear
 .text.PWMIntStatus
                0x00000000000071b4        0xa /mnt/storage/project/2kwMotorController/firmware/Tivaware/driverlib/gcc/libdriver.a(pwm.o)
                0x00000000000071b4                PWMIntStatus
 .text.PWMFaultIntClearExt
                0x00000000000071be        0x4 /mnt/storage/project/2kwMotorController/firmware/Tivaware/driverlib/gcc/libdriver.a(pwm.o)
                0x00000000000071be                PWMFaultIntClearExt
 .text.PWMGenFaultConfigure
                0x00000000000071c2       0x18 /mnt/storage/project/2kwMotorController/firmware/Tivaware/driverlib/gcc/libdriver.a(pwm.o)
                0x00000000000071c2                PWMGenFaultConfigure
 .text.PWMGenFaultTriggerSet
                0x00000000000071da        0xc /mnt/storage/project/2kwMotorController/firmware/Tivaware/driverlib/gcc/libdriver.a(pwm.o)
                0x00000000000071da                PWMGenFaultTriggerSet
 .text.PWMGenFaultTriggerGet
                0x00000000000071e6        0xc /mnt/storage/project/2kwMotorController/firmware/Tivaware/driverlib/gcc/libdriver.a(pwm.o)
                0x00000000000071e6                PWMGenFaultTriggerGet
 .text.PWMGenFaultStatus
                0x00000000000071f2       0x18 /mnt/storage/project/2kwMotorController/firmware/Tivaware/driverlib/gcc/libdriver.a(pwm.o)
                0x00000000000071f2                PWMGenFaultStatus
 .text.PWMGenFaultClear
                0x000000000000720a       0x18 /mnt/storage/project/2kwMotorController/firmware/Tivaware/driverlib/gcc/libdriver.a(pwm.o)
                0x000000000000720a                PWMGenFaultClear
 .text.PWMClockSet
                0x0000000000007222       0x14 /mnt/storage/project/2kwMotorController/firmware/Tivaware/driverlib/gcc/libdriver.a(pwm.o)
                0x0000000000007222                PWMClockSet
 .text.PWMClockGet
                0x0000000000007236       0x1a /mnt/storage/project/2kwMotorController/firmware/Tivaware/driverlib/gcc/libdriver.a(pwm.o)
                0x0000000000007236                PWMClockGet
 .text.PWMOutputUpdateMode
                0x0000000000007250       0x30 /mnt/storage/project/2kwMotorController/firmware/Tivaware/driverlib/gcc/libdriver.a(pwm.o)
                0x0000000000007250                PWMOutputUpdateMode
 .text._QEIIntNumberGet
                0x0000000000007280       0x48 /mnt/storage/project/2kwMotorController/firmware/Tivaware/driverlib/gcc/libdriver.a(qei.o)
 .text.QEIEnable
                0x00000000000072c8        0xa /mnt/storage/project/2kwMotorController/firmware/Tivaware/driverlib/gcc/libdriver.a(qei.o)
                0x00000000000072c8                QEIEnable
 .text.QEIDisable
                0x00000000000072d2        0xa /mnt/storage/project/2kwMotorController/firmware/Tivaware/driverlib/gcc/libdriver.a(qei.o)
                0x00000000000072d2                QEIDisable
 .text.QEIConfigure
                0x00000000000072dc        0xe /mnt/storage/project/2kwMotorController/firmware/Tivaware/driverlib/gcc/libdriver.a(qei.o)
                0x00000000000072dc                QEIConfigure
 .text.QEIPositionGet
                0x00000000000072ea        0x4 /mnt/storage/project/2kwMotorController/firmware/Tivaware/driverlib/gcc/libdriver.a(qei.o)
                0x00000000000072ea                QEIPositionGet
 .text.QEIPositionSet
                0x00000000000072ee        0x4 /mnt/storage/project/2kwMotorController/firmware/Tivaware/driverlib/gcc/libdriver.a(qei.o)
                0x00000000000072ee                QEIPositionSet
 .text.QEIDirectionGet
                0x00000000000072f2       0x10 /mnt/storage/project/2kwMotorController/firmware/Tivaware/driverlib/gcc/libdriver.a(qei.o)
                0x00000000000072f2                QEIDirectionGet
 .text.QEIErrorGet
                0x0000000000007302        0x8 /mnt/storage/project/2kwMotorController/firmware/Tivaware/driverlib/gcc/libdriver.a(qei.o)
                0x0000000000007302                QEIErrorGet
 .text.QEIFilterEnable
                0x000000000000730a        0xa /mnt/storage/project/2kwMotorController/firmware/Tivaware/driverlib/gcc/libdriver.a(qei.o)
                0x000000000000730a                QEIFilterEnable
 .text.QEIFilterDisable
                0x0000000000007314        0xa /mnt/storage/project/2kwMotorController/firmware/Tivaware/driverlib/gcc/libdriver.a(qei.o)
                0x0000000000007314                QEIFilterDisable
 .text.QEIFilterConfigure
                0x000000000000731e        0xc /mnt/storage/project/2kwMotorController/firmware/Tivaware/driverlib/gcc/libdriver.a(qei.o)
                0x000000000000731e                QEIFilterConfigure
 .text.QEIVelocityEnable
                0x000000000000732a        0xa /mnt/storage/project/2kwMotorController/firmware/Tivaware/driverlib/gcc/libdriver.a(qei.o)
                0x000000000000732a                QEIVelocityEnable
 .text.QEIVelocityDisable
                0x0000000000007334        0xa /mnt/storage/project/2kwMotorController/firmware/Tivaware/driverlib/gcc/libdriver.a(qei.o)
                0x0000000000007334                QEIVelocityDisable
 .text.QEIVelocityConfigure
                0x000000000000733e       0x10 /mnt/storage/project/2kwMotorController/firmware/Tivaware/driverlib/gcc/libdriver.a(qei.o)
                0x000000000000733e                QEIVelocityConfigure
 .text.QEIVelocityGet
                0x000000000000734e        0x4 /mnt/storage/project/2kwMotorController/firmware/Tivaware/driverlib/gcc/libdriver.a(qei.o)
                0x000000000000734e                QEIVelocityGet
 .text.QEIIntRegister
                0x0000000000007352       0x1a /mnt/storage/project/2kwMotorController/firmware/Tivaware/driverlib/gcc/libdriver.a(qei.o)
                0x0000000000007352                QEIIntRegister
 .text.QEIIntUnregister
                0x000000000000736c       0x16 /mnt/storage/project/2kwMotorController/firmware/Tivaware/driverlib/gcc/libdriver.a(qei.o)
                0x000000000000736c                QEIIntUnregister
 .text.QEIIntEnable
                0x0000000000007382        0x8 /mnt/storage/project/2kwMotorController/firmware/Tivaware/driverlib/gcc/libdriver.a(qei.o)
                0x0000000000007382                QEIIntEnable
 .text.QEIIntDisable
                0x000000000000738a        0xa /mnt/storage/project/2kwMotorController/firmware/Tivaware/driverlib/gcc/libdriver.a(qei.o)
                0x000000000000738a                QEIIntDisable
 .text.QEIIntStatus
                0x0000000000007394        0xa /mnt/storage/project/2kwMotorController/firmware/Tivaware/driverlib/gcc/libdriver.a(qei.o)
                0x0000000000007394                QEIIntStatus
 .text.QEIIntClear
                0x000000000000739e        0x4 /mnt/storage/project/2kwMotorController/firmware/Tivaware/driverlib/gcc/libdriver.a(qei.o)
                0x000000000000739e                QEIIntClear
 *fill*         0x00000000000073a2        0x2 
 .text._SysCtlMemTimingGet
                0x00000000000073a4       0x24 /mnt/storage/project/2kwMotorController/firmware/Tivaware/driverlib/gcc/libdriver.a(sysctl.o)
 .text.SysCtlSRAMSizeGet
                0x00000000000073c8       0x10 /mnt/storage/project/2kwMotorController/firmware/Tivaware/driverlib/gcc/libdriver.a(sysctl.o)
                0x00000000000073c8                SysCtlSRAMSizeGet
 .text.SysCtlFlashSizeGet
                0x00000000000073d8       0x3c /mnt/storage/project/2kwMotorController/firmware/Tivaware/driverlib/gcc/libdriver.a(sysctl.o)
                0x00000000000073d8                SysCtlFlashSizeGet
 .text.SysCtlFlashSectorSizeGet
                0x0000000000007414       0x38 /mnt/storage/project/2kwMotorController/firmware/Tivaware/driverlib/gcc/libdriver.a(sysctl.o)
                0x0000000000007414                SysCtlFlashSectorSizeGet
 .text.SysCtlPeripheralPresent
                0x000000000000744c       0x26 /mnt/storage/project/2kwMotorController/firmware/Tivaware/driverlib/gcc/libdriver.a(sysctl.o)
                0x000000000000744c                SysCtlPeripheralPresent
 .text.SysCtlPeripheralReady
                0x0000000000007472       0x26 /mnt/storage/project/2kwMotorController/firmware/Tivaware/driverlib/gcc/libdriver.a(sysctl.o)
                0x0000000000007472                SysCtlPeripheralReady
 .text.SysCtlPeripheralPowerOn
                0x0000000000007498       0x22 /mnt/storage/project/2kwMotorController/firmware/Tivaware/driverlib/gcc/libdriver.a(sysctl.o)
                0x0000000000007498                SysCtlPeripheralPowerOn
 .text.SysCtlPeripheralPowerOff
                0x00000000000074ba       0x22 /mnt/storage/project/2kwMotorController/firmware/Tivaware/driverlib/gcc/libdriver.a(sysctl.o)
                0x00000000000074ba                SysCtlPeripheralPowerOff
 .text.SysCtlPeripheralReset