Archive member included to satisfy reference by file (symbol)

/home/odougs/bin/ti/ccsv7/tools/compiler/gcc-arm-none-eabi-6-2017-q1-update/bin/../lib/gcc/arm-none-eabi/6.3.1/../../../../arm-none-eabi/lib/thumb/v7e-m/fpv4-sp/hard/libc.a(lib_a-calloc.o)
                              ./source/fir.o (calloc)
/home/odougs/bin/ti/ccsv7/tools/compiler/gcc-arm-none-eabi-6-2017-q1-update/bin/../lib/gcc/arm-none-eabi/6.3.1/../../../../arm-none-eabi/lib/thumb/v7e-m/fpv4-sp/hard/libc.a(lib_a-callocr.o)
                              /home/odougs/bin/ti/ccsv7/tools/compiler/gcc-arm-none-eabi-6-2017-q1-update/bin/../lib/gcc/arm-none-eabi/6.3.1/../../../../arm-none-eabi/lib/thumb/v7e-m/fpv4-sp/hard/libc.a(lib_a-calloc.o) (_calloc_r)
/home/odougs/bin/ti/ccsv7/tools/compiler/gcc-arm-none-eabi-6-2017-q1-update/bin/../lib/gcc/arm-none-eabi/6.3.1/../../../../arm-none-eabi/lib/thumb/v7e-m/fpv4-sp/hard/libc.a(lib_a-exit.o)
                              /home/odougs/bin/ti/ccsv7/tools/compiler/gcc-arm-none-eabi-6-2017-q1-update/bin/../lib/gcc/arm-none-eabi/6.3.1/../../../../arm-none-eabi/lib/thumb/v7e-m/fpv4-sp/hard/crt0.o (exit)
/home/odougs/bin/ti/ccsv7/tools/compiler/gcc-arm-none-eabi-6-2017-q1-update/bin/../lib/gcc/arm-none-eabi/6.3.1/../../../../arm-none-eabi/lib/thumb/v7e-m/fpv4-sp/hard/libc.a(lib_a-impure.o)
                              /home/odougs/bin/ti/ccsv7/tools/compiler/gcc-arm-none-eabi-6-2017-q1-update/bin/../lib/gcc/arm-none-eabi/6.3.1/../../../../arm-none-eabi/lib/thumb/v7e-m/fpv4-sp/hard/libc.a(lib_a-exit.o) (_global_impure_ptr)
/home/odougs/bin/ti/ccsv7/tools/compiler/gcc-arm-none-eabi-6-2017-q1-update/bin/../lib/gcc/arm-none-eabi/6.3.1/../../../../arm-none-eabi/lib/thumb/v7e-m/fpv4-sp/hard/libc.a(lib_a-init.o)
                              /home/odougs/bin/ti/ccsv7/tools/compiler/gcc-arm-none-eabi-6-2017-q1-update/bin/../lib/gcc/arm-none-eabi/6.3.1/../../../../arm-none-eabi/lib/thumb/v7e-m/fpv4-sp/hard/crt0.o (__libc_init_array)
/home/odougs/bin/ti/ccsv7/tools/compiler/gcc-arm-none-eabi-6-2017-q1-update/bin/../lib/gcc/arm-none-eabi/6.3.1/../../../../arm-none-eabi/lib/thumb/v7e-m/fpv4-sp/hard/libc.a(lib_a-malloc.o)
                              ./source/fir.o (malloc)
/home/odougs/bin/ti/ccsv7/tools/compiler/gcc-arm-none-eabi-6-2017-q1-update/bin/../lib/gcc/arm-none-eabi/6.3.1/../../../../arm-none-eabi/lib/thumb/v7e-m/fpv4-sp/hard/libc.a(lib_a-mallocr.o)
                              /home/odougs/bin/ti/ccsv7/tools/compiler/gcc-arm-none-eabi-6-2017-q1-update/bin/../lib/gcc/arm-none-eabi/6.3.1/../../../../arm-none-eabi/lib/thumb/v7e-m/fpv4-sp/hard/libc.a(lib_a-callocr.o) (_malloc_r)
/home/odougs/bin/ti/ccsv7/tools/compiler/gcc-arm-none-eabi-6-2017-q1-update/bin/../lib/gcc/arm-none-eabi/6.3.1/../../../../arm-none-eabi/lib/thumb/v7e-m/fpv4-sp/hard/libc.a(lib_a-memcpy.o)
                              ./startup.o (memcpy)
/home/odougs/bin/ti/ccsv7/tools/compiler/gcc-arm-none-eabi-6-2017-q1-update/bin/../lib/gcc/arm-none-eabi/6.3.1/../../../../arm-none-eabi/lib/thumb/v7e-m/fpv4-sp/hard/libc.a(lib_a-memset.o)
                              /home/odougs/bin/ti/ccsv7/tools/compiler/gcc-arm-none-eabi-6-2017-q1-update/bin/../lib/gcc/arm-none-eabi/6.3.1/../../../../arm-none-eabi/lib/thumb/v7e-m/fpv4-sp/hard/crt0.o (memset)
/home/odougs/bin/ti/ccsv7/tools/compiler/gcc-arm-none-eabi-6-2017-q1-update/bin/../lib/gcc/arm-none-eabi/6.3.1/../../../../arm-none-eabi/lib/thumb/v7e-m/fpv4-sp/hard/libc.a(lib_a-mlock.o)
                              /home/odougs/bin/ti/ccsv7/tools/compiler/gcc-arm-none-eabi-6-2017-q1-update/bin/../lib/gcc/arm-none-eabi/6.3.1/../../../../arm-none-eabi/lib/thumb/v7e-m/fpv4-sp/hard/libc.a(lib_a-mallocr.o) (__malloc_lock)
/home/odougs/bin/ti/ccsv7/tools/compiler/gcc-arm-none-eabi-6-2017-q1-update/bin/../lib/gcc/arm-none-eabi/6.3.1/../../../../arm-none-eabi/lib/thumb/v7e-m/fpv4-sp/hard/libc.a(lib_a-sbrkr.o)
                              /home/odougs/bin/ti/ccsv7/tools/compiler/gcc-arm-none-eabi-6-2017-q1-update/bin/../lib/gcc/arm-none-eabi/6.3.1/../../../../arm-none-eabi/lib/thumb/v7e-m/fpv4-sp/hard/libc.a(lib_a-mallocr.o) (_sbrk_r)
/home/odougs/bin/ti/ccsv7/tools/compiler/gcc-arm-none-eabi-6-2017-q1-update/bin/../lib/gcc/arm-none-eabi/6.3.1/../../../../arm-none-eabi/lib/thumb/v7e-m/fpv4-sp/hard/libc.a(lib_a-__call_atexit.o)
                              /home/odougs/bin/ti/ccsv7/tools/compiler/gcc-arm-none-eabi-6-2017-q1-update/bin/../lib/gcc/arm-none-eabi/6.3.1/../../../../arm-none-eabi/lib/thumb/v7e-m/fpv4-sp/hard/libc.a(lib_a-exit.o) (__call_exitprocs)
/home/odougs/bin/ti/ccsv7/tools/compiler/gcc-arm-none-eabi-6-2017-q1-update/bin/../lib/gcc/arm-none-eabi/6.3.1/../../../../arm-none-eabi/lib/thumb/v7e-m/fpv4-sp/hard/libc.a(lib_a-atexit.o)
                              /home/odougs/bin/ti/ccsv7/tools/compiler/gcc-arm-none-eabi-6-2017-q1-update/bin/../lib/gcc/arm-none-eabi/6.3.1/../../../../arm-none-eabi/lib/thumb/v7e-m/fpv4-sp/hard/libc.a(lib_a-__call_atexit.o) (atexit)
[...]
Memory Configuration

Name             Origin             Length             Attributes
FLASH            0x0000000000000000 0x0000000000080000 xr
SRAM             0x0000000020000000 0x0000000000040000 xw
*default*        0x0000000000000000 0xffffffffffffffff

Linker script and memory map

LOAD /home/odougs/bin/ti/ccsv7/tools/compiler/gcc-arm-none-eabi-6-2017-q1-update/bin/../lib/gcc/arm-none-eabi/6.3.1/thumb/v7e-m/fpv4-sp/hard/crti.o
LOAD /home/odougs/bin/ti/ccsv7/tools/compiler/gcc-arm-none-eabi-6-2017-q1-update/bin/../lib/gcc/arm-none-eabi/6.3.1/thumb/v7e-m/fpv4-sp/hard/crtbegin.o
LOAD /home/odougs/bin/ti/ccsv7/tools/compiler/gcc-arm-none-eabi-6-2017-q1-update/bin/../lib/gcc/arm-none-eabi/6.3.1/../../../../arm-none-eabi/lib/thumb/v7e-m/fpv4-sp/hard/crt0.o
LOAD ./startup.o
LOAD ./FreeRTOS/event_groups.o
LOAD ./FreeRTOS/heap_1.o
LOAD ./FreeRTOS/list.o
LOAD ./FreeRTOS/port.o
LOAD ./FreeRTOS/queue.o
LOAD ./FreeRTOS/tasks.o
LOAD ./FreeRTOS/timers.o
LOAD ./source/can.o
LOAD ./source/control.o
LOAD ./source/debug.o
LOAD ./source/encoder.o
LOAD ./source/fir.o
LOAD ./source/logger.o
LOAD ./source/main.o
LOAD ./source/pinconfig.o
LOAD ./source/sensors.o
LOAD ./source/system.o
LOAD ./source/thermistor_lut.o
LOAD ./source/xprintf.o
                0x0000000000000000                PROVIDE (_intvecs_base_address, 0x0)

.intvecs        0x0000000000000000      0x208
 *(.intvecs)
 .intvecs       0x0000000000000000      0x208 ./startup.o
                0x0000000000000000                g_pfnVectors
                0x0000000020000000                PROVIDE (_vtable_base_address, 0x20000000)

.vtable
 *(.vtable)

.text           0x0000000000000210     0x92dc
 CREATE_OBJECT_SYMBOLS
 *(.text)
 .text          0x0000000000000210        0x0 /home/odougs/bin/ti/ccsv7/tools/compiler/gcc-arm-none-eabi-6-2017-q1-update/bin/../lib/gcc/arm-none-eabi/6.3.1/thumb/v7e-m/fpv4-sp/hard/crti.o
 .text          0x0000000000000210       0x6c /home/odougs/bin/ti/ccsv7/tools/compiler/gcc-arm-none-eabi-6-2017-q1-update/bin/../lib/gcc/arm-none-eabi/6.3.1/thumb/v7e-m/fpv4-sp/hard/crtbegin.o
 .text          0x000000000000027c       0x74 /home/odougs/bin/ti/ccsv7/tools/compiler/gcc-arm-none-eabi-6-2017-q1-update/bin/../lib/gcc/arm-none-eabi/6.3.1/../../../../arm-none-eabi/lib/thumb/v7e-m/fpv4-sp/hard/crt0.o
                0x000000000000027c                _mainCRTStartup
                0x000000000000027c                _start
 .text          0x00000000000002f0        0x0 ./startup.o
 .text          0x00000000000002f0        0x0 ./FreeRTOS/event_groups.o
 .text          0x00000000000002f0        0x0 ./FreeRTOS/heap_1.o
 .text          0x00000000000002f0        0x0 ./FreeRTOS/list.o
 .text          0x00000000000002f0        0x0 ./FreeRTOS/port.o
 .text          0x00000000000002f0        0x0 ./FreeRTOS/queue.o
 .text          0x00000000000002f0        0x0 ./FreeRTOS/tasks.o
 .text          0x00000000000002f0        0x0 ./FreeRTOS/timers.o
 .text          0x00000000000002f0        0x0 ./source/can.o
 .text          0x00000000000002f0        0x0 ./source/control.o
 .text          0x00000000000002f0        0x0 ./source/debug.o
 .text          0x00000000000002f0        0x0 ./source/encoder.o
 .text          0x00000000000002f0        0x0 ./source/fir.o
 .text          0x00000000000002f0        0x0 ./source/logger.o
 .text          0x00000000000002f0        0x0 ./source/main.o
 .text          0x00000000000002f0        0x0 ./source/pinconfig.o
 .text          0x00000000000002f0        0x0 ./source/sensors.o
 .text          0x00000000000002f0        0x0 ./source/system.o
 .text          0x00000000000002f0        0x0 ./source/thermistor_lut.o
 .text          0x00000000000002f0        0x0 ./source/xprintf.o
 .text          0x00000000000002f0        0x0 /home/odougs/bin/ti/ccsv7/tools/compiler/gcc-arm-none-eabi-6-2017-q1-update/bin/../lib/gcc/arm-none-eabi/6.3.1/../../../../arm-none-eabi/lib/thumb/v7e-m/fpv4-sp/hard/libc.a(lib_a-calloc.o)
 .text          0x00000000000002f0        0x0 /home/odougs/bin/ti/ccsv7/tools/compiler/gcc-arm-none-eabi-6-2017-q1-update/bin/../lib/gcc/arm-none-eabi/6.3.1/../../../../arm-none-eabi/lib/thumb/v7e-m/fpv4-sp/hard/libc.a(lib_a-callocr.o)
 .text          0x00000000000002f0        0x0 /home/odougs/bin/ti/ccsv7/tools/compiler/gcc-arm-none-eabi-6-2017-q1-update/bin/../lib/gcc/arm-none-eabi/6.3.1/../../../../arm-none-eabi/lib/thumb/v7e-m/fpv4-sp/hard/libc.a(lib_a-exit.o)
 .text          0x00000000000002f0        0x0 /home/odougs/bin/ti/ccsv7/tools/compiler/gcc-arm-none-eabi-6-2017-q1-update/bin/../lib/gcc/arm-none-eabi/6.3.1/../../../../arm-none-eabi/lib/thumb/v7e-m/fpv4-sp/hard/libc.a(lib_a-impure.o)
 .text          0x00000000000002f0        0x0 /home/odougs/bin/ti/ccsv7/tools/compiler/gcc-arm-none-eabi-6-2017-q1-update/bin/../lib/gcc/arm-none-eabi/6.3.1/../../../../arm-none-eabi/lib/thumb/v7e-m/fpv4-sp/hard/libc.a(lib_a-init.o)
 .text          0x00000000000002f0        0x0 /home/odougs/bin/ti/ccsv7/tools/compiler/gcc-arm-none-eabi-6-2017-q1-update/bin/../lib/gcc/arm-none-eabi/6.3.1/../../../../arm-none-eabi/lib/thumb/v7e-m/fpv4-sp/hard/libc.a(lib_a-malloc.o)
 .text          0x00000000000002f0        0x0 /home/odougs/bin/ti/ccsv7/tools/compiler/gcc-arm-none-eabi-6-2017-q1-update/bin/../lib/gcc/arm-none-eabi/6.3.1/../../../../arm-none-eabi/lib/thumb/v7e-m/fpv4-sp/hard/libc.a(lib_a-mallocr.o)
 .text          0x00000000000002f0      0x134 /home/odougs/bin/ti/ccsv7/tools/compiler/gcc-arm-none-eabi-6-2017-q1-update/bin/../lib/gcc/arm-none-eabi/6.3.1/../../../../arm-none-eabi/lib/thumb/v7e-m/fpv4-sp/hard/libc.a(lib_a-memcpy.o)
                0x00000000000002f0                memcpy
 .text          0x0000000000000424        0x0 /home/odougs/bin/ti/ccsv7/tools/compiler/gcc-arm-none-eabi-6-2017-q1-update/bin/../lib/gcc/arm-none-eabi/6.3.1/../../../../arm-none-eabi/lib/thumb/v7e-m/fpv4-sp/hard/libc.a(lib_a-memset.o)
 .text          0x0000000000000424        0x0 /home/odougs/bin/ti/ccsv7/tools/compiler/gcc-arm-none-eabi-6-2017-q1-update/bin/../lib/gcc/arm-none-eabi/6.3.1/../../../../arm-none-eabi/lib/thumb/v7e-m/fpv4-sp/hard/libc.a(lib_a-mlock.o)
 .text          0x0000000000000424        0x0 /home/odougs/bin/ti/ccsv7/tools/compiler/gcc-arm-none-eabi-6-2017-q1-update/bin/../lib/gcc/arm-none-eabi/6.3.1/../../../../arm-none-eabi/lib/thumb/v7e-m/fpv4-sp/hard/libc.a(lib_a-sbrkr.o)
 .text          0x0000000000000424        0x0 /home/odougs/bin/ti/ccsv7/tools/compiler/gcc-arm-none-eabi-6-2017-q1-update/bin/../lib/gcc/arm-none-eabi/6.3.1/../../../../arm-none-eabi/lib/thumb/v7e-m/fpv4-sp/hard/libc.a(lib_a-__call_atexit.o)
 .text          0x0000000000000424        0x0 /home/odougs/bin/ti/ccsv7/tools/compiler/gcc-arm-none-eabi-6-2017-q1-update/bin/../lib/gcc/arm-none-eabi/6.3.1/../../../../arm-none-eabi/lib/thumb/v7e-m/fpv4-sp/hard/libc.a(lib_a-atexit.o)
 .text          0x0000000000000424        0x0 /home/odougs/bin/ti/ccsv7/tools/compiler/gcc-arm-none-eabi-6-2017-q1-update/bin/../lib/gcc/arm-none-eabi/6.3.1/../../../../arm-none-eabi/lib/thumb/v7e-m/fpv4-sp/hard/libc.a(lib_a-fini.o)
 .text          0x0000000000000424        0x0 /home/odougs/bin/ti/ccsv7/tools/compiler/gcc-arm-none-eabi-6-2017-q1-update/bin/../lib/gcc/arm-none-eabi/6.3.1/../../../../arm-none-eabi/lib/thumb/v7e-m/fpv4-sp/hard/libc.a(lib_a-freer.o)
 .text          0x0000000000000424        0x0 /home/odougs/bin/ti/ccsv7/tools/compiler/gcc-arm-none-eabi-6-2017-q1-update/bin/../lib/gcc/arm-none-eabi/6.3.1/../../../../arm-none-eabi/lib/thumb/v7e-m/fpv4-sp/hard/libc.a(lib_a-lock.o)
 .text          0x0000000000000424        0x0 /home/odougs/bin/ti/ccsv7/tools/compiler/gcc-arm-none-eabi-6-2017-q1-update/bin/../lib/gcc/arm-none-eabi/6.3.1/../../../../arm-none-eabi/lib/thumb/v7e-m/fpv4-sp/hard/libc.a(lib_a-reent.o)
 .text          0x0000000000000424        0x0 /home/odougs/bin/ti/ccsv7/tools/compiler/gcc-arm-none-eabi-6-2017-q1-update/bin/../lib/gcc/arm-none-eabi/6.3.1/../../../../arm-none-eabi/lib/thumb/v7e-m/fpv4-sp/hard/libc.a(lib_a-__atexit.o)
 .text          0x0000000000000424        0x0 /mnt/storage/project/2kwMotorController/firmware/Tivaware/driverlib/gcc/libdriver.a(adc.o)
 .text          0x0000000000000424        0x0 /mnt/storage/project/2kwMotorController/firmware/Tivaware/driverlib/gcc/libdriver.a(can.o)
 .text          0x0000000000000424        0x0 /mnt/storage/project/2kwMotorController/firmware/Tivaware/driverlib/gcc/libdriver.a(gpio.o)
 .text          0x0000000000000424        0x0 /mnt/storage/project/2kwMotorController/firmware/Tivaware/driverlib/gcc/libdriver.a(interrupt.o)
 .text          0x0000000000000424        0x0 /mnt/storage/project/2kwMotorController/firmware/Tivaware/driverlib/gcc/libdriver.a(pwm.o)
 .text          0x0000000000000424        0x0 /mnt/storage/project/2kwMotorController/firmware/Tivaware/driverlib/gcc/libdriver.a(qei.o)
 .text          0x0000000000000424        0x0 /mnt/storage/project/2kwMotorController/firmware/Tivaware/driverlib/gcc/libdriver.a(sysctl.o)
 .text          0x0000000000000424        0x0 /mnt/storage/project/2kwMotorController/firmware/Tivaware/driverlib/gcc/libdriver.a(timer.o)
 .text          0x0000000000000424        0x0 /mnt/storage/project/2kwMotorController/firmware/Tivaware/driverlib/gcc/libdriver.a(uart.o)
 .text          0x0000000000000424        0x0 /mnt/storage/project/2kwMotorController/firmware/Tivaware/driverlib/gcc/libdriver.a(udma.o)
 .text          0x0000000000000424        0x0 /mnt/storage/project/2kwMotorController/firmware/Tivaware/driverlib/gcc/libdriver.a(cpu.o)
 .text          0x0000000000000424        0x0 /home/odougs/bin/ti/ccsv7/tools/compiler/gcc-arm-none-eabi-6-2017-q1-update/bin/../lib/gcc/arm-none-eabi/6.3.1/../../../../arm-none-eabi/lib/thumb/v7e-m/fpv4-sp/hard/libnosys.a(sbrk.o)
 .text          0x0000000000000424        0x0 /home/odougs/bin/ti/ccsv7/tools/compiler/gcc-arm-none-eabi-6-2017-q1-update/bin/../lib/gcc/arm-none-eabi/6.3.1/../../../../arm-none-eabi/lib/thumb/v7e-m/fpv4-sp/hard/libnosys.a(_exit.o)
 .text          0x0000000000000424        0x0 /home/odougs/bin/ti/ccsv7/tools/compiler/gcc-arm-none-eabi-6-2017-q1-update/bin/../lib/gcc/arm-none-eabi/6.3.1/thumb/v7e-m/fpv4-sp/hard/crtend.o
 .text          0x0000000000000424        0x0 /home/odougs/bin/ti/ccsv7/tools/compiler/gcc-arm-none-eabi-6-2017-q1-update/bin/../lib/gcc/arm-none-eabi/6.3.1/thumb/v7e-m/fpv4-sp/hard/crtn.o
 *(.text.*)
 .text.NmiSR    0x0000000000000424        0x4 ./startup.o
 .text.HardFault_Handler
                0x0000000000000428       0x18 ./startup.o
 .text.IntDefaultHandler
                0x0000000000000440       0x18 ./startup.o
 .text.ResetISR
                0x0000000000000458       0x58 ./startup.o
                0x0000000000000458                ResetISR
 .text._dummy0  0x00000000000004b0        0x4 ./startup.o
                0x00000000000004b0                _dummy0
 .text.prvGetRegistersFromStack
                0x00000000000004b4       0xcc ./startup.o
                0x00000000000004b4                prvGetRegistersFromStack
 .text.unlikely.xEventGroupSetBits.part.0
                0x0000000000000580       0x58 ./FreeRTOS/event_groups.o
 .text.xEventGroupGenericCreate
                0x00000000000005d8       0x24 ./FreeRTOS/event_groups.o
                0x00000000000005d8                xEventGroupGenericCreate
 .text.xEventGroupWaitBits
                0x00000000000005fc       0xf4 ./FreeRTOS/event_groups.o
                0x00000000000005fc                xEventGroupWaitBits
 .text.xEventGroupClearBits
                0x00000000000006f0       0x48 ./FreeRTOS/event_groups.o
                0x00000000000006f0                xEventGroupClearBits
 .text.xEventGroupGetBitsFromISR
                0x0000000000000738       0x1c ./FreeRTOS/event_groups.o
                0x0000000000000738                xEventGroupGetBitsFromISR
 .text.xEventGroupSetBits
                0x0000000000000754       0x30 ./FreeRTOS/event_groups.o
                0x0000000000000754                xEventGroupSetBits
 .text.xEventGroupSync
                0x0000000000000784       0xb4 ./FreeRTOS/event_groups.o
                0x0000000000000784                xEventGroupSync
 .text.vEventGroupDelete
                0x0000000000000838       0x4c ./FreeRTOS/event_groups.o
                0x0000000000000838                vEventGroupDelete
 .text.vEventGroupSetBitsCallback
                0x0000000000000884       0x30 ./FreeRTOS/event_groups.o
                0x0000000000000884                vEventGroupSetBitsCallback
 .text.vEventGroupClearBitsCallback
                0x00000000000008b4       0x48 ./FreeRTOS/event_groups.o
                0x00000000000008b4                vEventGroupClearBitsCallback
 .text.uxEventGroupGetNumber
                0x00000000000008fc        0x8 ./FreeRTOS/event_groups.o
                0x00000000000008fc                uxEventGroupGetNumber
 .text.pvPortMalloc
                0x0000000000000904       0x58 ./FreeRTOS/heap_1.o
                0x0000000000000904                pvPortMalloc
 .text.vPortFree
                0x000000000000095c       0x18 ./FreeRTOS/heap_1.o
                0x000000000000095c                vPortFree
 .text.vPortInitialiseBlocks
                0x0000000000000974        0xc ./FreeRTOS/heap_1.o
                0x0000000000000974                vPortInitialiseBlocks
 .text.xPortGetFreeHeapSize
                0x0000000000000980       0x10 ./FreeRTOS/heap_1.o
                0x0000000000000980                xPortGetFreeHeapSize
 .text.vListInitialise
                0x0000000000000990       0x18 ./FreeRTOS/list.o
                0x0000000000000990                vListInitialise
 .text.vListInitialiseItem
                0x00000000000009a8        0x8 ./FreeRTOS/list.o
                0x00000000000009a8                vListInitialiseItem
 .text.vListInsertEnd
                0x00000000000009b0       0x20 ./FreeRTOS/list.o
                0x00000000000009b0                vListInsertEnd
 .text.vListInsert
                0x00000000000009d0       0x34 ./FreeRTOS/list.o
                0x00000000000009d0                vListInsert
 .text.uxListRemove
                0x0000000000000a04       0x28 ./FreeRTOS/list.o
                0x0000000000000a04                uxListRemove
 .text.prvTaskExitError
                0x0000000000000a2c       0x30 ./FreeRTOS/port.o
 .text.prvPortStartFirstTask
                0x0000000000000a5c       0x20 ./FreeRTOS/port.o
 .text.vPortEnableVFP
                0x0000000000000a7c       0x14 ./FreeRTOS/port.o
 .text.pxPortInitialiseStack
                0x0000000000000a90       0x2c ./FreeRTOS/port.o
                0x0000000000000a90                pxPortInitialiseStack
 *fill*         0x0000000000000abc        0x4 
 .text.vPortSVCHandler
                0x0000000000000ac0       0x24 ./FreeRTOS/port.o
                0x0000000000000ac0                vPortSVCHandler
 .text.vPortEndScheduler
                0x0000000000000ae4       0x24 ./FreeRTOS/port.o
                0x0000000000000ae4                vPortEndScheduler
 .text.vPortEnterCritical
                0x0000000000000b08       0x44 ./FreeRTOS/port.o
                0x0000000000000b08                vPortEnterCritical
 .text.vPortExitCritical
                0x0000000000000b4c       0x28 ./FreeRTOS/port.o
                0x0000000000000b4c                vPortExitCritical
 *fill*         0x0000000000000b74        0xc 
 .text.xPortPendSVHandler
                0x0000000000000b80       0x64 ./FreeRTOS/port.o
                0x0000000000000b80                xPortPendSVHandler
 .text.xPortSysTickHandler
                0x0000000000000be4       0x2c ./FreeRTOS/port.o
                0x0000000000000be4                xPortSysTickHandler
 .text.vPortSetupTimerInterrupt
                0x0000000000000c10       0x1c ./FreeRTOS/port.o
                0x0000000000000c10                vPortSetupTimerInterrupt
 .text.xPortStartScheduler
                0x0000000000000c2c       0xec ./FreeRTOS/port.o
                0x0000000000000c2c                xPortStartScheduler
 .text.vPortValidateInterruptPriority
                0x0000000000000d18       0x5c ./FreeRTOS/port.o
                0x0000000000000d18                vPortValidateInterruptPriority
 .text.unlikely.prvCopyDataToQueue
                0x0000000000000d74       0x6a ./FreeRTOS/queue.o
 .text.unlikely.prvCopyDataFromQueue
                0x0000000000000dde       0x26 ./FreeRTOS/queue.o
 .text.xQueueGenericReset
                0x0000000000000e04       0x90 ./FreeRTOS/queue.o
                0x0000000000000e04                xQueueGenericReset
 .text.xQueueGenericCreate
                0x0000000000000e94       0x90 ./FreeRTOS/queue.o
                0x0000000000000e94                xQueueGenericCreate
 .text.xQueueGenericSend
                0x0000000000000f24      0x2d8 ./FreeRTOS/queue.o
                0x0000000000000f24                xQueueGenericSend
 .text.xQueueCreateMutex
                0x00000000000011fc       0x7c ./FreeRTOS/queue.o
                0x00000000000011fc                xQueueCreateMutex
 .text.xQueueGiveMutexRecursive
                0x0000000000001278       0x40 ./FreeRTOS/queue.o
                0x0000000000001278                xQueueGiveMutexRecursive
 .text.xQueueGenericSendFromISR
                0x00000000000012b8       0xbc ./FreeRTOS/queue.o
                0x00000000000012b8                xQueueGenericSendFromISR
 .text.xQueueGiveFromISR
                0x0000000000001374       0xa8 ./FreeRTOS/queue.o
                0x0000000000001374                xQueueGiveFromISR
 .text.xQueueGenericReceive
                0x000000000000141c      0x310 ./FreeRTOS/queue.o
                0x000000000000141c                xQueueGenericReceive
 .text.xQueueTakeMutexRecursive
                0x000000000000172c       0x44 ./FreeRTOS/queue.o
                0x000000000000172c                xQueueTakeMutexRecursive
 .text.xQueueReceiveFromISR
                0x0000000000001770       0x94 ./FreeRTOS/queue.o
                0x0000000000001770                xQueueReceiveFromISR
 .text.xQueuePeekFromISR
                0x0000000000001804       0x7c ./FreeRTOS/queue.o
                0x0000000000001804                xQueuePeekFromISR
 .text.uxQueueMessagesWaiting
                0x0000000000001880       0x28 ./FreeRTOS/queue.o
                0x0000000000001880                uxQueueMessagesWaiting
 .text.uxQueueSpacesAvailable
                0x00000000000018a8       0x2c ./FreeRTOS/queue.o
                0x00000000000018a8                uxQueueSpacesAvailable
 .text.uxQueueMessagesWaitingFromISR
                0x00000000000018d4       0x18 ./FreeRTOS/queue.o
                0x00000000000018d4                uxQueueMessagesWaitingFromISR
 .text.vQueueDelete
                0x00000000000018ec       0x98 ./FreeRTOS/queue.o
                0x00000000000018ec                vQueueDelete
 .text.uxQueueGetQueueNumber
                0x0000000000001984        0x4 ./FreeRTOS/queue.o
                0x0000000000001984                uxQueueGetQueueNumber
 .text.vQueueSetQueueNumber
                0x0000000000001988        0x4 ./FreeRTOS/queue.o
                0x0000000000001988                vQueueSetQueueNumber
 .text.ucQueueGetQueueType
                0x000000000000198c        0x8 ./FreeRTOS/queue.o
                0x000000000000198c                ucQueueGetQueueType
 .text.xQueueIsQueueEmptyFromISR
                0x0000000000001994       0x20 ./FreeRTOS/queue.o
                0x0000000000001994                xQueueIsQueueEmptyFromISR
 .text.xQueueIsQueueFullFromISR
                0x00000000000019b4       0x24 ./FreeRTOS/queue.o
                0x00000000000019b4                xQueueIsQueueFullFromISR
 .text.vQueueAddToRegistry
                0x00000000000019d8       0x64 ./FreeRTOS/queue.o
                0x00000000000019d8                vQueueAddToRegistry
 .text.pcQueueGetQueueName
                0x0000000000001a3c       0x74 ./FreeRTOS/queue.o
                0x0000000000001a3c                pcQueueGetQueueName
 .text.vQueueUnregisterQueue
                0x0000000000001ab0       0x78 ./FreeRTOS/queue.o
                0x0000000000001ab0                vQueueUnregisterQueue
 .text.prvAddCurrentTaskToDelayedList
                0x0000000000001b28       0x90 ./FreeRTOS/tasks.o
 .text.xTaskGenericCreate
                0x0000000000001bb8      0x260 ./FreeRTOS/tasks.o
                0x0000000000001bb8                xTaskGenericCreate
 .text.vTaskDelete
                0x0000000000001e18      0x118 ./FreeRTOS/tasks.o
                0x0000000000001e18                vTaskDelete
 .text.eTaskGetState
                0x0000000000001f30       0x7c ./FreeRTOS/tasks.o
                0x0000000000001f30                eTaskGetState
 .text.uxTaskPriorityGet
                0x0000000000001fac       0x28 ./FreeRTOS/tasks.o
                0x0000000000001fac                uxTaskPriorityGet
 .text.uxTaskPriorityGetFromISR
                0x0000000000001fd4       0x38 ./FreeRTOS/tasks.o
                0x0000000000001fd4                uxTaskPriorityGetFromISR
 .text.vTaskPrioritySet
                0x000000000000200c       0xdc ./FreeRTOS/tasks.o
                0x000000000000200c                vTaskPrioritySet
 .text.vTaskResume
                0x00000000000020e8       0xa8 ./FreeRTOS/tasks.o
                0x00000000000020e8                vTaskResume
 .text.xTaskResumeFromISR
                0x0000000000002190       0xc4 ./FreeRTOS/tasks.o
                0x0000000000002190                xTaskResumeFromISR
 .text.vTaskStartScheduler
                0x0000000000002254      0x1cc ./FreeRTOS/tasks.o
                0x0000000000002254                vTaskStartScheduler
 .text.vTaskEndScheduler
                0x0000000000002420       0x20 ./FreeRTOS/tasks.o
                0x0000000000002420                vTaskEndScheduler
 .text.vTaskSuspendAll
                0x0000000000002440       0x10 ./FreeRTOS/tasks.o
                0x0000000000002440                vTaskSuspendAll
 .text.xTaskGetTickCount
                0x0000000000002450        0xc ./FreeRTOS/tasks.o
                0x0000000000002450                xTaskGetTickCount
 .text.xTaskGetTickCountFromISR
                0x000000000000245c       0x10 ./FreeRTOS/tasks.o
                0x000000000000245c                xTaskGetTickCountFromISR
 .text.uxTaskGetNumberOfTasks
                0x000000000000246c        0xc ./FreeRTOS/tasks.o
                0x000000000000246c                uxTaskGetNumberOfTasks
 .text.xTaskIncrementTick
                0x0000000000002478      0x160 ./FreeRTOS/tasks.o
                0x0000000000002478                xTaskIncrementTick
 .text.xTaskResumeAll
                0x00000000000025d8      0x124 ./FreeRTOS/tasks.o
                0x00000000000025d8                xTaskResumeAll
 .text.vTaskDelayUntil
                0x00000000000026fc       0x9c ./FreeRTOS/tasks.o
                0x00000000000026fc                vTaskDelayUntil
 .text.vTaskDelay
                0x0000000000002798       0x4c ./FreeRTOS/tasks.o
                0x0000000000002798                vTaskDelay
 .text.prvIdleTask
                0x00000000000027e4       0x64 ./FreeRTOS/tasks.o
 .text.prvListTasksWithinSingleList.part.6
                0x0000000000002848      0x164 ./FreeRTOS/tasks.o
 .text.uxTaskGetSystemState
                0x00000000000029ac      0x394 ./FreeRTOS/tasks.o
                0x00000000000029ac                uxTaskGetSystemState
 .text.vTaskSwitchContext
                0x0000000000002d40       0xa4 ./FreeRTOS/tasks.o
                0x0000000000002d40                vTaskSwitchContext
 .text.vTaskSuspend
                0x0000000000002de4       0xfc ./FreeRTOS/tasks.o
                0x0000000000002de4                vTaskSuspend
 .text.vTaskPlaceOnEventList
                0x0000000000002ee0       0xa4 ./FreeRTOS/tasks.o
                0x0000000000002ee0                vTaskPlaceOnEventList
 .text.vTaskPlaceOnUnorderedEventList
                0x0000000000002f84       0x58 ./FreeRTOS/tasks.o
                0x0000000000002f84                vTaskPlaceOnUnorderedEventList
 .text.xTaskRemoveFromEventList
                0x0000000000002fdc       0x88 ./FreeRTOS/tasks.o
                0x0000000000002fdc                xTaskRemoveFromEventList
 .text.xTaskRemoveFromUnorderedEventList
                0x0000000000003064       0x90 ./FreeRTOS/tasks.o
                0x0000000000003064                xTaskRemoveFromUnorderedEventList
 .text.vTaskSetTimeOutState
                0x00000000000030f4       0x2c ./FreeRTOS/tasks.o
                0x00000000000030f4                vTaskSetTimeOutState
 .text.xTaskCheckForTimeOut
                0x0000000000003120       0x88 ./FreeRTOS/tasks.o
                0x0000000000003120                xTaskCheckForTimeOut
 .text.vTaskMissedYield
                0x00000000000031a8        0xc ./FreeRTOS/tasks.o
                0x00000000000031a8                vTaskMissedYield
 .text.uxTaskGetTaskNumber
                0x00000000000031b4        0x8 ./FreeRTOS/tasks.o
                0x00000000000031b4                uxTaskGetTaskNumber
 .text.vTaskSetTaskNumber
                0x00000000000031bc        0x8 ./FreeRTOS/tasks.o
                0x00000000000031bc                vTaskSetTaskNumber
 .text.vTaskGetTaskInfo
                0x00000000000031c4      0x108 ./FreeRTOS/tasks.o
                0x00000000000031c4                vTaskGetTaskInfo
 .text.uxTaskGetStackHighWaterMark
                0x00000000000032cc       0x2c ./FreeRTOS/tasks.o
                0x00000000000032cc                uxTaskGetStackHighWaterMark
 .text.xTaskGetCurrentTaskHandle
                0x00000000000032f8        0xc ./FreeRTOS/tasks.o
                0x00000000000032f8                xTaskGetCurrentTaskHandle
 .text.vTaskPriorityInherit
                0x0000000000003304       0x98 ./FreeRTOS/tasks.o
                0x0000000000003304                vTaskPriorityInherit
 .text.xTaskPriorityDisinherit
                0x000000000000339c       0xb4 ./FreeRTOS/tasks.o
                0x000000000000339c                xTaskPriorityDisinherit
 .text.uxTaskResetEventItemValue
                0x0000000000003450       0x18 ./FreeRTOS/tasks.o
                0x0000000000003450                uxTaskResetEventItemValue
 .text.pvTaskIncrementMutexHeldCount
                0x0000000000003468       0x18 ./FreeRTOS/tasks.o
                0x0000000000003468                pvTaskIncrementMutexHeldCount
 .text.ulTaskNotifyTake
                0x0000000000003480       0xdc ./FreeRTOS/tasks.o
                0x0000000000003480                ulTaskNotifyTake
 .text.xTaskNotifyWait
                0x000000000000355c      0x100 ./FreeRTOS/tasks.o
                0x000000000000355c                xTaskNotifyWait
 .text.xTaskGenericNotify
                0x000000000000365c       0xe4 ./FreeRTOS/tasks.o
                0x000000000000365c                xTaskGenericNotify
 .text.xTaskGenericNotifyFromISR
                0x0000000000003740      0x128 ./FreeRTOS/tasks.o
                0x0000000000003740                xTaskGenericNotifyFromISR
 .text.vTaskNotifyGiveFromISR
                0x0000000000003868       0xec ./FreeRTOS/tasks.o
                0x0000000000003868                vTaskNotifyGiveFromISR
 .text.xTaskNotifyStateClear
                0x0000000000003954       0x30 ./FreeRTOS/tasks.o
                0x0000000000003954                xTaskNotifyStateClear
 .text._dummy7  0x0000000000003984        0x4 ./source/can.o
                0x0000000000003984                _dummy7
 .text.can_ISR  0x0000000000003988       0x98 ./source/can.o
                0x0000000000003988                can_ISR
 .text.can_init
                0x0000000000003a20       0x70 ./source/can.o
                0x0000000000003a20                can_init
 .text.can_task_code
                0x0000000000003a90       0x60 ./source/can.o
                0x0000000000003a90                can_task_code
 .text.can_send
                0x0000000000003af0       0x28 ./source/can.o
                0x0000000000003af0                can_send
 .text.can_recv
                0x0000000000003b18       0x1c ./source/can.o
                0x0000000000003b18                can_recv
 .text._dummy4  0x0000000000003b34        0x4 ./source/control.o
                0x0000000000003b34                _dummy4
 .text.pwm_duty_update
                0x0000000000003b38      0x118 ./source/control.o
                0x0000000000003b38                pwm_duty_update
 .text.pwm_setup
                0x0000000000003c50       0xd0 ./source/control.o
                0x0000000000003c50                pwm_setup
 .text.pid_current_loop
                0x0000000000003d20       0x44 ./source/control.o
                0x0000000000003d20                pid_current_loop
 .text.pid_velocity_loop
                0x0000000000003d64       0x38 ./source/control.o
                0x0000000000003d64                pid_velocity_loop
 .text.pid_state_reset
                0x0000000000003d9c       0x14 ./source/control.o
                0x0000000000003d9c                pid_state_reset
 .text.hbridge_soft_start
                0x0000000000003db0       0x28 ./source/control.o
                0x0000000000003db0                hbridge_soft_start
 .text.control_task_code
                0x0000000000003dd8      0x1b0 ./source/control.o
                0x0000000000003dd8                control_task_code
 .text._dummy6  0x0000000000003f88        0x4 ./source/debug.o
                0x0000000000003f88                _dummy6
 .text.led_get  0x0000000000003f8c       0x2c ./source/debug.o
                0x0000000000003f8c                led_get
 .text.led_set  0x0000000000003fb8       0x34 ./source/debug.o
                0x0000000000003fb8                led_set
 .text.debug_pins_set
                0x0000000000003fec       0x2c ./source/debug.o
                0x0000000000003fec                debug_pins_set
 .text._dummy9  0x0000000000004018        0x4 ./source/encoder.o
                0x0000000000004018                _dummy9
 .text.qei_ISR  0x000000000000401c       0x54 ./source/encoder.o
                0x000000000000401c                qei_ISR
 .text.encoder_task_code
                0x0000000000004070      0x4ac ./source/encoder.o
                0x0000000000004070                encoder_task_code
 .text.encoder_get_motor_position_rads
                0x000000000000451c        0xc ./source/encoder.o
                0x000000000000451c                encoder_get_motor_position_rads
 .text.encoder_get_motor_velocity_rads
                0x0000000000004528        0xc ./source/encoder.o
                0x0000000000004528                encoder_get_motor_velocity_rads
 .text.encoder_poll_motor_velocity_rads
                0x0000000000004534       0x20 ./source/encoder.o
                0x0000000000004534                encoder_poll_motor_velocity_rads
 .text.fir_create
                0x0000000000004554       0x44 ./source/fir.o
                0x0000000000004554                fir_create
 .text.fir_do_filter
                0x0000000000004598       0x70 ./source/fir.o
                0x0000000000004598                fir_do_filter
 .text.panic_putc
                0x0000000000004608        0xc ./source/logger.o
 .text.debug_uart_putc
                0x0000000000004614       0x5c ./source/logger.o
 .text.debug_uart_ISR
                0x0000000000004670       0x70 ./source/logger.o
 .text._dummy5  0x00000000000046e0        0x4 ./source/logger.o
                0x00000000000046e0                _dummy5
 .text.log_msg  0x00000000000046e4       0x28 ./source/logger.o
                0x00000000000046e4                log_msg
 .text.log_msg_ISR
                0x000000000000470c       0x24 ./source/logger.o
                0x000000000000470c                log_msg_ISR
 .text.log_msg_panic
                0x0000000000004730       0x18 ./source/logger.o
                0x0000000000004730                log_msg_panic
 .text.logger_task_code
                0x0000000000004748       0x80 ./source/logger.o
                0x0000000000004748                logger_task_code
 .text.real_int_from_float
                0x00000000000047c8       0x4c ./source/logger.o
                0x00000000000047c8                real_int_from_float
 .text.poll_task_code
                0x0000000000004814        0xc ./source/main.o
                0x0000000000004814                poll_task_code
 .text.led_task_code
                0x0000000000004820       0x64 ./source/main.o
                0x0000000000004820                led_task_code
 .text._dummy1  0x0000000000004884        0x4 ./source/main.o
                0x0000000000004884                _dummy1
 .text.vApplicationStackOverflowHook
                0x0000000000004888        0x4 ./source/main.o
                0x0000000000004888                vApplicationStackOverflowHook
 .text.assertion_failed
                0x000000000000488c       0x1c ./source/main.o
                0x000000000000488c                assertion_failed
 .text.startup.main
                0x00000000000048a8      0x1e8 ./source/main.o
                0x00000000000048a8                main
 .text._dummy8  0x0000000000004a90        0x4 ./source/pinconfig.o
                0x0000000000004a90                _dummy8
 .text.pinconfig
                0x0000000000004a94      0x284 ./source/pinconfig.o
                0x0000000000004a94                pinconfig
 .text._dummy3  0x0000000000004d18        0x4 ./source/sensors.o
                0x0000000000004d18                _dummy3
 .text.adc0_seq0_ISR
                0x0000000000004d1c       0x68 ./source/sensors.o
                0x0000000000004d1c                adc0_seq0_ISR
 .text.adc1_seq0_ISR
                0x0000000000004d84       0x4c ./source/sensors.o
                0x0000000000004d84                adc1_seq0_ISR
 .text.rt_sensor_task_code
                0x0000000000004dd0      0x214 ./source/sensors.o
                0x0000000000004dd0                rt_sensor_task_code
 .text.ls_sensor_task_code
                0x0000000000004fe4       0xb4 ./source/sensors.o
                0x0000000000004fe4                ls_sensor_task_code
 .text.sensor_get_motor_current_amps
                0x0000000000005098        0xc ./source/sensors.o
                0x0000000000005098                sensor_get_motor_current_amps
 .text.sensor_get_vbus_volts
                0x00000000000050a4        0xc ./source/sensors.o
                0x00000000000050a4                sensor_get_vbus_volts
 .text.sensor_get_vbatt_volts
                0x00000000000050b0        0xc ./source/sensors.o
                0x00000000000050b0                sensor_get_vbatt_volts
 .text.sensor_get_motor_temp_celsius
                0x00000000000050bc        0xc ./source/sensors.o
                0x00000000000050bc                sensor_get_motor_temp_celsius
 .text.sensor_get_hbridge_temp_celsius
                0x00000000000050c8        0xc ./source/sensors.o
                0x00000000000050c8                sensor_get_hbridge_temp_celsius
 .text.array_average
                0x00000000000050d4       0x2c ./source/sensors.o
                0x00000000000050d4                array_average
 .text._dummy2  0x0000000000005100        0x4 ./source/system.o
                0x0000000000005100                _dummy2
 .text.system_get_state
                0x0000000000005104        0x4 ./source/system.o
                0x0000000000005104                system_get_state
 .text.system_task_code
                0x0000000000005108       0x20 ./source/system.o
                0x0000000000005108                system_task_code
 .text.system_init_clocks
                0x0000000000005128       0x1c ./source/system.o
                0x0000000000005128                system_init_clocks
 .text.system_get_sysclk_freq
                0x0000000000005144        0xc ./source/system.o
                0x0000000000005144                system_get_sysclk_freq
 .text.system_get_node_id
                0x0000000000005150        0x4 ./source/system.o
                0x0000000000005150                system_get_node_id
 .text.system_get_control_mode
                0x0000000000005154        0x4 ./source/system.o
                0x0000000000005154                system_get_control_mode
 .text.system_get_drive_mode
                0x0000000000005158        0x4 ./source/system.o
                0x0000000000005158                system_get_drive_mode
 .text.system_get_control_target
                0x000000000000515c        0xc ./source/system.o
                0x000000000000515c                system_get_control_target
 .text.system_get_update_mode
                0x0000000000005168        0x4 ./source/system.o
                0x0000000000005168                system_get_update_mode
 .text.system_get_bus_voltage
                0x000000000000516c        0xc ./source/system.o
                0x000000000000516c                system_get_bus_voltage
 .text.celsius_from_adc_raw
                0x0000000000005178       0x9c ./source/thermistor_lut.o
                0x0000000000005178                celsius_from_adc_raw
 .text.xvprintf
                0x0000000000005214      0x464 ./source/xprintf.o
 .text.xputc    0x0000000000005678       0x4c ./source/xprintf.o
                0x0000000000005678                xputc
 .text.xputs    0x00000000000056c4       0x5c ./source/xprintf.o
                0x00000000000056c4                xputs
 .text.xfputs   0x0000000000005720       0x68 ./source/xprintf.o
                0x0000000000005720                xfputs
 .text.xprintf  0x0000000000005788       0x1c ./source/xprintf.o
                0x0000000000005788                xprintf
 .text.xsprintf
                0x00000000000057a4       0x30 ./source/xprintf.o
                0x00000000000057a4                xsprintf
 .text.xfprintf
                0x00000000000057d4       0x2c ./source/xprintf.o
                0x00000000000057d4                xfprintf
 .text.put_dump
                0x0000000000005800      0x138 ./source/xprintf.o
                0x0000000000005800                put_dump
 .text.xgets    0x0000000000005938       0xf0 ./source/xprintf.o
                0x0000000000005938                xgets
 .text.xfgets   0x0000000000005a28       0xf8 ./source/xprintf.o
                0x0000000000005a28                xfgets
 .text.xatoi    0x0000000000005b20       0xb8 ./source/xprintf.o
                0x0000000000005b20                xatoi
 .text.calloc   0x0000000000005bd8       0x10 /home/odougs/bin/ti/ccsv7/tools/compiler/gcc-arm-none-eabi-6-2017-q1-update/bin/../lib/gcc/arm-none-eabi/6.3.1/../../../../arm-none-eabi/lib/thumb/v7e-m/fpv4-sp/hard/libc.a(lib_a-calloc.o)
                0x0000000000005bd8                calloc
 .text._calloc_r
                0x0000000000005be8       0x60 /home/odougs/bin/ti/ccsv7/tools/compiler/gcc-arm-none-eabi-6-2017-q1-update/bin/../lib/gcc/arm-none-eabi/6.3.1/../../../../arm-none-eabi/lib/thumb/v7e-m/fpv4-sp/hard/libc.a(lib_a-callocr.o)
                0x0000000000005be8                _calloc_r
 .text.exit     0x0000000000005c48       0x20 /home/odougs/bin/ti/ccsv7/tools/compiler/gcc-arm-none-eabi-6-2017-q1-update/bin/../lib/gcc/arm-none-eabi/6.3.1/../../../../arm-none-eabi/lib/thumb/v7e-m/fpv4-sp/hard/libc.a(lib_a-exit.o)
                0x0000000000005c48                exit
 .text.__libc_init_array
                0x0000000000005c68       0x50 /home/odougs/bin/ti/ccsv7/tools/compiler/gcc-arm-none-eabi-6-2017-q1-update/bin/../lib/gcc/arm-none-eabi/6.3.1/../../../../arm-none-eabi/lib/thumb/v7e-m/fpv4-sp/hard/libc.a(lib_a-init.o)
                0x0000000000005c68                __libc_init_array
 .text.malloc   0x0000000000005cb8       0x10 /home/odougs/bin/ti/ccsv7/tools/compiler/gcc-arm-none-eabi-6-2017-q1-update/bin/../lib/gcc/arm-none-eabi/6.3.1/../../../../arm-none-eabi/lib/thumb/v7e-m/fpv4-sp/hard/libc.a(lib_a-malloc.o)
                0x0000000000005cb8                malloc
 .text.free     0x0000000000005cc8       0x10 /home/odougs/bin/ti/ccsv7/tools/compiler/gcc-arm-none-eabi-6-2017-q1-update/bin/../lib/gcc/arm-none-eabi/6.3.1/../../../../arm-none-eabi/lib/thumb/v7e-m/fpv4-sp/hard/libc.a(lib_a-malloc.o)
                0x0000000000005cc8                free
 .text._malloc_r
                0x0000000000005cd8      0x560 /home/odougs/bin/ti/ccsv7/tools/compiler/gcc-arm-none-eabi-6-2017-q1-update/bin/../lib/gcc/arm-none-eabi/6.3.1/../../../../arm-none-eabi/lib/thumb/v7e-m/fpv4-sp/hard/libc.a(lib_a-mallocr.o)
                0x0000000000005cd8                _malloc_r
 .text.memset   0x0000000000006238       0x9c /home/odougs/bin/ti/ccsv7/tools/compiler/gcc-arm-none-eabi-6-2017-q1-update/bin/../lib/gcc/arm-none-eabi/6.3.1/../../../../arm-none-eabi/lib/thumb/v7e-m/fpv4-sp/hard/libc.a(lib_a-memset.o)
                0x0000000000006238                memset
 .text.__malloc_lock
                0x00000000000062d4        0xc /home/odougs/bin/ti/ccsv7/tools/compiler/gcc-arm-none-eabi-6-2017-q1-update/bin/../lib/gcc/arm-none-eabi/6.3.1/../../../../arm-none-eabi/lib/thumb/v7e-m/fpv4-sp/hard/libc.a(lib_a-mlock.o)
                0x00000000000062d4                __malloc_lock
 .text.__malloc_unlock
                0x00000000000062e0        0xc /home/odougs/bin/ti/ccsv7/tools/compiler/gcc-arm-none-eabi-6-2017-q1-update/bin/../lib/gcc/arm-none-eabi/6.3.1/../../../../arm-none-eabi/lib/thumb/v7e-m/fpv4-sp/hard/libc.a(lib_a-mlock.o)
                0x00000000000062e0                __malloc_unlock
 .text._sbrk_r  0x00000000000062ec       0x24 /home/odougs/bin/ti/ccsv7/tools/compiler/gcc-arm-none-eabi-6-2017-q1-update/bin/../lib/gcc/arm-none-eabi/6.3.1/../../../../arm-none-eabi/lib/thumb/v7e-m/fpv4-sp/hard/libc.a(lib_a-sbrkr.o)
                0x00000000000062ec                _sbrk_r
 .text.startup.register_fini
                0x0000000000006310       0x14 /home/odougs/bin/ti/ccsv7/tools/compiler/gcc-arm-none-eabi-6-2017-q1-update/bin/../lib/gcc/arm-none-eabi/6.3.1/../../../../arm-none-eabi/lib/thumb/v7e-m/fpv4-sp/hard/libc.a(lib_a-__call_atexit.o)
 .text.__call_exitprocs
                0x0000000000006324       0xe8 /home/odougs/bin/ti/ccsv7/tools/compiler/gcc-arm-none-eabi-6-2017-q1-update/bin/../lib/gcc/arm-none-eabi/6.3.1/../../../../arm-none-eabi/lib/thumb/v7e-m/fpv4-sp/hard/libc.a(lib_a-__call_atexit.o)
                0x0000000000006324                __call_exitprocs
 .text.atexit   0x000000000000640c        0xc /home/odougs/bin/ti/ccsv7/tools/compiler/gcc-arm-none-eabi-6-2017-q1-update/bin/../lib/gcc/arm-none-eabi/6.3.1/../../../../arm-none-eabi/lib/thumb/v7e-m/fpv4-sp/hard/libc.a(lib_a-atexit.o)
                0x000000000000640c                atexit
 .text.__libc_fini_array
                0x0000000000006418       0x34 /home/odougs/bin/ti/ccsv7/tools/compiler/gcc-arm-none-eabi-6-2017-q1-update/bin/../lib/gcc/arm-none-eabi/6.3.1/../../../../arm-none-eabi/lib/thumb/v7e-m/fpv4-sp/hard/libc.a(lib_a-fini.o)
                0x0000000000006418                __libc_fini_array
 .text._malloc_trim_r
                0x000000000000644c       0xa0 /home/odougs/bin/ti/ccsv7/tools/compiler/gcc-arm-none-eabi-6-2017-q1-update/bin/../lib/gcc/arm-none-eabi/6.3.1/../../../../arm-none-eabi/lib/thumb/v7e-m/fpv4-sp/hard/libc.a(lib_a-freer.o)
                0x000000000000644c                _malloc_trim_r
 .text._free_r  0x00000000000064ec      0x1cc /home/odougs/bin/ti/ccsv7/tools/compiler/gcc-arm-none-eabi-6-2017-q1-update/bin/../lib/gcc/arm-none-eabi/6.3.1/../../../../arm-none-eabi/lib/thumb/v7e-m/fpv4-sp/hard/libc.a(lib_a-freer.o)
                0x00000000000064ec                _free_r
 .text.__retarget_lock_init
                0x00000000000066b8        0x4 /home/odougs/bin/ti/ccsv7/tools/compiler/gcc-arm-none-eabi-6-2017-q1-update/bin/../lib/gcc/arm-none-eabi/6.3.1/../../../../arm-none-eabi/lib/thumb/v7e-m/fpv4-sp/hard/libc.a(lib_a-lock.o)
                0x00000000000066b8                __retarget_lock_init
 .text.__retarget_lock_init_recursive
                0x00000000000066bc        0x4 /home/odougs/bin/ti/ccsv7/tools/compiler/gcc-arm-none-eabi-6-2017-q1-update/bin/../lib/gcc/arm-none-eabi/6.3.1/../../../../arm-none-eabi/lib/thumb/v7e-m/fpv4-sp/hard/libc.a(lib_a-lock.o)
                0x00000000000066bc                __retarget_lock_init_recursive
 .text.__retarget_lock_close
                0x00000000000066c0        0x4 /home/odougs/bin/ti/ccsv7/tools/compiler/gcc-arm-none-eabi-6-2017-q1-update/bin/../lib/gcc/arm-none-eabi/6.3.1/../../../../arm-none-eabi/lib/thumb/v7e-m/fpv4-sp/hard/libc.a(lib_a-lock.o)
                0x00000000000066c0                __retarget_lock_close
 .text.__retarget_lock_close_recursive
                0x00000000000066c4        0x4 /home/odougs/bin/ti/ccsv7/tools/compiler/gcc-arm-none-eabi-6-2017-q1-update/bin/../lib/gcc/arm-none-eabi/6.3.1/../../../../arm-none-eabi/lib/thumb/v7e-m/fpv4-sp/hard/libc.a(lib_a-lock.o)
                0x00000000000066c4                __retarget_lock_close_recursive
 .text.__retarget_lock_acquire
                0x00000000000066c8        0x4 /home/odougs/bin/ti/ccsv7/tools/compiler/gcc-arm-none-eabi-6-2017-q1-update/bin/../lib/gcc/arm-none-eabi/6.3.1/../../../../arm-none-eabi/lib/thumb/v7e-m/fpv4-sp/hard/libc.a(lib_a-lock.o)
                0x00000000000066c8                __retarget_lock_acquire
 .text.__retarget_lock_acquire_recursive
                0x00000000000066cc        0x4 /home/odougs/bin/ti/ccsv7/tools/compiler/gcc-arm-none-eabi-6-2017-q1-update/bin/../lib/gcc/arm-none-eabi/6.3.1/../../../../arm-none-eabi/lib/thumb/v7e-m/fpv4-sp/hard/libc.a(lib_a-lock.o)
                0x00000000000066cc                __retarget_lock_acquire_recursive
 .text.__retarget_lock_try_acquire
                0x00000000000066d0        0x4 /home/odougs/bin/ti/ccsv7/tools/compiler/gcc-arm-none-eabi-6-2017-q1-update/bin/../lib/gcc/arm-none-eabi/6.3.1/../../../../arm-none-eabi/lib/thumb/v7e-m/fpv4-sp/hard/libc.a(lib_a-lock.o)
                0x00000000000066d0                __retarget_lock_try_acquire
 .text.__retarget_lock_try_acquire_recursive
                0x00000000000066d4        0x4 /home/odougs/bin/ti/ccsv7/tools/compiler/gcc-arm-none-eabi-6-2017-q1-update/bin/../lib/gcc/arm-none-eabi/6.3.1/../../../../arm-none-eabi/lib/thumb/v7e-m/fpv4-sp/hard/libc.a(lib_a-lock.o)
                0x00000000000066d4                __retarget_lock_try_acquire_recursive
 .text.__retarget_lock_release
                0x00000000000066d8        0x4 /home/odougs/bin/ti/ccsv7/tools/compiler/gcc-arm-none-eabi-6-2017-q1-update/bin/../lib/gcc/arm-none-eabi/6.3.1/../../../../arm-none-eabi/lib/thumb/v7e-m/fpv4-sp/hard/libc.a(lib_a-lock.o)
                0x00000000000066d8                __retarget_lock_release
 .text.__retarget_lock_release_recursive
                0x00000000000066dc        0x4 /home/odougs/bin/ti/ccsv7/tools/compiler/gcc-arm-none-eabi-6-2017-q1-update/bin/../lib/gcc/arm-none-eabi/6.3.1/../../../../arm-none-eabi/lib/thumb/v7e-m/fpv4-sp/hard/libc.a(lib_a-lock.o)
                0x00000000000066dc                __retarget_lock_release_recursive
 .text.cleanup_glue
                0x00000000000066e0       0x1c /home/odougs/bin/ti/ccsv7/tools/compiler/gcc-arm-none-eabi-6-2017-q1-update/bin/../lib/gcc/arm-none-eabi/6.3.1/../../../../arm-none-eabi/lib/thumb/v7e-m/fpv4-sp/hard/libc.a(lib_a-reent.o)
                0x00000000000066e0                cleanup_glue
 .text._reclaim_reent
                0x00000000000066fc       0x88 /home/odougs/bin/ti/ccsv7/tools/compiler/gcc-arm-none-eabi-6-2017-q1-update/bin/../lib/gcc/arm-none-eabi/6.3.1/../../../../arm-none-eabi/lib/thumb/v7e-m/fpv4-sp/hard/libc.a(lib_a-reent.o)
                0x00000000000066fc                _reclaim_reent
 .text.__register_exitproc
                0x0000000000006784       0xc4 /home/odougs/bin/ti/ccsv7/tools/compiler/gcc-arm-none-eabi-6-2017-q1-update/bin/../lib/gcc/arm-none-eabi/6.3.1/../../../../arm-none-eabi/lib/thumb/v7e-m/fpv4-sp/hard/libc.a(lib_a-__atexit.o)
                0x0000000000006784                __register_exitproc
 .text._ADCIntNumberGet
                0x0000000000006848       0x54 /mnt/storage/project/2kwMotorController/firmware/Tivaware/driverlib/gcc/libdriver.a(adc.o)
 .text.ADCIntRegister
                0x000000000000689c       0x1a /mnt/storage/project/2kwMotorController/firmware/Tivaware/driverlib/gcc/libdriver.a(adc.o)
                0x000000000000689c                ADCIntRegister
 .text.ADCIntUnregister
                0x00000000000068b6       0x16 /mnt/storage/project/2kwMotorController/firmware/Tivaware/driverlib/gcc/libdriver.a(adc.o)
                0x00000000000068b6                ADCIntUnregister
 .text.ADCIntDisable
                0x00000000000068cc       0x10 /mnt/storage/project/2kwMotorController/firmware/Tivaware/driverlib/gcc/libdriver.a(adc.o)
                0x00000000000068cc                ADCIntDisable
 .text.ADCIntEnable
                0x00000000000068dc       0x10 /mnt/storage/project/2kwMotorController/firmware/Tivaware/driverlib/gcc/libdriver.a(adc.o)
                0x00000000000068dc                ADCIntEnable
 .text.ADCIntStatus
                0x00000000000068ec       0x34 /mnt/storage/project/2kwMotorController/firmware/Tivaware/driverlib/gcc/libdriver.a(adc.o)
                0x00000000000068ec                ADCIntStatus
 .text.ADCIntClear
                0x0000000000006920        0xa /mnt/storage/project/2kwMotorController/firmware/Tivaware/driverlib/gcc/libdriver.a(adc.o)
                0x0000000000006920                ADCIntClear
 .text.ADCSequenceEnable
                0x000000000000692a        0xe /mnt/storage/project/2kwMotorController/firmware/Tivaware/driverlib/gcc/libdriver.a(adc.o)
                0x000000000000692a                ADCSequenceEnable
 .text.ADCSequenceDisable
                0x0000000000006938       0x10 /mnt/storage/project/2kwMotorController/firmware/Tivaware/driverlib/gcc/libdriver.a(adc.o)
                0x0000000000006938                ADCSequenceDisable
 .text.ADCSequenceConfigure
                0x0000000000006948       0x54 /mnt/storage/project/2kwMotorController/firmware/Tivaware/driverlib/gcc/libdriver.a(adc.o)
                0x0000000000006948                ADCSequenceConfigure
 .text.ADCSequenceStepConfigure
                0x000000000000699c       0x84 /mnt/storage/project/2kwMotorController/firmware/Tivaware/driverlib/gcc/libdriver.a(adc.o)
                0x000000000000699c                ADCSequenceStepConfigure
 .text.ADCSequenceOverflow
                0x0000000000006a20        0xc /mnt/storage/project/2kwMotorController/firmware/Tivaware/driverlib/gcc/libdriver.a(adc.o)
                0x0000000000006a20                ADCSequenceOverflow
 .text.ADCSequenceOverflowClear
                0x0000000000006a2c        0xa /mnt/storage/project/2kwMotorController/firmware/Tivaware/driverlib/gcc/libdriver.a(adc.o)
                0x0000000000006a2c                ADCSequenceOverflowClear
 .text.ADCSequenceUnderflow
                0x0000000000006a36        0xc /mnt/storage/project/2kwMotorController/firmware/Tivaware/driverlib/gcc/libdriver.a(adc.o)
                0x0000000000006a36                ADCSequenceUnderflow
 .text.ADCSequenceUnderflowClear
                0x0000000000006a42        0xa /mnt/storage/project/2kwMotorController/firmware/Tivaware/driverlib/gcc/libdriver.a(adc.o)
                0x0000000000006a42                ADCSequenceUnderflowClear
 .text.ADCSequenceDataGet
                0x0000000000006a4c       0x1e /mnt/storage/project/2kwMotorController/firmware/Tivaware/driverlib/gcc/libdriver.a(adc.o)
                0x0000000000006a4c                ADCSequenceDataGet
 .text.ADCProcessorTrigger
                0x0000000000006a6a       0x18 /mnt/storage/project/2kwMotorController/firmware/Tivaware/driverlib/gcc/libdriver.a(adc.o)
                0x0000000000006a6a                ADCProcessorTrigger
 *fill*         0x0000000000006a82        0x2 
 .text.ADCSoftwareOversampleConfigure
                0x0000000000006a84       0x28 /mnt/storage/project/2kwMotorController/firmware/Tivaware/driverlib/gcc/libdriver.a(adc.o)
                0x0000000000006a84                ADCSoftwareOversampleConfigure
 .text.ADCSoftwareOversampleStepConfigure
                0x0000000000006aac       0x8c /mnt/storage/project/2kwMotorController/firmware/Tivaware/driverlib/gcc/libdriver.a(adc.o)
                0x0000000000006aac                ADCSoftwareOversampleStepConfigure
 .text.ADCSoftwareOversampleDataGet
                0x0000000000006b38       0x48 /mnt/storage/project/2kwMotorController/firmware/Tivaware/driverlib/gcc/libdriver.a(adc.o)
                0x0000000000006b38                ADCSoftwareOversampleDataGet
 .text.ADCHardwareOversampleConfigure
                0x0000000000006b80       0x10 /mnt/storage/project/2kwMotorController/firmware/Tivaware/driverlib/gcc/libdriver.a(adc.o)
                0x0000000000006b80                ADCHardwareOversampleConfigure
 .text.ADCComparatorConfigure
                0x0000000000006b90        0xa /mnt/storage/project/2kwMotorController/firmware/Tivaware/driverlib/gcc/libdriver.a(adc.o)
                0x0000000000006b90                ADCComparatorConfigure
 .text.ADCComparatorRegionSet
                0x0000000000006b9a        0xe /mnt/storage/project/2kwMotorController/firmware/Tivaware/driverlib/gcc/libdriver.a(adc.o)
                0x0000000000006b9a                ADCComparatorRegionSet
 .text.ADCComparatorReset
                0x0000000000006ba8       0x1e /mnt/storage/project/2kwMotorController/firmware/Tivaware/driverlib/gcc/libdriver.a(adc.o)
                0x0000000000006ba8                ADCComparatorReset
 .text.ADCComparatorIntDisable
                0x0000000000006bc6       0x12 /mnt/storage/project/2kwMotorController/firmware/Tivaware/driverlib/gcc/libdriver.a(adc.o)
                0x0000000000006bc6                ADCComparatorIntDisable
 .text.ADCComparatorIntEnable
                0x0000000000006bd8       0x10 /mnt/storage/project/2kwMotorController/firmware/Tivaware/driverlib/gcc/libdriver.a(adc.o)
                0x0000000000006bd8                ADCComparatorIntEnable
 .text.ADCComparatorIntStatus
                0x0000000000006be8        0x4 /mnt/storage/project/2kwMotorController/firmware/Tivaware/driverlib/gcc/libdriver.a(adc.o)
                0x0000000000006be8                ADCComparatorIntStatus
 .text.ADCComparatorIntClear
                0x0000000000006bec        0x4 /mnt/storage/project/2kwMotorController/firmware/Tivaware/driverlib/gcc/libdriver.a(adc.o)
                0x0000000000006bec                ADCComparatorIntClear
 .text.ADCIntDisableEx
                0x0000000000006bf0        0xa /mnt/storage/project/2kwMotorController/firmware/Tivaware/driverlib/gcc/libdriver.a(adc.o)
                0x0000000000006bf0                ADCIntDisableEx
 .text.ADCIntEnableEx
                0x0000000000006bfa        0x8 /mnt/storage/project/2kwMotorController/firmware/Tivaware/driverlib/gcc/libdriver.a(adc.o)
                0x0000000000006bfa                ADCIntEnableEx
 .text.ADCIntStatusEx
                0x0000000000006c02       0x12 /mnt/storage/project/2kwMotorController/firmware/Tivaware/driverlib/gcc/libdriver.a(adc.o)
                0x0000000000006c02                ADCIntStatusEx
 .text.ADCIntClearEx
                0x0000000000006c14        0x4 /mnt/storage/project/2kwMotorController/firmware/Tivaware/driverlib/gcc/libdriver.a(adc.o)
                0x0000000000006c14                ADCIntClearEx
 .text.ADCReferenceSet
                0x0000000000006c18        0xc /mnt/storage/project/2kwMotorController/firmware/Tivaware/driverlib/gcc/libdriver.a(adc.o)
                0x0000000000006c18                ADCReferenceSet
 .text.ADCReferenceGet
                0x0000000000006c24        0x8 /mnt/storage/project/2kwMotorController/firmware/Tivaware/driverlib/gcc/libdriver.a(adc.o)
                0x0000000000006c24                ADCReferenceGet
 .text.ADCPhaseDelaySet
                0x0000000000006c2c        0x4 /mnt/storage/project/2kwMotorController/firmware/Tivaware/driverlib/gcc/libdriver.a(adc.o)
                0x0000000000006c2c                ADCPhaseDelaySet
 .text.ADCPhaseDelayGet
                0x0000000000006c30        0x4 /mnt/storage/project/2kwMotorController/firmware/Tivaware/driverlib/gcc/libdriver.a(adc.o)
                0x0000000000006c30                ADCPhaseDelayGet
 .text.ADCSequenceDMAEnable
                0x0000000000006c34       0x10 /mnt/storage/project/2kwMotorController/firmware/Tivaware/driverlib/gcc/libdriver.a(adc.o)
                0x0000000000006c34                ADCSequenceDMAEnable
 .text.ADCSequenceDMADisable
                0x0000000000006c44       0x12 /mnt/storage/project/2kwMotorController/firmware/Tivaware/driverlib/gcc/libdriver.a(adc.o)
                0x0000000000006c44                ADCSequenceDMADisable
 .text.ADCBusy  0x0000000000006c56        0x8 /mnt/storage/project/2kwMotorController/firmware/Tivaware/driverlib/gcc/libdriver.a(adc.o)
                0x0000000000006c56                ADCBusy
 .text.ADCClockConfigSet
                0x0000000000006c5e       0x18 /mnt/storage/project/2kwMotorController/firmware/Tivaware/driverlib/gcc/libdriver.a(adc.o)
                0x0000000000006c5e                ADCClockConfigSet
 .text.ADCClockConfigGet
                0x0000000000006c76       0x1e /mnt/storage/project/2kwMotorController/firmware/Tivaware/driverlib/gcc/libdriver.a(adc.o)
                0x0000000000006c76                ADCClockConfigGet
 .text._CANIntNumberGet
                0x0000000000006c94       0x60 /mnt/storage/project/2kwMotorController/firmware/Tivaware/driverlib/gcc/libdriver.a(can.o)
 .text.CANInit  0x0000000000006cf4       0x40 /mnt/storage/project/2kwMotorController/firmware/Tivaware/driverlib/gcc/libdriver.a(can.o)
                0x0000000000006cf4                CANInit
 .text.CANEnable
                0x0000000000006d34        0xa /mnt/storage/project/2kwMotorController/firmware/Tivaware/driverlib/gcc/libdriver.a(can.o)
                0x0000000000006d34                CANEnable
 .text.CANDisable
                0x0000000000006d3e        0xa /mnt/storage/project/2kwMotorController/firmware/Tivaware/driverlib/gcc/libdriver.a(can.o)
                0x0000000000006d3e                CANDisable
 .text.CANBitTimingGet
                0x0000000000006d48       0x2e /mnt/storage/project/2kwMotorController/firmware/Tivaware/driverlib/gcc/libdriver.a(can.o)
                0x0000000000006d48                CANBitTimingGet
 *fill*         0x0000000000006d76        0x2 
 .text.CANBitRateSet
                0x0000000000006d78       0x60 /mnt/storage/project/2kwMotorController/firmware/Tivaware/driverlib/gcc/libdriver.a(can.o)
                0x0000000000006d78                CANBitRateSet
 .text.CANBitTimingSet
                0x0000000000006dd8       0x52 /mnt/storage/project/2kwMotorController/firmware/Tivaware/driverlib/gcc/libdriver.a(can.o)
                0x0000000000006dd8                CANBitTimingSet
 .text.CANIntRegister
                0x0000000000006e2a       0x1a /mnt/storage/project/2kwMotorController/firmware/Tivaware/driverlib/gcc/libdriver.a(can.o)
                0x0000000000006e2a                CANIntRegister
 .text.CANIntUnregister
                0x0000000000006e44       0x16 /mnt/storage/project/2kwMotorController/firmware/Tivaware/driverlib/gcc/libdriver.a(can.o)
                0x0000000000006e44                CANIntUnregister
 .text.CANIntEnable
                0x0000000000006e5a        0x8 /mnt/storage/project/2kwMotorController/firmware/Tivaware/driverlib/gcc/libdriver.a(can.o)
                0x0000000000006e5a                CANIntEnable
 .text.CANIntDisable
                0x0000000000006e62        0xa /mnt/storage/project/2kwMotorController/firmware/Tivaware/driverlib/gcc/libdriver.a(can.o)
                0x0000000000006e62                CANIntDisable
 .text.CANIntStatus
                0x0000000000006e6c       0x1e /mnt/storage/project/2kwMotorController/firmware/Tivaware/driverlib/gcc/libdriver.a(can.o)
                0x0000000000006e6c                CANIntStatus
 .text.CANIntClear
                0x0000000000006e8a       0x26 /mnt/storage/project/2kwMotorController/firmware/Tivaware/driverlib/gcc/libdriver.a(can.o)
                0x0000000000006e8a                CANIntClear
 .text.CANRetrySet
                0x0000000000006eb0       0x12 /mnt/storage/project/2kwMotorController/firmware/Tivaware/driverlib/gcc/libdriver.a(can.o)
                0x0000000000006eb0                CANRetrySet
 .text.CANRetryGet
                0x0000000000006ec2        0xc /mnt/storage/project/2kwMotorController/firmware/Tivaware/driverlib/gcc/libdriver.a(can.o)
                0x0000000000006ec2                CANRetryGet
 .text.CANStatusGet
                0x0000000000006ece       0x3e /mnt/storage/project/2kwMotorController/firmware/Tivaware/driverlib/gcc/libdriver.a(can.o)
                0x0000000000006ece                CANStatusGet
 .text.CANErrCntrGet
                0x0000000000006f0c       0x12 /mnt/storage/project/2kwMotorController/firmware/Tivaware/driverlib/gcc/libdriver.a(can.o)
                0x0000000000006f0c                CANErrCntrGet
 .text.CANMessageSet
                0x0000000000006f1e      0x164 /mnt/storage/project/2kwMotorController/firmware/Tivaware/driverlib/gcc/libdriver.a(can.o)
                0x0000000000006f1e                CANMessageSet
 .text.CANMessageGet
                0x0000000000007082      0x152 /mnt/storage/project/2kwMotorController/firmware/Tivaware/driverlib/gcc/libdriver.a(can.o)
                0x0000000000007082                CANMessageGet
 .text.CANMessageClear
                0x00000000000071d4       0x1a /mnt/storage/project/2kwMotorController/firmware/Tivaware/driverlib/gcc/libdriver.a(can.o)
                0x00000000000071d4                CANMessageClear
 *fill*         0x00000000000071ee        0x2 
 .text._GPIOIntNumberGet
                0x00000000000071f0       0x48 /mnt/storage/project/2kwMotorController/firmware/Tivaware/driverlib/gcc/libdriver.a(gpio.o)
 .text.GPIODirModeSet
                0x0000000000007238       0x2e /mnt/storage/project/2kwMotorController/firmware/Tivaware/driverlib/gcc/libdriver.a(gpio.o)
                0x0000000000007238                GPIODirModeSet
 .text.GPIODirModeGet
                0x0000000000007266       0x24 /mnt/storage/project/2kwMotorController/firmware/Tivaware/driverlib/gcc/libdriver.a(gpio.o)
                0x0000000000007266                GPIODirModeGet
 .text.GPIOIntTypeSet
                0x000000000000728a       0x5a /mnt/storage/project/2kwMotorController/firmware/Tivaware/driverlib/gcc/libdriver.a(gpio.o)
                0x000000000000728a                GPIOIntTypeSet
 .text.GPIOIntTypeGet
                0x00000000000072e4       0x4a /mnt/storage/project/2kwMotorController/firmware/Tivaware/driverlib/gcc/libdriver.a(gpio.o)
                0x00000000000072e4                GPIOIntTypeGet
 .text.GPIOPadConfigSet
                0x000000000000732e      0x130 /mnt/storage/project/2kwMotorController/firmware/Tivaware/driverlib/gcc/libdriver.a(gpio.o)
                0x000000000000732e                GPIOPadConfigSet
 .text.GPIOPadConfigGet
                0x000000000000745e       0xc4 /mnt/storage/project/2kwMotorController/firmware/Tivaware/driverlib/gcc/libdriver.a(gpio.o)
                0x000000000000745e                GPIOPadConfigGet
 .text.GPIOIntEnable
                0x0000000000007522        0xc /mnt/storage/project/2kwMotorController/firmware/Tivaware/driverlib/gcc/libdriver.a(gpio.o)
                0x0000000000007522                GPIOIntEnable
 .text.GPIOIntDisable
                0x000000000000752e        0xe /mnt/storage/project/2kwMotorController/firmware/Tivaware/driverlib/gcc/libdriver.a(gpio.o)
                0x000000000000752e                GPIOIntDisable
 .text.GPIOIntStatus
                0x000000000000753c        0xe /mnt/storage/project/2kwMotorController/firmware/Tivaware/driverlib/gcc/libdriver.a(gpio.o)
                0x000000000000753c                GPIOIntStatus
 .text.GPIOIntClear
                0x000000000000754a        0x6 /mnt/storage/project/2kwMotorController/firmware/Tivaware/driverlib/gcc/libdriver.a(gpio.o)
                0x000000000000754a                GPIOIntClear
 .text.GPIOIntRegister
                0x0000000000007550       0x1a /mnt/storage/project/2kwMotorController/firmware/Tivaware/driverlib/gcc/libdriver.a(gpio.o)
                0x0000000000007550                GPIOIntRegister
 .text.GPIOIntUnregister
                0x000000000000756a       0x16 /mnt/storage/project/2kwMotorController/firmware/Tivaware/driverlib/gcc/libdriver.a(gpio.o)
                0x000000000000756a                GPIOIntUnregister
 .text.GPIOIntRegisterPin
                0x0000000000007580       0x1e /mnt/storage/project/2kwMotorController/firmware/Tivaware/driverlib/gcc/libdriver.a(gpio.o)
                0x0000000000007580                GPIOIntRegisterPin
 .text.GPIOIntUnregisterPin
                0x000000000000759e       0x1a /mnt/storage/project/2kwMotorController/firmware/Tivaware/driverlib/gcc/libdriver.a(gpio.o)
                0x000000000000759e                GPIOIntUnregisterPin
 .text.GPIOPinRead
                0x00000000000075b8        0x6 /mnt/storage/project/2kwMotorController/firmware/Tivaware/driverlib/gcc/libdriver.a(gpio.o)
                0x00000000000075b8                GPIOPinRead
 .text.GPIOPinWrite
                0x00000000000075be        0x6 /mnt/storage/project/2kwMotorController/firmware/Tivaware/driverlib/gcc/libdriver.a(gpio.o)
                0x00000000000075be                GPIOPinWrite
 .text.GPIOPinTypeADC
                0x00000000000075c4       0x1c /mnt/storage/project/2kwMotorController/firmware/Tivaware/driverlib/gcc/libdriver.a(gpio.o)
                0x00000000000075c4                GPIOPinTypeADC
 .text.GPIOPinTypeCAN
                0x00000000000075e0       0x1c /mnt/storage/project/2kwMotorController/firmware/Tivaware/driverlib/gcc/libdriver.a(gpio.o)
                0x00000000000075e0                GPIOPinTypeCAN
 .text.GPIOPinTypeComparator
                0x00000000000075fc       0x1c /mnt/storage/project/2kwMotorController/firmware/Tivaware/driverlib/gcc/libdriver.a(gpio.o)
                0x00000000000075fc                GPIOPinTypeComparator
 .text.GPIOPinTypeComparatorOutput
                0x0000000000007618       0x1c /mnt/storage/project/2kwMotorController/firmware/Tivaware/driverlib/gcc/libdriver.a(gpio.o)
                0x0000000000007618                GPIOPinTypeComparatorOutput
 .text.GPIOPinTypeDIVSCLK
                0x0000000000007634       0x1c /mnt/storage/project/2kwMotorController/firmware/Tivaware/driverlib/gcc/libdriver.a(gpio.o)
                0x0000000000007634                GPIOPinTypeDIVSCLK
 .text.GPIOPinTypeEPI
                0x0000000000007650       0x1c /mnt/storage/project/2kwMotorController/firmware/Tivaware/driverlib/gcc/libdriver.a(gpio.o)
                0x0000000000007650                GPIOPinTypeEPI
 .text.GPIOPinTypeEthernetLED
                0x000000000000766c       0x1c /mnt/storage/project/2kwMotorController/firmware/Tivaware/driverlib/gcc/libdriver.a(gpio.o)
                0x000000000000766c                GPIOPinTypeEthernetLED
 .text.GPIOPinTypeEthernetMII
                0x0000000000007688       0x1c /mnt/storage/project/2kwMotorController/firmware/Tivaware/driverlib/gcc/libdriver.a(gpio.o)
                0x0000000000007688                GPIOPinTypeEthernetMII
 .text.GPIOPinTypeGPIOInput
                0x00000000000076a4       0x1c /mnt/storage/project/2kwMotorController/firmware/Tivaware/driverlib/gcc/libdriver.a(gpio.o)
                0x00000000000076a4                GPIOPinTypeGPIOInput
 .text.GPIOPinTypeGPIOOutput
                0x00000000000076c0       0x1c /mnt/storage/project/2kwMotorController/firmware/Tivaware/driverlib/gcc/libdriver.a(gpio.o)
                0x00000000000076c0                GPIOPinTypeGPIOOutput
 .text.GPIOPinTypeGPIOOutputOD
                0x00000000000076dc       0x1c /mnt/storage/project/2kwMotorController/firmware/Tivaware/driverlib/gcc/libdriver.a(gpio.o)
                0x00000000000076dc                GPIOPinTypeGPIOOutputOD
 .text.GPIOPinTypeHibernateRTCCLK
                0x00000000000076f8       0x1c /mnt/storage/project/2kwMotorController/firmware/Tivaware/driverlib/gcc/libdriver.a(gpio.o)
                0x00000000000076f8                GPIOPinTypeHibernateRTCCLK
 .text.GPIOPinTypeI2C
                0x0000000000007714       0x1c /mnt/storage/project/2kwMotorController/firmware/Tivaware/driverlib/gcc/libdriver.a(gpio.o)
                0x0000000000007714                GPIOPinTypeI2C
 .text.GPIOPinTypeI2CSCL
                0x0000000000007730       0x1c /mnt/storage/project/2kwMotorController/firmware/Tivaware/driverlib/gcc/libdriver.a(gpio.o)
                0x0000000000007730                GPIOPinTypeI2CSCL
 .text.GPIOPinTypeLCD
                0x000000000000774c       0x1c /mnt/storage/project/2kwMotorController/firmware/Tivaware/driverlib/gcc/libdriver.a(gpio.o)
                0x000000000000774c                GPIOPinTypeLCD
 .text.GPIOPinTypeOneWire
                0x0000000000007768       0x1c /mnt/storage/project/2kwMotorController/firmware/Tivaware/driverlib/gcc/libdriver.a(gpio.o)
                0x0000000000007768                GPIOPinTypeOneWire
 .text.GPIOPinTypePWM
                0x0000000000007784       0x1c /mnt/storage/project/2kwMotorController/firmware/Tivaware/driverlib/gcc/libdriver.a(gpio.o)
                0x0000000000007784                GPIOPinTypePWM
 .text.GPIOPinTypeQEI
                0x00000000000077a0       0x1c /mnt/storage/project/2kwMotorController/firmware/Tivaware/driverlib/gcc/libdriver.a(gpio.o)
                0x00000000000077a0                GPIOPinTypeQEI
 .text.GPIOPinTypeSSI
                0x00000000000077bc       0x1c /mnt/storage/project/2kwMotorController/firmware/Tivaware/driverlib/gcc/libdriver.a(gpio.o)
                0x00000000000077bc                GPIOPinTypeSSI
 .text.GPIOPinTypeTimer
                0x00000000000077d8       0x1c /mnt/storage/project/2kwMotorController/firmware/Tivaware/driverlib/gcc/libdriver.a(gpio.o)
                0x00000000000077d8                GPIOPinTypeTimer
 .text.GPIOPinTypeTrace
                0x00000000000077f4       0x1c /mnt/storage/project/2kwMotorController/firmware/Tivaware/driverlib/gcc/libdriver.a(gpio.o)
                0x00000000000077f4                GPIOPinTypeTrace
 .text.GPIOPinTypeUART
                0x0000000000007810       0x1c /mnt/storage/project/2kwMotorController/firmware/Tivaware/driverlib/gcc/libdriver.a(gpio.o)
                0x0000000000007810                GPIOPinTypeUART
 .text.GPIOPinTypeUSBAnalog
                0x000000000000782c       0x1c /mnt/storage/project/2kwMotorController/firmware/Tivaware/driverlib/gcc/libdriver.a(gpio.o)
                0x000000000000782c                GPIOPinTypeUSBAnalog
 .text.GPIOPinTypeUSBDigital
                0x0000000000007848       0x1c /mnt/storage/project/2kwMotorController/firmware/Tivaware/driverlib/gcc/libdriver.a(gpio.o)
                0x0000000000007848                GPIOPinTypeUSBDigital
 .text.GPIOPinTypeWakeHigh
                0x0000000000007864       0x1e /mnt/storage/project/2kwMotorController/firmware/Tivaware/driverlib/gcc/libdriver.a(gpio.o)
                0x0000000000007864                GPIOPinTypeWakeHigh
 .text.GPIOPinTypeWakeLow
                0x0000000000007882       0x1e /mnt/storage/project/2kwMotorController/firmware/Tivaware/driverlib/gcc/libdriver.a(gpio.o)
                0x0000000000007882                GPIOPinTypeWakeLow
 .text.GPIOPinWakeStatus
                0x00000000000078a0        0x6 /mnt/storage/project/2kwMotorController/firmware/Tivaware/driverlib/gcc/libdriver.a(gpio.o)
                0x00000000000078a0                GPIOPinWakeStatus
 *fill*         0x00000000000078a6        0x2 
 .text.GPIOPinConfigure
                0x00000000000078a8       0x4c /mnt/storage/project/2kwMotorController/firmware/Tivaware/driverlib/gcc/libdriver.a(gpio.o)
                0x00000000000078a8                GPIOPinConfigure
 .text.GPIODMATriggerEnable
                0x00000000000078f4        0xc /mnt/storage/project/2kwMotorController/firmware/Tivaware/driverlib/gcc/libdriver.a(gpio.o)
                0x00000000000078f4                GPIODMATriggerEnable
 .text.GPIODMATriggerDisable
                0x0000000000007900        0xe /mnt/storage/project/2kwMotorController/firmware/Tivaware/driverlib/gcc/libdriver.a(gpio.o)
                0x0000000000007900                GPIODMATriggerDisable
 .text.GPIOADCTriggerEnable
                0x000000000000790e        0xc /mnt/storage/project/2kwMotorController/firmware/Tivaware/driverlib/gcc/libdriver.a(gpio.o)
                0x000000000000790e                GPIOADCTriggerEnable
 .text.GPIOADCTriggerDisable
                0x000000000000791a        0xe /mnt/storage/project/2kwMotorController/firmware/Tivaware/driverlib/gcc/libdriver.a(gpio.o)
                0x000000000000791a                GPIOADCTriggerDisable
 .text._IntDefaultHandler
                0x0000000000007928        0x2 /mnt/storage/project/2kwMotorController/firmware/Tivaware/driverlib/gcc/libdriver.a(interrupt.o)
 .text.IntMasterEnable
                0x000000000000792a        0xe /mnt/storage/project/2kwMotorController/firmware/Tivaware/driverlib/gcc/libdriver.a(interrupt.o)
                0x000000000000792a                IntMasterEnable
 .text.IntMasterDisable
                0x0000000000007938        0xe /mnt/storage/project/2kwMotorController/firmware/Tivaware/driverlib/gcc/libdriver.a(interrupt.o)
                0x0000000000007938                IntMasterDisable
 *fill*         0x0000000000007946        0x2 
 .text.IntRegister
                0x0000000000007948       0x34 /mnt/storage/project/2kwMotorController/firmware/Tivaware/driverlib/gcc/libdriver.a(interrupt.o)
                0x0000000000007948                IntRegister
 .text.IntUnregister
                0x000000000000797c       0x14 /mnt/storage/project/2kwMotorController/firmware/Tivaware/driverlib/gcc/libdriver.a(interrupt.o)
                0x000000000000797c                IntUnregister
 .text.IntPriorityGroupingSet
                0x0000000000007990       0x1c /mnt/storage/project/2kwMotorController/firmware/Tivaware/driverlib/gcc/libdriver.a(interrupt.o)
                0x0000000000007990                IntPriorityGroupingSet
 .text.IntPriorityGroupingGet
                0x00000000000079ac       0x24 /mnt/storage/project/2kwMotorController/firmware/Tivaware/driverlib/gcc/libdriver.a(interrupt.o)
                0x00000000000079ac                IntPriorityGroupingGet
 .text.IntPrioritySet
                0x00000000000079d0       0x2c /mnt/storage/project/2kwMotorController/firmware/Tivaware/driverlib/gcc/libdriver.a(interrupt.o)
                0x00000000000079d0                IntPrioritySet
 .text.IntPriorityGet
                0x00000000000079fc       0x1c /mnt/storage/project/2kwMotorController/firmware/Tivaware/driverlib/gcc/libdriver.a(interrupt.o)
                0x00000000000079fc                IntPriorityGet
 .text.IntEnable
                0x0000000000007a18       0x60 /mnt/storage/project/2kwMotorController/firmware/Tivaware/driverlib/gcc/libdriver.a(interrupt.o)
                0x0000000000007a18                IntEnable
 .text.IntDisable
                0x0000000000007a78       0x60 /mnt/storage/project/2kwMotorController/firmware/Tivaware/driverlib/gcc/libdriver.a(interrupt.o)
                0x0000000000007a78                IntDisable
 .text.IntIsEnabled
                0x0000000000007ad8       0x64 /mnt/storage/project/2kwMotorController/firmware/Tivaware/driverlib/gcc/libdriver.a(interrupt.o)
                0x0000000000007ad8                IntIsEnabled
 .text.IntPendSet
                0x0000000000007b3c       0x50 /mnt/storage/project/2kwMotorController/firmware/Tivaware/driverlib/gcc/libdriver.a(interrupt.o)
                0x0000000000007b3c                IntPendSet
 .text.IntPendClear
                0x0000000000007b8c       0x40 /mnt/storage/project/2kwMotorController/firmware/Tivaware/driverlib/gcc/libdriver.a(interrupt.o)
                0x0000000000007b8c                IntPendClear
 .text.IntPriorityMaskSet
                0x0000000000007bcc        0x4 /mnt/storage/project/2kwMotorController/firmware/Tivaware/driverlib/gcc/libdriver.a(interrupt.o)
                0x0000000000007bcc                IntPriorityMaskSet
 .text.IntPriorityMaskGet
                0x0000000000007bd0        0x4 /mnt/storage/project/2kwMotorController/firmware/Tivaware/driverlib/gcc/libdriver.a(interrupt.o)
                0x0000000000007bd0                IntPriorityMaskGet
 .text.IntTrigger
                0x0000000000007bd4        0xc /mnt/storage/project/2kwMotorController/firmware/Tivaware/driverlib/gcc/libdriver.a(interrupt.o)
                0x0000000000007bd4                IntTrigger
 .text._PWMGenIntNumberGet
                0x0000000000007be0      0x104 /mnt/storage/project/2kwMotorController/firmware/Tivaware/driverlib/gcc/libdriver.a(pwm.o)
 .text._PWMFaultIntNumberGet
                0x0000000000007ce4       0x48 /mnt/storage/project/2kwMotorController/firmware/Tivaware/driverlib/gcc/libdriver.a(pwm.o)
 .text.PWMGenConfigure
                0x0000000000007d2c       0x30 /mnt/storage/project/2kwMotorController/firmware/Tivaware/driverlib/gcc/libdriver.a(pwm.o)
                0x0000000000007d2c                PWMGenConfigure
 .text.PWMGenPeriodSet
                0x0000000000007d5c       0x12 /mnt/storage/project/2kwMotorController/firmware/Tivaware/driverlib/gcc/libdriver.a(pwm.o)
                0x0000000000007d5c                PWMGenPeriodSet
 .text.PWMGenPeriodGet
                0x0000000000007d6e       0x12 /mnt/storage/project/2kwMotorController/firmware/Tivaware/driverlib/gcc/libdriver.a(pwm.o)
                0x0000000000007d6e                PWMGenPeriodGet
 .text.PWMGenEnable
                0x0000000000007d80        0xa /mnt/storage/project/2kwMotorController/firmware/Tivaware/driverlib/gcc/libdriver.a(pwm.o)
                0x0000000000007d80                PWMGenEnable
 .text.PWMGenDisable
                0x0000000000007d8a        0xa /mnt/storage/project/2kwMotorController/firmware/Tivaware/driverlib/gcc/libdriver.a(pwm.o)
                0x0000000000007d8a                PWMGenDisable
 .text.PWMPulseWidthSet
                0x0000000000007d94       0x1e /mnt/storage/project/2kwMotorController/firmware/Tivaware/driverlib/gcc/libdriver.a(pwm.o)
                0x0000000000007d94                PWMPulseWidthSet
 .text.PWMPulseWidthGet
                0x0000000000007db2       0x20 /mnt/storage/project/2kwMotorController/firmware/Tivaware/driverlib/gcc/libdriver.a(pwm.o)
                0x0000000000007db2                PWMPulseWidthGet
 .text.PWMDeadBandEnable
                0x0000000000007dd2       0x10 /mnt/storage/project/2kwMotorController/firmware/Tivaware/driverlib/gcc/libdriver.a(pwm.o)
                0x0000000000007dd2                PWMDeadBandEnable
 .text.PWMDeadBandDisable
                0x0000000000007de2        0xc /mnt/storage/project/2kwMotorController/firmware/Tivaware/driverlib/gcc/libdriver.a(pwm.o)
                0x0000000000007de2                PWMDeadBandDisable
 .text.PWMSyncUpdate
                0x0000000000007dee        0x4 /mnt/storage/project/2kwMotorController/firmware/Tivaware/driverlib/gcc/libdriver.a(pwm.o)
                0x0000000000007dee                PWMSyncUpdate
 .text.PWMSyncTimeBase
                0x0000000000007df2        0x4 /mnt/storage/project/2kwMotorController/firmware/Tivaware/driverlib/gcc/libdriver.a(pwm.o)
                0x0000000000007df2                PWMSyncTimeBase
 .text.PWMOutputState
                0x0000000000007df6       0x10 /mnt/storage/project/2kwMotorController/firmware/Tivaware/driverlib/gcc/libdriver.a(pwm.o)
                0x0000000000007df6                PWMOutputState
 .text.PWMOutputInvert
                0x0000000000007e06       0x10 /mnt/storage/project/2kwMotorController/firmware/Tivaware/driverlib/gcc/libdriver.a(pwm.o)
                0x0000000000007e06                PWMOutputInvert
 .text.PWMOutputFaultLevel
                0x0000000000007e16       0x10 /mnt/storage/project/2kwMotorController/firmware/Tivaware/driverlib/gcc/libdriver.a(pwm.o)
                0x0000000000007e16                PWMOutputFaultLevel
 .text.PWMOutputFault
                0x0000000000007e26       0x10 /mnt/storage/project/2kwMotorController/firmware/Tivaware/driverlib/gcc/libdriver.a(pwm.o)
                0x0000000000007e26                PWMOutputFault
 .text.PWMGenIntRegister
                0x0000000000007e36       0x1a /mnt/storage/project/2kwMotorController/firmware/Tivaware/driverlib/gcc/libdriver.a(pwm.o)
                0x0000000000007e36                PWMGenIntRegister
 .text.PWMGenIntUnregister
                0x0000000000007e50       0x16 /mnt/storage/project/2kwMotorController/firmware/Tivaware/driverlib/gcc/libdriver.a(pwm.o)
                0x0000000000007e50                PWMGenIntUnregister
 .text.PWMFaultIntRegister
                0x0000000000007e66       0x1a /mnt/storage/project/2kwMotorController/firmware/Tivaware/driverlib/gcc/libdriver.a(pwm.o)
                0x0000000000007e66                PWMFaultIntRegister
 .text.PWMFaultIntUnregister
                0x0000000000007e80       0x16 /mnt/storage/project/2kwMotorController/firmware/Tivaware/driverlib/gcc/libdriver.a(pwm.o)
                0x0000000000007e80                PWMFaultIntUnregister
 .text.PWMGenIntTrigEnable
                0x0000000000007e96        0xa /mnt/storage/project/2kwMotorController/firmware/Tivaware/driverlib/gcc/libdriver.a(pwm.o)
                0x0000000000007e96                PWMGenIntTrigEnable
 .text.PWMGenIntTrigDisable
                0x0000000000007ea0        0xc /mnt/storage/project/2kwMotorController/firmware/Tivaware/driverlib/gcc/libdriver.a(pwm.o)
                0x0000000000007ea0                PWMGenIntTrigDisable
 .text.PWMGenIntStatus
                0x0000000000007eac        0xc /mnt/storage/project/2kwMotorController/firmware/Tivaware/driverlib/gcc/libdriver.a(pwm.o)
                0x0000000000007eac                PWMGenIntStatus
 .text.PWMGenIntClear
                0x0000000000007eb8        0x6 /mnt/storage/project/2kwMotorController/firmware/Tivaware/driverlib/gcc/libdriver.a(pwm.o)
                0x0000000000007eb8                PWMGenIntClear
 .text.PWMIntEnable
                0x0000000000007ebe        0x8 /mnt/storage/project/2kwMotorController/firmware/Tivaware/driverlib/gcc/libdriver.a(pwm.o)
                0x0000000000007ebe                PWMIntEnable
 .text.PWMIntDisable
                0x0000000000007ec6        0xa /mnt/storage/project/2kwMotorController/firmware/Tivaware/driverlib/gcc/libdriver.a(pwm.o)
                0x0000000000007ec6                PWMIntDisable
 .text.PWMFaultIntClear
                0x0000000000007ed0        0x8 /mnt/storage/project/2kwMotorController/firmware/Tivaware/driverlib/gcc/libdriver.a(pwm.o)
                0x0000000000007ed0                PWMFaultIntClear
 .text.PWMIntStatus
                0x0000000000007ed8        0xa /mnt/storage/project/2kwMotorController/firmware/Tivaware/driverlib/gcc/libdriver.a(pwm.o)
                0x0000000000007ed8                PWMIntStatus
 .text.PWMFaultIntClearExt
                0x0000000000007ee2        0x4 /mnt/storage/project/2kwMotorController/firmware/Tivaware/driverlib/gcc/libdriver.a(pwm.o)
                0x0000000000007ee2                PWMFaultIntClearExt
 .text.PWMGenFaultConfigure
                0x0000000000007ee6       0x18 /mnt/storage/project/2kwMotorController/firmware/Tivaware/driverlib/gcc/libdriver.a(pwm.o)
                0x0000000000007ee6                PWMGenFaultConfigure
 .text.PWMGenFaultTriggerSet
                0x0000000000007efe        0xc /mnt/storage/project/2kwMotorController/firmware/Tivaware/driverlib/gcc/libdriver.a(pwm.o)
                0x0000000000007efe                PWMGenFaultTriggerSet
 .text.PWMGenFaultTriggerGet
                0x0000000000007f0a        0xc /mnt/storage/project/2kwMotorController/firmware/Tivaware/driverlib/gcc/libdriver.a(pwm.o)
                0x0000000000007f0a                PWMGenFaultTriggerGet
 .text.PWMGenFaultStatus
                0x0000000000007f16       0x18 /mnt/storage/project/2kwMotorController/firmware/Tivaware/driverlib/gcc/libdriver.a(pwm.o)
                0x0000000000007f16                PWMGenFaultStatus
 .text.PWMGenFaultClear
                0x0000000000007f2e       0x18 /mnt/storage/project/2kwMotorController/firmware/Tivaware/driverlib/gcc/libdriver.a(pwm.o)
                0x0000000000007f2e                PWMGenFaultClear
 .text.PWMClockSet
                0x0000000000007f46       0x14 /mnt/storage/project/2kwMotorController/firmware/Tivaware/driverlib/gcc/libdriver.a(pwm.o)
                0x0000000000007f46                PWMClockSet
 .text.PWMClockGet
                0x0000000000007f5a       0x1a /mnt/storage/project/2kwMotorController/firmware/Tivaware/driverlib/gcc/libdriver.a(pwm.o)
                0x0000000000007f5a                PWMClockGet
 .text.PWMOutputUpdateMode
                0x0000000000007f74       0x30 /mnt/storage/project/2kwMotorController/firmware/Tivaware/driverlib/gcc/libdriver.a(pwm.o)
                0x0000000000007f74                PWMOutputUpdateMode
 .text._QEIIntNumberGet
                0x0000000000007fa4       0x48 /mnt/storage/project/2kwMotorController/firmware/Tivaware/driverlib/gcc/libdriver.a(qei.o)
 .text.QEIEnable
                0x0000000000007fec        0xa /mnt/storage/project/2kwMotorController/firmware/Tivaware/driverlib/gcc/libdriver.a(qei.o)
                0x0000000000007fec                QEIEnable
 .text.QEIDisable
                0x0000000000007ff6        0xa /mnt/storage/project/2kwMotorController/firmware/Tivaware/driverlib/gcc/libdriver.a(qei.o)
                0x0000000000007ff6                QEIDisable
 .text.QEIConfigure
                0x0000000000008000        0xe /mnt/storage/project/2kwMotorController/firmware/Tivaware/driverlib/gcc/libdriver.a(qei.o)
                0x0000000000008000                QEIConfigure
 .text.QEIPositionGet
                0x000000000000800e        0x4 /mnt/storage/project/2kwMotorController/firmware/Tivaware/driverlib/gcc/libdriver.a(qei.o)
                0x000000000000800e                QEIPositionGet
 .text.QEIPositionSet
                0x0000000000008012        0x4 /mnt/storage/project/2kwMotorController/firmware/Tivaware/driverlib/gcc/libdriver.a(qei.o)
                0x0000000000008012                QEIPositionSet
 .text.QEIDirectionGet
                0x0000000000008016       0x10 /mnt/storage/project/2kwMotorController/firmware/Tivaware/driverlib/gcc/libdriver.a(qei.o)
                0x0000000000008016                QEIDirectionGet
 .text.QEIErrorGet
                0x0000000000008026        0x8 /mnt/storage/project/2kwMotorController/firmware/Tivaware/driverlib/gcc/libdriver.a(qei.o)
                0x0000000000008026                QEIErrorGet
 .text.QEIFilterEnable
                0x000000000000802e        0xa /mnt/storage/project/2kwMotorController/firmware/Tivaware/driverlib/gcc/libdriver.a(qei.o)
                0x000000000000802e                QEIFilterEnable
 .text.QEIFilterDisable
                0x0000000000008038        0xa /mnt/storage/project/2kwMotorController/firmware/Tivaware/driverlib/gcc/libdriver.a(qei.o)
                0x0000000000008038                QEIFilterDisable
 .text.QEIFilterConfigure
                0x0000000000008042        0xc /mnt/storage/project/2kwMotorController/firmware/Tivaware/driverlib/gcc/libdriver.a(qei.o)
                0x0000000000008042                QEIFilterConfigure
 .text.QEIVelocityEnable
                0x000000000000804e        0xa /mnt/storage/project/2kwMotorController/firmware/Tivaware/driverlib/gcc/libdriver.a(qei.o)
                0x000000000000804e                QEIVelocityEnable
 .text.QEIVelocityDisable
                0x0000000000008058        0xa /mnt/storage/project/2kwMotorController/firmware/Tivaware/driverlib/gcc/libdriver.a(qei.o)
                0x0000000000008058                QEIVelocityDisable
 .text.QEIVelocityConfigure
                0x0000000000008062       0x10 /mnt/storage/project/2kwMotorController/firmware/Tivaware/driverlib/gcc/libdriver.a(qei.o)
                0x0000000000008062                QEIVelocityConfigure
 .text.QEIVelocityGet
                0x0000000000008072        0x4 /mnt/storage/project/2kwMotorController/firmware/Tivaware/driverlib/gcc/libdriver.a(qei.o)
                0x0000000000008072                QEIVelocityGet
 .text.QEIIntRegister
                0x0000000000008076       0x1a /mnt/storage/project/2kwMotorController/firmware/Tivaware/driverlib/gcc/libdriver.a(qei.o)
                0x0000000000008076                QEIIntRegister
 .text.QEIIntUnregister
                0x0000000000008090       0x16 /mnt/storage/project/2kwMotorController/firmware/Tivaware/driverlib/gcc/libdriver.a(qei.o)
                0x0000000000008090                QEIIntUnregister
 .text.QEIIntEnable
                0x00000000000080a6        0x8 /mnt/storage/project/2kwMotorController/firmware/Tivaware/driverlib/gcc/libdriver.a(qei.o)
                0x00000000000080a6                QEIIntEnable
 .text.QEIIntDisable
                0x00000000000080ae        0xa /mnt/storage/project/2kwMotorController/firmware/Tivaware/driverlib/gcc/libdriver.a(qei.o)
                0x00000000000080ae                QEIIntDisable
 .text.QEIIntStatus
                0x00000000000080b8        0xa /mnt/storage/project/2kwMotorController/firmware/Tivaware/driverlib/gcc/libdriver.a(qei.o)
                0x00000000000080b8                QEIIntStatus
 .text.QEIIntClear
                0x00000000000080c2        0x4 /mnt/storage/project/2kwMotorController/firmware/Tivaware/driverlib/gcc/libdriver.a(qei.o)
                0x00000000000080c2                QEIIntClear
 *fill*         0x00000000000080c6        0x2 
 .text._SysCtlMemTimingGet
                0x00000000000080c8       0x24 /mnt/storage/project/2kwMotorController/firmware/Tivaware/driverlib/gcc/libdriver.a(sysctl.o)
 .text.SysCtlSRAMSizeGet
                0x00000000000080ec       0x10 /mnt/storage/project/2kwMotorController/firmware/Tivaware/driverlib/gcc/libdriver.a(sysctl.o)
                0x00000000000080ec                SysCtlSRAMSizeGet
 .text.SysCtlFlashSizeGet
                0x00000000000080fc       0x3c /mnt/storage/project/2kwMotorController/firmware/Tivaware/driverlib/gcc/libdriver.a(sysctl.o)
                0x00000000000080fc                SysCtlFlashSizeGet
 .text.SysCtlFlashSectorSizeGet
                0x0000000000008138       0x38 /mnt/storage/project/2kwMotorController/firmware/Tivaware/driverlib/gcc/libdriver.a(sysctl.o)
                0x0000000000008138                SysCtlFlashSectorSizeGet
 .text.SysCtlPeripheralPresent
                0x0000000000008170       0x26 /mnt/storage/project/2kwMotorController/firmware/Tivaware/driverlib/gcc/libdriver.a(sysctl.o)
                0x0000000000008170                SysCtlPeripheralPresent
 .text.SysCtlPeripheralReady
                0x0000000000008196       0x26 /mnt/storage/project/2kwMotorController/firmware/Tivaware/driverlib/gcc/libdriver.a(sysctl.o)
                0x0000000000008196                SysCtlPeripheralReady
 .text.SysCtlPeripheralPowerOn
                0x00000000000081bc       0x22 /mnt/storage/project/2kwMotorController/firmware/Tivaware/driverlib/gcc/libdriver.a(sysctl.o)
                0x00000000000081bc                SysCtlPeripheralPowerOn
 .text.SysCtlPeripheralPowerOff
                0x00000000000081de       0x22 /mnt/storage/project/2kwMotorController/firmware/Tivaware/driverlib/gcc/libdriver.a(sysctl.o)
                0x00000000000081de                SysCtlPeripheralPowerOff
 .text.SysCtlPeripheralReset
                0x0000000000008200       0x3a /mnt/storage/project/2kwMotorController/firmware/Tivaware/driverlib/gcc/libdriver.a(sysctl.o)
                0x0000000000008200                SysCtlPeripheralReset
 .text.SysCtlPeripheralEnable
                0x000000000000823a       0x22 /mnt/storage/project/2kwMotorController/firmware/Tivaware/driverlib/gcc/libdriver.a(sysctl.o)
                0x000000000000823a                SysCtlPeripheralEnable
 .text.SysCtlPeripheralDisable
                0x000000000000825c       0x22 /mnt/storage/project/2kwMotorController/firmware/Tivaware/driverlib/gcc/libdriver.a(sysctl.o)
                0x000000000000825c                SysCtlPeripheralDisable
 .text.SysCtlPeripheralSleepEnable
                0x000000000000827e       0x22 /mnt/storage/project/2kwMotorController/firmware/Tivaware/driverlib/gcc/libdriver.a(sysctl.o)
                0x000000000000827e                SysCtlPeripheralSleepEnable
 .text.SysCtlPeripheralSleepDisable
                0x00000000000082a0       0x22 /mnt/storage/project/2kwMotorController/firmware/Tivaware/driverlib/gcc/libdriver.a(sysctl.o)
                0x00000000000082a0                SysCtlPeripheralSleepDisable
 .text.SysCtlPeripheralDeepSleepEnable
                0x00000000000082c2       0x22 /mnt/storage/project/2kwMotorController/firmware/Tivaware/driverlib/gcc/libdriver.a(sysctl.o)
                0x00000000000082c2                SysCtlPeripheralDeepSleepEnable
 .text.SysCtlPeripheralDeepSleepDisable
                0x00000000000082e4       0x22 /mnt/storage/project/2kwMotorController/firmware/Tivaware/driverlib/gcc/libdriver.a(sysctl.o)
                0x00000000000082e4                SysCtlPeripheralDeepSleepDisable
 *fill*         0x0000000000008306        0x2 
 .text.SysCtlPeripheralClockGating
                0x0000000000008308       0x48 /mnt/storage/project/2kwMotorController/firmware/Tivaware/driverlib/gcc/libdriver.a(sysctl.o)
                0x0000000000008308                SysCtlPeripheralClockGating
 .text.SysCtlIntRegister
                0x0000000000008350       0x14 /mnt/storage/project/2kwMotorController/firmware/Tivaware/driverlib/gcc/libdriver.a(sysctl.o)
                0x0000000000008350                SysCtlIntRegister
 .text.SysCtlIntUnregister
                0x0000000000008364       0x12 /mnt/storage/project/2kwMotorController/firmware/Tivaware/driverlib/gcc/libdriver.a(sysctl.o)