Archive member included to satisfy reference by file (symbol)

/home/odougs/bin/ti/ccsv7/tools/compiler/gcc-arm-none-eabi-6-2017-q1-update/bin/../lib/gcc/arm-none-eabi/6.3.1/../../../../arm-none-eabi/lib/thumb/v7e-m/fpv4-sp/hard/libc.a(lib_a-calloc.o)
                              ./source/fir.o (calloc)
/home/odougs/bin/ti/ccsv7/tools/compiler/gcc-arm-none-eabi-6-2017-q1-update/bin/../lib/gcc/arm-none-eabi/6.3.1/../../../../arm-none-eabi/lib/thumb/v7e-m/fpv4-sp/hard/libc.a(lib_a-callocr.o)
                              /home/odougs/bin/ti/ccsv7/tools/compiler/gcc-arm-none-eabi-6-2017-q1-update/bin/../lib/gcc/arm-none-eabi/6.3.1/../../../../arm-none-eabi/lib/thumb/v7e-m/fpv4-sp/hard/libc.a(lib_a-calloc.o) (_calloc_r)
/home/odougs/bin/ti/ccsv7/tools/compiler/gcc-arm-none-eabi-6-2017-q1-update/bin/../lib/gcc/arm-none-eabi/6.3.1/../../../../arm-none-eabi/lib/thumb/v7e-m/fpv4-sp/hard/libc.a(lib_a-exit.o)
                              /home/odougs/bin/ti/ccsv7/tools/compiler/gcc-arm-none-eabi-6-2017-q1-update/bin/../lib/gcc/arm-none-eabi/6.3.1/../../../../arm-none-eabi/lib/thumb/v7e-m/fpv4-sp/hard/crt0.o (exit)
/home/odougs/bin/ti/ccsv7/tools/compiler/gcc-arm-none-eabi-6-2017-q1-update/bin/../lib/gcc/arm-none-eabi/6.3.1/../../../../arm-none-eabi/lib/thumb/v7e-m/fpv4-sp/hard/libc.a(lib_a-impure.o)
                              /home/odougs/bin/ti/ccsv7/tools/compiler/gcc-arm-none-eabi-6-2017-q1-update/bin/../lib/gcc/arm-none-eabi/6.3.1/../../../../arm-none-eabi/lib/thumb/v7e-m/fpv4-sp/hard/libc.a(lib_a-exit.o) (_global_impure_ptr)
/home/odougs/bin/ti/ccsv7/tools/compiler/gcc-arm-none-eabi-6-2017-q1-update/bin/../lib/gcc/arm-none-eabi/6.3.1/../../../../arm-none-eabi/lib/thumb/v7e-m/fpv4-sp/hard/libc.a(lib_a-init.o)
                              /home/odougs/bin/ti/ccsv7/tools/compiler/gcc-arm-none-eabi-6-2017-q1-update/bin/../lib/gcc/arm-none-eabi/6.3.1/../../../../arm-none-eabi/lib/thumb/v7e-m/fpv4-sp/hard/crt0.o (__libc_init_array)
/home/odougs/bin/ti/ccsv7/tools/compiler/gcc-arm-none-eabi-6-2017-q1-update/bin/../lib/gcc/arm-none-eabi/6.3.1/../../../../arm-none-eabi/lib/thumb/v7e-m/fpv4-sp/hard/libc.a(lib_a-malloc.o)
                              ./source/fir.o (malloc)
/home/odougs/bin/ti/ccsv7/tools/compiler/gcc-arm-none-eabi-6-2017-q1-update/bin/../lib/gcc/arm-none-eabi/6.3.1/../../../../arm-none-eabi/lib/thumb/v7e-m/fpv4-sp/hard/libc.a(lib_a-mallocr.o)
                              /home/odougs/bin/ti/ccsv7/tools/compiler/gcc-arm-none-eabi-6-2017-q1-update/bin/../lib/gcc/arm-none-eabi/6.3.1/../../../../arm-none-eabi/lib/thumb/v7e-m/fpv4-sp/hard/libc.a(lib_a-callocr.o) (_malloc_r)
/home/odougs/bin/ti/ccsv7/tools/compiler/gcc-arm-none-eabi-6-2017-q1-update/bin/../lib/gcc/arm-none-eabi/6.3.1/../../../../arm-none-eabi/lib/thumb/v7e-m/fpv4-sp/hard/libc.a(lib_a-memcpy.o)
                              ./FreeRTOS/queue.o (memcpy)
/home/odougs/bin/ti/ccsv7/tools/compiler/gcc-arm-none-eabi-6-2017-q1-update/bin/../lib/gcc/arm-none-eabi/6.3.1/../../../../arm-none-eabi/lib/thumb/v7e-m/fpv4-sp/hard/libc.a(lib_a-memset.o)
                              /home/odougs/bin/ti/ccsv7/tools/compiler/gcc-arm-none-eabi-6-2017-q1-update/bin/../lib/gcc/arm-none-eabi/6.3.1/../../../../arm-none-eabi/lib/thumb/v7e-m/fpv4-sp/hard/crt0.o (memset)
/home/odougs/bin/ti/ccsv7/tools/compiler/gcc-arm-none-eabi-6-2017-q1-update/bin/../lib/gcc/arm-none-eabi/6.3.1/../../../../arm-none-eabi/lib/thumb/v7e-m/fpv4-sp/hard/libc.a(lib_a-mlock.o)
                              /home/odougs/bin/ti/ccsv7/tools/compiler/gcc-arm-none-eabi-6-2017-q1-update/bin/../lib/gcc/arm-none-eabi/6.3.1/../../../../arm-none-eabi/lib/thumb/v7e-m/fpv4-sp/hard/libc.a(lib_a-mallocr.o) (__malloc_lock)
/home/odougs/bin/ti/ccsv7/tools/compiler/gcc-arm-none-eabi-6-2017-q1-update/bin/../lib/gcc/arm-none-eabi/6.3.1/../../../../arm-none-eabi/lib/thumb/v7e-m/fpv4-sp/hard/libc.a(lib_a-sbrkr.o)
                              /home/odougs/bin/ti/ccsv7/tools/compiler/gcc-arm-none-eabi-6-2017-q1-update/bin/../lib/gcc/arm-none-eabi/6.3.1/../../../../arm-none-eabi/lib/thumb/v7e-m/fpv4-sp/hard/libc.a(lib_a-mallocr.o) (_sbrk_r)
/home/odougs/bin/ti/ccsv7/tools/compiler/gcc-arm-none-eabi-6-2017-q1-update/bin/../lib/gcc/arm-none-eabi/6.3.1/../../../../arm-none-eabi/lib/thumb/v7e-m/fpv4-sp/hard/libc.a(lib_a-__call_atexit.o)
                              /home/odougs/bin/ti/ccsv7/tools/compiler/gcc-arm-none-eabi-6-2017-q1-update/bin/../lib/gcc/arm-none-eabi/6.3.1/../../../../arm-none-eabi/lib/thumb/v7e-m/fpv4-sp/hard/libc.a(lib_a-exit.o) (__call_exitprocs)
/home/odougs/bin/ti/ccsv7/tools/compiler/gcc-arm-none-eabi-6-2017-q1-update/bin/../lib/gcc/arm-none-eabi/6.3.1/../../../../arm-none-eabi/lib/thumb/v7e-m/fpv4-sp/hard/libc.a(lib_a-atexit.o)
                              /home/odougs/bin/ti/ccsv7/tools/compiler/gcc-arm-none-eabi-6-2017-q1-update/bin/../lib/gcc/arm-none-eabi/6.3.1/../../../../arm-none-eabi/lib/thumb/v7e-m/fpv4-sp/hard/libc.a(lib_a-__call_atexit.o) (atexit)
[...]
Memory Configuration

Name             Origin             Length             Attributes
FLASH            0x0000000000000000 0x0000000000080000 xr
SRAM             0x0000000020000000 0x0000000000040000 xw
*default*        0x0000000000000000 0xffffffffffffffff

Linker script and memory map

LOAD /home/odougs/bin/ti/ccsv7/tools/compiler/gcc-arm-none-eabi-6-2017-q1-update/bin/../lib/gcc/arm-none-eabi/6.3.1/thumb/v7e-m/fpv4-sp/hard/crti.o
LOAD /home/odougs/bin/ti/ccsv7/tools/compiler/gcc-arm-none-eabi-6-2017-q1-update/bin/../lib/gcc/arm-none-eabi/6.3.1/thumb/v7e-m/fpv4-sp/hard/crtbegin.o
LOAD /home/odougs/bin/ti/ccsv7/tools/compiler/gcc-arm-none-eabi-6-2017-q1-update/bin/../lib/gcc/arm-none-eabi/6.3.1/../../../../arm-none-eabi/lib/thumb/v7e-m/fpv4-sp/hard/crt0.o
LOAD ./startup.o
LOAD ./FreeRTOS/event_groups.o
LOAD ./FreeRTOS/heap_1.o
LOAD ./FreeRTOS/list.o
LOAD ./FreeRTOS/port.o
LOAD ./FreeRTOS/queue.o
LOAD ./FreeRTOS/tasks.o
LOAD ./FreeRTOS/timers.o
LOAD ./source/can.o
LOAD ./source/control.o
LOAD ./source/debug.o
LOAD ./source/encoder.o
LOAD ./source/fir.o
LOAD ./source/logger.o
LOAD ./source/main.o
LOAD ./source/pinconfig.o
LOAD ./source/sensors.o
LOAD ./source/system.o
LOAD ./source/thermistor_lut.o
LOAD ./source/xprintf.o
                0x0000000000000000                PROVIDE (_intvecs_base_address, 0x0)

.intvecs        0x0000000000000000      0x208
 *(.intvecs)
 .intvecs       0x0000000000000000      0x208 ./startup.o
                0x0000000000000000                g_pfnVectors
                0x0000000020000000                PROVIDE (_vtable_base_address, 0x20000000)

.vtable
 *(.vtable)

.text           0x0000000000000210     0x7978
 CREATE_OBJECT_SYMBOLS
 *(.text)
 .text          0x0000000000000210        0x0 /home/odougs/bin/ti/ccsv7/tools/compiler/gcc-arm-none-eabi-6-2017-q1-update/bin/../lib/gcc/arm-none-eabi/6.3.1/thumb/v7e-m/fpv4-sp/hard/crti.o
 .text          0x0000000000000210       0x6c /home/odougs/bin/ti/ccsv7/tools/compiler/gcc-arm-none-eabi-6-2017-q1-update/bin/../lib/gcc/arm-none-eabi/6.3.1/thumb/v7e-m/fpv4-sp/hard/crtbegin.o
 .text          0x000000000000027c       0x74 /home/odougs/bin/ti/ccsv7/tools/compiler/gcc-arm-none-eabi-6-2017-q1-update/bin/../lib/gcc/arm-none-eabi/6.3.1/../../../../arm-none-eabi/lib/thumb/v7e-m/fpv4-sp/hard/crt0.o
                0x000000000000027c                _mainCRTStartup
                0x000000000000027c                _start
 .text          0x00000000000002f0        0x0 ./startup.o
 .text          0x00000000000002f0        0x0 ./FreeRTOS/event_groups.o
 .text          0x00000000000002f0        0x0 ./FreeRTOS/heap_1.o
 .text          0x00000000000002f0        0x0 ./FreeRTOS/list.o
 .text          0x00000000000002f0        0x0 ./FreeRTOS/port.o
 .text          0x00000000000002f0        0x0 ./FreeRTOS/queue.o
 .text          0x00000000000002f0        0x0 ./FreeRTOS/tasks.o
 .text          0x00000000000002f0        0x0 ./FreeRTOS/timers.o
 .text          0x00000000000002f0        0x0 ./source/can.o
 .text          0x00000000000002f0        0x0 ./source/control.o
 .text          0x00000000000002f0        0x0 ./source/debug.o
 .text          0x00000000000002f0        0x0 ./source/encoder.o
 .text          0x00000000000002f0        0x0 ./source/fir.o
 .text          0x00000000000002f0        0x0 ./source/logger.o
 .text          0x00000000000002f0        0x0 ./source/main.o
 .text          0x00000000000002f0        0x0 ./source/pinconfig.o
 .text          0x00000000000002f0        0x0 ./source/sensors.o
 .text          0x00000000000002f0        0x0 ./source/system.o
 .text          0x00000000000002f0        0x0 ./source/thermistor_lut.o
 .text          0x00000000000002f0        0x0 ./source/xprintf.o
 .text          0x00000000000002f0        0x0 /home/odougs/bin/ti/ccsv7/tools/compiler/gcc-arm-none-eabi-6-2017-q1-update/bin/../lib/gcc/arm-none-eabi/6.3.1/../../../../arm-none-eabi/lib/thumb/v7e-m/fpv4-sp/hard/libc.a(lib_a-calloc.o)
 .text          0x00000000000002f0        0x0 /home/odougs/bin/ti/ccsv7/tools/compiler/gcc-arm-none-eabi-6-2017-q1-update/bin/../lib/gcc/arm-none-eabi/6.3.1/../../../../arm-none-eabi/lib/thumb/v7e-m/fpv4-sp/hard/libc.a(lib_a-callocr.o)
 .text          0x00000000000002f0        0x0 /home/odougs/bin/ti/ccsv7/tools/compiler/gcc-arm-none-eabi-6-2017-q1-update/bin/../lib/gcc/arm-none-eabi/6.3.1/../../../../arm-none-eabi/lib/thumb/v7e-m/fpv4-sp/hard/libc.a(lib_a-exit.o)
 .text          0x00000000000002f0        0x0 /home/odougs/bin/ti/ccsv7/tools/compiler/gcc-arm-none-eabi-6-2017-q1-update/bin/../lib/gcc/arm-none-eabi/6.3.1/../../../../arm-none-eabi/lib/thumb/v7e-m/fpv4-sp/hard/libc.a(lib_a-impure.o)
 .text          0x00000000000002f0        0x0 /home/odougs/bin/ti/ccsv7/tools/compiler/gcc-arm-none-eabi-6-2017-q1-update/bin/../lib/gcc/arm-none-eabi/6.3.1/../../../../arm-none-eabi/lib/thumb/v7e-m/fpv4-sp/hard/libc.a(lib_a-init.o)
 .text          0x00000000000002f0        0x0 /home/odougs/bin/ti/ccsv7/tools/compiler/gcc-arm-none-eabi-6-2017-q1-update/bin/../lib/gcc/arm-none-eabi/6.3.1/../../../../arm-none-eabi/lib/thumb/v7e-m/fpv4-sp/hard/libc.a(lib_a-malloc.o)
 .text          0x00000000000002f0        0x0 /home/odougs/bin/ti/ccsv7/tools/compiler/gcc-arm-none-eabi-6-2017-q1-update/bin/../lib/gcc/arm-none-eabi/6.3.1/../../../../arm-none-eabi/lib/thumb/v7e-m/fpv4-sp/hard/libc.a(lib_a-mallocr.o)
 .text          0x00000000000002f0      0x134 /home/odougs/bin/ti/ccsv7/tools/compiler/gcc-arm-none-eabi-6-2017-q1-update/bin/../lib/gcc/arm-none-eabi/6.3.1/../../../../arm-none-eabi/lib/thumb/v7e-m/fpv4-sp/hard/libc.a(lib_a-memcpy.o)
                0x00000000000002f0                memcpy
 .text          0x0000000000000424        0x0 /home/odougs/bin/ti/ccsv7/tools/compiler/gcc-arm-none-eabi-6-2017-q1-update/bin/../lib/gcc/arm-none-eabi/6.3.1/../../../../arm-none-eabi/lib/thumb/v7e-m/fpv4-sp/hard/libc.a(lib_a-memset.o)
 .text          0x0000000000000424        0x0 /home/odougs/bin/ti/ccsv7/tools/compiler/gcc-arm-none-eabi-6-2017-q1-update/bin/../lib/gcc/arm-none-eabi/6.3.1/../../../../arm-none-eabi/lib/thumb/v7e-m/fpv4-sp/hard/libc.a(lib_a-mlock.o)
 .text          0x0000000000000424        0x0 /home/odougs/bin/ti/ccsv7/tools/compiler/gcc-arm-none-eabi-6-2017-q1-update/bin/../lib/gcc/arm-none-eabi/6.3.1/../../../../arm-none-eabi/lib/thumb/v7e-m/fpv4-sp/hard/libc.a(lib_a-sbrkr.o)
 .text          0x0000000000000424        0x0 /home/odougs/bin/ti/ccsv7/tools/compiler/gcc-arm-none-eabi-6-2017-q1-update/bin/../lib/gcc/arm-none-eabi/6.3.1/../../../../arm-none-eabi/lib/thumb/v7e-m/fpv4-sp/hard/libc.a(lib_a-__call_atexit.o)
 .text          0x0000000000000424        0x0 /home/odougs/bin/ti/ccsv7/tools/compiler/gcc-arm-none-eabi-6-2017-q1-update/bin/../lib/gcc/arm-none-eabi/6.3.1/../../../../arm-none-eabi/lib/thumb/v7e-m/fpv4-sp/hard/libc.a(lib_a-atexit.o)
 .text          0x0000000000000424        0x0 /home/odougs/bin/ti/ccsv7/tools/compiler/gcc-arm-none-eabi-6-2017-q1-update/bin/../lib/gcc/arm-none-eabi/6.3.1/../../../../arm-none-eabi/lib/thumb/v7e-m/fpv4-sp/hard/libc.a(lib_a-fini.o)
 .text          0x0000000000000424        0x0 /home/odougs/bin/ti/ccsv7/tools/compiler/gcc-arm-none-eabi-6-2017-q1-update/bin/../lib/gcc/arm-none-eabi/6.3.1/../../../../arm-none-eabi/lib/thumb/v7e-m/fpv4-sp/hard/libc.a(lib_a-freer.o)
 .text          0x0000000000000424        0x0 /home/odougs/bin/ti/ccsv7/tools/compiler/gcc-arm-none-eabi-6-2017-q1-update/bin/../lib/gcc/arm-none-eabi/6.3.1/../../../../arm-none-eabi/lib/thumb/v7e-m/fpv4-sp/hard/libc.a(lib_a-lock.o)
 .text          0x0000000000000424        0x0 /home/odougs/bin/ti/ccsv7/tools/compiler/gcc-arm-none-eabi-6-2017-q1-update/bin/../lib/gcc/arm-none-eabi/6.3.1/../../../../arm-none-eabi/lib/thumb/v7e-m/fpv4-sp/hard/libc.a(lib_a-reent.o)
 .text          0x0000000000000424        0x0 /home/odougs/bin/ti/ccsv7/tools/compiler/gcc-arm-none-eabi-6-2017-q1-update/bin/../lib/gcc/arm-none-eabi/6.3.1/../../../../arm-none-eabi/lib/thumb/v7e-m/fpv4-sp/hard/libc.a(lib_a-__atexit.o)
 .text          0x0000000000000424        0x0 /mnt/storage/project/2kwMotorController/firmware/Tivaware/driverlib/gcc/libdriver.a(adc.o)
 .text          0x0000000000000424        0x0 /mnt/storage/project/2kwMotorController/firmware/Tivaware/driverlib/gcc/libdriver.a(gpio.o)
 .text          0x0000000000000424        0x0 /mnt/storage/project/2kwMotorController/firmware/Tivaware/driverlib/gcc/libdriver.a(interrupt.o)
 .text          0x0000000000000424        0x0 /mnt/storage/project/2kwMotorController/firmware/Tivaware/driverlib/gcc/libdriver.a(pwm.o)
 .text          0x0000000000000424        0x0 /mnt/storage/project/2kwMotorController/firmware/Tivaware/driverlib/gcc/libdriver.a(qei.o)
 .text          0x0000000000000424        0x0 /mnt/storage/project/2kwMotorController/firmware/Tivaware/driverlib/gcc/libdriver.a(sysctl.o)
 .text          0x0000000000000424        0x0 /mnt/storage/project/2kwMotorController/firmware/Tivaware/driverlib/gcc/libdriver.a(timer.o)
 .text          0x0000000000000424        0x0 /mnt/storage/project/2kwMotorController/firmware/Tivaware/driverlib/gcc/libdriver.a(uart.o)
 .text          0x0000000000000424        0x0 /mnt/storage/project/2kwMotorController/firmware/Tivaware/driverlib/gcc/libdriver.a(udma.o)
 .text          0x0000000000000424        0x0 /mnt/storage/project/2kwMotorController/firmware/Tivaware/driverlib/gcc/libdriver.a(cpu.o)
 .text          0x0000000000000424        0x0 /home/odougs/bin/ti/ccsv7/tools/compiler/gcc-arm-none-eabi-6-2017-q1-update/bin/../lib/gcc/arm-none-eabi/6.3.1/../../../../arm-none-eabi/lib/thumb/v7e-m/fpv4-sp/hard/libnosys.a(sbrk.o)
 .text          0x0000000000000424        0x0 /home/odougs/bin/ti/ccsv7/tools/compiler/gcc-arm-none-eabi-6-2017-q1-update/bin/../lib/gcc/arm-none-eabi/6.3.1/../../../../arm-none-eabi/lib/thumb/v7e-m/fpv4-sp/hard/libnosys.a(_exit.o)
 .text          0x0000000000000424        0x0 /home/odougs/bin/ti/ccsv7/tools/compiler/gcc-arm-none-eabi-6-2017-q1-update/bin/../lib/gcc/arm-none-eabi/6.3.1/thumb/v7e-m/fpv4-sp/hard/crtend.o
 .text          0x0000000000000424        0x0 /home/odougs/bin/ti/ccsv7/tools/compiler/gcc-arm-none-eabi-6-2017-q1-update/bin/../lib/gcc/arm-none-eabi/6.3.1/thumb/v7e-m/fpv4-sp/hard/crtn.o
 *(.text.*)
 .text.NmiSR    0x0000000000000424        0x4 ./startup.o
 .text.HardFault_Handler
                0x0000000000000428       0x18 ./startup.o
 .text.IntDefaultHandler
                0x0000000000000440       0x18 ./startup.o
 .text.ResetISR
                0x0000000000000458       0x5c ./startup.o
                0x0000000000000458                ResetISR
 .text._dummy0  0x00000000000004b4        0x4 ./startup.o
                0x00000000000004b4                _dummy0
 .text.prvGetRegistersFromStack
                0x00000000000004b8       0xcc ./startup.o
                0x00000000000004b8                prvGetRegistersFromStack
 .text.xEventGroupGenericCreate
                0x0000000000000584       0x24 ./FreeRTOS/event_groups.o
                0x0000000000000584                xEventGroupGenericCreate
 .text.xEventGroupWaitBits
                0x00000000000005a8       0xf0 ./FreeRTOS/event_groups.o
                0x00000000000005a8                xEventGroupWaitBits
 .text.xEventGroupClearBits
                0x0000000000000698       0x48 ./FreeRTOS/event_groups.o
                0x0000000000000698                xEventGroupClearBits
 .text.xEventGroupGetBitsFromISR
                0x00000000000006e0       0x1c ./FreeRTOS/event_groups.o
                0x00000000000006e0                xEventGroupGetBitsFromISR
 .text.xEventGroupSetBits
                0x00000000000006fc       0x94 ./FreeRTOS/event_groups.o
                0x00000000000006fc                xEventGroupSetBits
 .text.xEventGroupSync
                0x0000000000000790       0xb4 ./FreeRTOS/event_groups.o
                0x0000000000000790                xEventGroupSync
 .text.vEventGroupDelete
                0x0000000000000844       0x4c ./FreeRTOS/event_groups.o
                0x0000000000000844                vEventGroupDelete
 .text.vEventGroupSetBitsCallback
                0x0000000000000890        0x4 ./FreeRTOS/event_groups.o
                0x0000000000000890                vEventGroupSetBitsCallback
 .text.vEventGroupClearBitsCallback
                0x0000000000000894        0x4 ./FreeRTOS/event_groups.o
                0x0000000000000894                vEventGroupClearBitsCallback
 .text.uxEventGroupGetNumber
                0x0000000000000898        0x8 ./FreeRTOS/event_groups.o
                0x0000000000000898                uxEventGroupGetNumber
 .text.pvPortMalloc
                0x00000000000008a0       0x5c ./FreeRTOS/heap_1.o
                0x00000000000008a0                pvPortMalloc
 .text.vPortFree
                0x00000000000008fc       0x18 ./FreeRTOS/heap_1.o
                0x00000000000008fc                vPortFree
 .text.vPortInitialiseBlocks
                0x0000000000000914        0xc ./FreeRTOS/heap_1.o
                0x0000000000000914                vPortInitialiseBlocks
 .text.xPortGetFreeHeapSize
                0x0000000000000920       0x10 ./FreeRTOS/heap_1.o
                0x0000000000000920                xPortGetFreeHeapSize
 .text.vListInitialise
                0x0000000000000930       0x18 ./FreeRTOS/list.o
                0x0000000000000930                vListInitialise
 .text.vListInitialiseItem
                0x0000000000000948        0x8 ./FreeRTOS/list.o
                0x0000000000000948                vListInitialiseItem
 .text.vListInsertEnd
                0x0000000000000950       0x20 ./FreeRTOS/list.o
                0x0000000000000950                vListInsertEnd
 .text.vListInsert
                0x0000000000000970       0x34 ./FreeRTOS/list.o
                0x0000000000000970                vListInsert
 .text.uxListRemove
                0x00000000000009a4       0x28 ./FreeRTOS/list.o
                0x00000000000009a4                uxListRemove
 .text.prvTaskExitError
                0x00000000000009cc       0x30 ./FreeRTOS/port.o
 .text.prvPortStartFirstTask
                0x00000000000009fc       0x20 ./FreeRTOS/port.o
 .text.vPortEnableVFP
                0x0000000000000a1c       0x14 ./FreeRTOS/port.o
 .text.pxPortInitialiseStack
                0x0000000000000a30       0x2c ./FreeRTOS/port.o
                0x0000000000000a30                pxPortInitialiseStack
 *fill*         0x0000000000000a5c        0x4 
 .text.vPortSVCHandler
                0x0000000000000a60       0x24 ./FreeRTOS/port.o
                0x0000000000000a60                vPortSVCHandler
 .text.vPortEndScheduler
                0x0000000000000a84       0x24 ./FreeRTOS/port.o
                0x0000000000000a84                vPortEndScheduler
 .text.vPortEnterCritical
                0x0000000000000aa8       0x44 ./FreeRTOS/port.o
                0x0000000000000aa8                vPortEnterCritical
 .text.vPortExitCritical
                0x0000000000000aec       0x28 ./FreeRTOS/port.o
                0x0000000000000aec                vPortExitCritical
 *fill*         0x0000000000000b14        0xc 
 .text.xPortPendSVHandler
                0x0000000000000b20       0x64 ./FreeRTOS/port.o
                0x0000000000000b20                xPortPendSVHandler
 .text.xPortSysTickHandler
                0x0000000000000b84       0x2c ./FreeRTOS/port.o
                0x0000000000000b84                xPortSysTickHandler
 .text.vPortSetupTimerInterrupt
                0x0000000000000bb0       0x1c ./FreeRTOS/port.o
                0x0000000000000bb0                vPortSetupTimerInterrupt
 .text.xPortStartScheduler
                0x0000000000000bcc       0xec ./FreeRTOS/port.o
                0x0000000000000bcc                xPortStartScheduler
 .text.vPortValidateInterruptPriority
                0x0000000000000cb8       0x5c ./FreeRTOS/port.o
                0x0000000000000cb8                vPortValidateInterruptPriority
 .text.unlikely.prvCopyDataToQueue
                0x0000000000000d14       0x6a ./FreeRTOS/queue.o
 .text.unlikely.prvCopyDataFromQueue
                0x0000000000000d7e       0x26 ./FreeRTOS/queue.o
 .text.prvUnlockQueue
                0x0000000000000da4       0x84 ./FreeRTOS/queue.o
 .text.xQueueGenericCreate.part.2
                0x0000000000000e28       0x14 ./FreeRTOS/queue.o
 .text.xQueueGenericReset
                0x0000000000000e3c       0x80 ./FreeRTOS/queue.o
                0x0000000000000e3c                xQueueGenericReset
 .text.xQueueGenericCreate
                0x0000000000000ebc       0x50 ./FreeRTOS/queue.o
                0x0000000000000ebc                xQueueGenericCreate
 .text.xQueueGenericSend
                0x0000000000000f0c      0x15c ./FreeRTOS/queue.o
                0x0000000000000f0c                xQueueGenericSend
 .text.xQueueCreateMutex
                0x0000000000001068       0x2c ./FreeRTOS/queue.o
                0x0000000000001068                xQueueCreateMutex
 .text.xQueueGiveMutexRecursive
                0x0000000000001094       0x40 ./FreeRTOS/queue.o
                0x0000000000001094                xQueueGiveMutexRecursive
 .text.xQueueGenericSendFromISR
                0x00000000000010d4       0xbc ./FreeRTOS/queue.o
                0x00000000000010d4                xQueueGenericSendFromISR
 .text.xQueueGiveFromISR
                0x0000000000001190       0xa8 ./FreeRTOS/queue.o
                0x0000000000001190                xQueueGiveFromISR
 .text.xQueueGenericReceive
                0x0000000000001238      0x180 ./FreeRTOS/queue.o
                0x0000000000001238                xQueueGenericReceive
 .text.xQueueTakeMutexRecursive
                0x00000000000013b8       0x44 ./FreeRTOS/queue.o
                0x00000000000013b8                xQueueTakeMutexRecursive
 .text.xQueueReceiveFromISR
                0x00000000000013fc       0x94 ./FreeRTOS/queue.o
                0x00000000000013fc                xQueueReceiveFromISR
 .text.xQueuePeekFromISR
                0x0000000000001490       0x7c ./FreeRTOS/queue.o
                0x0000000000001490                xQueuePeekFromISR
 .text.uxQueueMessagesWaiting
                0x000000000000150c       0x28 ./FreeRTOS/queue.o
                0x000000000000150c                uxQueueMessagesWaiting
 .text.uxQueueSpacesAvailable
                0x0000000000001534       0x2c ./FreeRTOS/queue.o
                0x0000000000001534                uxQueueSpacesAvailable
 .text.uxQueueMessagesWaitingFromISR
                0x0000000000001560       0x18 ./FreeRTOS/queue.o
                0x0000000000001560                uxQueueMessagesWaitingFromISR
 .text.vQueueDelete
                0x0000000000001578       0x4c ./FreeRTOS/queue.o
                0x0000000000001578                vQueueDelete
 .text.uxQueueGetQueueNumber
                0x00000000000015c4        0x4 ./FreeRTOS/queue.o
                0x00000000000015c4                uxQueueGetQueueNumber
 .text.vQueueSetQueueNumber
                0x00000000000015c8        0x4 ./FreeRTOS/queue.o
                0x00000000000015c8                vQueueSetQueueNumber
 .text.ucQueueGetQueueType
                0x00000000000015cc        0x8 ./FreeRTOS/queue.o
                0x00000000000015cc                ucQueueGetQueueType
 .text.xQueueIsQueueEmptyFromISR
                0x00000000000015d4       0x20 ./FreeRTOS/queue.o
                0x00000000000015d4                xQueueIsQueueEmptyFromISR
 .text.xQueueIsQueueFullFromISR
                0x00000000000015f4       0x24 ./FreeRTOS/queue.o
                0x00000000000015f4                xQueueIsQueueFullFromISR
 .text.vQueueAddToRegistry
                0x0000000000001618       0x28 ./FreeRTOS/queue.o
                0x0000000000001618                vQueueAddToRegistry
 .text.pcQueueGetQueueName
                0x0000000000001640       0x30 ./FreeRTOS/queue.o
                0x0000000000001640                pcQueueGetQueueName
 .text.vQueueUnregisterQueue
                0x0000000000001670       0x34 ./FreeRTOS/queue.o
                0x0000000000001670                vQueueUnregisterQueue
 .text.prvAddCurrentTaskToDelayedList
                0x00000000000016a4       0x90 ./FreeRTOS/tasks.o
 .text.prvResetNextTaskUnblockTime.part.1
                0x0000000000001734       0x18 ./FreeRTOS/tasks.o
 .text.xTaskGenericCreate.part.3
                0x000000000000174c      0x204 ./FreeRTOS/tasks.o
 .text.vTaskSetTimeOutState.part.5
                0x0000000000001950       0x14 ./FreeRTOS/tasks.o
 .text.prvTaskIsTaskSuspended
                0x0000000000001964       0x2c ./FreeRTOS/tasks.o
 .text.xTaskGenericCreate
                0x0000000000001990       0x40 ./FreeRTOS/tasks.o
                0x0000000000001990                xTaskGenericCreate
 .text.vTaskDelete
                0x00000000000019d0      0x110 ./FreeRTOS/tasks.o
                0x00000000000019d0                vTaskDelete
 .text.eTaskGetState
                0x0000000000001ae0       0x70 ./FreeRTOS/tasks.o
                0x0000000000001ae0                eTaskGetState
 .text.uxTaskPriorityGet
                0x0000000000001b50       0x28 ./FreeRTOS/tasks.o
                0x0000000000001b50                uxTaskPriorityGet
 .text.uxTaskPriorityGetFromISR
                0x0000000000001b78       0x38 ./FreeRTOS/tasks.o
                0x0000000000001b78                uxTaskPriorityGetFromISR
 .text.vTaskPrioritySet
                0x0000000000001bb0       0xdc ./FreeRTOS/tasks.o
                0x0000000000001bb0                vTaskPrioritySet
 .text.vTaskResume
                0x0000000000001c8c       0x94 ./FreeRTOS/tasks.o
                0x0000000000001c8c                vTaskResume
 .text.xTaskResumeFromISR
                0x0000000000001d20       0xbc ./FreeRTOS/tasks.o
                0x0000000000001d20                xTaskResumeFromISR
 .text.vTaskStartScheduler
                0x0000000000001ddc       0x7c ./FreeRTOS/tasks.o
                0x0000000000001ddc                vTaskStartScheduler
 .text.vTaskEndScheduler
                0x0000000000001e58       0x20 ./FreeRTOS/tasks.o
                0x0000000000001e58                vTaskEndScheduler
 .text.vTaskSuspendAll
                0x0000000000001e78       0x10 ./FreeRTOS/tasks.o
                0x0000000000001e78                vTaskSuspendAll
 .text.xTaskGetTickCount
                0x0000000000001e88        0xc ./FreeRTOS/tasks.o
                0x0000000000001e88                xTaskGetTickCount
 .text.xTaskGetTickCountFromISR
                0x0000000000001e94       0x10 ./FreeRTOS/tasks.o
                0x0000000000001e94                xTaskGetTickCountFromISR
 .text.uxTaskGetNumberOfTasks
                0x0000000000001ea4        0xc ./FreeRTOS/tasks.o
                0x0000000000001ea4                uxTaskGetNumberOfTasks
 .text.xTaskIncrementTick
                0x0000000000001eb0      0x154 ./FreeRTOS/tasks.o
                0x0000000000001eb0                xTaskIncrementTick
 .text.xTaskResumeAll
                0x0000000000002004      0x11c ./FreeRTOS/tasks.o
                0x0000000000002004                xTaskResumeAll
 .text.vTaskDelayUntil
                0x0000000000002120       0x9c ./FreeRTOS/tasks.o
                0x0000000000002120                vTaskDelayUntil
 .text.vTaskDelay
                0x00000000000021bc       0x4c ./FreeRTOS/tasks.o
                0x00000000000021bc                vTaskDelay
 .text.prvIdleTask
                0x0000000000002208       0x64 ./FreeRTOS/tasks.o
 .text.vTaskSwitchContext
                0x000000000000226c       0xa4 ./FreeRTOS/tasks.o
                0x000000000000226c                vTaskSwitchContext
 .text.vTaskSuspend
                0x0000000000002310       0xf4 ./FreeRTOS/tasks.o
                0x0000000000002310                vTaskSuspend
 .text.vTaskPlaceOnEventList
                0x0000000000002404       0x34 ./FreeRTOS/tasks.o
                0x0000000000002404                vTaskPlaceOnEventList
 .text.vTaskPlaceOnUnorderedEventList
                0x0000000000002438       0x58 ./FreeRTOS/tasks.o
                0x0000000000002438                vTaskPlaceOnUnorderedEventList
 .text.xTaskRemoveFromEventList
                0x0000000000002490       0x88 ./FreeRTOS/tasks.o
                0x0000000000002490                xTaskRemoveFromEventList
 .text.xTaskRemoveFromUnorderedEventList
                0x0000000000002518       0x90 ./FreeRTOS/tasks.o
                0x0000000000002518                xTaskRemoveFromUnorderedEventList
 .text.vTaskSetTimeOutState
                0x00000000000025a8       0x20 ./FreeRTOS/tasks.o
                0x00000000000025a8                vTaskSetTimeOutState
 .text.xTaskCheckForTimeOut
                0x00000000000025c8       0x88 ./FreeRTOS/tasks.o
                0x00000000000025c8                xTaskCheckForTimeOut
 .text.vTaskMissedYield
                0x0000000000002650        0xc ./FreeRTOS/tasks.o
                0x0000000000002650                vTaskMissedYield
 .text.uxTaskGetTaskNumber
                0x000000000000265c        0x8 ./FreeRTOS/tasks.o
                0x000000000000265c                uxTaskGetTaskNumber
 .text.vTaskSetTaskNumber
                0x0000000000002664        0x8 ./FreeRTOS/tasks.o
                0x0000000000002664                vTaskSetTaskNumber
 .text.vTaskGetTaskInfo
                0x000000000000266c       0x9c ./FreeRTOS/tasks.o
                0x000000000000266c                vTaskGetTaskInfo
 .text.prvListTasksWithinSingleList.part.6
                0x0000000000002708       0x50 ./FreeRTOS/tasks.o
 .text.uxTaskGetSystemState
                0x0000000000002758      0x108 ./FreeRTOS/tasks.o
                0x0000000000002758                uxTaskGetSystemState
 .text.uxTaskGetStackHighWaterMark
                0x0000000000002860       0x2c ./FreeRTOS/tasks.o
                0x0000000000002860                uxTaskGetStackHighWaterMark
 .text.xTaskGetCurrentTaskHandle
                0x000000000000288c        0xc ./FreeRTOS/tasks.o
                0x000000000000288c                xTaskGetCurrentTaskHandle
 .text.vTaskPriorityInherit
                0x0000000000002898       0x98 ./FreeRTOS/tasks.o
                0x0000000000002898                vTaskPriorityInherit
 .text.xTaskPriorityDisinherit
                0x0000000000002930       0xb4 ./FreeRTOS/tasks.o
                0x0000000000002930                xTaskPriorityDisinherit
 .text.uxTaskResetEventItemValue
                0x00000000000029e4       0x18 ./FreeRTOS/tasks.o
                0x00000000000029e4                uxTaskResetEventItemValue
 .text.pvTaskIncrementMutexHeldCount
                0x00000000000029fc       0x18 ./FreeRTOS/tasks.o
                0x00000000000029fc                pvTaskIncrementMutexHeldCount
 .text.ulTaskNotifyTake
                0x0000000000002a14       0x6c ./FreeRTOS/tasks.o
                0x0000000000002a14                ulTaskNotifyTake
 .text.xTaskNotifyWait
                0x0000000000002a80       0x8c ./FreeRTOS/tasks.o
                0x0000000000002a80                xTaskNotifyWait
 .text.xTaskGenericNotify
                0x0000000000002b0c       0xe4 ./FreeRTOS/tasks.o
                0x0000000000002b0c                xTaskGenericNotify
 .text.xTaskGenericNotifyFromISR
                0x0000000000002bf0      0x128 ./FreeRTOS/tasks.o
                0x0000000000002bf0                xTaskGenericNotifyFromISR
 .text.vTaskNotifyGiveFromISR
                0x0000000000002d18       0xec ./FreeRTOS/tasks.o
                0x0000000000002d18                vTaskNotifyGiveFromISR
 .text.xTaskNotifyStateClear
                0x0000000000002e04       0x30 ./FreeRTOS/tasks.o
                0x0000000000002e04                xTaskNotifyStateClear
 .text._dummy7  0x0000000000002e34        0x4 ./source/can.o
                0x0000000000002e34                _dummy7
 .text._dummy4  0x0000000000002e38        0x4 ./source/control.o
                0x0000000000002e38                _dummy4
 .text.pwm_duty_update
                0x0000000000002e3c      0x11c ./source/control.o
                0x0000000000002e3c                pwm_duty_update
 .text.pwm_setup
                0x0000000000002f58       0xd0 ./source/control.o
                0x0000000000002f58                pwm_setup
 .text.pid_current_loop
                0x0000000000003028       0x3c ./source/control.o
                0x0000000000003028                pid_current_loop
 .text.pid_velocity_loop
                0x0000000000003064       0x34 ./source/control.o
                0x0000000000003064                pid_velocity_loop
 .text.pid_state_reset
                0x0000000000003098       0x14 ./source/control.o
                0x0000000000003098                pid_state_reset
 .text.hbridge_soft_start
                0x00000000000030ac       0x28 ./source/control.o
                0x00000000000030ac                hbridge_soft_start
 .text.control_task_code
                0x00000000000030d4      0x18c ./source/control.o
                0x00000000000030d4                control_task_code
 .text._dummy6  0x0000000000003260        0x4 ./source/debug.o
                0x0000000000003260                _dummy6
 .text.led_get  0x0000000000003264       0x2c ./source/debug.o
                0x0000000000003264                led_get
 .text.led_set  0x0000000000003290       0x34 ./source/debug.o
                0x0000000000003290                led_set
 .text.debug_pins_set
                0x00000000000032c4       0x2c ./source/debug.o
                0x00000000000032c4                debug_pins_set
 .text._dummy9  0x00000000000032f0        0x4 ./source/encoder.o
                0x00000000000032f0                _dummy9
 .text.qei_ISR  0x00000000000032f4       0x54 ./source/encoder.o
                0x00000000000032f4                qei_ISR
 .text.encoder_task_code
                0x0000000000003348      0x188 ./source/encoder.o
                0x0000000000003348                encoder_task_code
 .text.encoder_get_motor_position_rads
                0x00000000000034d0        0xc ./source/encoder.o
                0x00000000000034d0                encoder_get_motor_position_rads
 .text.encoder_get_motor_velocity_rads
                0x00000000000034dc        0xc ./source/encoder.o
                0x00000000000034dc                encoder_get_motor_velocity_rads
 .text.encoder_poll_motor_velocity_rads
                0x00000000000034e8       0x20 ./source/encoder.o
                0x00000000000034e8                encoder_poll_motor_velocity_rads
 .text.fir_create
                0x0000000000003508       0x44 ./source/fir.o
                0x0000000000003508                fir_create
 .text.fir_do_filter
                0x000000000000354c       0x70 ./source/fir.o
                0x000000000000354c                fir_do_filter
 .text.panic_putc
                0x00000000000035bc        0xc ./source/logger.o
 .text.debug_uart_putc
                0x00000000000035c8       0x5c ./source/logger.o
 .text.debug_uart_ISR
                0x0000000000003624       0x70 ./source/logger.o
 .text._dummy5  0x0000000000003694        0x4 ./source/logger.o
                0x0000000000003694                _dummy5
 .text.log_msg  0x0000000000003698       0x28 ./source/logger.o
                0x0000000000003698                log_msg
 .text.log_msg_ISR
                0x00000000000036c0       0x24 ./source/logger.o
                0x00000000000036c0                log_msg_ISR
 .text.log_msg_panic
                0x00000000000036e4       0x18 ./source/logger.o
                0x00000000000036e4                log_msg_panic
 .text.logger_task_code
                0x00000000000036fc       0x80 ./source/logger.o
                0x00000000000036fc                logger_task_code
 .text.real_int_from_float
                0x000000000000377c       0x4c ./source/logger.o
                0x000000000000377c                real_int_from_float
 .text.led_task_code
                0x00000000000037c8       0x44 ./source/main.o
                0x00000000000037c8                led_task_code
 .text.poll_task_code
                0x000000000000380c        0xc ./source/main.o
                0x000000000000380c                poll_task_code
 .text._dummy1  0x0000000000003818        0x4 ./source/main.o
                0x0000000000003818                _dummy1
 .text.vApplicationStackOverflowHook
                0x000000000000381c        0x4 ./source/main.o
                0x000000000000381c                vApplicationStackOverflowHook
 .text.assertion_failed
                0x0000000000003820       0x1c ./source/main.o
                0x0000000000003820                assertion_failed
 .text.startup.main
                0x000000000000383c      0x190 ./source/main.o
                0x000000000000383c                main
 .text._dummy8  0x00000000000039cc        0x4 ./source/pinconfig.o
                0x00000000000039cc                _dummy8
 .text.pinconfig
                0x00000000000039d0      0x290 ./source/pinconfig.o
                0x00000000000039d0                pinconfig
 .text._dummy3  0x0000000000003c60        0x4 ./source/sensors.o
                0x0000000000003c60                _dummy3
 .text.adc0_seq0_ISR
                0x0000000000003c64       0x68 ./source/sensors.o
                0x0000000000003c64                adc0_seq0_ISR
 .text.adc1_seq0_ISR
                0x0000000000003ccc       0x4c ./source/sensors.o
                0x0000000000003ccc                adc1_seq0_ISR
 .text.rt_sensor_task_code
                0x0000000000003d18      0x20c ./source/sensors.o
                0x0000000000003d18                rt_sensor_task_code
 .text.ls_sensor_task_code
                0x0000000000003f24       0xb4 ./source/sensors.o
                0x0000000000003f24                ls_sensor_task_code
 .text.sensor_get_motor_current_amps
                0x0000000000003fd8        0xc ./source/sensors.o
                0x0000000000003fd8                sensor_get_motor_current_amps
 .text.sensor_get_vbus_volts
                0x0000000000003fe4        0xc ./source/sensors.o
                0x0000000000003fe4                sensor_get_vbus_volts
 .text.sensor_get_vbatt_volts
                0x0000000000003ff0        0xc ./source/sensors.o
                0x0000000000003ff0                sensor_get_vbatt_volts
 .text.sensor_get_motor_temp_celsius
                0x0000000000003ffc        0xc ./source/sensors.o
                0x0000000000003ffc                sensor_get_motor_temp_celsius
 .text.sensor_get_hbridge_temp_celsius
                0x0000000000004008        0xc ./source/sensors.o
                0x0000000000004008                sensor_get_hbridge_temp_celsius
 .text.array_average
                0x0000000000004014       0x2c ./source/sensors.o
                0x0000000000004014                array_average
 .text._dummy2  0x0000000000004040        0x4 ./source/system.o
                0x0000000000004040                _dummy2
 .text.system_get_state
                0x0000000000004044        0x4 ./source/system.o
                0x0000000000004044                system_get_state
 .text.atoi     0x0000000000004048       0x30 ./source/system.o
                0x0000000000004048                atoi
 .text.process_cmd
                0x0000000000004078       0xd0 ./source/system.o
                0x0000000000004078                process_cmd
 .text.system_task_code
                0x0000000000004148       0x54 ./source/system.o
                0x0000000000004148                system_task_code
 .text.system_init_clocks
                0x000000000000419c       0x1c ./source/system.o
                0x000000000000419c                system_init_clocks
 .text.system_get_sysclk_freq
                0x00000000000041b8        0xc ./source/system.o
                0x00000000000041b8                system_get_sysclk_freq
 .text.system_get_control_mode
                0x00000000000041c4        0xc ./source/system.o
                0x00000000000041c4                system_get_control_mode
 .text.system_get_drive_mode
                0x00000000000041d0        0x4 ./source/system.o
                0x00000000000041d0                system_get_drive_mode
 .text.system_get_control_target
                0x00000000000041d4        0xc ./source/system.o
                0x00000000000041d4                system_get_control_target
 .text.system_get_update_mode
                0x00000000000041e0        0x4 ./source/system.o
                0x00000000000041e0                system_get_update_mode
 .text.system_get_bus_voltage
                0x00000000000041e4        0xc ./source/system.o
                0x00000000000041e4                system_get_bus_voltage
 .text.celsius_from_adc_raw
                0x00000000000041f0       0x9c ./source/thermistor_lut.o
                0x00000000000041f0                celsius_from_adc_raw
 .text.xputc    0x000000000000428c       0x38 ./source/xprintf.o
                0x000000000000428c                xputc
 .text.xvprintf
                0x00000000000042c4      0x280 ./source/xprintf.o
 .text.xputs    0x0000000000004544       0x18 ./source/xprintf.o
                0x0000000000004544                xputs
 .text.xfputs   0x000000000000455c       0x24 ./source/xprintf.o
                0x000000000000455c                xfputs
 .text.xprintf  0x0000000000004580       0x1c ./source/xprintf.o
                0x0000000000004580                xprintf
 .text.xsprintf
                0x000000000000459c       0x30 ./source/xprintf.o
                0x000000000000459c                xsprintf
 .text.xfprintf
                0x00000000000045cc       0x2c ./source/xprintf.o
                0x00000000000045cc                xfprintf
 .text.put_dump
                0x00000000000045f8       0xb0 ./source/xprintf.o
                0x00000000000045f8                put_dump
 .text.xgets    0x00000000000046a8       0x54 ./source/xprintf.o
                0x00000000000046a8                xgets
 .text.xfgets   0x00000000000046fc       0x1c ./source/xprintf.o
                0x00000000000046fc                xfgets
 .text.xatoi    0x0000000000004718       0xb8 ./source/xprintf.o
                0x0000000000004718                xatoi
 .text.calloc   0x00000000000047d0       0x10 /home/odougs/bin/ti/ccsv7/tools/compiler/gcc-arm-none-eabi-6-2017-q1-update/bin/../lib/gcc/arm-none-eabi/6.3.1/../../../../arm-none-eabi/lib/thumb/v7e-m/fpv4-sp/hard/libc.a(lib_a-calloc.o)
                0x00000000000047d0                calloc
 .text._calloc_r
                0x00000000000047e0       0x60 /home/odougs/bin/ti/ccsv7/tools/compiler/gcc-arm-none-eabi-6-2017-q1-update/bin/../lib/gcc/arm-none-eabi/6.3.1/../../../../arm-none-eabi/lib/thumb/v7e-m/fpv4-sp/hard/libc.a(lib_a-callocr.o)
                0x00000000000047e0                _calloc_r
 .text.exit     0x0000000000004840       0x20 /home/odougs/bin/ti/ccsv7/tools/compiler/gcc-arm-none-eabi-6-2017-q1-update/bin/../lib/gcc/arm-none-eabi/6.3.1/../../../../arm-none-eabi/lib/thumb/v7e-m/fpv4-sp/hard/libc.a(lib_a-exit.o)
                0x0000000000004840                exit
 .text.__libc_init_array
                0x0000000000004860       0x50 /home/odougs/bin/ti/ccsv7/tools/compiler/gcc-arm-none-eabi-6-2017-q1-update/bin/../lib/gcc/arm-none-eabi/6.3.1/../../../../arm-none-eabi/lib/thumb/v7e-m/fpv4-sp/hard/libc.a(lib_a-init.o)
                0x0000000000004860                __libc_init_array
 .text.malloc   0x00000000000048b0       0x10 /home/odougs/bin/ti/ccsv7/tools/compiler/gcc-arm-none-eabi-6-2017-q1-update/bin/../lib/gcc/arm-none-eabi/6.3.1/../../../../arm-none-eabi/lib/thumb/v7e-m/fpv4-sp/hard/libc.a(lib_a-malloc.o)
                0x00000000000048b0                malloc
 .text.free     0x00000000000048c0       0x10 /home/odougs/bin/ti/ccsv7/tools/compiler/gcc-arm-none-eabi-6-2017-q1-update/bin/../lib/gcc/arm-none-eabi/6.3.1/../../../../arm-none-eabi/lib/thumb/v7e-m/fpv4-sp/hard/libc.a(lib_a-malloc.o)
                0x00000000000048c0                free
 .text._malloc_r
                0x00000000000048d0      0x560 /home/odougs/bin/ti/ccsv7/tools/compiler/gcc-arm-none-eabi-6-2017-q1-update/bin/../lib/gcc/arm-none-eabi/6.3.1/../../../../arm-none-eabi/lib/thumb/v7e-m/fpv4-sp/hard/libc.a(lib_a-mallocr.o)
                0x00000000000048d0                _malloc_r
 .text.memset   0x0000000000004e30       0x9c /home/odougs/bin/ti/ccsv7/tools/compiler/gcc-arm-none-eabi-6-2017-q1-update/bin/../lib/gcc/arm-none-eabi/6.3.1/../../../../arm-none-eabi/lib/thumb/v7e-m/fpv4-sp/hard/libc.a(lib_a-memset.o)
                0x0000000000004e30                memset
 .text.__malloc_lock
                0x0000000000004ecc        0xc /home/odougs/bin/ti/ccsv7/tools/compiler/gcc-arm-none-eabi-6-2017-q1-update/bin/../lib/gcc/arm-none-eabi/6.3.1/../../../../arm-none-eabi/lib/thumb/v7e-m/fpv4-sp/hard/libc.a(lib_a-mlock.o)
                0x0000000000004ecc                __malloc_lock
 .text.__malloc_unlock
                0x0000000000004ed8        0xc /home/odougs/bin/ti/ccsv7/tools/compiler/gcc-arm-none-eabi-6-2017-q1-update/bin/../lib/gcc/arm-none-eabi/6.3.1/../../../../arm-none-eabi/lib/thumb/v7e-m/fpv4-sp/hard/libc.a(lib_a-mlock.o)
                0x0000000000004ed8                __malloc_unlock
 .text._sbrk_r  0x0000000000004ee4       0x24 /home/odougs/bin/ti/ccsv7/tools/compiler/gcc-arm-none-eabi-6-2017-q1-update/bin/../lib/gcc/arm-none-eabi/6.3.1/../../../../arm-none-eabi/lib/thumb/v7e-m/fpv4-sp/hard/libc.a(lib_a-sbrkr.o)
                0x0000000000004ee4                _sbrk_r
 .text.startup.register_fini
                0x0000000000004f08       0x14 /home/odougs/bin/ti/ccsv7/tools/compiler/gcc-arm-none-eabi-6-2017-q1-update/bin/../lib/gcc/arm-none-eabi/6.3.1/../../../../arm-none-eabi/lib/thumb/v7e-m/fpv4-sp/hard/libc.a(lib_a-__call_atexit.o)
 .text.__call_exitprocs
                0x0000000000004f1c       0xe8 /home/odougs/bin/ti/ccsv7/tools/compiler/gcc-arm-none-eabi-6-2017-q1-update/bin/../lib/gcc/arm-none-eabi/6.3.1/../../../../arm-none-eabi/lib/thumb/v7e-m/fpv4-sp/hard/libc.a(lib_a-__call_atexit.o)
                0x0000000000004f1c                __call_exitprocs
 .text.atexit   0x0000000000005004        0xc /home/odougs/bin/ti/ccsv7/tools/compiler/gcc-arm-none-eabi-6-2017-q1-update/bin/../lib/gcc/arm-none-eabi/6.3.1/../../../../arm-none-eabi/lib/thumb/v7e-m/fpv4-sp/hard/libc.a(lib_a-atexit.o)
                0x0000000000005004                atexit
 .text.__libc_fini_array
                0x0000000000005010       0x34 /home/odougs/bin/ti/ccsv7/tools/compiler/gcc-arm-none-eabi-6-2017-q1-update/bin/../lib/gcc/arm-none-eabi/6.3.1/../../../../arm-none-eabi/lib/thumb/v7e-m/fpv4-sp/hard/libc.a(lib_a-fini.o)
                0x0000000000005010                __libc_fini_array
 .text._malloc_trim_r
                0x0000000000005044       0xa0 /home/odougs/bin/ti/ccsv7/tools/compiler/gcc-arm-none-eabi-6-2017-q1-update/bin/../lib/gcc/arm-none-eabi/6.3.1/../../../../arm-none-eabi/lib/thumb/v7e-m/fpv4-sp/hard/libc.a(lib_a-freer.o)
                0x0000000000005044                _malloc_trim_r
 .text._free_r  0x00000000000050e4      0x1cc /home/odougs/bin/ti/ccsv7/tools/compiler/gcc-arm-none-eabi-6-2017-q1-update/bin/../lib/gcc/arm-none-eabi/6.3.1/../../../../arm-none-eabi/lib/thumb/v7e-m/fpv4-sp/hard/libc.a(lib_a-freer.o)
                0x00000000000050e4                _free_r
 .text.__retarget_lock_init
                0x00000000000052b0        0x4 /home/odougs/bin/ti/ccsv7/tools/compiler/gcc-arm-none-eabi-6-2017-q1-update/bin/../lib/gcc/arm-none-eabi/6.3.1/../../../../arm-none-eabi/lib/thumb/v7e-m/fpv4-sp/hard/libc.a(lib_a-lock.o)
                0x00000000000052b0                __retarget_lock_init
 .text.__retarget_lock_init_recursive
                0x00000000000052b4        0x4 /home/odougs/bin/ti/ccsv7/tools/compiler/gcc-arm-none-eabi-6-2017-q1-update/bin/../lib/gcc/arm-none-eabi/6.3.1/../../../../arm-none-eabi/lib/thumb/v7e-m/fpv4-sp/hard/libc.a(lib_a-lock.o)
                0x00000000000052b4                __retarget_lock_init_recursive
 .text.__retarget_lock_close
                0x00000000000052b8        0x4 /home/odougs/bin/ti/ccsv7/tools/compiler/gcc-arm-none-eabi-6-2017-q1-update/bin/../lib/gcc/arm-none-eabi/6.3.1/../../../../arm-none-eabi/lib/thumb/v7e-m/fpv4-sp/hard/libc.a(lib_a-lock.o)
                0x00000000000052b8                __retarget_lock_close
 .text.__retarget_lock_close_recursive
                0x00000000000052bc        0x4 /home/odougs/bin/ti/ccsv7/tools/compiler/gcc-arm-none-eabi-6-2017-q1-update/bin/../lib/gcc/arm-none-eabi/6.3.1/../../../../arm-none-eabi/lib/thumb/v7e-m/fpv4-sp/hard/libc.a(lib_a-lock.o)
                0x00000000000052bc                __retarget_lock_close_recursive
 .text.__retarget_lock_acquire
                0x00000000000052c0        0x4 /home/odougs/bin/ti/ccsv7/tools/compiler/gcc-arm-none-eabi-6-2017-q1-update/bin/../lib/gcc/arm-none-eabi/6.3.1/../../../../arm-none-eabi/lib/thumb/v7e-m/fpv4-sp/hard/libc.a(lib_a-lock.o)
                0x00000000000052c0                __retarget_lock_acquire
 .text.__retarget_lock_acquire_recursive
                0x00000000000052c4        0x4 /home/odougs/bin/ti/ccsv7/tools/compiler/gcc-arm-none-eabi-6-2017-q1-update/bin/../lib/gcc/arm-none-eabi/6.3.1/../../../../arm-none-eabi/lib/thumb/v7e-m/fpv4-sp/hard/libc.a(lib_a-lock.o)
                0x00000000000052c4                __retarget_lock_acquire_recursive
 .text.__retarget_lock_try_acquire
                0x00000000000052c8        0x4 /home/odougs/bin/ti/ccsv7/tools/compiler/gcc-arm-none-eabi-6-2017-q1-update/bin/../lib/gcc/arm-none-eabi/6.3.1/../../../../arm-none-eabi/lib/thumb/v7e-m/fpv4-sp/hard/libc.a(lib_a-lock.o)
                0x00000000000052c8                __retarget_lock_try_acquire
 .text.__retarget_lock_try_acquire_recursive
                0x00000000000052cc        0x4 /home/odougs/bin/ti/ccsv7/tools/compiler/gcc-arm-none-eabi-6-2017-q1-update/bin/../lib/gcc/arm-none-eabi/6.3.1/../../../../arm-none-eabi/lib/thumb/v7e-m/fpv4-sp/hard/libc.a(lib_a-lock.o)
                0x00000000000052cc                __retarget_lock_try_acquire_recursive
 .text.__retarget_lock_release
                0x00000000000052d0        0x4 /home/odougs/bin/ti/ccsv7/tools/compiler/gcc-arm-none-eabi-6-2017-q1-update/bin/../lib/gcc/arm-none-eabi/6.3.1/../../../../arm-none-eabi/lib/thumb/v7e-m/fpv4-sp/hard/libc.a(lib_a-lock.o)
                0x00000000000052d0                __retarget_lock_release
 .text.__retarget_lock_release_recursive
                0x00000000000052d4        0x4 /home/odougs/bin/ti/ccsv7/tools/compiler/gcc-arm-none-eabi-6-2017-q1-update/bin/../lib/gcc/arm-none-eabi/6.3.1/../../../../arm-none-eabi/lib/thumb/v7e-m/fpv4-sp/hard/libc.a(lib_a-lock.o)
                0x00000000000052d4                __retarget_lock_release_recursive
 .text.cleanup_glue
                0x00000000000052d8       0x1c /home/odougs/bin/ti/ccsv7/tools/compiler/gcc-arm-none-eabi-6-2017-q1-update/bin/../lib/gcc/arm-none-eabi/6.3.1/../../../../arm-none-eabi/lib/thumb/v7e-m/fpv4-sp/hard/libc.a(lib_a-reent.o)
                0x00000000000052d8                cleanup_glue
 .text._reclaim_reent
                0x00000000000052f4       0x88 /home/odougs/bin/ti/ccsv7/tools/compiler/gcc-arm-none-eabi-6-2017-q1-update/bin/../lib/gcc/arm-none-eabi/6.3.1/../../../../arm-none-eabi/lib/thumb/v7e-m/fpv4-sp/hard/libc.a(lib_a-reent.o)
                0x00000000000052f4                _reclaim_reent
 .text.__register_exitproc
                0x000000000000537c       0xc4 /home/odougs/bin/ti/ccsv7/tools/compiler/gcc-arm-none-eabi-6-2017-q1-update/bin/../lib/gcc/arm-none-eabi/6.3.1/../../../../arm-none-eabi/lib/thumb/v7e-m/fpv4-sp/hard/libc.a(lib_a-__atexit.o)
                0x000000000000537c                __register_exitproc
 .text._ADCIntNumberGet
                0x0000000000005440       0x54 /mnt/storage/project/2kwMotorController/firmware/Tivaware/driverlib/gcc/libdriver.a(adc.o)
 .text.ADCIntRegister
                0x0000000000005494       0x1a /mnt/storage/project/2kwMotorController/firmware/Tivaware/driverlib/gcc/libdriver.a(adc.o)
                0x0000000000005494                ADCIntRegister
 .text.ADCIntUnregister
                0x00000000000054ae       0x16 /mnt/storage/project/2kwMotorController/firmware/Tivaware/driverlib/gcc/libdriver.a(adc.o)
                0x00000000000054ae                ADCIntUnregister
 .text.ADCIntDisable
                0x00000000000054c4       0x10 /mnt/storage/project/2kwMotorController/firmware/Tivaware/driverlib/gcc/libdriver.a(adc.o)
                0x00000000000054c4                ADCIntDisable
 .text.ADCIntEnable
                0x00000000000054d4       0x10 /mnt/storage/project/2kwMotorController/firmware/Tivaware/driverlib/gcc/libdriver.a(adc.o)
                0x00000000000054d4                ADCIntEnable
 .text.ADCIntStatus
                0x00000000000054e4       0x34 /mnt/storage/project/2kwMotorController/firmware/Tivaware/driverlib/gcc/libdriver.a(adc.o)
                0x00000000000054e4                ADCIntStatus
 .text.ADCIntClear
                0x0000000000005518        0xa /mnt/storage/project/2kwMotorController/firmware/Tivaware/driverlib/gcc/libdriver.a(adc.o)
                0x0000000000005518                ADCIntClear
 .text.ADCSequenceEnable
                0x0000000000005522        0xe /mnt/storage/project/2kwMotorController/firmware/Tivaware/driverlib/gcc/libdriver.a(adc.o)
                0x0000000000005522                ADCSequenceEnable
 .text.ADCSequenceDisable
                0x0000000000005530       0x10 /mnt/storage/project/2kwMotorController/firmware/Tivaware/driverlib/gcc/libdriver.a(adc.o)
                0x0000000000005530                ADCSequenceDisable
 .text.ADCSequenceConfigure
                0x0000000000005540       0x54 /mnt/storage/project/2kwMotorController/firmware/Tivaware/driverlib/gcc/libdriver.a(adc.o)
                0x0000000000005540                ADCSequenceConfigure
 .text.ADCSequenceStepConfigure
                0x0000000000005594       0x84 /mnt/storage/project/2kwMotorController/firmware/Tivaware/driverlib/gcc/libdriver.a(adc.o)
                0x0000000000005594                ADCSequenceStepConfigure
 .text.ADCSequenceOverflow
                0x0000000000005618        0xc /mnt/storage/project/2kwMotorController/firmware/Tivaware/driverlib/gcc/libdriver.a(adc.o)
                0x0000000000005618                ADCSequenceOverflow
 .text.ADCSequenceOverflowClear
                0x0000000000005624        0xa /mnt/storage/project/2kwMotorController/firmware/Tivaware/driverlib/gcc/libdriver.a(adc.o)
                0x0000000000005624                ADCSequenceOverflowClear
 .text.ADCSequenceUnderflow
                0x000000000000562e        0xc /mnt/storage/project/2kwMotorController/firmware/Tivaware/driverlib/gcc/libdriver.a(adc.o)
                0x000000000000562e                ADCSequenceUnderflow
 .text.ADCSequenceUnderflowClear
                0x000000000000563a        0xa /mnt/storage/project/2kwMotorController/firmware/Tivaware/driverlib/gcc/libdriver.a(adc.o)
                0x000000000000563a                ADCSequenceUnderflowClear
 .text.ADCSequenceDataGet
                0x0000000000005644       0x1e /mnt/storage/project/2kwMotorController/firmware/Tivaware/driverlib/gcc/libdriver.a(adc.o)
                0x0000000000005644                ADCSequenceDataGet
 .text.ADCProcessorTrigger
                0x0000000000005662       0x18 /mnt/storage/project/2kwMotorController/firmware/Tivaware/driverlib/gcc/libdriver.a(adc.o)
                0x0000000000005662                ADCProcessorTrigger
 *fill*         0x000000000000567a        0x2 
 .text.ADCSoftwareOversampleConfigure
                0x000000000000567c       0x28 /mnt/storage/project/2kwMotorController/firmware/Tivaware/driverlib/gcc/libdriver.a(adc.o)
                0x000000000000567c                ADCSoftwareOversampleConfigure
 .text.ADCSoftwareOversampleStepConfigure
                0x00000000000056a4       0x8c /mnt/storage/project/2kwMotorController/firmware/Tivaware/driverlib/gcc/libdriver.a(adc.o)
                0x00000000000056a4                ADCSoftwareOversampleStepConfigure
 .text.ADCSoftwareOversampleDataGet
                0x0000000000005730       0x48 /mnt/storage/project/2kwMotorController/firmware/Tivaware/driverlib/gcc/libdriver.a(adc.o)
                0x0000000000005730                ADCSoftwareOversampleDataGet
 .text.ADCHardwareOversampleConfigure
                0x0000000000005778       0x10 /mnt/storage/project/2kwMotorController/firmware/Tivaware/driverlib/gcc/libdriver.a(adc.o)
                0x0000000000005778                ADCHardwareOversampleConfigure
 .text.ADCComparatorConfigure
                0x0000000000005788        0xa /mnt/storage/project/2kwMotorController/firmware/Tivaware/driverlib/gcc/libdriver.a(adc.o)
                0x0000000000005788                ADCComparatorConfigure
 .text.ADCComparatorRegionSet
                0x0000000000005792        0xe /mnt/storage/project/2kwMotorController/firmware/Tivaware/driverlib/gcc/libdriver.a(adc.o)
                0x0000000000005792                ADCComparatorRegionSet
 .text.ADCComparatorReset
                0x00000000000057a0       0x1e /mnt/storage/project/2kwMotorController/firmware/Tivaware/driverlib/gcc/libdriver.a(adc.o)
                0x00000000000057a0                ADCComparatorReset
 .text.ADCComparatorIntDisable
                0x00000000000057be       0x12 /mnt/storage/project/2kwMotorController/firmware/Tivaware/driverlib/gcc/libdriver.a(adc.o)
                0x00000000000057be                ADCComparatorIntDisable
 .text.ADCComparatorIntEnable
                0x00000000000057d0       0x10 /mnt/storage/project/2kwMotorController/firmware/Tivaware/driverlib/gcc/libdriver.a(adc.o)
                0x00000000000057d0                ADCComparatorIntEnable
 .text.ADCComparatorIntStatus
                0x00000000000057e0        0x4 /mnt/storage/project/2kwMotorController/firmware/Tivaware/driverlib/gcc/libdriver.a(adc.o)
                0x00000000000057e0                ADCComparatorIntStatus
 .text.ADCComparatorIntClear
                0x00000000000057e4        0x4 /mnt/storage/project/2kwMotorController/firmware/Tivaware/driverlib/gcc/libdriver.a(adc.o)
                0x00000000000057e4                ADCComparatorIntClear
 .text.ADCIntDisableEx
                0x00000000000057e8        0xa /mnt/storage/project/2kwMotorController/firmware/Tivaware/driverlib/gcc/libdriver.a(adc.o)
                0x00000000000057e8                ADCIntDisableEx
 .text.ADCIntEnableEx
                0x00000000000057f2        0x8 /mnt/storage/project/2kwMotorController/firmware/Tivaware/driverlib/gcc/libdriver.a(adc.o)
                0x00000000000057f2                ADCIntEnableEx
 .text.ADCIntStatusEx
                0x00000000000057fa       0x12 /mnt/storage/project/2kwMotorController/firmware/Tivaware/driverlib/gcc/libdriver.a(adc.o)
                0x00000000000057fa                ADCIntStatusEx
 .text.ADCIntClearEx
                0x000000000000580c        0x4 /mnt/storage/project/2kwMotorController/firmware/Tivaware/driverlib/gcc/libdriver.a(adc.o)
                0x000000000000580c                ADCIntClearEx
 .text.ADCReferenceSet
                0x0000000000005810        0xc /mnt/storage/project/2kwMotorController/firmware/Tivaware/driverlib/gcc/libdriver.a(adc.o)
                0x0000000000005810                ADCReferenceSet
 .text.ADCReferenceGet
                0x000000000000581c        0x8 /mnt/storage/project/2kwMotorController/firmware/Tivaware/driverlib/gcc/libdriver.a(adc.o)
                0x000000000000581c                ADCReferenceGet
 .text.ADCPhaseDelaySet
                0x0000000000005824        0x4 /mnt/storage/project/2kwMotorController/firmware/Tivaware/driverlib/gcc/libdriver.a(adc.o)
                0x0000000000005824                ADCPhaseDelaySet
 .text.ADCPhaseDelayGet
                0x0000000000005828        0x4 /mnt/storage/project/2kwMotorController/firmware/Tivaware/driverlib/gcc/libdriver.a(adc.o)
                0x0000000000005828                ADCPhaseDelayGet
 .text.ADCSequenceDMAEnable
                0x000000000000582c       0x10 /mnt/storage/project/2kwMotorController/firmware/Tivaware/driverlib/gcc/libdriver.a(adc.o)
                0x000000000000582c                ADCSequenceDMAEnable
 .text.ADCSequenceDMADisable
                0x000000000000583c       0x12 /mnt/storage/project/2kwMotorController/firmware/Tivaware/driverlib/gcc/libdriver.a(adc.o)
                0x000000000000583c                ADCSequenceDMADisable
 .text.ADCBusy  0x000000000000584e        0x8 /mnt/storage/project/2kwMotorController/firmware/Tivaware/driverlib/gcc/libdriver.a(adc.o)
                0x000000000000584e                ADCBusy
 .text.ADCClockConfigSet
                0x0000000000005856       0x18 /mnt/storage/project/2kwMotorController/firmware/Tivaware/driverlib/gcc/libdriver.a(adc.o)
                0x0000000000005856                ADCClockConfigSet
 .text.ADCClockConfigGet
                0x000000000000586e       0x1e /mnt/storage/project/2kwMotorController/firmware/Tivaware/driverlib/gcc/libdriver.a(adc.o)
                0x000000000000586e                ADCClockConfigGet
 .text._GPIOIntNumberGet
                0x000000000000588c       0x48 /mnt/storage/project/2kwMotorController/firmware/Tivaware/driverlib/gcc/libdriver.a(gpio.o)
 .text.GPIODirModeSet
                0x00000000000058d4       0x2e /mnt/storage/project/2kwMotorController/firmware/Tivaware/driverlib/gcc/libdriver.a(gpio.o)
                0x00000000000058d4                GPIODirModeSet
 .text.GPIODirModeGet
                0x0000000000005902       0x24 /mnt/storage/project/2kwMotorController/firmware/Tivaware/driverlib/gcc/libdriver.a(gpio.o)
                0x0000000000005902                GPIODirModeGet
 .text.GPIOIntTypeSet
                0x0000000000005926       0x5a /mnt/storage/project/2kwMotorController/firmware/Tivaware/driverlib/gcc/libdriver.a(gpio.o)
                0x0000000000005926                GPIOIntTypeSet
 .text.GPIOIntTypeGet
                0x0000000000005980       0x4a /mnt/storage/project/2kwMotorController/firmware/Tivaware/driverlib/gcc/libdriver.a(gpio.o)
                0x0000000000005980                GPIOIntTypeGet
 .text.GPIOPadConfigSet
                0x00000000000059ca      0x130 /mnt/storage/project/2kwMotorController/firmware/Tivaware/driverlib/gcc/libdriver.a(gpio.o)
                0x00000000000059ca                GPIOPadConfigSet
 .text.GPIOPadConfigGet
                0x0000000000005afa       0xc4 /mnt/storage/project/2kwMotorController/firmware/Tivaware/driverlib/gcc/libdriver.a(gpio.o)
                0x0000000000005afa                GPIOPadConfigGet
 .text.GPIOIntEnable
                0x0000000000005bbe        0xc /mnt/storage/project/2kwMotorController/firmware/Tivaware/driverlib/gcc/libdriver.a(gpio.o)
                0x0000000000005bbe                GPIOIntEnable
 .text.GPIOIntDisable
                0x0000000000005bca        0xe /mnt/storage/project/2kwMotorController/firmware/Tivaware/driverlib/gcc/libdriver.a(gpio.o)
                0x0000000000005bca                GPIOIntDisable
 .text.GPIOIntStatus
                0x0000000000005bd8        0xe /mnt/storage/project/2kwMotorController/firmware/Tivaware/driverlib/gcc/libdriver.a(gpio.o)
                0x0000000000005bd8                GPIOIntStatus
 .text.GPIOIntClear
                0x0000000000005be6        0x6 /mnt/storage/project/2kwMotorController/firmware/Tivaware/driverlib/gcc/libdriver.a(gpio.o)
                0x0000000000005be6                GPIOIntClear
 .text.GPIOIntRegister
                0x0000000000005bec       0x1a /mnt/storage/project/2kwMotorController/firmware/Tivaware/driverlib/gcc/libdriver.a(gpio.o)
                0x0000000000005bec                GPIOIntRegister
 .text.GPIOIntUnregister
                0x0000000000005c06       0x16 /mnt/storage/project/2kwMotorController/firmware/Tivaware/driverlib/gcc/libdriver.a(gpio.o)
                0x0000000000005c06                GPIOIntUnregister
 .text.GPIOIntRegisterPin
                0x0000000000005c1c       0x1e /mnt/storage/project/2kwMotorController/firmware/Tivaware/driverlib/gcc/libdriver.a(gpio.o)
                0x0000000000005c1c                GPIOIntRegisterPin
 .text.GPIOIntUnregisterPin
                0x0000000000005c3a       0x1a /mnt/storage/project/2kwMotorController/firmware/Tivaware/driverlib/gcc/libdriver.a(gpio.o)
                0x0000000000005c3a                GPIOIntUnregisterPin
 .text.GPIOPinRead
                0x0000000000005c54        0x6 /mnt/storage/project/2kwMotorController/firmware/Tivaware/driverlib/gcc/libdriver.a(gpio.o)
                0x0000000000005c54                GPIOPinRead
 .text.GPIOPinWrite
                0x0000000000005c5a        0x6 /mnt/storage/project/2kwMotorController/firmware/Tivaware/driverlib/gcc/libdriver.a(gpio.o)
                0x0000000000005c5a                GPIOPinWrite
 .text.GPIOPinTypeADC
                0x0000000000005c60       0x1c /mnt/storage/project/2kwMotorController/firmware/Tivaware/driverlib/gcc/libdriver.a(gpio.o)
                0x0000000000005c60                GPIOPinTypeADC
 .text.GPIOPinTypeCAN
                0x0000000000005c7c       0x1c /mnt/storage/project/2kwMotorController/firmware/Tivaware/driverlib/gcc/libdriver.a(gpio.o)
                0x0000000000005c7c                GPIOPinTypeCAN
 .text.GPIOPinTypeComparator
                0x0000000000005c98       0x1c /mnt/storage/project/2kwMotorController/firmware/Tivaware/driverlib/gcc/libdriver.a(gpio.o)
                0x0000000000005c98                GPIOPinTypeComparator
 .text.GPIOPinTypeComparatorOutput
                0x0000000000005cb4       0x1c /mnt/storage/project/2kwMotorController/firmware/Tivaware/driverlib/gcc/libdriver.a(gpio.o)
                0x0000000000005cb4                GPIOPinTypeComparatorOutput
 .text.GPIOPinTypeDIVSCLK
                0x0000000000005cd0       0x1c /mnt/storage/project/2kwMotorController/firmware/Tivaware/driverlib/gcc/libdriver.a(gpio.o)
                0x0000000000005cd0                GPIOPinTypeDIVSCLK
 .text.GPIOPinTypeEPI
                0x0000000000005cec       0x1c /mnt/storage/project/2kwMotorController/firmware/Tivaware/driverlib/gcc/libdriver.a(gpio.o)
                0x0000000000005cec                GPIOPinTypeEPI
 .text.GPIOPinTypeEthernetLED
                0x0000000000005d08       0x1c /mnt/storage/project/2kwMotorController/firmware/Tivaware/driverlib/gcc/libdriver.a(gpio.o)
                0x0000000000005d08                GPIOPinTypeEthernetLED
 .text.GPIOPinTypeEthernetMII
                0x0000000000005d24       0x1c /mnt/storage/project/2kwMotorController/firmware/Tivaware/driverlib/gcc/libdriver.a(gpio.o)
                0x0000000000005d24                GPIOPinTypeEthernetMII
 .text.GPIOPinTypeGPIOInput
                0x0000000000005d40       0x1c /mnt/storage/project/2kwMotorController/firmware/Tivaware/driverlib/gcc/libdriver.a(gpio.o)
                0x0000000000005d40                GPIOPinTypeGPIOInput
 .text.GPIOPinTypeGPIOOutput
                0x0000000000005d5c       0x1c /mnt/storage/project/2kwMotorController/firmware/Tivaware/driverlib/gcc/libdriver.a(gpio.o)
                0x0000000000005d5c                GPIOPinTypeGPIOOutput
 .text.GPIOPinTypeGPIOOutputOD
                0x0000000000005d78       0x1c /mnt/storage/project/2kwMotorController/firmware/Tivaware/driverlib/gcc/libdriver.a(gpio.o)
                0x0000000000005d78                GPIOPinTypeGPIOOutputOD
 .text.GPIOPinTypeHibernateRTCCLK
                0x0000000000005d94       0x1c /mnt/storage/project/2kwMotorController/firmware/Tivaware/driverlib/gcc/libdriver.a(gpio.o)
                0x0000000000005d94                GPIOPinTypeHibernateRTCCLK
 .text.GPIOPinTypeI2C
                0x0000000000005db0       0x1c /mnt/storage/project/2kwMotorController/firmware/Tivaware/driverlib/gcc/libdriver.a(gpio.o)
                0x0000000000005db0                GPIOPinTypeI2C
 .text.GPIOPinTypeI2CSCL
                0x0000000000005dcc       0x1c /mnt/storage/project/2kwMotorController/firmware/Tivaware/driverlib/gcc/libdriver.a(gpio.o)
                0x0000000000005dcc                GPIOPinTypeI2CSCL
 .text.GPIOPinTypeLCD
                0x0000000000005de8       0x1c /mnt/storage/project/2kwMotorController/firmware/Tivaware/driverlib/gcc/libdriver.a(gpio.o)
                0x0000000000005de8                GPIOPinTypeLCD
 .text.GPIOPinTypeOneWire
                0x0000000000005e04       0x1c /mnt/storage/project/2kwMotorController/firmware/Tivaware/driverlib/gcc/libdriver.a(gpio.o)
                0x0000000000005e04                GPIOPinTypeOneWire
 .text.GPIOPinTypePWM
                0x0000000000005e20       0x1c /mnt/storage/project/2kwMotorController/firmware/Tivaware/driverlib/gcc/libdriver.a(gpio.o)
                0x0000000000005e20                GPIOPinTypePWM
 .text.GPIOPinTypeQEI
                0x0000000000005e3c       0x1c /mnt/storage/project/2kwMotorController/firmware/Tivaware/driverlib/gcc/libdriver.a(gpio.o)
                0x0000000000005e3c                GPIOPinTypeQEI
 .text.GPIOPinTypeSSI
                0x0000000000005e58       0x1c /mnt/storage/project/2kwMotorController/firmware/Tivaware/driverlib/gcc/libdriver.a(gpio.o)
                0x0000000000005e58                GPIOPinTypeSSI
 .text.GPIOPinTypeTimer
                0x0000000000005e74       0x1c /mnt/storage/project/2kwMotorController/firmware/Tivaware/driverlib/gcc/libdriver.a(gpio.o)
                0x0000000000005e74                GPIOPinTypeTimer
 .text.GPIOPinTypeTrace
                0x0000000000005e90       0x1c /mnt/storage/project/2kwMotorController/firmware/Tivaware/driverlib/gcc/libdriver.a(gpio.o)
                0x0000000000005e90                GPIOPinTypeTrace
 .text.GPIOPinTypeUART
                0x0000000000005eac       0x1c /mnt/storage/project/2kwMotorController/firmware/Tivaware/driverlib/gcc/libdriver.a(gpio.o)
                0x0000000000005eac                GPIOPinTypeUART
 .text.GPIOPinTypeUSBAnalog
                0x0000000000005ec8       0x1c /mnt/storage/project/2kwMotorController/firmware/Tivaware/driverlib/gcc/libdriver.a(gpio.o)
                0x0000000000005ec8                GPIOPinTypeUSBAnalog
 .text.GPIOPinTypeUSBDigital
                0x0000000000005ee4       0x1c /mnt/storage/project/2kwMotorController/firmware/Tivaware/driverlib/gcc/libdriver.a(gpio.o)
                0x0000000000005ee4                GPIOPinTypeUSBDigital
 .text.GPIOPinTypeWakeHigh
                0x0000000000005f00       0x1e /mnt/storage/project/2kwMotorController/firmware/Tivaware/driverlib/gcc/libdriver.a(gpio.o)
                0x0000000000005f00                GPIOPinTypeWakeHigh
 .text.GPIOPinTypeWakeLow
                0x0000000000005f1e       0x1e /mnt/storage/project/2kwMotorController/firmware/Tivaware/driverlib/gcc/libdriver.a(gpio.o)
                0x0000000000005f1e                GPIOPinTypeWakeLow
 .text.GPIOPinWakeStatus
                0x0000000000005f3c        0x6 /mnt/storage/project/2kwMotorController/firmware/Tivaware/driverlib/gcc/libdriver.a(gpio.o)
                0x0000000000005f3c                GPIOPinWakeStatus
 *fill*         0x0000000000005f42        0x2 
 .text.GPIOPinConfigure
                0x0000000000005f44       0x4c /mnt/storage/project/2kwMotorController/firmware/Tivaware/driverlib/gcc/libdriver.a(gpio.o)
                0x0000000000005f44                GPIOPinConfigure
 .text.GPIODMATriggerEnable
                0x0000000000005f90        0xc /mnt/storage/project/2kwMotorController/firmware/Tivaware/driverlib/gcc/libdriver.a(gpio.o)
                0x0000000000005f90                GPIODMATriggerEnable
 .text.GPIODMATriggerDisable
                0x0000000000005f9c        0xe /mnt/storage/project/2kwMotorController/firmware/Tivaware/driverlib/gcc/libdriver.a(gpio.o)
                0x0000000000005f9c                GPIODMATriggerDisable
 .text.GPIOADCTriggerEnable
                0x0000000000005faa        0xc /mnt/storage/project/2kwMotorController/firmware/Tivaware/driverlib/gcc/libdriver.a(gpio.o)
                0x0000000000005faa                GPIOADCTriggerEnable
 .text.GPIOADCTriggerDisable
                0x0000000000005fb6        0xe /mnt/storage/project/2kwMotorController/firmware/Tivaware/driverlib/gcc/libdriver.a(gpio.o)
                0x0000000000005fb6                GPIOADCTriggerDisable
 .text._IntDefaultHandler
                0x0000000000005fc4        0x2 /mnt/storage/project/2kwMotorController/firmware/Tivaware/driverlib/gcc/libdriver.a(interrupt.o)
 .text.IntMasterEnable
                0x0000000000005fc6        0xe /mnt/storage/project/2kwMotorController/firmware/Tivaware/driverlib/gcc/libdriver.a(interrupt.o)
                0x0000000000005fc6                IntMasterEnable
 .text.IntMasterDisable
                0x0000000000005fd4        0xe /mnt/storage/project/2kwMotorController/firmware/Tivaware/driverlib/gcc/libdriver.a(interrupt.o)
                0x0000000000005fd4                IntMasterDisable
 *fill*         0x0000000000005fe2        0x2 
 .text.IntRegister
                0x0000000000005fe4       0x34 /mnt/storage/project/2kwMotorController/firmware/Tivaware/driverlib/gcc/libdriver.a(interrupt.o)
                0x0000000000005fe4                IntRegister
 .text.IntUnregister
                0x0000000000006018       0x14 /mnt/storage/project/2kwMotorController/firmware/Tivaware/driverlib/gcc/libdriver.a(interrupt.o)
                0x0000000000006018                IntUnregister
 .text.IntPriorityGroupingSet
                0x000000000000602c       0x1c /mnt/storage/project/2kwMotorController/firmware/Tivaware/driverlib/gcc/libdriver.a(interrupt.o)
                0x000000000000602c                IntPriorityGroupingSet
 .text.IntPriorityGroupingGet
                0x0000000000006048       0x24 /mnt/storage/project/2kwMotorController/firmware/Tivaware/driverlib/gcc/libdriver.a(interrupt.o)
                0x0000000000006048                IntPriorityGroupingGet
 .text.IntPrioritySet
                0x000000000000606c       0x2c /mnt/storage/project/2kwMotorController/firmware/Tivaware/driverlib/gcc/libdriver.a(interrupt.o)
                0x000000000000606c                IntPrioritySet
 .text.IntPriorityGet
                0x0000000000006098       0x1c /mnt/storage/project/2kwMotorController/firmware/Tivaware/driverlib/gcc/libdriver.a(interrupt.o)
                0x0000000000006098                IntPriorityGet
 .text.IntEnable
                0x00000000000060b4       0x60 /mnt/storage/project/2kwMotorController/firmware/Tivaware/driverlib/gcc/libdriver.a(interrupt.o)
                0x00000000000060b4                IntEnable
 .text.IntDisable
                0x0000000000006114       0x60 /mnt/storage/project/2kwMotorController/firmware/Tivaware/driverlib/gcc/libdriver.a(interrupt.o)
                0x0000000000006114                IntDisable
 .text.IntIsEnabled
                0x0000000000006174       0x64 /mnt/storage/project/2kwMotorController/firmware/Tivaware/driverlib/gcc/libdriver.a(interrupt.o)
                0x0000000000006174                IntIsEnabled
 .text.IntPendSet
                0x00000000000061d8       0x50 /mnt/storage/project/2kwMotorController/firmware/Tivaware/driverlib/gcc/libdriver.a(interrupt.o)
                0x00000000000061d8                IntPendSet
 .text.IntPendClear
                0x0000000000006228       0x40 /mnt/storage/project/2kwMotorController/firmware/Tivaware/driverlib/gcc/libdriver.a(interrupt.o)
                0x0000000000006228                IntPendClear
 .text.IntPriorityMaskSet
                0x0000000000006268        0x4 /mnt/storage/project/2kwMotorController/firmware/Tivaware/driverlib/gcc/libdriver.a(interrupt.o)
                0x0000000000006268                IntPriorityMaskSet
 .text.IntPriorityMaskGet
                0x000000000000626c        0x4 /mnt/storage/project/2kwMotorController/firmware/Tivaware/driverlib/gcc/libdriver.a(interrupt.o)
                0x000000000000626c                IntPriorityMaskGet
 .text.IntTrigger
                0x0000000000006270        0xc /mnt/storage/project/2kwMotorController/firmware/Tivaware/driverlib/gcc/libdriver.a(interrupt.o)
                0x0000000000006270                IntTrigger
 .text._PWMGenIntNumberGet
                0x000000000000627c      0x104 /mnt/storage/project/2kwMotorController/firmware/Tivaware/driverlib/gcc/libdriver.a(pwm.o)
 .text._PWMFaultIntNumberGet
                0x0000000000006380       0x48 /mnt/storage/project/2kwMotorController/firmware/Tivaware/driverlib/gcc/libdriver.a(pwm.o)
 .text.PWMGenConfigure
                0x00000000000063c8       0x30 /mnt/storage/project/2kwMotorController/firmware/Tivaware/driverlib/gcc/libdriver.a(pwm.o)
                0x00000000000063c8                PWMGenConfigure
 .text.PWMGenPeriodSet
                0x00000000000063f8       0x12 /mnt/storage/project/2kwMotorController/firmware/Tivaware/driverlib/gcc/libdriver.a(pwm.o)
                0x00000000000063f8                PWMGenPeriodSet
 .text.PWMGenPeriodGet
                0x000000000000640a       0x12 /mnt/storage/project/2kwMotorController/firmware/Tivaware/driverlib/gcc/libdriver.a(pwm.o)
                0x000000000000640a                PWMGenPeriodGet
 .text.PWMGenEnable
                0x000000000000641c        0xa /mnt/storage/project/2kwMotorController/firmware/Tivaware/driverlib/gcc/libdriver.a(pwm.o)
                0x000000000000641c                PWMGenEnable
 .text.PWMGenDisable
                0x0000000000006426        0xa /mnt/storage/project/2kwMotorController/firmware/Tivaware/driverlib/gcc/libdriver.a(pwm.o)
                0x0000000000006426                PWMGenDisable
 .text.PWMPulseWidthSet
                0x0000000000006430       0x1e /mnt/storage/project/2kwMotorController/firmware/Tivaware/driverlib/gcc/libdriver.a(pwm.o)
                0x0000000000006430                PWMPulseWidthSet
 .text.PWMPulseWidthGet
                0x000000000000644e       0x20 /mnt/storage/project/2kwMotorController/firmware/Tivaware/driverlib/gcc/libdriver.a(pwm.o)
                0x000000000000644e                PWMPulseWidthGet
 .text.PWMDeadBandEnable
                0x000000000000646e       0x10 /mnt/storage/project/2kwMotorController/firmware/Tivaware/driverlib/gcc/libdriver.a(pwm.o)
                0x000000000000646e                PWMDeadBandEnable
 .text.PWMDeadBandDisable
                0x000000000000647e        0xc /mnt/storage/project/2kwMotorController/firmware/Tivaware/driverlib/gcc/libdriver.a(pwm.o)
                0x000000000000647e                PWMDeadBandDisable
 .text.PWMSyncUpdate
                0x000000000000648a        0x4 /mnt/storage/project/2kwMotorController/firmware/Tivaware/driverlib/gcc/libdriver.a(pwm.o)
                0x000000000000648a                PWMSyncUpdate
 .text.PWMSyncTimeBase
                0x000000000000648e        0x4 /mnt/storage/project/2kwMotorController/firmware/Tivaware/driverlib/gcc/libdriver.a(pwm.o)
                0x000000000000648e                PWMSyncTimeBase
 .text.PWMOutputState
                0x0000000000006492       0x10 /mnt/storage/project/2kwMotorController/firmware/Tivaware/driverlib/gcc/libdriver.a(pwm.o)
                0x0000000000006492                PWMOutputState
 .text.PWMOutputInvert
                0x00000000000064a2       0x10 /mnt/storage/project/2kwMotorController/firmware/Tivaware/driverlib/gcc/libdriver.a(pwm.o)
                0x00000000000064a2                PWMOutputInvert
 .text.PWMOutputFaultLevel
                0x00000000000064b2       0x10 /mnt/storage/project/2kwMotorController/firmware/Tivaware/driverlib/gcc/libdriver.a(pwm.o)
                0x00000000000064b2                PWMOutputFaultLevel
 .text.PWMOutputFault
                0x00000000000064c2       0x10 /mnt/storage/project/2kwMotorController/firmware/Tivaware/driverlib/gcc/libdriver.a(pwm.o)
                0x00000000000064c2                PWMOutputFault
 .text.PWMGenIntRegister
                0x00000000000064d2       0x1a /mnt/storage/project/2kwMotorController/firmware/Tivaware/driverlib/gcc/libdriver.a(pwm.o)
                0x00000000000064d2                PWMGenIntRegister
 .text.PWMGenIntUnregister
                0x00000000000064ec       0x16 /mnt/storage/project/2kwMotorController/firmware/Tivaware/driverlib/gcc/libdriver.a(pwm.o)
                0x00000000000064ec                PWMGenIntUnregister
 .text.PWMFaultIntRegister
                0x0000000000006502       0x1a /mnt/storage/project/2kwMotorController/firmware/Tivaware/driverlib/gcc/libdriver.a(pwm.o)
                0x0000000000006502                PWMFaultIntRegister
 .text.PWMFaultIntUnregister
                0x000000000000651c       0x16 /mnt/storage/project/2kwMotorController/firmware/Tivaware/driverlib/gcc/libdriver.a(pwm.o)
                0x000000000000651c                PWMFaultIntUnregister
 .text.PWMGenIntTrigEnable
                0x0000000000006532        0xa /mnt/storage/project/2kwMotorController/firmware/Tivaware/driverlib/gcc/libdriver.a(pwm.o)
                0x0000000000006532                PWMGenIntTrigEnable
 .text.PWMGenIntTrigDisable
                0x000000000000653c        0xc /mnt/storage/project/2kwMotorController/firmware/Tivaware/driverlib/gcc/libdriver.a(pwm.o)
                0x000000000000653c                PWMGenIntTrigDisable
 .text.PWMGenIntStatus
                0x0000000000006548        0xc /mnt/storage/project/2kwMotorController/firmware/Tivaware/driverlib/gcc/libdriver.a(pwm.o)
                0x0000000000006548                PWMGenIntStatus
 .text.PWMGenIntClear
                0x0000000000006554        0x6 /mnt/storage/project/2kwMotorController/firmware/Tivaware/driverlib/gcc/libdriver.a(pwm.o)
                0x0000000000006554                PWMGenIntClear
 .text.PWMIntEnable
                0x000000000000655a        0x8 /mnt/storage/project/2kwMotorController/firmware/Tivaware/driverlib/gcc/libdriver.a(pwm.o)
                0x000000000000655a                PWMIntEnable
 .text.PWMIntDisable
                0x0000000000006562        0xa /mnt/storage/project/2kwMotorController/firmware/Tivaware/driverlib/gcc/libdriver.a(pwm.o)
                0x0000000000006562                PWMIntDisable
 .text.PWMFaultIntClear
                0x000000000000656c        0x8 /mnt/storage/project/2kwMotorController/firmware/Tivaware/driverlib/gcc/libdriver.a(pwm.o)
                0x000000000000656c                PWMFaultIntClear
 .text.PWMIntStatus
                0x0000000000006574        0xa /mnt/storage/project/2kwMotorController/firmware/Tivaware/driverlib/gcc/libdriver.a(pwm.o)
                0x0000000000006574                PWMIntStatus
 .text.PWMFaultIntClearExt
                0x000000000000657e        0x4 /mnt/storage/project/2kwMotorController/firmware/Tivaware/driverlib/gcc/libdriver.a(pwm.o)
                0x000000000000657e                PWMFaultIntClearExt
 .text.PWMGenFaultConfigure
                0x0000000000006582       0x18 /mnt/storage/project/2kwMotorController/firmware/Tivaware/driverlib/gcc/libdriver.a(pwm.o)
                0x0000000000006582                PWMGenFaultConfigure
 .text.PWMGenFaultTriggerSet
                0x000000000000659a        0xc /mnt/storage/project/2kwMotorController/firmware/Tivaware/driverlib/gcc/libdriver.a(pwm.o)
                0x000000000000659a                PWMGenFaultTriggerSet
 .text.PWMGenFaultTriggerGet
                0x00000000000065a6        0xc /mnt/storage/project/2kwMotorController/firmware/Tivaware/driverlib/gcc/libdriver.a(pwm.o)
                0x00000000000065a6                PWMGenFaultTriggerGet
 .text.PWMGenFaultStatus
                0x00000000000065b2       0x18 /mnt/storage/project/2kwMotorController/firmware/Tivaware/driverlib/gcc/libdriver.a(pwm.o)
                0x00000000000065b2                PWMGenFaultStatus
 .text.PWMGenFaultClear
                0x00000000000065ca       0x18 /mnt/storage/project/2kwMotorController/firmware/Tivaware/driverlib/gcc/libdriver.a(pwm.o)
                0x00000000000065ca                PWMGenFaultClear
 .text.PWMClockSet
                0x00000000000065e2       0x14 /mnt/storage/project/2kwMotorController/firmware/Tivaware/driverlib/gcc/libdriver.a(pwm.o)
                0x00000000000065e2                PWMClockSet
 .text.PWMClockGet
                0x00000000000065f6       0x1a /mnt/storage/project/2kwMotorController/firmware/Tivaware/driverlib/gcc/libdriver.a(pwm.o)
                0x00000000000065f6                PWMClockGet
 .text.PWMOutputUpdateMode
                0x0000000000006610       0x30 /mnt/storage/project/2kwMotorController/firmware/Tivaware/driverlib/gcc/libdriver.a(pwm.o)
                0x0000000000006610                PWMOutputUpdateMode
 .text._QEIIntNumberGet
                0x0000000000006640       0x48 /mnt/storage/project/2kwMotorController/firmware/Tivaware/driverlib/gcc/libdriver.a(qei.o)
 .text.QEIEnable
                0x0000000000006688        0xa /mnt/storage/project/2kwMotorController/firmware/Tivaware/driverlib/gcc/libdriver.a(qei.o)
                0x0000000000006688                QEIEnable
 .text.QEIDisable
                0x0000000000006692        0xa /mnt/storage/project/2kwMotorController/firmware/Tivaware/driverlib/gcc/libdriver.a(qei.o)
                0x0000000000006692                QEIDisable
 .text.QEIConfigure
                0x000000000000669c        0xe /mnt/storage/project/2kwMotorController/firmware/Tivaware/driverlib/gcc/libdriver.a(qei.o)
                0x000000000000669c                QEIConfigure
 .text.QEIPositionGet
                0x00000000000066aa        0x4 /mnt/storage/project/2kwMotorController/firmware/Tivaware/driverlib/gcc/libdriver.a(qei.o)
                0x00000000000066aa                QEIPositionGet
 .text.QEIPositionSet
                0x00000000000066ae        0x4 /mnt/storage/project/2kwMotorController/firmware/Tivaware/driverlib/gcc/libdriver.a(qei.o)
                0x00000000000066ae                QEIPositionSet
 .text.QEIDirectionGet
                0x00000000000066b2       0x10 /mnt/storage/project/2kwMotorController/firmware/Tivaware/driverlib/gcc/libdriver.a(qei.o)
                0x00000000000066b2                QEIDirectionGet
 .text.QEIErrorGet
                0x00000000000066c2        0x8 /mnt/storage/project/2kwMotorController/firmware/Tivaware/driverlib/gcc/libdriver.a(qei.o)
                0x00000000000066c2                QEIErrorGet
 .text.QEIFilterEnable
                0x00000000000066ca        0xa /mnt/storage/project/2kwMotorController/firmware/Tivaware/driverlib/gcc/libdriver.a(qei.o)
                0x00000000000066ca                QEIFilterEnable
 .text.QEIFilterDisable
                0x00000000000066d4        0xa /mnt/storage/project/2kwMotorController/firmware/Tivaware/driverlib/gcc/libdriver.a(qei.o)
                0x00000000000066d4                QEIFilterDisable
 .text.QEIFilterConfigure
                0x00000000000066de        0xc /mnt/storage/project/2kwMotorController/firmware/Tivaware/driverlib/gcc/libdriver.a(qei.o)
                0x00000000000066de                QEIFilterConfigure
 .text.QEIVelocityEnable
                0x00000000000066ea        0xa /mnt/storage/project/2kwMotorController/firmware/Tivaware/driverlib/gcc/libdriver.a(qei.o)
                0x00000000000066ea                QEIVelocityEnable
 .text.QEIVelocityDisable
                0x00000000000066f4        0xa /mnt/storage/project/2kwMotorController/firmware/Tivaware/driverlib/gcc/libdriver.a(qei.o)
                0x00000000000066f4                QEIVelocityDisable
 .text.QEIVelocityConfigure
                0x00000000000066fe       0x10 /mnt/storage/project/2kwMotorController/firmware/Tivaware/driverlib/gcc/libdriver.a(qei.o)
                0x00000000000066fe                QEIVelocityConfigure
 .text.QEIVelocityGet
                0x000000000000670e        0x4 /mnt/storage/project/2kwMotorController/firmware/Tivaware/driverlib/gcc/libdriver.a(qei.o)
                0x000000000000670e                QEIVelocityGet
 .text.QEIIntRegister
                0x0000000000006712       0x1a /mnt/storage/project/2kwMotorController/firmware/Tivaware/driverlib/gcc/libdriver.a(qei.o)
                0x0000000000006712                QEIIntRegister
 .text.QEIIntUnregister
                0x000000000000672c       0x16 /mnt/storage/project/2kwMotorController/firmware/Tivaware/driverlib/gcc/libdriver.a(qei.o)
                0x000000000000672c                QEIIntUnregister
 .text.QEIIntEnable
                0x0000000000006742        0x8 /mnt/storage/project/2kwMotorController/firmware/Tivaware/driverlib/gcc/libdriver.a(qei.o)
                0x0000000000006742                QEIIntEnable
 .text.QEIIntDisable
                0x000000000000674a        0xa /mnt/storage/project/2kwMotorController/firmware/Tivaware/driverlib/gcc/libdriver.a(qei.o)
                0x000000000000674a                QEIIntDisable
 .text.QEIIntStatus
                0x0000000000006754        0xa /mnt/storage/project/2kwMotorController/firmware/Tivaware/driverlib/gcc/libdriver.a(qei.o)
                0x0000000000006754                QEIIntStatus
 .text.QEIIntClear
                0x000000000000675e        0x4 /mnt/storage/project/2kwMotorController/firmware/Tivaware/driverlib/gcc/libdriver.a(qei.o)
                0x000000000000675e                QEIIntClear
 *fill*         0x0000000000006762        0x2 
 .text._SysCtlMemTimingGet
                0x0000000000006764       0x24 /mnt/storage/project/2kwMotorController/firmware/Tivaware/driverlib/gcc/libdriver.a(sysctl.o)
 .text.SysCtlSRAMSizeGet
                0x0000000000006788       0x10 /mnt/storage/project/2kwMotorController/firmware/Tivaware/driverlib/gcc/libdriver.a(sysctl.o)
                0x0000000000006788                SysCtlSRAMSizeGet
 .text.SysCtlFlashSizeGet
                0x0000000000006798       0x3c /mnt/storage/project/2kwMotorController/firmware/Tivaware/driverlib/gcc/libdriver.a(sysctl.o)
                0x0000000000006798                SysCtlFlashSizeGet
 .text.SysCtlFlashSectorSizeGet
                0x00000000000067d4       0x38 /mnt/storage/project/2kwMotorController/firmware/Tivaware/driverlib/gcc/libdriver.a(sysctl.o)
                0x00000000000067d4                SysCtlFlashSectorSizeGet
 .text.SysCtlPeripheralPresent
                0x000000000000680c       0x26 /mnt/storage/project/2kwMotorController/firmware/Tivaware/driverlib/gcc/libdriver.a(sysctl.o)
                0x000000000000680c                SysCtlPeripheralPresent
 .text.SysCtlPeripheralReady
                0x0000000000006832       0x26 /mnt/storage/project/2kwMotorController/firmware/Tivaware/driverlib/gcc/libdriver.a(sysctl.o)
                0x0000000000006832                SysCtlPeripheralReady
 .text.SysCtlPeripheralPowerOn
                0x0000000000006858       0x22 /mnt/storage/project/2kwMotorController/firmware/Tivaware/driverlib/gcc/libdriver.a(sysctl.o)
                0x0000000000006858                SysCtlPeripheralPowerOn
 .text.SysCtlPeripheralPowerOff
                0x000000000000687a       0x22 /mnt/storage/project/2kwMotorController/firmware/Tivaware/driverlib/gcc/libdriver.a(sysctl.o)
                0x000000000000687a                SysCtlPeripheralPowerOff
 .text.SysCtlPeripheralReset
                0x000000000000689c       0x3a /mnt/storage/project/2kwMotorController/firmware/Tivaware/driverlib/gcc/libdriver.a(sysctl.o)
                0x000000000000689c                SysCtlPeripheralReset
 .text.SysCtlPeripheralEnable
                0x00000000000068d6       0x22 /mnt/storage/project/2kwMotorController/firmware/Tivaware/driverlib/gcc/libdriver.a(sysctl.o)
                0x00000000000068d6                SysCtlPeripheralEnable
 .text.SysCtlPeripheralDisable
                0x00000000000068f8       0x22 /mnt/storage/project/2kwMotorController/firmware/Tivaware/driverlib/gcc/libdriver.a(sysctl.o)
                0x00000000000068f8                SysCtlPeripheralDisable
 .text.SysCtlPeripheralSleepEnable
                0x000000000000691a       0x22 /mnt/storage/project/2kwMotorController/firmware/Tivaware/driverlib/gcc/libdriver.a(sysctl.o)
                0x000000000000691a                SysCtlPeripheralSleepEnable
 .text.SysCtlPeripheralSleepDisable
                0x000000000000693c       0x22 /mnt/storage/project/2kwMotorController/firmware/Tivaware/driverlib/gcc/libdriver.a(sysctl.o)
                0x000000000000693c                SysCtlPeripheralSleepDisable
 .text.SysCtlPeripheralDeepSleepEnable
                0x000000000000695e       0x22 /mnt/storage/project/2kwMotorController/firmware/Tivaware/driverlib/gcc/libdriver.a(sysctl.o)
                0x000000000000695e                SysCtlPeripheralDeepSleepEnable
 .text.SysCtlPeripheralDeepSleepDisable
                0x0000000000006980       0x22 /mnt/storage/project/2kwMotorController/firmware/Tivaware/driverlib/gcc/libdriver.a(sysctl.o)
                0x0000000000006980                SysCtlPeripheralDeepSleepDisable
 *fill*         0x00000000000069a2        0x2 
 .text.SysCtlPeripheralClockGating
                0x00000000000069a4       0x48 /mnt/storage/project/2kwMotorController/firmware/Tivaware/driverlib/gcc/libdriver.a(sysctl.o)
                0x00000000000069a4                SysCtlPeripheralClockGating
 .text.SysCtlIntRegister
                0x00000000000069ec       0x14 /mnt/storage/project/2kwMotorController/firmware/Tivaware/driverlib/gcc/libdriver.a(sysctl.o)
                0x00000000000069ec                SysCtlIntRegister
 .text.SysCtlIntUnregister
                0x0000000000006a00       0x12 /mnt/storage/project/2kwMotorController/firmware/Tivaware/driverlib/gcc/libdriver.a(sysctl.o)
                0x0000000000006a00                SysCtlIntUnregister
 *fill*         0x0000000000006a12        0x2 
 .text.SysCtlIntEnable
                0x0000000000006a14       0x10 /mnt/storage/project/2kwMotorController/firmware/Tivaware/driverlib/gcc/libdriver.a(sysctl.o)
                0x0000000000006a14                SysCtlIntEnable
 .text.SysCtlIntDisable
                0x0000000000006a24       0x10 /mnt/storage/project/2kwMotorController/firmware/Tivaware/driverlib/gcc/libdriver.a(sysctl.o)
                0x0000000000006a24                SysCtlIntDisable
 .text.SysCtlIntClear
                0x0000000000006a34        0xc /mnt/storage/project/2kwMotorController/firmware/Tivaware/driverlib/gcc/libdriver.a(sysctl.o)
                0x0000000000006a34                SysCtlIntClear
 .text.SysCtlIntStatus
                0x0000000000006a40       0x14 /mnt/storage/project/2kwMotorController/firmware/Tivaware/driverlib/gcc/libdriver.a(sysctl.o)
                0x0000000000006a40                SysCtlIntStatus
 .text.SysCtlLDOSleepSet
                0x0000000000006a54        0xc /mnt/storage/project/2kwMotorController/firmware/Tivaware/driverlib/gcc/libdriver.a(sysctl.o)
                0x0000000000006a54                SysCtlLDOSleepSet
 .text.SysCtlLDOSleepGet
                0x0000000000006a60        0xc /mnt/storage/project/2kwMotorController/firmware/Tivaware/driverlib/gcc/libdriver.a(sysctl.o)
                0x0000000000006a60                SysCtlLDOSleepGet
 .text.SysCtlLDODeepSleepSet
                0x0000000000006a6c        0xc /mnt/storage/project/2kwMotorController/firmware/Tivaware/driverlib/gcc/libdriver.a(sysctl.o)
                0x0000000000006a6c                SysCtlLDODeepSleepSet
 .text.SysCtlLDODeepSleepGet
                0x0000000000006a78        0xc /mnt/storage/project/2kwMotorController/firmware/Tivaware/driverlib/gcc/libdriver.a(sysctl.o)
                0x0000000000006a78                SysCtlLDODeepSleepGet
 .text.SysCtlSleepPowerSet
                0x0000000000006a84        0xc /mnt/storage/project/2kwMotorController/firmware/Tivaware/driverlib/gcc/libdriver.a(sysctl.o)
                0x0000000000006a84                SysCtlSleepPowerSet
 .text.SysCtlDeepSleepPowerSet
                0x0000000000006a90        0xc /mnt/storage/project/2kwMotorController/firmware/Tivaware/driverlib/gcc/libdriver.a(sysctl.o)
                0x0000000000006a90                SysCtlDeepSleepPowerSet
 .text.SysCtlReset
                0x0000000000006a9c       0x10 /mnt/storage/project/2kwMotorController/firmware/Tivaware/driverlib/gcc/libdriver.a(sysctl.o)
                0x0000000000006a9c                SysCtlReset
 .text.SysCtlSleep
                0x0000000000006aac        0x4 /mnt/storage/project/2kwMotorController/firmware/Tivaware/driverlib/gcc/libdriver.a(sysctl.o)
                0x0000000000006aac                SysCtlSleep
 .text.SysCtlDeepSleep
                0x0000000000006ab0       0x20 /mnt/storage/project/2kwMotorController/firmware/Tivaware/driverlib/gcc/libdriver.a(sysctl.o)
                0x0000000000006ab0                SysCtlDeepSleep
 .text.SysCtlResetCauseGet
                0x0000000000006ad0        0xc /mnt/storage/project/2kwMotorController/firmware/Tivaware/driverlib/gcc/libdriver.a(sysctl.o)
                0x0000000000006ad0                SysCtlResetCauseGet
 .text.SysCtlResetCauseClear
                0x0000000000006adc       0x10 /mnt/storage/project/2kwMotorController/firmware/Tivaware/driverlib/gcc/libdriver.a(sysctl.o)
                0x0000000000006adc                SysCtlResetCauseClear
 .text.SysCtlDelay
                0x0000000000006aec        0x8 /mnt/storage/project/2kwMotorController/firmware/Tivaware/driverlib/gcc/libdriver.a(sysctl.o)
                0x0000000000006aec                SysCtlDelay
 .text.SysCtlMOSCConfigSet
                0x0000000000006af4        0xc /mnt/storage/project/2kwMotorController/firmware/Tivaware/driverlib/gcc/libdriver.a(sysctl.o)
                0x0000000000006af4                SysCtlMOSCConfigSet
 .text.SysCtlPIOSCCalibrate
                0x0000000000006b00       0x48 /mnt/storage/project/2kwMotorController/firmware/Tivaware/driverlib/gcc/libdriver.a(sysctl.o)
                0x0000000000006b00                SysCtlPIOSCCalibrate
 .text.SysCtlResetBehaviorSet
                0x0000000000006b48        0xc /mnt/storage/project/2kwMotorController/firmware/Tivaware/driverlib/gcc/libdriver.a(sysctl.o)
                0x0000000000006b48                SysCtlResetBehaviorSet
 .text.SysCtlResetBehaviorGet